[INFO] Scanning for projects...
[INFO] 
[INFO] ------------------------< com.workhub:workhub >-------------------------
[INFO] Building workhub 0.0.1-SNAPSHOT
[INFO]   from pom.xml
[INFO] --------------------------------[ jar ]---------------------------------
[INFO] 
[INFO] --- resources:3.3.1:resources (default-resources) @ workhub ---
[INFO] Copying 4 resources from src\main\resources to target\classes
[INFO] Copying 3 resources from src\main\resources to target\classes
[INFO] 
[INFO] --- compiler:3.13.0:compile (default-compile) @ workhub ---
[INFO] Nothing to compile - all classes are up to date.
[INFO] 
[INFO] --- resources:3.3.1:testResources (default-testResources) @ workhub ---
[INFO] Copying 1 resource from src\test\resources to target\test-classes
[INFO] 
[INFO] --- compiler:3.13.0:testCompile (default-testCompile) @ workhub ---
[INFO] Nothing to compile - all classes are up to date.
[INFO] 
[INFO] --- surefire:3.2.5:test (default-test) @ workhub ---
[INFO] Using auto detected provider org.apache.maven.surefire.junitplatform.JUnitPlatformProvider
[INFO] 
[INFO] -------------------------------------------------------
[INFO]  T E S T S
[INFO] -------------------------------------------------------
[INFO] Running com.workhub.AuthApiIntegrationTest
01:42:33.325 [main] INFO org.springframework.test.context.support.AnnotationConfigContextLoaderUtils -- Could not detect default configuration classes for test class [com.workhub.AuthApiIntegrationTest]: AuthApiIntegrationTest does not declare any static, non-private, non-final, nested classes annotated with @Configuration.
01:42:33.456 [main] INFO org.springframework.boot.test.context.SpringBootTestContextBootstrapper -- Found @SpringBootConfiguration com.workhub.WorkHubApplication for test class com.workhub.AuthApiIntegrationTest

  .   ____          _            __ _ _
 /\\ / ___'_ __ _ _(_)_ __  __ _ \ \ \ \
( ( )\___ | '_ | '_| | '_ \/ _` | \ \ \ \
 \\/  ___)| |_)| | | | | || (_| |  ) ) ) )
  '  |____| .__|_| |_|_| |_\__, | / / / /
 =========|_|==============|___/=/_/_/_/

 :: Spring Boot ::                (v3.3.5)

2026-05-21T01:42:33.968+03:00 level=INFO  app=workhub corr=na method=na path=na logger=com.workhub.AuthApiIntegrationTest msg="Starting AuthApiIntegrationTest using Java 21.0.8 with PID 16576 (started by asus in C:\Users\asus\Documents\GitHub\Capstone-Project)"
2026-05-21T01:42:33.969+03:00 level=INFO  app=workhub corr=na method=na path=na logger=com.workhub.AuthApiIntegrationTest msg="The following 1 profile is active: "test""
2026-05-21T01:42:36.933+03:00 level=INFO  app=workhub corr=na method=na path=na logger=o.h.jpa.internal.util.LogHelper msg="HHH000204: Processing PersistenceUnitInfo [name: default]"
2026-05-21T01:42:37.018+03:00 level=INFO  app=workhub corr=na method=na path=na logger=org.hibernate.Version msg="HHH000412: Hibernate ORM core version 6.5.3.Final"
2026-05-21T01:42:37.065+03:00 level=INFO  app=workhub corr=na method=na path=na logger=o.h.c.i.RegionFactoryInitiator msg="HHH000026: Second-level cache disabled"
2026-05-21T01:42:37.536+03:00 level=INFO  app=workhub corr=na method=na path=na logger=com.zaxxer.hikari.HikariDataSource msg="HikariPool-1 - Starting..."
2026-05-21T01:42:37.733+03:00 level=INFO  app=workhub corr=na method=na path=na logger=com.zaxxer.hikari.pool.HikariPool msg="HikariPool-1 - Added connection conn0: url=jdbc:h2:mem:workhub_test user=SA"
2026-05-21T01:42:37.734+03:00 level=INFO  app=workhub corr=na method=na path=na logger=com.zaxxer.hikari.HikariDataSource msg="HikariPool-1 - Start completed."
2026-05-21T01:42:37.755+03:00 level=WARN  app=workhub corr=na method=na path=na logger=org.hibernate.orm.deprecation msg="HHH90000025: H2Dialect does not need to be specified explicitly using 'hibernate.dialect' (remove the property setting and it will be selected by default)"
2026-05-21T01:42:38.886+03:00 level=INFO  app=workhub corr=na method=na path=na logger=o.h.e.t.j.p.i.JtaPlatformInitiator msg="HHH000489: No JTA platform available (set 'hibernate.transaction.jta.platform' to enable JTA platform integration)"
2026-05-21T01:42:38.907+03:00 level=DEBUG app=workhub corr=na method=na path=na logger=org.hibernate.SQL msg="
    drop table if exists jobs cascade "
2026-05-21T01:42:38.912+03:00 level=DEBUG app=workhub corr=na method=na path=na logger=org.hibernate.SQL msg="
    drop table if exists processed_messages cascade "
2026-05-21T01:42:38.912+03:00 level=DEBUG app=workhub corr=na method=na path=na logger=org.hibernate.SQL msg="
    drop table if exists projects cascade "
2026-05-21T01:42:38.913+03:00 level=DEBUG app=workhub corr=na method=na path=na logger=org.hibernate.SQL msg="
    drop table if exists tasks cascade "
2026-05-21T01:42:38.913+03:00 level=DEBUG app=workhub corr=na method=na path=na logger=org.hibernate.SQL msg="
    drop table if exists tenants cascade "
2026-05-21T01:42:38.913+03:00 level=DEBUG app=workhub corr=na method=na path=na logger=org.hibernate.SQL msg="
    drop table if exists users cascade "
2026-05-21T01:42:38.920+03:00 level=DEBUG app=workhub corr=na method=na path=na logger=org.hibernate.SQL msg="
    create table jobs (
        created_at timestamp(6) not null,
        id bigint generated by default as identity,
        project_id bigint not null,
        tenant_id bigint not null,
        updated_at timestamp(6) not null,
        correlation_id varchar(100) not null,
        error_message varchar(2000),
        status enum ('COMPLETED','FAILED','PENDING','PROCESSING') not null,
        primary key (id)
    )"
2026-05-21T01:42:38.934+03:00 level=DEBUG app=workhub corr=na method=na path=na logger=org.hibernate.SQL msg="
    create table processed_messages (
        attempt_count integer not null,
        first_received_at timestamp(6) with time zone not null,
        id bigint generated by default as identity,
        job_id bigint not null,
        processed_at timestamp(6) with time zone,
        project_id bigint not null,
        tenant_id bigint not null,
        updated_at timestamp(6) with time zone not null,
        version bigint not null,
        correlation_id varchar(100),
        event_id varchar(100) not null unique,
        last_error varchar(2000),
        status enum ('COMPLETED','FAILED','PROCESSING') not null,
        primary key (id)
    )"
2026-05-21T01:42:38.938+03:00 level=DEBUG app=workhub corr=na method=na path=na logger=org.hibernate.SQL msg="
    create table projects (
        created_at timestamp(6) not null,
        created_by_id bigint not null,
        end_date timestamp(6),
        id bigint generated by default as identity,
        start_date timestamp(6),
        tenant_id bigint not null,
        updated_at timestamp(6) not null,
        version bigint not null,
        project_key varchar(10),
        name varchar(200) not null,
        description varchar(2000),
        status enum ('ACTIVE','ARCHIVED','CANCELLED','COMPLETED','ON_HOLD') not null,
        primary key (id)
    )"
2026-05-21T01:42:38.940+03:00 level=DEBUG app=workhub corr=na method=na path=na logger=org.hibernate.SQL msg="
    create table tasks (
        actual_hours integer,
        estimated_hours integer,
        assigned_to_id bigint,
        completed_at timestamp(6),
        created_at timestamp(6) not null,
        due_date timestamp(6),
        id bigint generated by default as identity,
        project_id bigint not null,
        tenant_id bigint not null,
        updated_at timestamp(6) not null,
        version bigint not null,
        title varchar(500) not null,
        description varchar(5000),
        priority enum ('HIGH','LOW','MEDIUM','URGENT') not null,
        status enum ('BLOCKED','CANCELLED','COMPLETED','IN_PROGRESS','IN_REVIEW','TODO') not null,
        primary key (id)
    )"
2026-05-21T01:42:38.942+03:00 level=DEBUG app=workhub corr=na method=na path=na logger=org.hibernate.SQL msg="
    create table tenants (
        created_at timestamp(6) not null,
        id bigint generated by default as identity,
        updated_at timestamp(6) not null,
        version bigint not null,
        name varchar(200) not null,
        plan enum ('ENTERPRISE','FREE','PROFESSIONAL','STARTER') not null,
        status enum ('ACTIVE','EXPIRED','SUSPENDED','TRIAL') not null,
        primary key (id)
    )"
2026-05-21T01:42:38.944+03:00 level=DEBUG app=workhub corr=na method=na path=na logger=org.hibernate.SQL msg="
    create table users (
        created_at timestamp(6) not null,
        id bigint generated by default as identity,
        last_login_at timestamp(6),
        tenant_id bigint not null,
        updated_at timestamp(6) not null,
        version bigint not null,
        first_name varchar(100),
        last_name varchar(100),
        email varchar(255) not null unique,
        password varchar(255) not null,
        role enum ('TENANT_ADMIN','TENANT_USER') not null,
        status enum ('ACTIVE','INACTIVE','SUSPENDED') not null,
        primary key (id)
    )"
2026-05-21T01:42:38.947+03:00 level=DEBUG app=workhub corr=na method=na path=na logger=org.hibernate.SQL msg="
    create index idx_job_tenant 
       on jobs (tenant_id)"
2026-05-21T01:42:38.949+03:00 level=DEBUG app=workhub corr=na method=na path=na logger=org.hibernate.SQL msg="
    create index idx_job_project 
       on jobs (project_id)"
2026-05-21T01:42:38.949+03:00 level=DEBUG app=workhub corr=na method=na path=na logger=org.hibernate.SQL msg="
    create index idx_job_status 
       on jobs (status)"
2026-05-21T01:42:38.953+03:00 level=DEBUG app=workhub corr=na method=na path=na logger=org.hibernate.SQL msg="
    create index idx_job_correlation_id 
       on jobs (correlation_id)"
2026-05-21T01:42:38.954+03:00 level=DEBUG app=workhub corr=na method=na path=na logger=org.hibernate.SQL msg="
    create index idx_processed_message_status 
       on processed_messages (status)"
2026-05-21T01:42:38.955+03:00 level=DEBUG app=workhub corr=na method=na path=na logger=org.hibernate.SQL msg="
    create index idx_processed_message_tenant 
       on processed_messages (tenant_id)"
2026-05-21T01:42:38.955+03:00 level=DEBUG app=workhub corr=na method=na path=na logger=org.hibernate.SQL msg="
    create index idx_project_tenant 
       on projects (tenant_id)"
2026-05-21T01:42:38.956+03:00 level=DEBUG app=workhub corr=na method=na path=na logger=org.hibernate.SQL msg="
    create index idx_project_created_by 
       on projects (created_by_id)"
2026-05-21T01:42:38.960+03:00 level=DEBUG app=workhub corr=na method=na path=na logger=org.hibernate.SQL msg="
    create index idx_project_status 
       on projects (status)"
2026-05-21T01:42:38.961+03:00 level=DEBUG app=workhub corr=na method=na path=na logger=org.hibernate.SQL msg="
    create index idx_project_name 
       on projects (name)"
2026-05-21T01:42:38.961+03:00 level=DEBUG app=workhub corr=na method=na path=na logger=org.hibernate.SQL msg="
    create index idx_task_project 
       on tasks (project_id)"
2026-05-21T01:42:38.962+03:00 level=DEBUG app=workhub corr=na method=na path=na logger=org.hibernate.SQL msg="
    create index idx_task_tenant 
       on tasks (tenant_id)"
2026-05-21T01:42:38.962+03:00 level=DEBUG app=workhub corr=na method=na path=na logger=org.hibernate.SQL msg="
    create index idx_task_assigned_to 
       on tasks (assigned_to_id)"
2026-05-21T01:42:38.963+03:00 level=DEBUG app=workhub corr=na method=na path=na logger=org.hibernate.SQL msg="
    create index idx_task_status 
       on tasks (status)"
2026-05-21T01:42:38.963+03:00 level=DEBUG app=workhub corr=na method=na path=na logger=org.hibernate.SQL msg="
    create index idx_task_priority 
       on tasks (priority)"
2026-05-21T01:42:38.966+03:00 level=DEBUG app=workhub corr=na method=na path=na logger=org.hibernate.SQL msg="
    create index idx_tenant_name 
       on tenants (name)"
2026-05-21T01:42:38.968+03:00 level=DEBUG app=workhub corr=na method=na path=na logger=org.hibernate.SQL msg="
    create index idx_tenant_plan 
       on tenants (plan)"
2026-05-21T01:42:38.969+03:00 level=DEBUG app=workhub corr=na method=na path=na logger=org.hibernate.SQL msg="
    create index idx_user_email 
       on users (email)"
2026-05-21T01:42:38.969+03:00 level=DEBUG app=workhub corr=na method=na path=na logger=org.hibernate.SQL msg="
    create index idx_user_tenant 
       on users (tenant_id)"
2026-05-21T01:42:38.970+03:00 level=DEBUG app=workhub corr=na method=na path=na logger=org.hibernate.SQL msg="
    create index idx_user_role 
       on users (role)"
2026-05-21T01:42:38.970+03:00 level=DEBUG app=workhub corr=na method=na path=na logger=org.hibernate.SQL msg="
    alter table if exists jobs 
       add constraint fk_job_project 
       foreign key (project_id) 
       references projects"
2026-05-21T01:42:38.990+03:00 level=DEBUG app=workhub corr=na method=na path=na logger=org.hibernate.SQL msg="
    alter table if exists jobs 
       add constraint fk_job_tenant 
       foreign key (tenant_id) 
       references tenants"
2026-05-21T01:42:38.993+03:00 level=DEBUG app=workhub corr=na method=na path=na logger=org.hibernate.SQL msg="
    alter table if exists projects 
       add constraint fk_project_created_by 
       foreign key (created_by_id) 
       references users"
2026-05-21T01:42:38.996+03:00 level=DEBUG app=workhub corr=na method=na path=na logger=org.hibernate.SQL msg="
    alter table if exists projects 
       add constraint fk_project_tenant 
       foreign key (tenant_id) 
       references tenants"
2026-05-21T01:42:38.997+03:00 level=DEBUG app=workhub corr=na method=na path=na logger=org.hibernate.SQL msg="
    alter table if exists tasks 
       add constraint fk_task_assigned_to 
       foreign key (assigned_to_id) 
       references users"
2026-05-21T01:42:38.998+03:00 level=DEBUG app=workhub corr=na method=na path=na logger=org.hibernate.SQL msg="
    alter table if exists tasks 
       add constraint fk_task_project 
       foreign key (project_id) 
       references projects"
2026-05-21T01:42:39.002+03:00 level=DEBUG app=workhub corr=na method=na path=na logger=org.hibernate.SQL msg="
    alter table if exists tasks 
       add constraint fk_task_tenant 
       foreign key (tenant_id) 
       references tenants"
2026-05-21T01:42:39.003+03:00 level=DEBUG app=workhub corr=na method=na path=na logger=org.hibernate.SQL msg="
    alter table if exists users 
       add constraint fk_user_tenant 
       foreign key (tenant_id) 
       references tenants"
2026-05-21T01:42:41.158+03:00 level=INFO  app=workhub corr=na method=na path=na logger=o.s.s.c.a.a.c.InitializeAuthenticationProviderBeanManagerConfigurer$InitializeAuthenticationProviderManagerConfigurer msg="Global AuthenticationManager configured with AuthenticationProvider bean with name authenticationProvider"
2026-05-21T01:42:41.160+03:00 level=WARN  app=workhub corr=na method=na path=na logger=o.s.s.c.a.a.c.InitializeUserDetailsBeanManagerConfigurer$InitializeUserDetailsManagerConfigurer msg="Global AuthenticationManager configured with an AuthenticationProvider bean. UserDetailsService beans will not be used for username/password login. Consider removing the AuthenticationProvider bean. Alternatively, consider using the UserDetailsService in a manually instantiated DaoAuthenticationProvider."
2026-05-21T01:42:42.317+03:00 level=INFO  app=workhub corr=na method=na path=na logger=c.workhub.config.ObservabilityConfig msg="Async executor initialized with MDC propagation"
2026-05-21T01:42:43.250+03:00 level=DEBUG app=workhub corr=na method=na path=na logger=o.s.s.web.DefaultSecurityFilterChain msg="Will secure any request with filters: DisableEncodeUrlFilter, WebAsyncManagerIntegrationFilter, SecurityContextHolderFilter, HeaderWriterFilter, LogoutFilter, JwtAuthenticationFilter, RequestCacheAwareFilter, SecurityContextHolderAwareRequestFilter, AnonymousAuthenticationFilter, SessionManagementFilter, ExceptionTranslationFilter, AuthorizationFilter"
2026-05-21T01:42:44.192+03:00 level=INFO  app=workhub corr=na method=na path=na logger=com.workhub.AuthApiIntegrationTest msg="Started AuthApiIntegrationTest in 10.571 seconds (process running for 11.582)"
2026-05-21T01:42:44.269+03:00 level=INFO  app=workhub corr=na method=na path=na logger=com.workhub.config.RabbitMQConfig msg="RabbitMQ ready -> host=localhost port=5672 user=guest exchange=workhub.jobs.direct queue=workhub.jobs.queue routingKey=workhub.jobs.process"
2026-05-21T01:42:44.350+03:00 level=DEBUG app=workhub corr=na method=na path=na logger=org.hibernate.SQL msg="
    select
        count(*) 
    from
        tenants t1_0"
2026-05-21T01:42:44.374+03:00 level=INFO  app=workhub corr=na method=na path=na logger=com.workhub.config.DataInitializer msg="Initializing test data..."
2026-05-21T01:42:44.407+03:00 level=DEBUG app=workhub corr=na method=na path=na logger=org.hibernate.SQL msg="
    insert 
    into
        tenants
        (created_at, name, plan, status, updated_at, version, id) 
    values
        (?, ?, ?, ?, ?, ?, default)"
2026-05-21T01:42:44.437+03:00 level=INFO  app=workhub corr=na method=na path=na logger=com.workhub.config.DataInitializer msg="Created tenant: Demo Company (ID: 1)"
2026-05-21T01:42:44.518+03:00 level=DEBUG app=workhub corr=na method=na path=na logger=org.hibernate.SQL msg="
    insert 
    into
        users
        (created_at, email, first_name, last_login_at, last_name, password, role, status, tenant_id, updated_at, version, id) 
    values
        (?, ?, ?, ?, ?, ?, ?, ?, ?, ?, ?, default)"
2026-05-21T01:42:44.521+03:00 level=INFO  app=workhub corr=na method=na path=na logger=com.workhub.config.DataInitializer msg="Created admin user: admin@demo.com (ID: 1)"
2026-05-21T01:42:44.591+03:00 level=DEBUG app=workhub corr=na method=na path=na logger=org.hibernate.SQL msg="
    insert 
    into
        users
        (created_at, email, first_name, last_login_at, last_name, password, role, status, tenant_id, updated_at, version, id) 
    values
        (?, ?, ?, ?, ?, ?, ?, ?, ?, ?, ?, default)"
2026-05-21T01:42:44.593+03:00 level=INFO  app=workhub corr=na method=na path=na logger=com.workhub.config.DataInitializer msg="Created regular user: user@demo.com (ID: 2)"
2026-05-21T01:42:44.593+03:00 level=INFO  app=workhub corr=na method=na path=na logger=com.workhub.config.DataInitializer msg="Test data initialization complete!"
2026-05-21T01:42:44.593+03:00 level=INFO  app=workhub corr=na method=na path=na logger=com.workhub.config.DataInitializer msg="You can now login with:"
2026-05-21T01:42:44.593+03:00 level=INFO  app=workhub corr=na method=na path=na logger=com.workhub.config.DataInitializer msg="  Admin: admin@demo.com / admin123"
2026-05-21T01:42:44.593+03:00 level=INFO  app=workhub corr=na method=na path=na logger=com.workhub.config.DataInitializer msg="  User:  user@demo.com / user123"
2026-05-21T01:42:45.073+03:00 level=INFO  app=workhub corr=12513758-e04b-4405-9911-e9786e178e95 method=POST path=/api/auth/login logger=c.w.security.RequestTracingFilter msg="request-start"
2026-05-21T01:42:45.079+03:00 level=DEBUG app=workhub corr=12513758-e04b-4405-9911-e9786e178e95 method=POST path=/api/auth/login logger=o.s.security.web.FilterChainProxy msg="Securing POST /api/auth/login"
2026-05-21T01:42:45.090+03:00 level=DEBUG app=workhub corr=12513758-e04b-4405-9911-e9786e178e95 method=POST path=/api/auth/login logger=o.s.s.w.a.AnonymousAuthenticationFilter msg="Set SecurityContextHolder to anonymous SecurityContext"
2026-05-21T01:42:45.097+03:00 level=DEBUG app=workhub corr=12513758-e04b-4405-9911-e9786e178e95 method=POST path=/api/auth/login logger=o.s.security.web.FilterChainProxy msg="Secured POST /api/auth/login"
2026-05-21T01:42:45.206+03:00 level=INFO  app=workhub corr=12513758-e04b-4405-9911-e9786e178e95 method=POST path=/api/auth/login logger=c.workhub.controller.AuthController msg="Login attempt for email: admin@demo.com"
2026-05-21T01:42:45.303+03:00 level=DEBUG app=workhub corr=12513758-e04b-4405-9911-e9786e178e95 method=POST path=/api/auth/login logger=org.hibernate.SQL msg="
    select
        u1_0.id,
        u1_0.created_at,
        u1_0.email,
        u1_0.first_name,
        u1_0.last_login_at,
        u1_0.last_name,
        u1_0.password,
        u1_0.role,
        u1_0.status,
        u1_0.tenant_id,
        u1_0.updated_at,
        u1_0.version 
    from
        users u1_0 
    where
        u1_0.email=?"
2026-05-21T01:42:45.373+03:00 level=DEBUG app=workhub corr=12513758-e04b-4405-9911-e9786e178e95 method=POST path=/api/auth/login logger=o.s.s.a.d.DaoAuthenticationProvider msg="Authenticated user"
2026-05-21T01:42:45.383+03:00 level=DEBUG app=workhub corr=12513758-e04b-4405-9911-e9786e178e95 method=POST path=/api/auth/login logger=org.hibernate.SQL msg="
    select
        u1_0.id,
        u1_0.created_at,
        u1_0.email,
        u1_0.first_name,
        u1_0.last_login_at,
        u1_0.last_name,
        u1_0.password,
        u1_0.role,
        u1_0.status,
        u1_0.tenant_id,
        u1_0.updated_at,
        u1_0.version 
    from
        users u1_0 
    where
        u1_0.id=? 
        and u1_0.tenant_id=?"
2026-05-21T01:42:45.393+03:00 level=DEBUG app=workhub corr=12513758-e04b-4405-9911-e9786e178e95 method=POST path=/api/auth/login logger=org.hibernate.SQL msg="
    update
        users 
    set
        email=?,
        first_name=?,
        last_login_at=?,
        last_name=?,
        password=?,
        role=?,
        status=?,
        tenant_id=?,
        updated_at=?,
        version=? 
    where
        id=? 
        and version=?"
2026-05-21T01:42:45.432+03:00 level=INFO  app=workhub corr=12513758-e04b-4405-9911-e9786e178e95 method=POST path=/api/auth/login logger=c.workhub.controller.AuthController msg="Login successful for user: admin@demo.com (tenant: 1)"
2026-05-21T01:42:45.451+03:00 level=INFO  app=workhub corr=12513758-e04b-4405-9911-e9786e178e95 method=POST path=/api/auth/login logger=c.w.security.RequestTracingFilter msg="request-end status=200 durationMs=378"
2026-05-21T01:42:45.463+03:00 level=INFO  app=workhub corr=9a273e24-f389-47ae-bff7-5de02af83640 method=POST path=/api/projects logger=c.w.security.RequestTracingFilter msg="request-start"
2026-05-21T01:42:45.463+03:00 level=DEBUG app=workhub corr=9a273e24-f389-47ae-bff7-5de02af83640 method=POST path=/api/projects logger=o.s.security.web.FilterChainProxy msg="Securing POST /api/projects"
2026-05-21T01:42:45.483+03:00 level=DEBUG app=workhub corr=9a273e24-f389-47ae-bff7-5de02af83640 method=POST path=/api/projects logger=org.hibernate.SQL msg="
    select
        u1_0.id,
        u1_0.created_at,
        u1_0.email,
        u1_0.first_name,
        u1_0.last_login_at,
        u1_0.last_name,
        u1_0.password,
        u1_0.role,
        u1_0.status,
        u1_0.tenant_id,
        u1_0.updated_at,
        u1_0.version 
    from
        users u1_0 
    where
        u1_0.email=?"
2026-05-21T01:42:45.491+03:00 level=DEBUG app=workhub corr=9a273e24-f389-47ae-bff7-5de02af83640 method=POST path=/api/projects logger=o.s.security.web.FilterChainProxy msg="Secured POST /api/projects"
2026-05-21T01:42:45.519+03:00 level=INFO  app=workhub corr=9a273e24-f389-47ae-bff7-5de02af83640 method=POST path=/api/projects logger=c.w.security.RequestTracingFilter msg="request-end status=400 durationMs=56"
2026-05-21T01:42:45.580+03:00 level=INFO  app=workhub corr=d6d39047-fa3b-4cad-8c22-9550422b26b4 method=POST path=/api/auth/login logger=c.w.security.RequestTracingFilter msg="request-start"
2026-05-21T01:42:45.581+03:00 level=DEBUG app=workhub corr=d6d39047-fa3b-4cad-8c22-9550422b26b4 method=POST path=/api/auth/login logger=o.s.security.web.FilterChainProxy msg="Securing POST /api/auth/login"
2026-05-21T01:42:45.581+03:00 level=DEBUG app=workhub corr=d6d39047-fa3b-4cad-8c22-9550422b26b4 method=POST path=/api/auth/login logger=o.s.s.w.a.AnonymousAuthenticationFilter msg="Set SecurityContextHolder to anonymous SecurityContext"
2026-05-21T01:42:45.582+03:00 level=DEBUG app=workhub corr=d6d39047-fa3b-4cad-8c22-9550422b26b4 method=POST path=/api/auth/login logger=o.s.security.web.FilterChainProxy msg="Secured POST /api/auth/login"
2026-05-21T01:42:45.583+03:00 level=INFO  app=workhub corr=d6d39047-fa3b-4cad-8c22-9550422b26b4 method=POST path=/api/auth/login logger=c.workhub.controller.AuthController msg="Login attempt for email: admin@demo.com"
2026-05-21T01:42:45.586+03:00 level=DEBUG app=workhub corr=d6d39047-fa3b-4cad-8c22-9550422b26b4 method=POST path=/api/auth/login logger=org.hibernate.SQL msg="
    select
        u1_0.id,
        u1_0.created_at,
        u1_0.email,
        u1_0.first_name,
        u1_0.last_login_at,
        u1_0.last_name,
        u1_0.password,
        u1_0.role,
        u1_0.status,
        u1_0.tenant_id,
        u1_0.updated_at,
        u1_0.version 
    from
        users u1_0 
    where
        u1_0.email=?"
2026-05-21T01:42:45.656+03:00 level=DEBUG app=workhub corr=d6d39047-fa3b-4cad-8c22-9550422b26b4 method=POST path=/api/auth/login logger=o.s.s.a.d.DaoAuthenticationProvider msg="Authenticated user"
2026-05-21T01:42:45.660+03:00 level=DEBUG app=workhub corr=d6d39047-fa3b-4cad-8c22-9550422b26b4 method=POST path=/api/auth/login logger=org.hibernate.SQL msg="
    select
        u1_0.id,
        u1_0.created_at,
        u1_0.email,
        u1_0.first_name,
        u1_0.last_login_at,
        u1_0.last_name,
        u1_0.password,
        u1_0.role,
        u1_0.status,
        u1_0.tenant_id,
        u1_0.updated_at,
        u1_0.version 
    from
        users u1_0 
    where
        u1_0.id=? 
        and u1_0.tenant_id=?"
2026-05-21T01:42:45.662+03:00 level=DEBUG app=workhub corr=d6d39047-fa3b-4cad-8c22-9550422b26b4 method=POST path=/api/auth/login logger=org.hibernate.SQL msg="
    update
        users 
    set
        email=?,
        first_name=?,
        last_login_at=?,
        last_name=?,
        password=?,
        role=?,
        status=?,
        tenant_id=?,
        updated_at=?,
        version=? 
    where
        id=? 
        and version=?"
2026-05-21T01:42:45.664+03:00 level=INFO  app=workhub corr=d6d39047-fa3b-4cad-8c22-9550422b26b4 method=POST path=/api/auth/login logger=c.workhub.controller.AuthController msg="Login successful for user: admin@demo.com (tenant: 1)"
2026-05-21T01:42:45.666+03:00 level=INFO  app=workhub corr=d6d39047-fa3b-4cad-8c22-9550422b26b4 method=POST path=/api/auth/login logger=c.w.security.RequestTracingFilter msg="request-end status=200 durationMs=85"
2026-05-21T01:42:45.668+03:00 level=INFO  app=workhub corr=919dd41d-78d7-46e4-9c28-3262347fb592 method=GET path=/api/auth/me logger=c.w.security.RequestTracingFilter msg="request-start"
2026-05-21T01:42:45.669+03:00 level=DEBUG app=workhub corr=919dd41d-78d7-46e4-9c28-3262347fb592 method=GET path=/api/auth/me logger=o.s.security.web.FilterChainProxy msg="Securing GET /api/auth/me"
2026-05-21T01:42:45.676+03:00 level=DEBUG app=workhub corr=919dd41d-78d7-46e4-9c28-3262347fb592 method=GET path=/api/auth/me logger=org.hibernate.SQL msg="
    select
        u1_0.id,
        u1_0.created_at,
        u1_0.email,
        u1_0.first_name,
        u1_0.last_login_at,
        u1_0.last_name,
        u1_0.password,
        u1_0.role,
        u1_0.status,
        u1_0.tenant_id,
        u1_0.updated_at,
        u1_0.version 
    from
        users u1_0 
    where
        u1_0.email=?"
2026-05-21T01:42:45.681+03:00 level=DEBUG app=workhub corr=919dd41d-78d7-46e4-9c28-3262347fb592 method=GET path=/api/auth/me logger=o.s.security.web.FilterChainProxy msg="Secured GET /api/auth/me"
2026-05-21T01:42:45.683+03:00 level=DEBUG app=workhub corr=919dd41d-78d7-46e4-9c28-3262347fb592 method=GET path=/api/auth/me logger=o.s.s.a.m.AuthorizationManagerBeforeMethodInterceptor msg="Authorizing method invocation ReflectiveMethodInvocation: public org.springframework.http.ResponseEntity com.workhub.controller.AuthController.getCurrentUser(); target is of class [com.workhub.controller.AuthController]"
2026-05-21T01:42:45.713+03:00 level=DEBUG app=workhub corr=919dd41d-78d7-46e4-9c28-3262347fb592 method=GET path=/api/auth/me logger=o.s.s.a.m.AuthorizationManagerBeforeMethodInterceptor msg="Authorized method invocation ReflectiveMethodInvocation: public org.springframework.http.ResponseEntity com.workhub.controller.AuthController.getCurrentUser(); target is of class [com.workhub.controller.AuthController]"
2026-05-21T01:42:45.716+03:00 level=DEBUG app=workhub corr=919dd41d-78d7-46e4-9c28-3262347fb592 method=GET path=/api/auth/me logger=org.hibernate.SQL msg="
    select
        u1_0.id,
        u1_0.created_at,
        u1_0.email,
        u1_0.first_name,
        u1_0.last_login_at,
        u1_0.last_name,
        u1_0.password,
        u1_0.role,
        u1_0.status,
        u1_0.tenant_id,
        u1_0.updated_at,
        u1_0.version 
    from
        users u1_0 
    where
        u1_0.id=? 
        and u1_0.tenant_id=?"
2026-05-21T01:42:45.721+03:00 level=DEBUG app=workhub corr=919dd41d-78d7-46e4-9c28-3262347fb592 method=GET path=/api/auth/me logger=org.hibernate.SQL msg="
    select
        t1_0.id,
        t1_0.created_at,
        t1_0.name,
        t1_0.plan,
        t1_0.status,
        t1_0.updated_at,
        t1_0.version 
    from
        tenants t1_0 
    where
        t1_0.id=?"
2026-05-21T01:42:45.731+03:00 level=INFO  app=workhub corr=919dd41d-78d7-46e4-9c28-3262347fb592 method=GET path=/api/auth/me logger=c.w.security.RequestTracingFilter msg="request-end status=200 durationMs=62"
2026-05-21T01:42:45.732+03:00 level=INFO  app=workhub corr=0f3db65c-21b0-4a35-ba11-59f0d9896b9b method=GET path=/api/tenant/id logger=c.w.security.RequestTracingFilter msg="request-start"
2026-05-21T01:42:45.733+03:00 level=DEBUG app=workhub corr=0f3db65c-21b0-4a35-ba11-59f0d9896b9b method=GET path=/api/tenant/id logger=o.s.security.web.FilterChainProxy msg="Securing GET /api/tenant/id"
2026-05-21T01:42:45.739+03:00 level=DEBUG app=workhub corr=0f3db65c-21b0-4a35-ba11-59f0d9896b9b method=GET path=/api/tenant/id logger=org.hibernate.SQL msg="
    select
        u1_0.id,
        u1_0.created_at,
        u1_0.email,
        u1_0.first_name,
        u1_0.last_login_at,
        u1_0.last_name,
        u1_0.password,
        u1_0.role,
        u1_0.status,
        u1_0.tenant_id,
        u1_0.updated_at,
        u1_0.version 
    from
        users u1_0 
    where
        u1_0.email=?"
2026-05-21T01:42:45.745+03:00 level=DEBUG app=workhub corr=0f3db65c-21b0-4a35-ba11-59f0d9896b9b method=GET path=/api/tenant/id logger=o.s.security.web.FilterChainProxy msg="Secured GET /api/tenant/id"
2026-05-21T01:42:45.746+03:00 level=DEBUG app=workhub corr=0f3db65c-21b0-4a35-ba11-59f0d9896b9b method=GET path=/api/tenant/id logger=o.s.s.a.m.AuthorizationManagerBeforeMethodInterceptor msg="Authorizing method invocation ReflectiveMethodInvocation: public org.springframework.http.ResponseEntity com.workhub.controller.TenantInfoController.getTenantId(); target is of class [com.workhub.controller.TenantInfoController]"
2026-05-21T01:42:45.747+03:00 level=DEBUG app=workhub corr=0f3db65c-21b0-4a35-ba11-59f0d9896b9b method=GET path=/api/tenant/id logger=o.s.s.a.m.AuthorizationManagerBeforeMethodInterceptor msg="Authorized method invocation ReflectiveMethodInvocation: public org.springframework.http.ResponseEntity com.workhub.controller.TenantInfoController.getTenantId(); target is of class [com.workhub.controller.TenantInfoController]"
2026-05-21T01:42:45.750+03:00 level=INFO  app=workhub corr=0f3db65c-21b0-4a35-ba11-59f0d9896b9b method=GET path=/api/tenant/id logger=c.w.security.RequestTracingFilter msg="request-end status=200 durationMs=19"
2026-05-21T01:42:45.759+03:00 level=INFO  app=workhub corr=faf16604-4f0b-4684-8552-6b14ad1649ed method=GET path=/api/auth/me logger=c.w.security.RequestTracingFilter msg="request-start"
2026-05-21T01:42:45.760+03:00 level=DEBUG app=workhub corr=faf16604-4f0b-4684-8552-6b14ad1649ed method=GET path=/api/auth/me logger=o.s.security.web.FilterChainProxy msg="Securing GET /api/auth/me"
2026-05-21T01:42:45.760+03:00 level=DEBUG app=workhub corr=faf16604-4f0b-4684-8552-6b14ad1649ed method=GET path=/api/auth/me logger=o.s.s.w.a.AnonymousAuthenticationFilter msg="Set SecurityContextHolder to anonymous SecurityContext"
2026-05-21T01:42:45.767+03:00 level=INFO  app=workhub corr=faf16604-4f0b-4684-8552-6b14ad1649ed method=GET path=/api/auth/me logger=c.w.security.RequestTracingFilter msg="request-end status=401 durationMs=7"
[INFO] Tests run: 3, Failures: 0, Errors: 0, Skipped: 0, Time elapsed: 12.61 s -- in com.workhub.AuthApiIntegrationTest
01:42:46.978 [main] INFO org.testcontainers.dockerclient.DockerClientProviderStrategy -- Loaded org.testcontainers.dockerclient.NpipeSocketClientProviderStrategy from ~/.testcontainers.properties, will try it first
01:42:47.555 [main] INFO org.testcontainers.dockerclient.DockerClientProviderStrategy -- Found Docker environment with local Npipe socket (npipe:////./pipe/docker_engine)
01:42:47.557 [main] INFO org.testcontainers.DockerClientFactory -- Docker host IP address is localhost
01:42:47.579 [main] INFO org.testcontainers.DockerClientFactory -- Connected to docker: 
  Server Version: 28.0.4
  API Version: 1.48
  Operating System: Docker Desktop
  Total Memory: 7792 MB
01:42:47.592 [main] INFO org.testcontainers.images.PullPolicy -- Image pull policy will be performed by: DefaultPullPolicy()
01:42:47.593 [main] INFO org.testcontainers.utility.ImageNameSubstitutor -- Image name substitution will be performed by: DefaultImageNameSubstitutor (composite of 'ConfigurationFileImageNameSubstitutor' and 'PrefixingImageNameSubstitutor')
01:42:47.640 [main] INFO tc.testcontainers/ryuk:0.7.0 -- Creating container for image: testcontainers/ryuk:0.7.0
01:42:47.855 [main] INFO org.testcontainers.utility.RegistryAuthLocator -- Credential helper/store (docker-credential-desktop) does not have credentials for https://index.docker.io/v1/
01:42:48.044 [main] INFO tc.testcontainers/ryuk:0.7.0 -- Container testcontainers/ryuk:0.7.0 is starting: feacf04f4afdc47541bbd547f17a994c3c7c1d6848dbd57a49b3f7e831fd6ca6
01:42:48.813 [main] INFO tc.testcontainers/ryuk:0.7.0 -- Container testcontainers/ryuk:0.7.0 started in PT1.1722432S
01:42:48.824 [main] INFO org.testcontainers.utility.RyukResourceReaper -- Ryuk started - will monitor and terminate Testcontainers containers on JVM exit
01:42:48.824 [main] INFO org.testcontainers.DockerClientFactory -- Checking the system...
01:42:48.826 [main] INFO org.testcontainers.DockerClientFactory -- ?? Docker server version should be at least 1.6.0
[INFO] Running com.workhub.Phase2EnterpriseIntegrationTest
01:42:49.021 [main] INFO org.springframework.test.context.support.AnnotationConfigContextLoaderUtils -- Could not detect default configuration classes for test class [com.workhub.Phase2EnterpriseIntegrationTest]: Phase2EnterpriseIntegrationTest does not declare any static, non-private, non-final, nested classes annotated with @Configuration.
01:42:49.208 [main] INFO org.springframework.boot.test.context.SpringBootTestContextBootstrapper -- Found @SpringBootConfiguration com.workhub.WorkHubApplication for test class com.workhub.Phase2EnterpriseIntegrationTest
01:42:49.328 [main] INFO tc.rabbitmq:3.13-management -- Creating container for image: rabbitmq:3.13-management
01:42:49.444 [main] INFO tc.rabbitmq:3.13-management -- Container rabbitmq:3.13-management is starting: b4f2a2af8e91751394d690985011c843ea9ca8b1dbbc7dc225208e472e048115
01:42:58.596 [main] INFO tc.rabbitmq:3.13-management -- Container rabbitmq:3.13-management started in PT9.2684772S

  .   ____          _            __ _ _
 /\\ / ___'_ __ _ _(_)_ __  __ _ \ \ \ \
( ( )\___ | '_ | '_| | '_ \/ _` | \ \ \ \
 \\/  ___)| |_)| | | | | || (_| |  ) ) ) )
  '  |____| .__|_| |_|_| |_\__, | / / / /
 =========|_|==============|___/=/_/_/_/

 :: Spring Boot ::                (v3.3.5)

2026-05-21T01:42:59.358+03:00 level=INFO  app=workhub corr=na method=na path=na logger=c.w.Phase2EnterpriseIntegrationTest msg="Starting Phase2EnterpriseIntegrationTest using Java 21.0.8 with PID 22492 (started by asus in C:\Users\asus\Documents\GitHub\Capstone-Project)"
2026-05-21T01:42:59.360+03:00 level=INFO  app=workhub corr=na method=na path=na logger=c.w.Phase2EnterpriseIntegrationTest msg="The following 1 profile is active: "test""
2026-05-21T01:43:02.215+03:00 level=INFO  app=workhub corr=na method=na path=na logger=o.h.jpa.internal.util.LogHelper msg="HHH000204: Processing PersistenceUnitInfo [name: default]"
2026-05-21T01:43:02.323+03:00 level=INFO  app=workhub corr=na method=na path=na logger=org.hibernate.Version msg="HHH000412: Hibernate ORM core version 6.5.3.Final"
2026-05-21T01:43:02.365+03:00 level=INFO  app=workhub corr=na method=na path=na logger=o.h.c.i.RegionFactoryInitiator msg="HHH000026: Second-level cache disabled"
2026-05-21T01:43:02.737+03:00 level=INFO  app=workhub corr=na method=na path=na logger=com.zaxxer.hikari.HikariDataSource msg="HikariPool-1 - Starting..."
2026-05-21T01:43:02.915+03:00 level=INFO  app=workhub corr=na method=na path=na logger=com.zaxxer.hikari.pool.HikariPool msg="HikariPool-1 - Added connection conn0: url=jdbc:h2:mem:workhub_test user=SA"
2026-05-21T01:43:02.923+03:00 level=INFO  app=workhub corr=na method=na path=na logger=com.zaxxer.hikari.HikariDataSource msg="HikariPool-1 - Start completed."
2026-05-21T01:43:02.947+03:00 level=WARN  app=workhub corr=na method=na path=na logger=org.hibernate.orm.deprecation msg="HHH90000025: H2Dialect does not need to be specified explicitly using 'hibernate.dialect' (remove the property setting and it will be selected by default)"
2026-05-21T01:43:04.027+03:00 level=INFO  app=workhub corr=na method=na path=na logger=o.h.e.t.j.p.i.JtaPlatformInitiator msg="HHH000489: No JTA platform available (set 'hibernate.transaction.jta.platform' to enable JTA platform integration)"
2026-05-21T01:43:04.042+03:00 level=DEBUG app=workhub corr=na method=na path=na logger=org.hibernate.SQL msg="
    drop table if exists jobs cascade "
2026-05-21T01:43:04.045+03:00 level=DEBUG app=workhub corr=na method=na path=na logger=org.hibernate.SQL msg="
    drop table if exists processed_messages cascade "
2026-05-21T01:43:04.046+03:00 level=DEBUG app=workhub corr=na method=na path=na logger=org.hibernate.SQL msg="
    drop table if exists projects cascade "
2026-05-21T01:43:04.046+03:00 level=DEBUG app=workhub corr=na method=na path=na logger=org.hibernate.SQL msg="
    drop table if exists tasks cascade "
2026-05-21T01:43:04.046+03:00 level=DEBUG app=workhub corr=na method=na path=na logger=org.hibernate.SQL msg="
    drop table if exists tenants cascade "
2026-05-21T01:43:04.047+03:00 level=DEBUG app=workhub corr=na method=na path=na logger=org.hibernate.SQL msg="
    drop table if exists users cascade "
2026-05-21T01:43:04.051+03:00 level=DEBUG app=workhub corr=na method=na path=na logger=org.hibernate.SQL msg="
    create table jobs (
        created_at timestamp(6) not null,
        id bigint generated by default as identity,
        project_id bigint not null,
        tenant_id bigint not null,
        updated_at timestamp(6) not null,
        correlation_id varchar(100) not null,
        error_message varchar(2000),
        status enum ('COMPLETED','FAILED','PENDING','PROCESSING') not null,
        primary key (id)
    )"
2026-05-21T01:43:04.063+03:00 level=DEBUG app=workhub corr=na method=na path=na logger=org.hibernate.SQL msg="
    create table processed_messages (
        attempt_count integer not null,
        first_received_at timestamp(6) with time zone not null,
        id bigint generated by default as identity,
        job_id bigint not null,
        processed_at timestamp(6) with time zone,
        project_id bigint not null,
        tenant_id bigint not null,
        updated_at timestamp(6) with time zone not null,
        version bigint not null,
        correlation_id varchar(100),
        event_id varchar(100) not null unique,
        last_error varchar(2000),
        status enum ('COMPLETED','FAILED','PROCESSING') not null,
        primary key (id)
    )"
2026-05-21T01:43:04.065+03:00 level=DEBUG app=workhub corr=na method=na path=na logger=org.hibernate.SQL msg="
    create table projects (
        created_at timestamp(6) not null,
        created_by_id bigint not null,
        end_date timestamp(6),
        id bigint generated by default as identity,
        start_date timestamp(6),
        tenant_id bigint not null,
        updated_at timestamp(6) not null,
        version bigint not null,
        project_key varchar(10),
        name varchar(200) not null,
        description varchar(2000),
        status enum ('ACTIVE','ARCHIVED','CANCELLED','COMPLETED','ON_HOLD') not null,
        primary key (id)
    )"
2026-05-21T01:43:04.067+03:00 level=DEBUG app=workhub corr=na method=na path=na logger=org.hibernate.SQL msg="
    create table tasks (
        actual_hours integer,
        estimated_hours integer,
        assigned_to_id bigint,
        completed_at timestamp(6),
        created_at timestamp(6) not null,
        due_date timestamp(6),
        id bigint generated by default as identity,
        project_id bigint not null,
        tenant_id bigint not null,
        updated_at timestamp(6) not null,
        version bigint not null,
        title varchar(500) not null,
        description varchar(5000),
        priority enum ('HIGH','LOW','MEDIUM','URGENT') not null,
        status enum ('BLOCKED','CANCELLED','COMPLETED','IN_PROGRESS','IN_REVIEW','TODO') not null,
        primary key (id)
    )"
2026-05-21T01:43:04.069+03:00 level=DEBUG app=workhub corr=na method=na path=na logger=org.hibernate.SQL msg="
    create table tenants (
        created_at timestamp(6) not null,
        id bigint generated by default as identity,
        updated_at timestamp(6) not null,
        version bigint not null,
        name varchar(200) not null,
        plan enum ('ENTERPRISE','FREE','PROFESSIONAL','STARTER') not null,
        status enum ('ACTIVE','EXPIRED','SUSPENDED','TRIAL') not null,
        primary key (id)
    )"
2026-05-21T01:43:04.070+03:00 level=DEBUG app=workhub corr=na method=na path=na logger=org.hibernate.SQL msg="
    create table users (
        created_at timestamp(6) not null,
        id bigint generated by default as identity,
        last_login_at timestamp(6),
        tenant_id bigint not null,
        updated_at timestamp(6) not null,
        version bigint not null,
        first_name varchar(100),
        last_name varchar(100),
        email varchar(255) not null unique,
        password varchar(255) not null,
        role enum ('TENANT_ADMIN','TENANT_USER') not null,
        status enum ('ACTIVE','INACTIVE','SUSPENDED') not null,
        primary key (id)
    )"
2026-05-21T01:43:04.071+03:00 level=DEBUG app=workhub corr=na method=na path=na logger=org.hibernate.SQL msg="
    create index idx_job_tenant 
       on jobs (tenant_id)"
2026-05-21T01:43:04.072+03:00 level=DEBUG app=workhub corr=na method=na path=na logger=org.hibernate.SQL msg="
    create index idx_job_project 
       on jobs (project_id)"
2026-05-21T01:43:04.072+03:00 level=DEBUG app=workhub corr=na method=na path=na logger=org.hibernate.SQL msg="
    create index idx_job_status 
       on jobs (status)"
2026-05-21T01:43:04.072+03:00 level=DEBUG app=workhub corr=na method=na path=na logger=org.hibernate.SQL msg="
    create index idx_job_correlation_id 
       on jobs (correlation_id)"
2026-05-21T01:43:04.073+03:00 level=DEBUG app=workhub corr=na method=na path=na logger=org.hibernate.SQL msg="
    create index idx_processed_message_status 
       on processed_messages (status)"
2026-05-21T01:43:04.073+03:00 level=DEBUG app=workhub corr=na method=na path=na logger=org.hibernate.SQL msg="
    create index idx_processed_message_tenant 
       on processed_messages (tenant_id)"
2026-05-21T01:43:04.074+03:00 level=DEBUG app=workhub corr=na method=na path=na logger=org.hibernate.SQL msg="
    create index idx_project_tenant 
       on projects (tenant_id)"
2026-05-21T01:43:04.075+03:00 level=DEBUG app=workhub corr=na method=na path=na logger=org.hibernate.SQL msg="
    create index idx_project_created_by 
       on projects (created_by_id)"
2026-05-21T01:43:04.076+03:00 level=DEBUG app=workhub corr=na method=na path=na logger=org.hibernate.SQL msg="
    create index idx_project_status 
       on projects (status)"
2026-05-21T01:43:04.076+03:00 level=DEBUG app=workhub corr=na method=na path=na logger=org.hibernate.SQL msg="
    create index idx_project_name 
       on projects (name)"
2026-05-21T01:43:04.077+03:00 level=DEBUG app=workhub corr=na method=na path=na logger=org.hibernate.SQL msg="
    create index idx_task_project 
       on tasks (project_id)"
2026-05-21T01:43:04.077+03:00 level=DEBUG app=workhub corr=na method=na path=na logger=org.hibernate.SQL msg="
    create index idx_task_tenant 
       on tasks (tenant_id)"
2026-05-21T01:43:04.078+03:00 level=DEBUG app=workhub corr=na method=na path=na logger=org.hibernate.SQL msg="
    create index idx_task_assigned_to 
       on tasks (assigned_to_id)"
2026-05-21T01:43:04.078+03:00 level=DEBUG app=workhub corr=na method=na path=na logger=org.hibernate.SQL msg="
    create index idx_task_status 
       on tasks (status)"
2026-05-21T01:43:04.079+03:00 level=DEBUG app=workhub corr=na method=na path=na logger=org.hibernate.SQL msg="
    create index idx_task_priority 
       on tasks (priority)"
2026-05-21T01:43:04.079+03:00 level=DEBUG app=workhub corr=na method=na path=na logger=org.hibernate.SQL msg="
    create index idx_tenant_name 
       on tenants (name)"
2026-05-21T01:43:04.080+03:00 level=DEBUG app=workhub corr=na method=na path=na logger=org.hibernate.SQL msg="
    create index idx_tenant_plan 
       on tenants (plan)"
2026-05-21T01:43:04.080+03:00 level=DEBUG app=workhub corr=na method=na path=na logger=org.hibernate.SQL msg="
    create index idx_user_email 
       on users (email)"
2026-05-21T01:43:04.081+03:00 level=DEBUG app=workhub corr=na method=na path=na logger=org.hibernate.SQL msg="
    create index idx_user_tenant 
       on users (tenant_id)"
2026-05-21T01:43:04.082+03:00 level=DEBUG app=workhub corr=na method=na path=na logger=org.hibernate.SQL msg="
    create index idx_user_role 
       on users (role)"
2026-05-21T01:43:04.082+03:00 level=DEBUG app=workhub corr=na method=na path=na logger=org.hibernate.SQL msg="
    alter table if exists jobs 
       add constraint fk_job_project 
       foreign key (project_id) 
       references projects"
2026-05-21T01:43:04.093+03:00 level=DEBUG app=workhub corr=na method=na path=na logger=org.hibernate.SQL msg="
    alter table if exists jobs 
       add constraint fk_job_tenant 
       foreign key (tenant_id) 
       references tenants"
2026-05-21T01:43:04.095+03:00 level=DEBUG app=workhub corr=na method=na path=na logger=org.hibernate.SQL msg="
    alter table if exists projects 
       add constraint fk_project_created_by 
       foreign key (created_by_id) 
       references users"
2026-05-21T01:43:04.096+03:00 level=DEBUG app=workhub corr=na method=na path=na logger=org.hibernate.SQL msg="
    alter table if exists projects 
       add constraint fk_project_tenant 
       foreign key (tenant_id) 
       references tenants"
2026-05-21T01:43:04.097+03:00 level=DEBUG app=workhub corr=na method=na path=na logger=org.hibernate.SQL msg="
    alter table if exists tasks 
       add constraint fk_task_assigned_to 
       foreign key (assigned_to_id) 
       references users"
2026-05-21T01:43:04.098+03:00 level=DEBUG app=workhub corr=na method=na path=na logger=org.hibernate.SQL msg="
    alter table if exists tasks 
       add constraint fk_task_project 
       foreign key (project_id) 
       references projects"
2026-05-21T01:43:04.099+03:00 level=DEBUG app=workhub corr=na method=na path=na logger=org.hibernate.SQL msg="
    alter table if exists tasks 
       add constraint fk_task_tenant 
       foreign key (tenant_id) 
       references tenants"
2026-05-21T01:43:04.099+03:00 level=DEBUG app=workhub corr=na method=na path=na logger=org.hibernate.SQL msg="
    alter table if exists users 
       add constraint fk_user_tenant 
       foreign key (tenant_id) 
       references tenants"
2026-05-21T01:43:06.152+03:00 level=INFO  app=workhub corr=na method=na path=na logger=o.s.s.c.a.a.c.InitializeAuthenticationProviderBeanManagerConfigurer$InitializeAuthenticationProviderManagerConfigurer msg="Global AuthenticationManager configured with AuthenticationProvider bean with name authenticationProvider"
2026-05-21T01:43:06.153+03:00 level=WARN  app=workhub corr=na method=na path=na logger=o.s.s.c.a.a.c.InitializeUserDetailsBeanManagerConfigurer$InitializeUserDetailsManagerConfigurer msg="Global AuthenticationManager configured with an AuthenticationProvider bean. UserDetailsService beans will not be used for username/password login. Consider removing the AuthenticationProvider bean. Alternatively, consider using the UserDetailsService in a manually instantiated DaoAuthenticationProvider."
2026-05-21T01:43:08.800+03:00 level=INFO  app=workhub corr=na method=na path=na logger=c.workhub.config.ObservabilityConfig msg="Async executor initialized with MDC propagation"
2026-05-21T01:43:10.938+03:00 level=DEBUG app=workhub corr=na method=na path=na logger=o.s.s.web.DefaultSecurityFilterChain msg="Will secure any request with filters: DisableEncodeUrlFilter, WebAsyncManagerIntegrationFilter, SecurityContextHolderFilter, HeaderWriterFilter, LogoutFilter, JwtAuthenticationFilter, RequestCacheAwareFilter, SecurityContextHolderAwareRequestFilter, AnonymousAuthenticationFilter, SessionManagementFilter, ExceptionTranslationFilter, AuthorizationFilter"
2026-05-21T01:43:12.638+03:00 level=WARN  app=workhub corr=na method=na path=na logger=c.r.c.impl.ForgivingExceptionHandler msg="An unexpected connection driver error occurred (Exception message: Socket closed)"
2026-05-21T01:43:12.695+03:00 level=WARN  app=workhub corr=na method=na path=na logger=c.r.c.impl.ForgivingExceptionHandler msg="An unexpected connection driver error occurred (Exception message: Socket closed)"
2026-05-21T01:43:12.717+03:00 level=WARN  app=workhub corr=na method=na path=na logger=c.r.c.impl.ForgivingExceptionHandler msg="An unexpected connection driver error occurred (Exception message: Socket closed)"
2026-05-21T01:43:12.774+03:00 level=WARN  app=workhub corr=na method=na path=na logger=c.r.c.impl.ForgivingExceptionHandler msg="An unexpected connection driver error occurred (Exception message: Socket closed)"
2026-05-21T01:43:12.777+03:00 level=ERROR app=workhub corr=na method=na path=na logger=o.s.a.r.l.SimpleMessageListenerContainer msg="Failed to check/redeclare auto-delete queue(s)."
org.springframework.amqp.AmqpIOException: java.io.IOException
	at org.springframework.amqp.rabbit.support.RabbitExceptionTranslator.convertRabbitAccessException(RabbitExceptionTranslator.java:70)
	at org.springframework.amqp.rabbit.connection.AbstractConnectionFactory.createBareConnection(AbstractConnectionFactory.java:622)
	at org.springframework.amqp.rabbit.connection.CachingConnectionFactory.createConnection(CachingConnectionFactory.java:726)
	at org.springframework.amqp.rabbit.connection.ConnectionFactoryUtils.createConnection(ConnectionFactoryUtils.java:257)
	at org.springframework.amqp.rabbit.core.RabbitTemplate.doExecute(RabbitTemplate.java:2249)
	at org.springframework.amqp.rabbit.core.RabbitTemplate.execute(RabbitTemplate.java:2222)
	at org.springframework.amqp.rabbit.core.RabbitTemplate.execute(RabbitTemplate.java:2202)
	at org.springframework.amqp.rabbit.core.RabbitAdmin.getQueueInfo(RabbitAdmin.java:467)
	at org.springframework.amqp.rabbit.core.RabbitAdmin.getQueueProperties(RabbitAdmin.java:451)
	at org.springframework.amqp.rabbit.listener.AbstractMessageListenerContainer.attemptDeclarations(AbstractMessageListenerContainer.java:1960)
	at org.springframework.amqp.rabbit.listener.AbstractMessageListenerContainer.redeclareElementsIfNecessary(AbstractMessageListenerContainer.java:1924)
	at org.springframework.amqp.rabbit.listener.SimpleMessageListenerContainer$AsyncMessageProcessingConsumer.initialize(SimpleMessageListenerContainer.java:1479)
	at org.springframework.amqp.rabbit.listener.SimpleMessageListenerContainer$AsyncMessageProcessingConsumer.run(SimpleMessageListenerContainer.java:1320)
	at java.base/java.lang.Thread.run(Thread.java:1583)
Caused by: java.io.IOException: null
	at com.rabbitmq.client.impl.AMQChannel.wrap(AMQChannel.java:140)
	at com.rabbitmq.client.impl.AMQChannel.wrap(AMQChannel.java:136)
	at com.rabbitmq.client.impl.AMQChannel.exnWrappingRpc(AMQChannel.java:158)
	at com.rabbitmq.client.impl.AMQConnection.start(AMQConnection.java:454)
	at com.rabbitmq.client.ConnectionFactory.newConnection(ConnectionFactory.java:1251)
	at com.rabbitmq.client.ConnectionFactory.newConnection(ConnectionFactory.java:1198)
	at org.springframework.amqp.rabbit.connection.AbstractConnectionFactory.connectAddresses(AbstractConnectionFactory.java:668)
	at org.springframework.amqp.rabbit.connection.AbstractConnectionFactory.connect(AbstractConnectionFactory.java:637)
	at org.springframework.amqp.rabbit.connection.AbstractConnectionFactory.createBareConnection(AbstractConnectionFactory.java:584)
	... 12 common frames omitted
Caused by: com.rabbitmq.client.ShutdownSignalException: connection error; protocol method: #method<connection.close>(reply-code=530, reply-text=NOT_ALLOWED - access to vhost 'workhub' refused for user 'workhub', class-id=10, method-id=40)
	at com.rabbitmq.utility.ValueOrException.getValue(ValueOrException.java:66)
	at com.rabbitmq.utility.BlockingValueOrException.uninterruptibleGetValue(BlockingValueOrException.java:36)
	at com.rabbitmq.client.impl.AMQChannel$BlockingRpcContinuation.getReply(AMQChannel.java:552)
	at com.rabbitmq.client.impl.AMQChannel.privateRpc(AMQChannel.java:316)
	at com.rabbitmq.client.impl.AMQChannel.exnWrappingRpc(AMQChannel.java:152)
	... 18 common frames omitted
2026-05-21T01:43:12.793+03:00 level=WARN  app=workhub corr=na method=na path=na logger=c.r.c.impl.ForgivingExceptionHandler msg="An unexpected connection driver error occurred (Exception message: Socket closed)"
2026-05-21T01:43:12.843+03:00 level=WARN  app=workhub corr=na method=na path=na logger=c.r.c.impl.ForgivingExceptionHandler msg="An unexpected connection driver error occurred (Exception message: Socket closed)"
2026-05-21T01:43:12.860+03:00 level=INFO  app=workhub corr=na method=na path=na logger=c.w.Phase2EnterpriseIntegrationTest msg="Started Phase2EnterpriseIntegrationTest in 13.824 seconds (process running for 26.879)"
2026-05-21T01:43:13.090+03:00 level=DEBUG app=workhub corr=na method=na path=na logger=org.hibernate.SQL msg="
    select
        count(*) 
    from
        tenants t1_0"
2026-05-21T01:43:13.134+03:00 level=INFO  app=workhub corr=na method=na path=na logger=com.workhub.config.DataInitializer msg="Initializing test data..."
2026-05-21T01:43:13.196+03:00 level=DEBUG app=workhub corr=na method=na path=na logger=org.hibernate.SQL msg="
    insert 
    into
        tenants
        (created_at, name, plan, status, updated_at, version, id) 
    values
        (?, ?, ?, ?, ?, ?, default)"
2026-05-21T01:43:13.250+03:00 level=INFO  app=workhub corr=na method=na path=na logger=com.workhub.config.DataInitializer msg="Created tenant: Demo Company (ID: 1)"
2026-05-21T01:43:13.364+03:00 level=DEBUG app=workhub corr=na method=na path=na logger=org.hibernate.SQL msg="
    insert 
    into
        users
        (created_at, email, first_name, last_login_at, last_name, password, role, status, tenant_id, updated_at, version, id) 
    values
        (?, ?, ?, ?, ?, ?, ?, ?, ?, ?, ?, default)"
2026-05-21T01:43:13.369+03:00 level=INFO  app=workhub corr=na method=na path=na logger=com.workhub.config.DataInitializer msg="Created admin user: admin@demo.com (ID: 1)"
2026-05-21T01:43:13.465+03:00 level=DEBUG app=workhub corr=na method=na path=na logger=org.hibernate.SQL msg="
    insert 
    into
        users
        (created_at, email, first_name, last_login_at, last_name, password, role, status, tenant_id, updated_at, version, id) 
    values
        (?, ?, ?, ?, ?, ?, ?, ?, ?, ?, ?, default)"
2026-05-21T01:43:13.467+03:00 level=INFO  app=workhub corr=na method=na path=na logger=com.workhub.config.DataInitializer msg="Created regular user: user@demo.com (ID: 2)"
2026-05-21T01:43:13.467+03:00 level=INFO  app=workhub corr=na method=na path=na logger=com.workhub.config.DataInitializer msg="Test data initialization complete!"
2026-05-21T01:43:13.467+03:00 level=INFO  app=workhub corr=na method=na path=na logger=com.workhub.config.DataInitializer msg="You can now login with:"
2026-05-21T01:43:13.467+03:00 level=INFO  app=workhub corr=na method=na path=na logger=com.workhub.config.DataInitializer msg="  Admin: admin@demo.com / admin123"
2026-05-21T01:43:13.467+03:00 level=INFO  app=workhub corr=na method=na path=na logger=com.workhub.config.DataInitializer msg="  User:  user@demo.com / user123"
2026-05-21T01:43:13.468+03:00 level=INFO  app=workhub corr=na method=na path=na logger=com.workhub.config.RabbitMQConfig msg="RabbitMQ ready -> host=localhost port=55522 user=workhub exchange=workhub.jobs.direct queue=workhub.jobs.queue routingKey=workhub.jobs.process"
2026-05-21T01:43:13.587+03:00 level=DEBUG app=workhub corr=na method=na path=na logger=org.hibernate.SQL msg="
    select
        pm1_0.id,
        pm1_0.attempt_count,
        pm1_0.correlation_id,
        pm1_0.event_id,
        pm1_0.first_received_at,
        pm1_0.job_id,
        pm1_0.last_error,
        pm1_0.processed_at,
        pm1_0.project_id,
        pm1_0.status,
        pm1_0.tenant_id,
        pm1_0.updated_at,
        pm1_0.version 
    from
        processed_messages pm1_0"
2026-05-21T01:43:13.599+03:00 level=DEBUG app=workhub corr=na method=na path=na logger=org.hibernate.SQL msg="
    select
        j1_0.id,
        j1_0.correlation_id,
        j1_0.created_at,
        j1_0.error_message,
        j1_0.project_id,
        j1_0.status,
        j1_0.tenant_id,
        j1_0.updated_at 
    from
        jobs j1_0"
2026-05-21T01:43:13.620+03:00 level=DEBUG app=workhub corr=na method=na path=na logger=org.hibernate.SQL msg="
    select
        t1_0.id,
        t1_0.created_at,
        t1_0.name,
        t1_0.plan,
        t1_0.status,
        t1_0.updated_at,
        t1_0.version 
    from
        tenants t1_0 
    where
        t1_0.id=?"
2026-05-21T01:43:13.710+03:00 level=DEBUG app=workhub corr=na method=na path=na logger=org.hibernate.SQL msg="
    select
        u1_0.id,
        u1_0.created_at,
        u1_0.email,
        u1_0.first_name,
        u1_0.last_login_at,
        u1_0.last_name,
        u1_0.password,
        u1_0.role,
        u1_0.status,
        u1_0.tenant_id,
        u1_0.updated_at,
        u1_0.version 
    from
        users u1_0 
    where
        u1_0.email=?"
2026-05-21T01:43:13.728+03:00 level=DEBUG app=workhub corr=na method=na path=na logger=org.hibernate.SQL msg="
    select
        p1_0.id,
        p1_0.created_at,
        p1_0.created_by_id,
        p1_0.description,
        p1_0.end_date,
        p1_0.name,
        p1_0.project_key,
        p1_0.start_date,
        p1_0.status,
        p1_0.tenant_id,
        p1_0.updated_at,
        p1_0.version 
    from
        projects p1_0 
    where
        p1_0.tenant_id=? 
        and p1_0.project_key=?"
2026-05-21T01:43:13.735+03:00 level=DEBUG app=workhub corr=na method=na path=na logger=org.hibernate.SQL msg="
    insert 
    into
        projects
        (created_at, created_by_id, description, end_date, name, project_key, start_date, status, tenant_id, updated_at, version, id) 
    values
        (?, ?, ?, ?, ?, ?, ?, ?, ?, ?, ?, default)"
2026-05-21T01:43:13.749+03:00 level=DEBUG app=workhub corr=na method=na path=na logger=org.hibernate.SQL msg="
    select
        t1_0.id,
        t1_0.actual_hours,
        t1_0.assigned_to_id,
        t1_0.completed_at,
        t1_0.created_at,
        t1_0.description,
        t1_0.due_date,
        t1_0.estimated_hours,
        t1_0.priority,
        t1_0.project_id,
        t1_0.status,
        t1_0.tenant_id,
        t1_0.title,
        t1_0.updated_at,
        t1_0.version 
    from
        tasks t1_0 
    where
        t1_0.tenant_id=? 
        and lower(t1_0.title) like lower(('%'||?||'%')) escape ''"
2026-05-21T01:43:13.757+03:00 level=DEBUG app=workhub corr=na method=na path=na logger=org.hibernate.SQL msg="
    insert 
    into
        tasks
        (actual_hours, assigned_to_id, completed_at, created_at, description, due_date, estimated_hours, priority, project_id, status, tenant_id, title, updated_at, version, id) 
    values
        (?, ?, ?, ?, ?, ?, ?, ?, ?, ?, ?, ?, ?, ?, default)"
2026-05-21T01:43:13.764+03:00 level=DEBUG app=workhub corr=na method=na path=na logger=org.hibernate.SQL msg="
    select
        t1_0.id,
        t1_0.created_at,
        t1_0.name,
        t1_0.plan,
        t1_0.status,
        t1_0.updated_at,
        t1_0.version 
    from
        tenants t1_0 
    where
        upper(t1_0.name)=upper(?)"
2026-05-21T01:43:13.768+03:00 level=DEBUG app=workhub corr=na method=na path=na logger=org.hibernate.SQL msg="
    insert 
    into
        tenants
        (created_at, name, plan, status, updated_at, version, id) 
    values
        (?, ?, ?, ?, ?, ?, default)"
2026-05-21T01:43:13.773+03:00 level=DEBUG app=workhub corr=na method=na path=na logger=org.hibernate.SQL msg="
    select
        u1_0.id,
        u1_0.created_at,
        u1_0.email,
        u1_0.first_name,
        u1_0.last_login_at,
        u1_0.last_name,
        u1_0.password,
        u1_0.role,
        u1_0.status,
        u1_0.tenant_id,
        u1_0.updated_at,
        u1_0.version 
    from
        users u1_0 
    where
        u1_0.email=?"
2026-05-21T01:43:13.871+03:00 level=DEBUG app=workhub corr=na method=na path=na logger=org.hibernate.SQL msg="
    insert 
    into
        users
        (created_at, email, first_name, last_login_at, last_name, password, role, status, tenant_id, updated_at, version, id) 
    values
        (?, ?, ?, ?, ?, ?, ?, ?, ?, ?, ?, default)"
2026-05-21T01:43:13.876+03:00 level=DEBUG app=workhub corr=na method=na path=na logger=org.hibernate.SQL msg="
    select
        u1_0.id,
        u1_0.created_at,
        u1_0.email,
        u1_0.first_name,
        u1_0.last_login_at,
        u1_0.last_name,
        u1_0.password,
        u1_0.role,
        u1_0.status,
        u1_0.tenant_id,
        u1_0.updated_at,
        u1_0.version 
    from
        users u1_0 
    where
        u1_0.email=?"
2026-05-21T01:43:13.972+03:00 level=DEBUG app=workhub corr=na method=na path=na logger=org.hibernate.SQL msg="
    insert 
    into
        users
        (created_at, email, first_name, last_login_at, last_name, password, role, status, tenant_id, updated_at, version, id) 
    values
        (?, ?, ?, ?, ?, ?, ?, ?, ?, ?, ?, default)"
2026-05-21T01:43:13.978+03:00 level=DEBUG app=workhub corr=na method=na path=na logger=org.hibernate.SQL msg="
    select
        p1_0.id,
        p1_0.created_at,
        p1_0.created_by_id,
        p1_0.description,
        p1_0.end_date,
        p1_0.name,
        p1_0.project_key,
        p1_0.start_date,
        p1_0.status,
        p1_0.tenant_id,
        p1_0.updated_at,
        p1_0.version 
    from
        projects p1_0 
    where
        p1_0.tenant_id=? 
        and p1_0.project_key=?"
2026-05-21T01:43:13.980+03:00 level=DEBUG app=workhub corr=na method=na path=na logger=org.hibernate.SQL msg="
    insert 
    into
        projects
        (created_at, created_by_id, description, end_date, name, project_key, start_date, status, tenant_id, updated_at, version, id) 
    values
        (?, ?, ?, ?, ?, ?, ?, ?, ?, ?, ?, default)"
2026-05-21T01:43:14.005+03:00 level=INFO  app=workhub corr=f9d08080-e16b-4967-a144-1c12a17a3b3d method=POST path=/api/auth/login logger=c.w.security.RequestTracingFilter msg="request-start"
2026-05-21T01:43:14.019+03:00 level=DEBUG app=workhub corr=f9d08080-e16b-4967-a144-1c12a17a3b3d method=POST path=/api/auth/login logger=o.s.security.web.FilterChainProxy msg="Securing POST /api/auth/login"
2026-05-21T01:43:14.039+03:00 level=DEBUG app=workhub corr=f9d08080-e16b-4967-a144-1c12a17a3b3d method=POST path=/api/auth/login logger=o.s.s.w.a.AnonymousAuthenticationFilter msg="Set SecurityContextHolder to anonymous SecurityContext"
2026-05-21T01:43:14.048+03:00 level=DEBUG app=workhub corr=f9d08080-e16b-4967-a144-1c12a17a3b3d method=POST path=/api/auth/login logger=o.s.security.web.FilterChainProxy msg="Secured POST /api/auth/login"
2026-05-21T01:43:14.248+03:00 level=INFO  app=workhub corr=f9d08080-e16b-4967-a144-1c12a17a3b3d method=POST path=/api/auth/login logger=c.workhub.controller.AuthController msg="Login attempt for email: phase2.admin@demo.com"
2026-05-21T01:43:14.345+03:00 level=DEBUG app=workhub corr=f9d08080-e16b-4967-a144-1c12a17a3b3d method=POST path=/api/auth/login logger=org.hibernate.SQL msg="
    select
        u1_0.id,
        u1_0.created_at,
        u1_0.email,
        u1_0.first_name,
        u1_0.last_login_at,
        u1_0.last_name,
        u1_0.password,
        u1_0.role,
        u1_0.status,
        u1_0.tenant_id,
        u1_0.updated_at,
        u1_0.version 
    from
        users u1_0 
    where
        u1_0.email=?"
2026-05-21T01:43:14.439+03:00 level=DEBUG app=workhub corr=f9d08080-e16b-4967-a144-1c12a17a3b3d method=POST path=/api/auth/login logger=o.s.s.a.d.DaoAuthenticationProvider msg="Authenticated user"
2026-05-21T01:43:14.451+03:00 level=DEBUG app=workhub corr=f9d08080-e16b-4967-a144-1c12a17a3b3d method=POST path=/api/auth/login logger=org.hibernate.SQL msg="
    select
        u1_0.id,
        u1_0.created_at,
        u1_0.email,
        u1_0.first_name,
        u1_0.last_login_at,
        u1_0.last_name,
        u1_0.password,
        u1_0.role,
        u1_0.status,
        u1_0.tenant_id,
        u1_0.updated_at,
        u1_0.version 
    from
        users u1_0 
    where
        u1_0.id=? 
        and u1_0.tenant_id=?"
2026-05-21T01:43:14.463+03:00 level=DEBUG app=workhub corr=f9d08080-e16b-4967-a144-1c12a17a3b3d method=POST path=/api/auth/login logger=org.hibernate.SQL msg="
    update
        users 
    set
        email=?,
        first_name=?,
        last_login_at=?,
        last_name=?,
        password=?,
        role=?,
        status=?,
        tenant_id=?,
        updated_at=?,
        version=? 
    where
        id=? 
        and version=?"
2026-05-21T01:43:14.527+03:00 level=INFO  app=workhub corr=f9d08080-e16b-4967-a144-1c12a17a3b3d method=POST path=/api/auth/login logger=c.workhub.controller.AuthController msg="Login successful for user: phase2.admin@demo.com (tenant: 2)"
2026-05-21T01:43:14.558+03:00 level=INFO  app=workhub corr=f9d08080-e16b-4967-a144-1c12a17a3b3d method=POST path=/api/auth/login logger=c.w.security.RequestTracingFilter msg="request-end status=200 durationMs=553"
2026-05-21T01:43:14.576+03:00 level=INFO  app=workhub corr=ae96a0b1-3288-4c0f-a1c2-38c4b7676660 method=POST path=/api/auth/login logger=c.w.security.RequestTracingFilter msg="request-start"
2026-05-21T01:43:14.577+03:00 level=DEBUG app=workhub corr=ae96a0b1-3288-4c0f-a1c2-38c4b7676660 method=POST path=/api/auth/login logger=o.s.security.web.FilterChainProxy msg="Securing POST /api/auth/login"
2026-05-21T01:43:14.578+03:00 level=DEBUG app=workhub corr=ae96a0b1-3288-4c0f-a1c2-38c4b7676660 method=POST path=/api/auth/login logger=o.s.s.w.a.AnonymousAuthenticationFilter msg="Set SecurityContextHolder to anonymous SecurityContext"
2026-05-21T01:43:14.578+03:00 level=DEBUG app=workhub corr=ae96a0b1-3288-4c0f-a1c2-38c4b7676660 method=POST path=/api/auth/login logger=o.s.security.web.FilterChainProxy msg="Secured POST /api/auth/login"
2026-05-21T01:43:14.580+03:00 level=INFO  app=workhub corr=ae96a0b1-3288-4c0f-a1c2-38c4b7676660 method=POST path=/api/auth/login logger=c.workhub.controller.AuthController msg="Login attempt for email: phase2.user@demo.com"
2026-05-21T01:43:14.583+03:00 level=DEBUG app=workhub corr=ae96a0b1-3288-4c0f-a1c2-38c4b7676660 method=POST path=/api/auth/login logger=org.hibernate.SQL msg="
    select
        u1_0.id,
        u1_0.created_at,
        u1_0.email,
        u1_0.first_name,
        u1_0.last_login_at,
        u1_0.last_name,
        u1_0.password,
        u1_0.role,
        u1_0.status,
        u1_0.tenant_id,
        u1_0.updated_at,
        u1_0.version 
    from
        users u1_0 
    where
        u1_0.email=?"
2026-05-21T01:43:14.690+03:00 level=DEBUG app=workhub corr=ae96a0b1-3288-4c0f-a1c2-38c4b7676660 method=POST path=/api/auth/login logger=o.s.s.a.d.DaoAuthenticationProvider msg="Authenticated user"
2026-05-21T01:43:14.693+03:00 level=DEBUG app=workhub corr=ae96a0b1-3288-4c0f-a1c2-38c4b7676660 method=POST path=/api/auth/login logger=org.hibernate.SQL msg="
    select
        u1_0.id,
        u1_0.created_at,
        u1_0.email,
        u1_0.first_name,
        u1_0.last_login_at,
        u1_0.last_name,
        u1_0.password,
        u1_0.role,
        u1_0.status,
        u1_0.tenant_id,
        u1_0.updated_at,
        u1_0.version 
    from
        users u1_0 
    where
        u1_0.id=? 
        and u1_0.tenant_id=?"
2026-05-21T01:43:14.697+03:00 level=DEBUG app=workhub corr=ae96a0b1-3288-4c0f-a1c2-38c4b7676660 method=POST path=/api/auth/login logger=org.hibernate.SQL msg="
    update
        users 
    set
        email=?,
        first_name=?,
        last_login_at=?,
        last_name=?,
        password=?,
        role=?,
        status=?,
        tenant_id=?,
        updated_at=?,
        version=? 
    where
        id=? 
        and version=?"
2026-05-21T01:43:14.702+03:00 level=INFO  app=workhub corr=ae96a0b1-3288-4c0f-a1c2-38c4b7676660 method=POST path=/api/auth/login logger=c.workhub.controller.AuthController msg="Login successful for user: phase2.user@demo.com (tenant: 2)"
2026-05-21T01:43:14.704+03:00 level=INFO  app=workhub corr=ae96a0b1-3288-4c0f-a1c2-38c4b7676660 method=POST path=/api/auth/login logger=c.w.security.RequestTracingFilter msg="request-end status=200 durationMs=127"
2026-05-21T01:43:14.707+03:00 level=INFO  app=workhub corr=91707e8b-f999-4e21-b56b-09980beeb620 method=POST path=/api/auth/login logger=c.w.security.RequestTracingFilter msg="request-start"
2026-05-21T01:43:14.707+03:00 level=DEBUG app=workhub corr=91707e8b-f999-4e21-b56b-09980beeb620 method=POST path=/api/auth/login logger=o.s.security.web.FilterChainProxy msg="Securing POST /api/auth/login"
2026-05-21T01:43:14.708+03:00 level=DEBUG app=workhub corr=91707e8b-f999-4e21-b56b-09980beeb620 method=POST path=/api/auth/login logger=o.s.s.w.a.AnonymousAuthenticationFilter msg="Set SecurityContextHolder to anonymous SecurityContext"
2026-05-21T01:43:14.709+03:00 level=DEBUG app=workhub corr=91707e8b-f999-4e21-b56b-09980beeb620 method=POST path=/api/auth/login logger=o.s.security.web.FilterChainProxy msg="Secured POST /api/auth/login"
2026-05-21T01:43:14.710+03:00 level=INFO  app=workhub corr=91707e8b-f999-4e21-b56b-09980beeb620 method=POST path=/api/auth/login logger=c.workhub.controller.AuthController msg="Login attempt for email: admin@demo.com"
2026-05-21T01:43:14.714+03:00 level=DEBUG app=workhub corr=91707e8b-f999-4e21-b56b-09980beeb620 method=POST path=/api/auth/login logger=org.hibernate.SQL msg="
    select
        u1_0.id,
        u1_0.created_at,
        u1_0.email,
        u1_0.first_name,
        u1_0.last_login_at,
        u1_0.last_name,
        u1_0.password,
        u1_0.role,
        u1_0.status,
        u1_0.tenant_id,
        u1_0.updated_at,
        u1_0.version 
    from
        users u1_0 
    where
        u1_0.email=?"
2026-05-21T01:43:14.826+03:00 level=DEBUG app=workhub corr=91707e8b-f999-4e21-b56b-09980beeb620 method=POST path=/api/auth/login logger=o.s.s.a.d.DaoAuthenticationProvider msg="Authenticated user"
2026-05-21T01:43:14.828+03:00 level=DEBUG app=workhub corr=91707e8b-f999-4e21-b56b-09980beeb620 method=POST path=/api/auth/login logger=org.hibernate.SQL msg="
    select
        u1_0.id,
        u1_0.created_at,
        u1_0.email,
        u1_0.first_name,
        u1_0.last_login_at,
        u1_0.last_name,
        u1_0.password,
        u1_0.role,
        u1_0.status,
        u1_0.tenant_id,
        u1_0.updated_at,
        u1_0.version 
    from
        users u1_0 
    where
        u1_0.id=? 
        and u1_0.tenant_id=?"
2026-05-21T01:43:14.833+03:00 level=DEBUG app=workhub corr=91707e8b-f999-4e21-b56b-09980beeb620 method=POST path=/api/auth/login logger=org.hibernate.SQL msg="
    update
        users 
    set
        email=?,
        first_name=?,
        last_login_at=?,
        last_name=?,
        password=?,
        role=?,
        status=?,
        tenant_id=?,
        updated_at=?,
        version=? 
    where
        id=? 
        and version=?"
2026-05-21T01:43:14.840+03:00 level=INFO  app=workhub corr=91707e8b-f999-4e21-b56b-09980beeb620 method=POST path=/api/auth/login logger=c.workhub.controller.AuthController msg="Login successful for user: admin@demo.com (tenant: 1)"
2026-05-21T01:43:14.842+03:00 level=INFO  app=workhub corr=91707e8b-f999-4e21-b56b-09980beeb620 method=POST path=/api/auth/login logger=c.w.security.RequestTracingFilter msg="request-end status=200 durationMs=136"
2026-05-21T01:43:14.862+03:00 level=DEBUG app=workhub corr=na method=na path=na logger=org.hibernate.SQL msg="
    insert 
    into
        jobs
        (correlation_id, created_at, error_message, project_id, status, tenant_id, updated_at, id) 
    values
        (?, ?, ?, ?, ?, ?, ?, default)"
2026-05-21T01:43:14.926+03:00 level=WARN  app=workhub corr=na method=na path=na logger=c.r.c.impl.ForgivingExceptionHandler msg="An unexpected connection driver error occurred (Exception message: Socket closed)"
2026-05-21T01:43:14.997+03:00 level=WARN  app=workhub corr=na method=na path=na logger=c.r.c.impl.ForgivingExceptionHandler msg="An unexpected connection driver error occurred (Exception message: Socket closed)"

MockHttpServletRequest:
      HTTP Method = POST
      Request URI = /api/auth/login
       Parameters = {}
          Headers = [Content-Type:"application/json;charset=UTF-8", Content-Length:"65"]
             Body = {
  "email": "phase2.admin@demo.com",
  "password": "admin123"
}

    Session Attrs = {}

Handler:
             Type = com.workhub.controller.AuthController
           Method = com.workhub.controller.AuthController#login(LoginRequest)

Async:
    Async started = false
     Async result = null

Resolved Exception:
             Type = null

ModelAndView:
        View name = null
             View = null
            Model = null

FlashMap:
       Attributes = null

MockHttpServletResponse:
           Status = 200
    Error message = null
          Headers = [X-Correlation-Id:"f9d08080-e16b-4967-a144-1c12a17a3b3d", Content-Type:"application/json", X-Content-Type-Options:"nosniff", X-XSS-Protection:"0", Cache-Control:"no-cache, no-store, max-age=0, must-revalidate", Pragma:"no-cache", Expires:"0", X-Frame-Options:"DENY"]
     Content type = application/json
             Body = {"token":"eyJhbGciOiJIUzI1NiJ9.eyJyb2xlIjoiVEVOQU5UX0FETUlOIiwidGVuYW50SWQiOjIsInVzZXJJZCI6Mywic3ViIjoicGhhc2UyLmFkbWluQGRlbW8uY29tIiwiaWF0IjoxNzc5MzE2OTk0LCJleHAiOjE3Nzk0MDMzOTR9.YKLTQmR1TOoTP0B4kTA7VOjc9ig-AzGWyqK_S4JIMaA","type":"Bearer","userId":3,"email":"phase2.admin@demo.com","tenantId":2,"role":"TENANT_ADMIN","expiresIn":86400000}
    Forwarded URL = null
   Redirected URL = null
          Cookies = []

MockHttpServletRequest:
      HTTP Method = POST
      Request URI = /api/auth/login
       Parameters = {}
          Headers = [Content-Type:"application/json;charset=UTF-8", Content-Length:"63"]
             Body = {
  "email": "phase2.user@demo.com",
  "password": "user123"
}

    Session Attrs = {}

Handler:
             Type = com.workhub.controller.AuthController
           Method = com.workhub.controller.AuthController#login(LoginRequest)

Async:
    Async started = false
     Async result = null

Resolved Exception:
             Type = null

ModelAndView:
        View name = null
             View = null
            Model = null

FlashMap:
       Attributes = null

MockHttpServletResponse:
           Status = 200
    Error message = null
          Headers = [X-Correlation-Id:"ae96a0b1-3288-4c0f-a1c2-38c4b7676660", Content-Type:"application/json", X-Content-Type-Options:"nosniff", X-XSS-Protection:"0", Cache-Control:"no-cache, no-store, max-age=0, must-revalidate", Pragma:"no-cache", Expires:"0", X-Frame-Options:"DENY"]
     Content type = application/json
             Body = {"token":"eyJhbGciOiJIUzI1NiJ9.eyJyb2xlIjoiVEVOQU5UX1VTRVIiLCJ0ZW5hbnRJZCI6MiwidXNlcklkIjo0LCJzdWIiOiJwaGFzZTIudXNlckBkZW1vLmNvbSIsImlhdCI6MTc3OTMxNjk5NCwiZXhwIjoxNzc5NDAzMzk0fQ.KeQeB7onxz9B-xoJuGnDarscZqsIqc6QLaV484v0g1o","type":"Bearer","userId":4,"email":"phase2.user@demo.com","tenantId":2,"role":"TENANT_USER","expiresIn":86400000}
    Forwarded URL = null
   Redirected URL = null
          Cookies = []

MockHttpServletRequest:
      HTTP Method = POST
      Request URI = /api/auth/login
       Parameters = {}
          Headers = [Content-Type:"application/json;charset=UTF-8", Content-Length:"58"]
             Body = {
  "email": "admin@demo.com",
  "password": "admin123"
}

    Session Attrs = {}

Handler:
             Type = com.workhub.controller.AuthController
           Method = com.workhub.controller.AuthController#login(LoginRequest)

Async:
    Async started = false
     Async result = null

Resolved Exception:
             Type = null

ModelAndView:
        View name = null
             View = null
            Model = null

FlashMap:
       Attributes = null

MockHttpServletResponse:
           Status = 200
    Error message = null
          Headers = [X-Correlation-Id:"91707e8b-f999-4e21-b56b-09980beeb620", Content-Type:"application/json", X-Content-Type-Options:"nosniff", X-XSS-Protection:"0", Cache-Control:"no-cache, no-store, max-age=0, must-revalidate", Pragma:"no-cache", Expires:"0", X-Frame-Options:"DENY"]
     Content type = application/json
             Body = {"token":"eyJhbGciOiJIUzI1NiJ9.eyJyb2xlIjoiVEVOQU5UX0FETUlOIiwidGVuYW50SWQiOjEsInVzZXJJZCI6MSwic3ViIjoiYWRtaW5AZGVtby5jb20iLCJpYXQiOjE3NzkzMTY5OTQsImV4cCI6MTc3OTQwMzM5NH0.O6J_Jp-mlx1HVElD11w3I0RzMSCSeJmq2PL-dZBlcKk","type":"Bearer","userId":1,"email":"admin@demo.com","tenantId":1,"role":"TENANT_ADMIN","expiresIn":86400000}
    Forwarded URL = null
   Redirected URL = null
          Cookies = []
2026-05-21T01:43:15.046+03:00 level=DEBUG app=workhub corr=na method=na path=na logger=org.hibernate.SQL msg="
    select
        pm1_0.id,
        pm1_0.attempt_count,
        pm1_0.correlation_id,
        pm1_0.event_id,
        pm1_0.first_received_at,
        pm1_0.job_id,
        pm1_0.last_error,
        pm1_0.processed_at,
        pm1_0.project_id,
        pm1_0.status,
        pm1_0.tenant_id,
        pm1_0.updated_at,
        pm1_0.version 
    from
        processed_messages pm1_0"
2026-05-21T01:43:15.049+03:00 level=DEBUG app=workhub corr=na method=na path=na logger=org.hibernate.SQL msg="
    select
        j1_0.id,
        j1_0.correlation_id,
        j1_0.created_at,
        j1_0.error_message,
        j1_0.project_id,
        j1_0.status,
        j1_0.tenant_id,
        j1_0.updated_at 
    from
        jobs j1_0"
2026-05-21T01:43:15.050+03:00 level=DEBUG app=workhub corr=na method=na path=na logger=org.hibernate.SQL msg="
    select
        p1_0.id,
        p1_0.created_at,
        p1_0.created_by_id,
        p1_0.description,
        p1_0.end_date,
        p1_0.name,
        p1_0.project_key,
        p1_0.start_date,
        p1_0.status,
        p1_0.tenant_id,
        p1_0.updated_at,
        p1_0.version 
    from
        projects p1_0 
    where
        p1_0.id=?"
2026-05-21T01:43:15.052+03:00 level=DEBUG app=workhub corr=na method=na path=na logger=org.hibernate.SQL msg="
    select
        t1_0.id,
        t1_0.created_at,
        t1_0.name,
        t1_0.plan,
        t1_0.status,
        t1_0.updated_at,
        t1_0.version 
    from
        tenants t1_0 
    where
        t1_0.id=?"
2026-05-21T01:43:15.062+03:00 level=DEBUG app=workhub corr=na method=na path=na logger=org.hibernate.SQL msg="
    delete 
    from
        jobs 
    where
        id=?"
2026-05-21T01:43:15.065+03:00 level=DEBUG app=workhub corr=na method=na path=na logger=org.hibernate.SQL msg="
    select
        t1_0.id,
        t1_0.created_at,
        t1_0.name,
        t1_0.plan,
        t1_0.status,
        t1_0.updated_at,
        t1_0.version 
    from
        tenants t1_0 
    where
        t1_0.id=?"
2026-05-21T01:43:15.069+03:00 level=DEBUG app=workhub corr=na method=na path=na logger=org.hibernate.SQL msg="
    select
        u1_0.id,
        u1_0.created_at,
        u1_0.email,
        u1_0.first_name,
        u1_0.last_login_at,
        u1_0.last_name,
        u1_0.password,
        u1_0.role,
        u1_0.status,
        u1_0.tenant_id,
        u1_0.updated_at,
        u1_0.version 
    from
        users u1_0 
    where
        u1_0.email=?"
2026-05-21T01:43:15.072+03:00 level=DEBUG app=workhub corr=na method=na path=na logger=org.hibernate.SQL msg="
    select
        p1_0.id,
        p1_0.created_at,
        p1_0.created_by_id,
        p1_0.description,
        p1_0.end_date,
        p1_0.name,
        p1_0.project_key,
        p1_0.start_date,
        p1_0.status,
        p1_0.tenant_id,
        p1_0.updated_at,
        p1_0.version 
    from
        projects p1_0 
    where
        p1_0.tenant_id=? 
        and p1_0.project_key=?"
2026-05-21T01:43:15.077+03:00 level=DEBUG app=workhub corr=na method=na path=na logger=org.hibernate.SQL msg="
    select
        t1_0.id,
        t1_0.actual_hours,
        t1_0.assigned_to_id,
        t1_0.completed_at,
        t1_0.created_at,
        t1_0.description,
        t1_0.due_date,
        t1_0.estimated_hours,
        t1_0.priority,
        t1_0.project_id,
        t1_0.status,
        t1_0.tenant_id,
        t1_0.title,
        t1_0.updated_at,
        t1_0.version 
    from
        tasks t1_0 
    where
        t1_0.tenant_id=? 
        and lower(t1_0.title) like lower(('%'||?||'%')) escape ''"
2026-05-21T01:43:15.081+03:00 level=DEBUG app=workhub corr=na method=na path=na logger=org.hibernate.SQL msg="
    select
        t1_0.id,
        t1_0.created_at,
        t1_0.name,
        t1_0.plan,
        t1_0.status,
        t1_0.updated_at,
        t1_0.version 
    from
        tenants t1_0 
    where
        upper(t1_0.name)=upper(?)"
2026-05-21T01:43:15.083+03:00 level=DEBUG app=workhub corr=na method=na path=na logger=org.hibernate.SQL msg="
    select
        u1_0.id,
        u1_0.created_at,
        u1_0.email,
        u1_0.first_name,
        u1_0.last_login_at,
        u1_0.last_name,
        u1_0.password,
        u1_0.role,
        u1_0.status,
        u1_0.tenant_id,
        u1_0.updated_at,
        u1_0.version 
    from
        users u1_0 
    where
        u1_0.email=?"
2026-05-21T01:43:15.087+03:00 level=DEBUG app=workhub corr=na method=na path=na logger=org.hibernate.SQL msg="
    select
        u1_0.id,
        u1_0.created_at,
        u1_0.email,
        u1_0.first_name,
        u1_0.last_login_at,
        u1_0.last_name,
        u1_0.password,
        u1_0.role,
        u1_0.status,
        u1_0.tenant_id,
        u1_0.updated_at,
        u1_0.version 
    from
        users u1_0 
    where
        u1_0.email=?"
2026-05-21T01:43:15.090+03:00 level=DEBUG app=workhub corr=na method=na path=na logger=org.hibernate.SQL msg="
    select
        p1_0.id,
        p1_0.created_at,
        p1_0.created_by_id,
        p1_0.description,
        p1_0.end_date,
        p1_0.name,
        p1_0.project_key,
        p1_0.start_date,
        p1_0.status,
        p1_0.tenant_id,
        p1_0.updated_at,
        p1_0.version 
    from
        projects p1_0 
    where
        p1_0.tenant_id=? 
        and p1_0.project_key=?"
2026-05-21T01:43:15.092+03:00 level=INFO  app=workhub corr=5128d7eb-51aa-482c-9e81-caa5ec951178 method=POST path=/api/auth/login logger=c.w.security.RequestTracingFilter msg="request-start"
2026-05-21T01:43:15.092+03:00 level=DEBUG app=workhub corr=5128d7eb-51aa-482c-9e81-caa5ec951178 method=POST path=/api/auth/login logger=o.s.security.web.FilterChainProxy msg="Securing POST /api/auth/login"
2026-05-21T01:43:15.093+03:00 level=DEBUG app=workhub corr=5128d7eb-51aa-482c-9e81-caa5ec951178 method=POST path=/api/auth/login logger=o.s.s.w.a.AnonymousAuthenticationFilter msg="Set SecurityContextHolder to anonymous SecurityContext"
2026-05-21T01:43:15.094+03:00 level=DEBUG app=workhub corr=5128d7eb-51aa-482c-9e81-caa5ec951178 method=POST path=/api/auth/login logger=o.s.security.web.FilterChainProxy msg="Secured POST /api/auth/login"
2026-05-21T01:43:15.096+03:00 level=INFO  app=workhub corr=5128d7eb-51aa-482c-9e81-caa5ec951178 method=POST path=/api/auth/login logger=c.workhub.controller.AuthController msg="Login attempt for email: phase2.admin@demo.com"
2026-05-21T01:43:15.099+03:00 level=DEBUG app=workhub corr=5128d7eb-51aa-482c-9e81-caa5ec951178 method=POST path=/api/auth/login logger=org.hibernate.SQL msg="
    select
        u1_0.id,
        u1_0.created_at,
        u1_0.email,
        u1_0.first_name,
        u1_0.last_login_at,
        u1_0.last_name,
        u1_0.password,
        u1_0.role,
        u1_0.status,
        u1_0.tenant_id,
        u1_0.updated_at,
        u1_0.version 
    from
        users u1_0 
    where
        u1_0.email=?"
2026-05-21T01:43:15.175+03:00 level=DEBUG app=workhub corr=5128d7eb-51aa-482c-9e81-caa5ec951178 method=POST path=/api/auth/login logger=o.s.s.a.d.DaoAuthenticationProvider msg="Authenticated user"
2026-05-21T01:43:15.177+03:00 level=DEBUG app=workhub corr=5128d7eb-51aa-482c-9e81-caa5ec951178 method=POST path=/api/auth/login logger=org.hibernate.SQL msg="
    select
        u1_0.id,
        u1_0.created_at,
        u1_0.email,
        u1_0.first_name,
        u1_0.last_login_at,
        u1_0.last_name,
        u1_0.password,
        u1_0.role,
        u1_0.status,
        u1_0.tenant_id,
        u1_0.updated_at,
        u1_0.version 
    from
        users u1_0 
    where
        u1_0.id=? 
        and u1_0.tenant_id=?"
2026-05-21T01:43:15.181+03:00 level=DEBUG app=workhub corr=5128d7eb-51aa-482c-9e81-caa5ec951178 method=POST path=/api/auth/login logger=org.hibernate.SQL msg="
    update
        users 
    set
        email=?,
        first_name=?,
        last_login_at=?,
        last_name=?,
        password=?,
        role=?,
        status=?,
        tenant_id=?,
        updated_at=?,
        version=? 
    where
        id=? 
        and version=?"
2026-05-21T01:43:15.183+03:00 level=INFO  app=workhub corr=5128d7eb-51aa-482c-9e81-caa5ec951178 method=POST path=/api/auth/login logger=c.workhub.controller.AuthController msg="Login successful for user: phase2.admin@demo.com (tenant: 2)"
2026-05-21T01:43:15.186+03:00 level=INFO  app=workhub corr=5128d7eb-51aa-482c-9e81-caa5ec951178 method=POST path=/api/auth/login logger=c.w.security.RequestTracingFilter msg="request-end status=200 durationMs=93"
2026-05-21T01:43:15.187+03:00 level=INFO  app=workhub corr=519e5c07-d627-4324-8ba3-7b4f0c8c324d method=POST path=/api/auth/login logger=c.w.security.RequestTracingFilter msg="request-start"
2026-05-21T01:43:15.187+03:00 level=DEBUG app=workhub corr=519e5c07-d627-4324-8ba3-7b4f0c8c324d method=POST path=/api/auth/login logger=o.s.security.web.FilterChainProxy msg="Securing POST /api/auth/login"
2026-05-21T01:43:15.188+03:00 level=DEBUG app=workhub corr=519e5c07-d627-4324-8ba3-7b4f0c8c324d method=POST path=/api/auth/login logger=o.s.s.w.a.AnonymousAuthenticationFilter msg="Set SecurityContextHolder to anonymous SecurityContext"
2026-05-21T01:43:15.188+03:00 level=DEBUG app=workhub corr=519e5c07-d627-4324-8ba3-7b4f0c8c324d method=POST path=/api/auth/login logger=o.s.security.web.FilterChainProxy msg="Secured POST /api/auth/login"
2026-05-21T01:43:15.189+03:00 level=INFO  app=workhub corr=519e5c07-d627-4324-8ba3-7b4f0c8c324d method=POST path=/api/auth/login logger=c.workhub.controller.AuthController msg="Login attempt for email: phase2.user@demo.com"
2026-05-21T01:43:15.192+03:00 level=DEBUG app=workhub corr=519e5c07-d627-4324-8ba3-7b4f0c8c324d method=POST path=/api/auth/login logger=org.hibernate.SQL msg="
    select
        u1_0.id,
        u1_0.created_at,
        u1_0.email,
        u1_0.first_name,
        u1_0.last_login_at,
        u1_0.last_name,
        u1_0.password,
        u1_0.role,
        u1_0.status,
        u1_0.tenant_id,
        u1_0.updated_at,
        u1_0.version 
    from
        users u1_0 
    where
        u1_0.email=?"
2026-05-21T01:43:15.262+03:00 level=DEBUG app=workhub corr=519e5c07-d627-4324-8ba3-7b4f0c8c324d method=POST path=/api/auth/login logger=o.s.s.a.d.DaoAuthenticationProvider msg="Authenticated user"
2026-05-21T01:43:15.263+03:00 level=DEBUG app=workhub corr=519e5c07-d627-4324-8ba3-7b4f0c8c324d method=POST path=/api/auth/login logger=org.hibernate.SQL msg="
    select
        u1_0.id,
        u1_0.created_at,
        u1_0.email,
        u1_0.first_name,
        u1_0.last_login_at,
        u1_0.last_name,
        u1_0.password,
        u1_0.role,
        u1_0.status,
        u1_0.tenant_id,
        u1_0.updated_at,
        u1_0.version 
    from
        users u1_0 
    where
        u1_0.id=? 
        and u1_0.tenant_id=?"
2026-05-21T01:43:15.265+03:00 level=DEBUG app=workhub corr=519e5c07-d627-4324-8ba3-7b4f0c8c324d method=POST path=/api/auth/login logger=org.hibernate.SQL msg="
    update
        users 
    set
        email=?,
        first_name=?,
        last_login_at=?,
        last_name=?,
        password=?,
        role=?,
        status=?,
        tenant_id=?,
        updated_at=?,
        version=? 
    where
        id=? 
        and version=?"
2026-05-21T01:43:15.269+03:00 level=INFO  app=workhub corr=519e5c07-d627-4324-8ba3-7b4f0c8c324d method=POST path=/api/auth/login logger=c.workhub.controller.AuthController msg="Login successful for user: phase2.user@demo.com (tenant: 2)"
2026-05-21T01:43:15.270+03:00 level=INFO  app=workhub corr=519e5c07-d627-4324-8ba3-7b4f0c8c324d method=POST path=/api/auth/login logger=c.w.security.RequestTracingFilter msg="request-end status=200 durationMs=83"
2026-05-21T01:43:15.272+03:00 level=INFO  app=workhub corr=70300bda-71db-4f61-952d-8ae4a39fdd1f method=POST path=/api/auth/login logger=c.w.security.RequestTracingFilter msg="request-start"
2026-05-21T01:43:15.272+03:00 level=DEBUG app=workhub corr=70300bda-71db-4f61-952d-8ae4a39fdd1f method=POST path=/api/auth/login logger=o.s.security.web.FilterChainProxy msg="Securing POST /api/auth/login"
2026-05-21T01:43:15.273+03:00 level=DEBUG app=workhub corr=70300bda-71db-4f61-952d-8ae4a39fdd1f method=POST path=/api/auth/login logger=o.s.s.w.a.AnonymousAuthenticationFilter msg="Set SecurityContextHolder to anonymous SecurityContext"
2026-05-21T01:43:15.273+03:00 level=DEBUG app=workhub corr=70300bda-71db-4f61-952d-8ae4a39fdd1f method=POST path=/api/auth/login logger=o.s.security.web.FilterChainProxy msg="Secured POST /api/auth/login"
2026-05-21T01:43:15.275+03:00 level=INFO  app=workhub corr=70300bda-71db-4f61-952d-8ae4a39fdd1f method=POST path=/api/auth/login logger=c.workhub.controller.AuthController msg="Login attempt for email: admin@demo.com"
2026-05-21T01:43:15.277+03:00 level=DEBUG app=workhub corr=70300bda-71db-4f61-952d-8ae4a39fdd1f method=POST path=/api/auth/login logger=org.hibernate.SQL msg="
    select
        u1_0.id,
        u1_0.created_at,
        u1_0.email,
        u1_0.first_name,
        u1_0.last_login_at,
        u1_0.last_name,
        u1_0.password,
        u1_0.role,
        u1_0.status,
        u1_0.tenant_id,
        u1_0.updated_at,
        u1_0.version 
    from
        users u1_0 
    where
        u1_0.email=?"
2026-05-21T01:43:15.344+03:00 level=DEBUG app=workhub corr=70300bda-71db-4f61-952d-8ae4a39fdd1f method=POST path=/api/auth/login logger=o.s.s.a.d.DaoAuthenticationProvider msg="Authenticated user"
2026-05-21T01:43:15.346+03:00 level=DEBUG app=workhub corr=70300bda-71db-4f61-952d-8ae4a39fdd1f method=POST path=/api/auth/login logger=org.hibernate.SQL msg="
    select
        u1_0.id,
        u1_0.created_at,
        u1_0.email,
        u1_0.first_name,
        u1_0.last_login_at,
        u1_0.last_name,
        u1_0.password,
        u1_0.role,
        u1_0.status,
        u1_0.tenant_id,
        u1_0.updated_at,
        u1_0.version 
    from
        users u1_0 
    where
        u1_0.id=? 
        and u1_0.tenant_id=?"
2026-05-21T01:43:15.348+03:00 level=DEBUG app=workhub corr=70300bda-71db-4f61-952d-8ae4a39fdd1f method=POST path=/api/auth/login logger=org.hibernate.SQL msg="
    update
        users 
    set
        email=?,
        first_name=?,
        last_login_at=?,
        last_name=?,
        password=?,
        role=?,
        status=?,
        tenant_id=?,
        updated_at=?,
        version=? 
    where
        id=? 
        and version=?"
2026-05-21T01:43:15.352+03:00 level=INFO  app=workhub corr=70300bda-71db-4f61-952d-8ae4a39fdd1f method=POST path=/api/auth/login logger=c.workhub.controller.AuthController msg="Login successful for user: admin@demo.com (tenant: 1)"
2026-05-21T01:43:15.354+03:00 level=INFO  app=workhub corr=70300bda-71db-4f61-952d-8ae4a39fdd1f method=POST path=/api/auth/login logger=c.w.security.RequestTracingFilter msg="request-end status=200 durationMs=82"
2026-05-21T01:43:15.356+03:00 level=INFO  app=workhub corr=9a6aab54-01c4-404c-9f31-6566c9e4c132 method=GET path=/api/projects/1 logger=c.w.security.RequestTracingFilter msg="request-start"
2026-05-21T01:43:15.358+03:00 level=DEBUG app=workhub corr=9a6aab54-01c4-404c-9f31-6566c9e4c132 method=GET path=/api/projects/1 logger=o.s.security.web.FilterChainProxy msg="Securing GET /api/projects/1"
2026-05-21T01:43:15.387+03:00 level=DEBUG app=workhub corr=9a6aab54-01c4-404c-9f31-6566c9e4c132 method=GET path=/api/projects/1 logger=org.hibernate.SQL msg="
    select
        u1_0.id,
        u1_0.created_at,
        u1_0.email,
        u1_0.first_name,
        u1_0.last_login_at,
        u1_0.last_name,
        u1_0.password,
        u1_0.role,
        u1_0.status,
        u1_0.tenant_id,
        u1_0.updated_at,
        u1_0.version 
    from
        users u1_0 
    where
        u1_0.email=?"
2026-05-21T01:43:15.397+03:00 level=DEBUG app=workhub corr=9a6aab54-01c4-404c-9f31-6566c9e4c132 method=GET path=/api/projects/1 logger=o.s.security.web.FilterChainProxy msg="Secured GET /api/projects/1"
2026-05-21T01:43:15.401+03:00 level=DEBUG app=workhub corr=9a6aab54-01c4-404c-9f31-6566c9e4c132 method=GET path=/api/projects/1 logger=o.s.s.a.m.AuthorizationManagerBeforeMethodInterceptor msg="Authorizing method invocation ReflectiveMethodInvocation: public org.springframework.http.ResponseEntity com.workhub.controller.ProjectController.getProjectById(java.lang.Long); target is of class [com.workhub.controller.ProjectController]"
2026-05-21T01:43:15.438+03:00 level=DEBUG app=workhub corr=9a6aab54-01c4-404c-9f31-6566c9e4c132 method=GET path=/api/projects/1 logger=o.s.s.a.m.AuthorizationManagerBeforeMethodInterceptor msg="Authorized method invocation ReflectiveMethodInvocation: public org.springframework.http.ResponseEntity com.workhub.controller.ProjectController.getProjectById(java.lang.Long); target is of class [com.workhub.controller.ProjectController]"
2026-05-21T01:43:15.452+03:00 level=DEBUG app=workhub corr=9a6aab54-01c4-404c-9f31-6566c9e4c132 method=GET path=/api/projects/1 logger=org.hibernate.SQL msg="
    select
        distinct p1_0.id,
        p1_0.created_at,
        p1_0.created_by_id,
        cb1_0.id,
        cb1_0.created_at,
        cb1_0.email,
        cb1_0.first_name,
        cb1_0.last_login_at,
        cb1_0.last_name,
        cb1_0.password,
        cb1_0.role,
        cb1_0.status,
        cb1_0.tenant_id,
        cb1_0.updated_at,
        cb1_0.version,
        p1_0.description,
        p1_0.end_date,
        p1_0.name,
        p1_0.project_key,
        p1_0.start_date,
        p1_0.status,
        t2_0.project_id,
        t2_0.id,
        t2_0.actual_hours,
        t2_0.assigned_to_id,
        t2_0.completed_at,
        t2_0.created_at,
        t2_0.description,
        t2_0.due_date,
        t2_0.estimated_hours,
        t2_0.priority,
        t2_0.status,
        t2_0.tenant_id,
        t2_0.title,
        t2_0.updated_at,
        t2_0.version,
        p1_0.tenant_id,
        t1_0.id,
        t1_0.created_at,
        t1_0.name,
        t1_0.plan,
        t1_0.status,
        t1_0.updated_at,
        t1_0.version,
        p1_0.updated_at,
        p1_0.version 
    from
        projects p1_0 
    join
        tenants t1_0 
            on t1_0.id=p1_0.tenant_id 
    join
        users cb1_0 
            on cb1_0.id=p1_0.created_by_id 
    left join
        tasks t2_0 
            on p1_0.id=t2_0.project_id 
    where
        p1_0.id=? 
        and p1_0.tenant_id=?"
2026-05-21T01:43:15.473+03:00 level=INFO  app=workhub corr=9a6aab54-01c4-404c-9f31-6566c9e4c132 method=GET path=/api/projects/1 logger=c.w.security.RequestTracingFilter msg="request-end status=404 durationMs=116"
2026-05-21T01:43:15.525+03:00 level=DEBUG app=workhub corr=na method=na path=na logger=org.hibernate.SQL msg="
    select
        pm1_0.id,
        pm1_0.attempt_count,
        pm1_0.correlation_id,
        pm1_0.event_id,
        pm1_0.first_received_at,
        pm1_0.job_id,
        pm1_0.last_error,
        pm1_0.processed_at,
        pm1_0.project_id,
        pm1_0.status,
        pm1_0.tenant_id,
        pm1_0.updated_at,
        pm1_0.version 
    from
        processed_messages pm1_0"
2026-05-21T01:43:15.527+03:00 level=DEBUG app=workhub corr=na method=na path=na logger=org.hibernate.SQL msg="
    select
        j1_0.id,
        j1_0.correlation_id,
        j1_0.created_at,
        j1_0.error_message,
        j1_0.project_id,
        j1_0.status,
        j1_0.tenant_id,
        j1_0.updated_at 
    from
        jobs j1_0"
2026-05-21T01:43:15.528+03:00 level=DEBUG app=workhub corr=na method=na path=na logger=org.hibernate.SQL msg="
    select
        t1_0.id,
        t1_0.created_at,
        t1_0.name,
        t1_0.plan,
        t1_0.status,
        t1_0.updated_at,
        t1_0.version 
    from
        tenants t1_0 
    where
        t1_0.id=?"
2026-05-21T01:43:15.530+03:00 level=DEBUG app=workhub corr=na method=na path=na logger=org.hibernate.SQL msg="
    select
        u1_0.id,
        u1_0.created_at,
        u1_0.email,
        u1_0.first_name,
        u1_0.last_login_at,
        u1_0.last_name,
        u1_0.password,
        u1_0.role,
        u1_0.status,
        u1_0.tenant_id,
        u1_0.updated_at,
        u1_0.version 
    from
        users u1_0 
    where
        u1_0.email=?"
2026-05-21T01:43:15.533+03:00 level=DEBUG app=workhub corr=na method=na path=na logger=org.hibernate.SQL msg="
    select
        p1_0.id,
        p1_0.created_at,
        p1_0.created_by_id,
        p1_0.description,
        p1_0.end_date,
        p1_0.name,
        p1_0.project_key,
        p1_0.start_date,
        p1_0.status,
        p1_0.tenant_id,
        p1_0.updated_at,
        p1_0.version 
    from
        projects p1_0 
    where
        p1_0.tenant_id=? 
        and p1_0.project_key=?"
2026-05-21T01:43:15.536+03:00 level=DEBUG app=workhub corr=na method=na path=na logger=org.hibernate.SQL msg="
    select
        t1_0.id,
        t1_0.actual_hours,
        t1_0.assigned_to_id,
        t1_0.completed_at,
        t1_0.created_at,
        t1_0.description,
        t1_0.due_date,
        t1_0.estimated_hours,
        t1_0.priority,
        t1_0.project_id,
        t1_0.status,
        t1_0.tenant_id,
        t1_0.title,
        t1_0.updated_at,
        t1_0.version 
    from
        tasks t1_0 
    where
        t1_0.tenant_id=? 
        and lower(t1_0.title) like lower(('%'||?||'%')) escape ''"
2026-05-21T01:43:15.539+03:00 level=DEBUG app=workhub corr=na method=na path=na logger=org.hibernate.SQL msg="
    select
        t1_0.id,
        t1_0.created_at,
        t1_0.name,
        t1_0.plan,
        t1_0.status,
        t1_0.updated_at,
        t1_0.version 
    from
        tenants t1_0 
    where
        upper(t1_0.name)=upper(?)"
2026-05-21T01:43:15.542+03:00 level=DEBUG app=workhub corr=na method=na path=na logger=org.hibernate.SQL msg="
    select
        u1_0.id,
        u1_0.created_at,
        u1_0.email,
        u1_0.first_name,
        u1_0.last_login_at,
        u1_0.last_name,
        u1_0.password,
        u1_0.role,
        u1_0.status,
        u1_0.tenant_id,
        u1_0.updated_at,
        u1_0.version 
    from
        users u1_0 
    where
        u1_0.email=?"
2026-05-21T01:43:15.544+03:00 level=DEBUG app=workhub corr=na method=na path=na logger=org.hibernate.SQL msg="
    select
        u1_0.id,
        u1_0.created_at,
        u1_0.email,
        u1_0.first_name,
        u1_0.last_login_at,
        u1_0.last_name,
        u1_0.password,
        u1_0.role,
        u1_0.status,
        u1_0.tenant_id,
        u1_0.updated_at,
        u1_0.version 
    from
        users u1_0 
    where
        u1_0.email=?"
2026-05-21T01:43:15.548+03:00 level=DEBUG app=workhub corr=na method=na path=na logger=org.hibernate.SQL msg="
    select
        p1_0.id,
        p1_0.created_at,
        p1_0.created_by_id,
        p1_0.description,
        p1_0.end_date,
        p1_0.name,
        p1_0.project_key,
        p1_0.start_date,
        p1_0.status,
        p1_0.tenant_id,
        p1_0.updated_at,
        p1_0.version 
    from
        projects p1_0 
    where
        p1_0.tenant_id=? 
        and p1_0.project_key=?"
2026-05-21T01:43:15.550+03:00 level=INFO  app=workhub corr=a4804f2c-45e0-4763-93a7-5c3526a5e45c method=POST path=/api/auth/login logger=c.w.security.RequestTracingFilter msg="request-start"
2026-05-21T01:43:15.550+03:00 level=DEBUG app=workhub corr=a4804f2c-45e0-4763-93a7-5c3526a5e45c method=POST path=/api/auth/login logger=o.s.security.web.FilterChainProxy msg="Securing POST /api/auth/login"
2026-05-21T01:43:15.551+03:00 level=DEBUG app=workhub corr=a4804f2c-45e0-4763-93a7-5c3526a5e45c method=POST path=/api/auth/login logger=o.s.s.w.a.AnonymousAuthenticationFilter msg="Set SecurityContextHolder to anonymous SecurityContext"
2026-05-21T01:43:15.552+03:00 level=DEBUG app=workhub corr=a4804f2c-45e0-4763-93a7-5c3526a5e45c method=POST path=/api/auth/login logger=o.s.security.web.FilterChainProxy msg="Secured POST /api/auth/login"
2026-05-21T01:43:15.554+03:00 level=INFO  app=workhub corr=a4804f2c-45e0-4763-93a7-5c3526a5e45c method=POST path=/api/auth/login logger=c.workhub.controller.AuthController msg="Login attempt for email: phase2.admin@demo.com"
2026-05-21T01:43:15.555+03:00 level=DEBUG app=workhub corr=a4804f2c-45e0-4763-93a7-5c3526a5e45c method=POST path=/api/auth/login logger=org.hibernate.SQL msg="
    select
        u1_0.id,
        u1_0.created_at,
        u1_0.email,
        u1_0.first_name,
        u1_0.last_login_at,
        u1_0.last_name,
        u1_0.password,
        u1_0.role,
        u1_0.status,
        u1_0.tenant_id,
        u1_0.updated_at,
        u1_0.version 
    from
        users u1_0 
    where
        u1_0.email=?"
2026-05-21T01:43:15.626+03:00 level=DEBUG app=workhub corr=a4804f2c-45e0-4763-93a7-5c3526a5e45c method=POST path=/api/auth/login logger=o.s.s.a.d.DaoAuthenticationProvider msg="Authenticated user"
2026-05-21T01:43:15.628+03:00 level=DEBUG app=workhub corr=a4804f2c-45e0-4763-93a7-5c3526a5e45c method=POST path=/api/auth/login logger=org.hibernate.SQL msg="
    select
        u1_0.id,
        u1_0.created_at,
        u1_0.email,
        u1_0.first_name,
        u1_0.last_login_at,
        u1_0.last_name,
        u1_0.password,
        u1_0.role,
        u1_0.status,
        u1_0.tenant_id,
        u1_0.updated_at,
        u1_0.version 
    from
        users u1_0 
    where
        u1_0.id=? 
        and u1_0.tenant_id=?"
2026-05-21T01:43:15.631+03:00 level=DEBUG app=workhub corr=a4804f2c-45e0-4763-93a7-5c3526a5e45c method=POST path=/api/auth/login logger=org.hibernate.SQL msg="
    update
        users 
    set
        email=?,
        first_name=?,
        last_login_at=?,
        last_name=?,
        password=?,
        role=?,
        status=?,
        tenant_id=?,
        updated_at=?,
        version=? 
    where
        id=? 
        and version=?"
2026-05-21T01:43:15.632+03:00 level=INFO  app=workhub corr=a4804f2c-45e0-4763-93a7-5c3526a5e45c method=POST path=/api/auth/login logger=c.workhub.controller.AuthController msg="Login successful for user: phase2.admin@demo.com (tenant: 2)"
2026-05-21T01:43:15.634+03:00 level=INFO  app=workhub corr=a4804f2c-45e0-4763-93a7-5c3526a5e45c method=POST path=/api/auth/login logger=c.w.security.RequestTracingFilter msg="request-end status=200 durationMs=84"
2026-05-21T01:43:15.636+03:00 level=INFO  app=workhub corr=5fec20c6-e3d7-41e0-9204-61b1ce102372 method=POST path=/api/auth/login logger=c.w.security.RequestTracingFilter msg="request-start"
2026-05-21T01:43:15.636+03:00 level=DEBUG app=workhub corr=5fec20c6-e3d7-41e0-9204-61b1ce102372 method=POST path=/api/auth/login logger=o.s.security.web.FilterChainProxy msg="Securing POST /api/auth/login"
2026-05-21T01:43:15.637+03:00 level=DEBUG app=workhub corr=5fec20c6-e3d7-41e0-9204-61b1ce102372 method=POST path=/api/auth/login logger=o.s.s.w.a.AnonymousAuthenticationFilter msg="Set SecurityContextHolder to anonymous SecurityContext"
2026-05-21T01:43:15.637+03:00 level=DEBUG app=workhub corr=5fec20c6-e3d7-41e0-9204-61b1ce102372 method=POST path=/api/auth/login logger=o.s.security.web.FilterChainProxy msg="Secured POST /api/auth/login"
2026-05-21T01:43:15.638+03:00 level=INFO  app=workhub corr=5fec20c6-e3d7-41e0-9204-61b1ce102372 method=POST path=/api/auth/login logger=c.workhub.controller.AuthController msg="Login attempt for email: phase2.user@demo.com"
2026-05-21T01:43:15.640+03:00 level=DEBUG app=workhub corr=5fec20c6-e3d7-41e0-9204-61b1ce102372 method=POST path=/api/auth/login logger=org.hibernate.SQL msg="
    select
        u1_0.id,
        u1_0.created_at,
        u1_0.email,
        u1_0.first_name,
        u1_0.last_login_at,
        u1_0.last_name,
        u1_0.password,
        u1_0.role,
        u1_0.status,
        u1_0.tenant_id,
        u1_0.updated_at,
        u1_0.version 
    from
        users u1_0 
    where
        u1_0.email=?"
2026-05-21T01:43:15.716+03:00 level=DEBUG app=workhub corr=5fec20c6-e3d7-41e0-9204-61b1ce102372 method=POST path=/api/auth/login logger=o.s.s.a.d.DaoAuthenticationProvider msg="Authenticated user"
2026-05-21T01:43:15.719+03:00 level=DEBUG app=workhub corr=5fec20c6-e3d7-41e0-9204-61b1ce102372 method=POST path=/api/auth/login logger=org.hibernate.SQL msg="
    select
        u1_0.id,
        u1_0.created_at,
        u1_0.email,
        u1_0.first_name,
        u1_0.last_login_at,
        u1_0.last_name,
        u1_0.password,
        u1_0.role,
        u1_0.status,
        u1_0.tenant_id,
        u1_0.updated_at,
        u1_0.version 
    from
        users u1_0 
    where
        u1_0.id=? 
        and u1_0.tenant_id=?"
2026-05-21T01:43:15.730+03:00 level=DEBUG app=workhub corr=5fec20c6-e3d7-41e0-9204-61b1ce102372 method=POST path=/api/auth/login logger=org.hibernate.SQL msg="
    update
        users 
    set
        email=?,
        first_name=?,
        last_login_at=?,
        last_name=?,
        password=?,
        role=?,
        status=?,
        tenant_id=?,
        updated_at=?,
        version=? 
    where
        id=? 
        and version=?"
2026-05-21T01:43:15.738+03:00 level=INFO  app=workhub corr=5fec20c6-e3d7-41e0-9204-61b1ce102372 method=POST path=/api/auth/login logger=c.workhub.controller.AuthController msg="Login successful for user: phase2.user@demo.com (tenant: 2)"
2026-05-21T01:43:15.742+03:00 level=INFO  app=workhub corr=5fec20c6-e3d7-41e0-9204-61b1ce102372 method=POST path=/api/auth/login logger=c.w.security.RequestTracingFilter msg="request-end status=200 durationMs=105"
2026-05-21T01:43:15.744+03:00 level=INFO  app=workhub corr=91bcecaf-2251-4752-99f6-13291f692e58 method=POST path=/api/auth/login logger=c.w.security.RequestTracingFilter msg="request-start"
2026-05-21T01:43:15.745+03:00 level=DEBUG app=workhub corr=91bcecaf-2251-4752-99f6-13291f692e58 method=POST path=/api/auth/login logger=o.s.security.web.FilterChainProxy msg="Securing POST /api/auth/login"
2026-05-21T01:43:15.746+03:00 level=DEBUG app=workhub corr=91bcecaf-2251-4752-99f6-13291f692e58 method=POST path=/api/auth/login logger=o.s.s.w.a.AnonymousAuthenticationFilter msg="Set SecurityContextHolder to anonymous SecurityContext"
2026-05-21T01:43:15.748+03:00 level=DEBUG app=workhub corr=91bcecaf-2251-4752-99f6-13291f692e58 method=POST path=/api/auth/login logger=o.s.security.web.FilterChainProxy msg="Secured POST /api/auth/login"
2026-05-21T01:43:15.750+03:00 level=INFO  app=workhub corr=91bcecaf-2251-4752-99f6-13291f692e58 method=POST path=/api/auth/login logger=c.workhub.controller.AuthController msg="Login attempt for email: admin@demo.com"
2026-05-21T01:43:15.754+03:00 level=DEBUG app=workhub corr=91bcecaf-2251-4752-99f6-13291f692e58 method=POST path=/api/auth/login logger=org.hibernate.SQL msg="
    select
        u1_0.id,
        u1_0.created_at,
        u1_0.email,
        u1_0.first_name,
        u1_0.last_login_at,
        u1_0.last_name,
        u1_0.password,
        u1_0.role,
        u1_0.status,
        u1_0.tenant_id,
        u1_0.updated_at,
        u1_0.version 
    from
        users u1_0 
    where
        u1_0.email=?"
2026-05-21T01:43:15.843+03:00 level=DEBUG app=workhub corr=91bcecaf-2251-4752-99f6-13291f692e58 method=POST path=/api/auth/login logger=o.s.s.a.d.DaoAuthenticationProvider msg="Authenticated user"
2026-05-21T01:43:15.845+03:00 level=DEBUG app=workhub corr=91bcecaf-2251-4752-99f6-13291f692e58 method=POST path=/api/auth/login logger=org.hibernate.SQL msg="
    select
        u1_0.id,
        u1_0.created_at,
        u1_0.email,
        u1_0.first_name,
        u1_0.last_login_at,
        u1_0.last_name,
        u1_0.password,
        u1_0.role,
        u1_0.status,
        u1_0.tenant_id,
        u1_0.updated_at,
        u1_0.version 
    from
        users u1_0 
    where
        u1_0.id=? 
        and u1_0.tenant_id=?"
2026-05-21T01:43:15.847+03:00 level=DEBUG app=workhub corr=91bcecaf-2251-4752-99f6-13291f692e58 method=POST path=/api/auth/login logger=org.hibernate.SQL msg="
    update
        users 
    set
        email=?,
        first_name=?,
        last_login_at=?,
        last_name=?,
        password=?,
        role=?,
        status=?,
        tenant_id=?,
        updated_at=?,
        version=? 
    where
        id=? 
        and version=?"
2026-05-21T01:43:15.850+03:00 level=INFO  app=workhub corr=91bcecaf-2251-4752-99f6-13291f692e58 method=POST path=/api/auth/login logger=c.workhub.controller.AuthController msg="Login successful for user: admin@demo.com (tenant: 1)"
2026-05-21T01:43:15.852+03:00 level=INFO  app=workhub corr=91bcecaf-2251-4752-99f6-13291f692e58 method=POST path=/api/auth/login logger=c.w.security.RequestTracingFilter msg="request-end status=200 durationMs=107"
2026-05-21T01:43:15.854+03:00 level=INFO  app=workhub corr=61c84367-1fe2-4e0e-ab66-fdaa69de0245 method=POST path=/api/projects/1/generate-report logger=c.w.security.RequestTracingFilter msg="request-start"
2026-05-21T01:43:15.855+03:00 level=DEBUG app=workhub corr=61c84367-1fe2-4e0e-ab66-fdaa69de0245 method=POST path=/api/projects/1/generate-report logger=o.s.security.web.FilterChainProxy msg="Securing POST /api/projects/1/generate-report"
2026-05-21T01:43:15.862+03:00 level=DEBUG app=workhub corr=61c84367-1fe2-4e0e-ab66-fdaa69de0245 method=POST path=/api/projects/1/generate-report logger=org.hibernate.SQL msg="
    select
        u1_0.id,
        u1_0.created_at,
        u1_0.email,
        u1_0.first_name,
        u1_0.last_login_at,
        u1_0.last_name,
        u1_0.password,
        u1_0.role,
        u1_0.status,
        u1_0.tenant_id,
        u1_0.updated_at,
        u1_0.version 
    from
        users u1_0 
    where
        u1_0.email=?"
2026-05-21T01:43:15.869+03:00 level=DEBUG app=workhub corr=61c84367-1fe2-4e0e-ab66-fdaa69de0245 method=POST path=/api/projects/1/generate-report logger=o.s.security.web.FilterChainProxy msg="Secured POST /api/projects/1/generate-report"
2026-05-21T01:43:15.870+03:00 level=DEBUG app=workhub corr=61c84367-1fe2-4e0e-ab66-fdaa69de0245 method=POST path=/api/projects/1/generate-report logger=o.s.s.a.m.AuthorizationManagerBeforeMethodInterceptor msg="Authorizing method invocation ReflectiveMethodInvocation: public org.springframework.http.ResponseEntity com.workhub.controller.ProjectController.generateReport(java.lang.Long); target is of class [com.workhub.controller.ProjectController]"
2026-05-21T01:43:15.871+03:00 level=DEBUG app=workhub corr=61c84367-1fe2-4e0e-ab66-fdaa69de0245 method=POST path=/api/projects/1/generate-report logger=o.s.s.a.m.AuthorizationManagerBeforeMethodInterceptor msg="Authorized method invocation ReflectiveMethodInvocation: public org.springframework.http.ResponseEntity com.workhub.controller.ProjectController.generateReport(java.lang.Long); target is of class [com.workhub.controller.ProjectController]"
2026-05-21T01:43:15.884+03:00 level=DEBUG app=workhub corr=61c84367-1fe2-4e0e-ab66-fdaa69de0245 method=POST path=/api/projects/1/generate-report logger=org.hibernate.SQL msg="
    select
        case 
            when count(p1_0.id)>0 
                then true 
            else false 
    end 
from
    projects p1_0 
where
    p1_0.id=? 
    and p1_0.tenant_id=?"
2026-05-21T01:43:15.890+03:00 level=DEBUG app=workhub corr=61c84367-1fe2-4e0e-ab66-fdaa69de0245 method=POST path=/api/projects/1/generate-report logger=org.hibernate.SQL msg="
    insert 
    into
        jobs
        (correlation_id, created_at, error_message, project_id, status, tenant_id, updated_at, id) 
    values
        (?, ?, ?, ?, ?, ?, ?, default)"
2026-05-21T01:43:15.893+03:00 level=INFO  app=workhub corr=61c84367-1fe2-4e0e-ab66-fdaa69de0245 method=POST path=/api/projects/1/generate-report logger=c.w.s.i.ReportGenerationServiceImpl msg="Queued report generation jobId=2 tenantId=1 projectId=1 correlationId=61c84367-1fe2-4e0e-ab66-fdaa69de0245"
2026-05-21T01:43:15.908+03:00 level=WARN  app=workhub corr=na method=na path=na logger=c.r.c.impl.ForgivingExceptionHandler msg="An unexpected connection driver error occurred (Exception message: Socket closed)"
2026-05-21T01:43:15.973+03:00 level=ERROR app=workhub corr=61c84367-1fe2-4e0e-ab66-fdaa69de0245 method=POST path=/api/projects/1/generate-report logger=c.w.s.i.ReportGenerationProducerServiceImpl msg="Failed to publish ReportGenerationEvent eventId=e1437973-18aa-4d05-a9c3-f472dbbcf378 jobId=2 tenantId=1 reason=java.io.IOException"
2026-05-21T01:43:15.973+03:00 level=WARN  app=workhub corr=na method=na path=na logger=c.r.c.impl.ForgivingExceptionHandler msg="An unexpected connection driver error occurred (Exception message: Socket closed)"
2026-05-21T01:43:15.974+03:00 level=ERROR app=workhub corr=61c84367-1fe2-4e0e-ab66-fdaa69de0245 method=POST path=/api/projects/1/generate-report logger=c.w.s.i.ReportGenerationServiceImpl msg="Post-commit publish failed jobId=2 tenantId=1 correlationId=61c84367-1fe2-4e0e-ab66-fdaa69de0245 reason=Failed to publish report generation event"
2026-05-21T01:43:15.979+03:00 level=DEBUG app=workhub corr=61c84367-1fe2-4e0e-ab66-fdaa69de0245 method=POST path=/api/projects/1/generate-report logger=org.hibernate.SQL msg="
    select
        j1_0.id,
        j1_0.correlation_id,
        j1_0.created_at,
        j1_0.error_message,
        j1_0.project_id,
        j1_0.status,
        j1_0.tenant_id,
        j1_0.updated_at 
    from
        jobs j1_0 
    where
        j1_0.id=? 
        and j1_0.tenant_id=?"
2026-05-21T01:43:15.980+03:00 level=DEBUG app=workhub corr=61c84367-1fe2-4e0e-ab66-fdaa69de0245 method=POST path=/api/projects/1/generate-report logger=org.hibernate.SQL msg="
    select
        p1_0.id,
        p1_0.created_at,
        p1_0.created_by_id,
        p1_0.description,
        p1_0.end_date,
        p1_0.name,
        p1_0.project_key,
        p1_0.start_date,
        p1_0.status,
        p1_0.tenant_id,
        p1_0.updated_at,
        p1_0.version 
    from
        projects p1_0 
    where
        p1_0.id=?"
2026-05-21T01:43:15.982+03:00 level=DEBUG app=workhub corr=61c84367-1fe2-4e0e-ab66-fdaa69de0245 method=POST path=/api/projects/1/generate-report logger=org.hibernate.SQL msg="
    select
        t1_0.id,
        t1_0.created_at,
        t1_0.name,
        t1_0.plan,
        t1_0.status,
        t1_0.updated_at,
        t1_0.version 
    from
        tenants t1_0 
    where
        t1_0.id=?"
2026-05-21T01:43:15.985+03:00 level=INFO  app=workhub corr=61c84367-1fe2-4e0e-ab66-fdaa69de0245 method=POST path=/api/projects/1/generate-report logger=c.w.s.i.ReportGenerationServiceImpl msg="Marked job as FAILED after publish failure jobId=2 tenantId=1"
2026-05-21T01:43:15.987+03:00 level=DEBUG app=workhub corr=61c84367-1fe2-4e0e-ab66-fdaa69de0245 method=POST path=/api/projects/1/generate-report logger=org.hibernate.SQL msg="
    update
        jobs 
    set
        correlation_id=?,
        error_message=?,
        project_id=?,
        status=?,
        tenant_id=?,
        updated_at=? 
    where
        id=?"
2026-05-21T01:43:15.995+03:00 level=INFO  app=workhub corr=61c84367-1fe2-4e0e-ab66-fdaa69de0245 method=POST path=/api/projects/1/generate-report logger=c.w.security.RequestTracingFilter msg="request-end status=202 durationMs=140"
2026-05-21T01:43:16.125+03:00 level=DEBUG app=workhub corr=na method=na path=na logger=org.hibernate.SQL msg="
    select
        j1_0.id,
        j1_0.correlation_id,
        j1_0.created_at,
        j1_0.error_message,
        j1_0.project_id,
        j1_0.status,
        j1_0.tenant_id,
        j1_0.updated_at 
    from
        jobs j1_0 
    where
        j1_0.id=? 
        and j1_0.tenant_id=?"
2026-05-21T01:43:16.126+03:00 level=DEBUG app=workhub corr=na method=na path=na logger=org.hibernate.SQL msg="
    select
        p1_0.id,
        p1_0.created_at,
        p1_0.created_by_id,
        p1_0.description,
        p1_0.end_date,
        p1_0.name,
        p1_0.project_key,
        p1_0.start_date,
        p1_0.status,
        p1_0.tenant_id,
        p1_0.updated_at,
        p1_0.version 
    from
        projects p1_0 
    where
        p1_0.id=?"
2026-05-21T01:43:16.127+03:00 level=DEBUG app=workhub corr=na method=na path=na logger=org.hibernate.SQL msg="
    select
        t1_0.id,
        t1_0.created_at,
        t1_0.name,
        t1_0.plan,
        t1_0.status,
        t1_0.updated_at,
        t1_0.version 
    from
        tenants t1_0 
    where
        t1_0.id=?"
2026-05-21T01:43:16.298+03:00 level=DEBUG app=workhub corr=na method=na path=na logger=org.hibernate.SQL msg="
    select
        j1_0.id,
        j1_0.correlation_id,
        j1_0.created_at,
        j1_0.error_message,
        j1_0.project_id,
        j1_0.status,
        j1_0.tenant_id,
        j1_0.updated_at 
    from
        jobs j1_0 
    where
        j1_0.id=? 
        and j1_0.tenant_id=?"
2026-05-21T01:43:16.300+03:00 level=DEBUG app=workhub corr=na method=na path=na logger=org.hibernate.SQL msg="
    select
        p1_0.id,
        p1_0.created_at,
        p1_0.created_by_id,
        p1_0.description,
        p1_0.end_date,
        p1_0.name,
        p1_0.project_key,
        p1_0.start_date,
        p1_0.status,
        p1_0.tenant_id,
        p1_0.updated_at,
        p1_0.version 
    from
        projects p1_0 
    where
        p1_0.id=?"
2026-05-21T01:43:16.302+03:00 level=DEBUG app=workhub corr=na method=na path=na logger=org.hibernate.SQL msg="
    select
        t1_0.id,
        t1_0.created_at,
        t1_0.name,
        t1_0.plan,
        t1_0.status,
        t1_0.updated_at,
        t1_0.version 
    from
        tenants t1_0 
    where
        t1_0.id=?"
2026-05-21T01:43:16.418+03:00 level=DEBUG app=workhub corr=na method=na path=na logger=org.hibernate.SQL msg="
    select
        j1_0.id,
        j1_0.correlation_id,
        j1_0.created_at,
        j1_0.error_message,
        j1_0.project_id,
        j1_0.status,
        j1_0.tenant_id,
        j1_0.updated_at 
    from
        jobs j1_0 
    where
        j1_0.id=? 
        and j1_0.tenant_id=?"
2026-05-21T01:43:16.419+03:00 level=DEBUG app=workhub corr=na method=na path=na logger=org.hibernate.SQL msg="
    select
        p1_0.id,
        p1_0.created_at,
        p1_0.created_by_id,
        p1_0.description,
        p1_0.end_date,
        p1_0.name,
        p1_0.project_key,
        p1_0.start_date,
        p1_0.status,
        p1_0.tenant_id,
        p1_0.updated_at,
        p1_0.version 
    from
        projects p1_0 
    where
        p1_0.id=?"
2026-05-21T01:43:16.421+03:00 level=DEBUG app=workhub corr=na method=na path=na logger=org.hibernate.SQL msg="
    select
        t1_0.id,
        t1_0.created_at,
        t1_0.name,
        t1_0.plan,
        t1_0.status,
        t1_0.updated_at,
        t1_0.version 
    from
        tenants t1_0 
    where
        t1_0.id=?"
2026-05-21T01:43:16.527+03:00 level=DEBUG app=workhub corr=na method=na path=na logger=org.hibernate.SQL msg="
    select
        j1_0.id,
        j1_0.correlation_id,
        j1_0.created_at,
        j1_0.error_message,
        j1_0.project_id,
        j1_0.status,
        j1_0.tenant_id,
        j1_0.updated_at 
    from
        jobs j1_0 
    where
        j1_0.id=? 
        and j1_0.tenant_id=?"
2026-05-21T01:43:16.527+03:00 level=DEBUG app=workhub corr=na method=na path=na logger=org.hibernate.SQL msg="
    select
        p1_0.id,
        p1_0.created_at,
        p1_0.created_by_id,
        p1_0.description,
        p1_0.end_date,
        p1_0.name,
        p1_0.project_key,
        p1_0.start_date,
        p1_0.status,
        p1_0.tenant_id,
        p1_0.updated_at,
        p1_0.version 
    from
        projects p1_0 
    where
        p1_0.id=?"
2026-05-21T01:43:16.528+03:00 level=DEBUG app=workhub corr=na method=na path=na logger=org.hibernate.SQL msg="
    select
        t1_0.id,
        t1_0.created_at,
        t1_0.name,
        t1_0.plan,
        t1_0.status,
        t1_0.updated_at,
        t1_0.version 
    from
        tenants t1_0 
    where
        t1_0.id=?"
2026-05-21T01:43:16.635+03:00 level=DEBUG app=workhub corr=na method=na path=na logger=org.hibernate.SQL msg="
    select
        j1_0.id,
        j1_0.correlation_id,
        j1_0.created_at,
        j1_0.error_message,
        j1_0.project_id,
        j1_0.status,
        j1_0.tenant_id,
        j1_0.updated_at 
    from
        jobs j1_0 
    where
        j1_0.id=? 
        and j1_0.tenant_id=?"
2026-05-21T01:43:16.636+03:00 level=DEBUG app=workhub corr=na method=na path=na logger=org.hibernate.SQL msg="
    select
        p1_0.id,
        p1_0.created_at,
        p1_0.created_by_id,
        p1_0.description,
        p1_0.end_date,
        p1_0.name,
        p1_0.project_key,
        p1_0.start_date,
        p1_0.status,
        p1_0.tenant_id,
        p1_0.updated_at,
        p1_0.version 
    from
        projects p1_0 
    where
        p1_0.id=?"
2026-05-21T01:43:16.637+03:00 level=DEBUG app=workhub corr=na method=na path=na logger=org.hibernate.SQL msg="
    select
        t1_0.id,
        t1_0.created_at,
        t1_0.name,
        t1_0.plan,
        t1_0.status,
        t1_0.updated_at,
        t1_0.version 
    from
        tenants t1_0 
    where
        t1_0.id=?"
2026-05-21T01:43:16.742+03:00 level=DEBUG app=workhub corr=na method=na path=na logger=org.hibernate.SQL msg="
    select
        j1_0.id,
        j1_0.correlation_id,
        j1_0.created_at,
        j1_0.error_message,
        j1_0.project_id,
        j1_0.status,
        j1_0.tenant_id,
        j1_0.updated_at 
    from
        jobs j1_0 
    where
        j1_0.id=? 
        and j1_0.tenant_id=?"
2026-05-21T01:43:16.743+03:00 level=DEBUG app=workhub corr=na method=na path=na logger=org.hibernate.SQL msg="
    select
        p1_0.id,
        p1_0.created_at,
        p1_0.created_by_id,
        p1_0.description,
        p1_0.end_date,
        p1_0.name,
        p1_0.project_key,
        p1_0.start_date,
        p1_0.status,
        p1_0.tenant_id,
        p1_0.updated_at,
        p1_0.version 
    from
        projects p1_0 
    where
        p1_0.id=?"
2026-05-21T01:43:16.743+03:00 level=DEBUG app=workhub corr=na method=na path=na logger=org.hibernate.SQL msg="
    select
        t1_0.id,
        t1_0.created_at,
        t1_0.name,
        t1_0.plan,
        t1_0.status,
        t1_0.updated_at,
        t1_0.version 
    from
        tenants t1_0 
    where
        t1_0.id=?"
2026-05-21T01:43:16.855+03:00 level=DEBUG app=workhub corr=na method=na path=na logger=org.hibernate.SQL msg="
    select
        j1_0.id,
        j1_0.correlation_id,
        j1_0.created_at,
        j1_0.error_message,
        j1_0.project_id,
        j1_0.status,
        j1_0.tenant_id,
        j1_0.updated_at 
    from
        jobs j1_0 
    where
        j1_0.id=? 
        and j1_0.tenant_id=?"
2026-05-21T01:43:16.856+03:00 level=DEBUG app=workhub corr=na method=na path=na logger=org.hibernate.SQL msg="
    select
        p1_0.id,
        p1_0.created_at,
        p1_0.created_by_id,
        p1_0.description,
        p1_0.end_date,
        p1_0.name,
        p1_0.project_key,
        p1_0.start_date,
        p1_0.status,
        p1_0.tenant_id,
        p1_0.updated_at,
        p1_0.version 
    from
        projects p1_0 
    where
        p1_0.id=?"
2026-05-21T01:43:16.858+03:00 level=DEBUG app=workhub corr=na method=na path=na logger=org.hibernate.SQL msg="
    select
        t1_0.id,
        t1_0.created_at,
        t1_0.name,
        t1_0.plan,
        t1_0.status,
        t1_0.updated_at,
        t1_0.version 
    from
        tenants t1_0 
    where
        t1_0.id=?"
2026-05-21T01:43:16.963+03:00 level=DEBUG app=workhub corr=na method=na path=na logger=org.hibernate.SQL msg="
    select
        j1_0.id,
        j1_0.correlation_id,
        j1_0.created_at,
        j1_0.error_message,
        j1_0.project_id,
        j1_0.status,
        j1_0.tenant_id,
        j1_0.updated_at 
    from
        jobs j1_0 
    where
        j1_0.id=? 
        and j1_0.tenant_id=?"
2026-05-21T01:43:16.964+03:00 level=DEBUG app=workhub corr=na method=na path=na logger=org.hibernate.SQL msg="
    select
        p1_0.id,
        p1_0.created_at,
        p1_0.created_by_id,
        p1_0.description,
        p1_0.end_date,
        p1_0.name,
        p1_0.project_key,
        p1_0.start_date,
        p1_0.status,
        p1_0.tenant_id,
        p1_0.updated_at,
        p1_0.version 
    from
        projects p1_0 
    where
        p1_0.id=?"
2026-05-21T01:43:16.965+03:00 level=DEBUG app=workhub corr=na method=na path=na logger=org.hibernate.SQL msg="
    select
        t1_0.id,
        t1_0.created_at,
        t1_0.name,
        t1_0.plan,
        t1_0.status,
        t1_0.updated_at,
        t1_0.version 
    from
        tenants t1_0 
    where
        t1_0.id=?"
2026-05-21T01:43:17.070+03:00 level=DEBUG app=workhub corr=na method=na path=na logger=org.hibernate.SQL msg="
    select
        j1_0.id,
        j1_0.correlation_id,
        j1_0.created_at,
        j1_0.error_message,
        j1_0.project_id,
        j1_0.status,
        j1_0.tenant_id,
        j1_0.updated_at 
    from
        jobs j1_0 
    where
        j1_0.id=? 
        and j1_0.tenant_id=?"
2026-05-21T01:43:17.071+03:00 level=DEBUG app=workhub corr=na method=na path=na logger=org.hibernate.SQL msg="
    select
        p1_0.id,
        p1_0.created_at,
        p1_0.created_by_id,
        p1_0.description,
        p1_0.end_date,
        p1_0.name,
        p1_0.project_key,
        p1_0.start_date,
        p1_0.status,
        p1_0.tenant_id,
        p1_0.updated_at,
        p1_0.version 
    from
        projects p1_0 
    where
        p1_0.id=?"
2026-05-21T01:43:17.073+03:00 level=DEBUG app=workhub corr=na method=na path=na logger=org.hibernate.SQL msg="
    select
        t1_0.id,
        t1_0.created_at,
        t1_0.name,
        t1_0.plan,
        t1_0.status,
        t1_0.updated_at,
        t1_0.version 
    from
        tenants t1_0 
    where
        t1_0.id=?"
2026-05-21T01:43:17.181+03:00 level=DEBUG app=workhub corr=na method=na path=na logger=org.hibernate.SQL msg="
    select
        j1_0.id,
        j1_0.correlation_id,
        j1_0.created_at,
        j1_0.error_message,
        j1_0.project_id,
        j1_0.status,
        j1_0.tenant_id,
        j1_0.updated_at 
    from
        jobs j1_0 
    where
        j1_0.id=? 
        and j1_0.tenant_id=?"
2026-05-21T01:43:17.181+03:00 level=DEBUG app=workhub corr=na method=na path=na logger=org.hibernate.SQL msg="
    select
        p1_0.id,
        p1_0.created_at,
        p1_0.created_by_id,
        p1_0.description,
        p1_0.end_date,
        p1_0.name,
        p1_0.project_key,
        p1_0.start_date,
        p1_0.status,
        p1_0.tenant_id,
        p1_0.updated_at,
        p1_0.version 
    from
        projects p1_0 
    where
        p1_0.id=?"
2026-05-21T01:43:17.182+03:00 level=DEBUG app=workhub corr=na method=na path=na logger=org.hibernate.SQL msg="
    select
        t1_0.id,
        t1_0.created_at,
        t1_0.name,
        t1_0.plan,
        t1_0.status,
        t1_0.updated_at,
        t1_0.version 
    from
        tenants t1_0 
    where
        t1_0.id=?"
2026-05-21T01:43:17.288+03:00 level=DEBUG app=workhub corr=na method=na path=na logger=org.hibernate.SQL msg="
    select
        j1_0.id,
        j1_0.correlation_id,
        j1_0.created_at,
        j1_0.error_message,
        j1_0.project_id,
        j1_0.status,
        j1_0.tenant_id,
        j1_0.updated_at 
    from
        jobs j1_0 
    where
        j1_0.id=? 
        and j1_0.tenant_id=?"
2026-05-21T01:43:17.289+03:00 level=DEBUG app=workhub corr=na method=na path=na logger=org.hibernate.SQL msg="
    select
        p1_0.id,
        p1_0.created_at,
        p1_0.created_by_id,
        p1_0.description,
        p1_0.end_date,
        p1_0.name,
        p1_0.project_key,
        p1_0.start_date,
        p1_0.status,
        p1_0.tenant_id,
        p1_0.updated_at,
        p1_0.version 
    from
        projects p1_0 
    where
        p1_0.id=?"
2026-05-21T01:43:17.290+03:00 level=DEBUG app=workhub corr=na method=na path=na logger=org.hibernate.SQL msg="
    select
        t1_0.id,
        t1_0.created_at,
        t1_0.name,
        t1_0.plan,
        t1_0.status,
        t1_0.updated_at,
        t1_0.version 
    from
        tenants t1_0 
    where
        t1_0.id=?"
2026-05-21T01:43:17.397+03:00 level=DEBUG app=workhub corr=na method=na path=na logger=org.hibernate.SQL msg="
    select
        j1_0.id,
        j1_0.correlation_id,
        j1_0.created_at,
        j1_0.error_message,
        j1_0.project_id,
        j1_0.status,
        j1_0.tenant_id,
        j1_0.updated_at 
    from
        jobs j1_0 
    where
        j1_0.id=? 
        and j1_0.tenant_id=?"
2026-05-21T01:43:17.398+03:00 level=DEBUG app=workhub corr=na method=na path=na logger=org.hibernate.SQL msg="
    select
        p1_0.id,
        p1_0.created_at,
        p1_0.created_by_id,
        p1_0.description,
        p1_0.end_date,
        p1_0.name,
        p1_0.project_key,
        p1_0.start_date,
        p1_0.status,
        p1_0.tenant_id,
        p1_0.updated_at,
        p1_0.version 
    from
        projects p1_0 
    where
        p1_0.id=?"
2026-05-21T01:43:17.399+03:00 level=DEBUG app=workhub corr=na method=na path=na logger=org.hibernate.SQL msg="
    select
        t1_0.id,
        t1_0.created_at,
        t1_0.name,
        t1_0.plan,
        t1_0.status,
        t1_0.updated_at,
        t1_0.version 
    from
        tenants t1_0 
    where
        t1_0.id=?"
2026-05-21T01:43:17.506+03:00 level=DEBUG app=workhub corr=na method=na path=na logger=org.hibernate.SQL msg="
    select
        j1_0.id,
        j1_0.correlation_id,
        j1_0.created_at,
        j1_0.error_message,
        j1_0.project_id,
        j1_0.status,
        j1_0.tenant_id,
        j1_0.updated_at 
    from
        jobs j1_0 
    where
        j1_0.id=? 
        and j1_0.tenant_id=?"
2026-05-21T01:43:17.506+03:00 level=DEBUG app=workhub corr=na method=na path=na logger=org.hibernate.SQL msg="
    select
        p1_0.id,
        p1_0.created_at,
        p1_0.created_by_id,
        p1_0.description,
        p1_0.end_date,
        p1_0.name,
        p1_0.project_key,
        p1_0.start_date,
        p1_0.status,
        p1_0.tenant_id,
        p1_0.updated_at,
        p1_0.version 
    from
        projects p1_0 
    where
        p1_0.id=?"
2026-05-21T01:43:17.507+03:00 level=DEBUG app=workhub corr=na method=na path=na logger=org.hibernate.SQL msg="
    select
        t1_0.id,
        t1_0.created_at,
        t1_0.name,
        t1_0.plan,
        t1_0.status,
        t1_0.updated_at,
        t1_0.version 
    from
        tenants t1_0 
    where
        t1_0.id=?"
2026-05-21T01:43:17.615+03:00 level=DEBUG app=workhub corr=na method=na path=na logger=org.hibernate.SQL msg="
    select
        j1_0.id,
        j1_0.correlation_id,
        j1_0.created_at,
        j1_0.error_message,
        j1_0.project_id,
        j1_0.status,
        j1_0.tenant_id,
        j1_0.updated_at 
    from
        jobs j1_0 
    where
        j1_0.id=? 
        and j1_0.tenant_id=?"
2026-05-21T01:43:17.616+03:00 level=DEBUG app=workhub corr=na method=na path=na logger=org.hibernate.SQL msg="
    select
        p1_0.id,
        p1_0.created_at,
        p1_0.created_by_id,
        p1_0.description,
        p1_0.end_date,
        p1_0.name,
        p1_0.project_key,
        p1_0.start_date,
        p1_0.status,
        p1_0.tenant_id,
        p1_0.updated_at,
        p1_0.version 
    from
        projects p1_0 
    where
        p1_0.id=?"
2026-05-21T01:43:17.617+03:00 level=DEBUG app=workhub corr=na method=na path=na logger=org.hibernate.SQL msg="
    select
        t1_0.id,
        t1_0.created_at,
        t1_0.name,
        t1_0.plan,
        t1_0.status,
        t1_0.updated_at,
        t1_0.version 
    from
        tenants t1_0 
    where
        t1_0.id=?"
2026-05-21T01:43:17.721+03:00 level=DEBUG app=workhub corr=na method=na path=na logger=org.hibernate.SQL msg="
    select
        j1_0.id,
        j1_0.correlation_id,
        j1_0.created_at,
        j1_0.error_message,
        j1_0.project_id,
        j1_0.status,
        j1_0.tenant_id,
        j1_0.updated_at 
    from
        jobs j1_0 
    where
        j1_0.id=? 
        and j1_0.tenant_id=?"
2026-05-21T01:43:17.722+03:00 level=DEBUG app=workhub corr=na method=na path=na logger=org.hibernate.SQL msg="
    select
        p1_0.id,
        p1_0.created_at,
        p1_0.created_by_id,
        p1_0.description,
        p1_0.end_date,
        p1_0.name,
        p1_0.project_key,
        p1_0.start_date,
        p1_0.status,
        p1_0.tenant_id,
        p1_0.updated_at,
        p1_0.version 
    from
        projects p1_0 
    where
        p1_0.id=?"
2026-05-21T01:43:17.722+03:00 level=DEBUG app=workhub corr=na method=na path=na logger=org.hibernate.SQL msg="
    select
        t1_0.id,
        t1_0.created_at,
        t1_0.name,
        t1_0.plan,
        t1_0.status,
        t1_0.updated_at,
        t1_0.version 
    from
        tenants t1_0 
    where
        t1_0.id=?"
2026-05-21T01:43:17.830+03:00 level=DEBUG app=workhub corr=na method=na path=na logger=org.hibernate.SQL msg="
    select
        j1_0.id,
        j1_0.correlation_id,
        j1_0.created_at,
        j1_0.error_message,
        j1_0.project_id,
        j1_0.status,
        j1_0.tenant_id,
        j1_0.updated_at 
    from
        jobs j1_0 
    where
        j1_0.id=? 
        and j1_0.tenant_id=?"
2026-05-21T01:43:17.830+03:00 level=DEBUG app=workhub corr=na method=na path=na logger=org.hibernate.SQL msg="
    select
        p1_0.id,
        p1_0.created_at,
        p1_0.created_by_id,
        p1_0.description,
        p1_0.end_date,
        p1_0.name,
        p1_0.project_key,
        p1_0.start_date,
        p1_0.status,
        p1_0.tenant_id,
        p1_0.updated_at,
        p1_0.version 
    from
        projects p1_0 
    where
        p1_0.id=?"
2026-05-21T01:43:17.831+03:00 level=DEBUG app=workhub corr=na method=na path=na logger=org.hibernate.SQL msg="
    select
        t1_0.id,
        t1_0.created_at,
        t1_0.name,
        t1_0.plan,
        t1_0.status,
        t1_0.updated_at,
        t1_0.version 
    from
        tenants t1_0 
    where
        t1_0.id=?"
2026-05-21T01:43:17.931+03:00 level=WARN  app=workhub corr=na method=na path=na logger=c.r.c.impl.ForgivingExceptionHandler msg="An unexpected connection driver error occurred (Exception message: Socket closed)"
2026-05-21T01:43:17.937+03:00 level=DEBUG app=workhub corr=na method=na path=na logger=org.hibernate.SQL msg="
    select
        j1_0.id,
        j1_0.correlation_id,
        j1_0.created_at,
        j1_0.error_message,
        j1_0.project_id,
        j1_0.status,
        j1_0.tenant_id,
        j1_0.updated_at 
    from
        jobs j1_0 
    where
        j1_0.id=? 
        and j1_0.tenant_id=?"
2026-05-21T01:43:17.938+03:00 level=DEBUG app=workhub corr=na method=na path=na logger=org.hibernate.SQL msg="
    select
        p1_0.id,
        p1_0.created_at,
        p1_0.created_by_id,
        p1_0.description,
        p1_0.end_date,
        p1_0.name,
        p1_0.project_key,
        p1_0.start_date,
        p1_0.status,
        p1_0.tenant_id,
        p1_0.updated_at,
        p1_0.version 
    from
        projects p1_0 
    where
        p1_0.id=?"
2026-05-21T01:43:17.938+03:00 level=DEBUG app=workhub corr=na method=na path=na logger=org.hibernate.SQL msg="
    select
        t1_0.id,
        t1_0.created_at,
        t1_0.name,
        t1_0.plan,
        t1_0.status,
        t1_0.updated_at,
        t1_0.version 
    from
        tenants t1_0 
    where
        t1_0.id=?"
2026-05-21T01:43:17.986+03:00 level=ERROR app=workhub corr=na method=na path=na logger=o.s.a.r.l.SimpleMessageListenerContainer msg="Failed to check/redeclare auto-delete queue(s)."
2026-05-21T01:43:17.986+03:00 level=WARN  app=workhub corr=na method=na path=na logger=c.r.c.impl.ForgivingExceptionHandler msg="An unexpected connection driver error occurred (Exception message: Socket closed)"
2026-05-21T01:43:17.999+03:00 level=WARN  app=workhub corr=na method=na path=na logger=c.r.c.impl.ForgivingExceptionHandler msg="An unexpected connection driver error occurred (Exception message: Socket closed)"
2026-05-21T01:43:18.048+03:00 level=DEBUG app=workhub corr=na method=na path=na logger=org.hibernate.SQL msg="
    select
        j1_0.id,
        j1_0.correlation_id,
        j1_0.created_at,
        j1_0.error_message,
        j1_0.project_id,
        j1_0.status,
        j1_0.tenant_id,
        j1_0.updated_at 
    from
        jobs j1_0 
    where
        j1_0.id=? 
        and j1_0.tenant_id=?"
2026-05-21T01:43:18.049+03:00 level=DEBUG app=workhub corr=na method=na path=na logger=org.hibernate.SQL msg="
    select
        p1_0.id,
        p1_0.created_at,
        p1_0.created_by_id,
        p1_0.description,
        p1_0.end_date,
        p1_0.name,
        p1_0.project_key,
        p1_0.start_date,
        p1_0.status,
        p1_0.tenant_id,
        p1_0.updated_at,
        p1_0.version 
    from
        projects p1_0 
    where
        p1_0.id=?"
2026-05-21T01:43:18.049+03:00 level=DEBUG app=workhub corr=na method=na path=na logger=org.hibernate.SQL msg="
    select
        t1_0.id,
        t1_0.created_at,
        t1_0.name,
        t1_0.plan,
        t1_0.status,
        t1_0.updated_at,
        t1_0.version 
    from
        tenants t1_0 
    where
        t1_0.id=?"
2026-05-21T01:43:18.064+03:00 level=WARN  app=workhub corr=na method=na path=na logger=c.r.c.impl.ForgivingExceptionHandler msg="An unexpected connection driver error occurred (Exception message: Socket closed)"
2026-05-21T01:43:18.158+03:00 level=DEBUG app=workhub corr=na method=na path=na logger=org.hibernate.SQL msg="
    select
        j1_0.id,
        j1_0.correlation_id,
        j1_0.created_at,
        j1_0.error_message,
        j1_0.project_id,
        j1_0.status,
        j1_0.tenant_id,
        j1_0.updated_at 
    from
        jobs j1_0 
    where
        j1_0.id=? 
        and j1_0.tenant_id=?"
2026-05-21T01:43:18.158+03:00 level=DEBUG app=workhub corr=na method=na path=na logger=org.hibernate.SQL msg="
    select
        p1_0.id,
        p1_0.created_at,
        p1_0.created_by_id,
        p1_0.description,
        p1_0.end_date,
        p1_0.name,
        p1_0.project_key,
        p1_0.start_date,
        p1_0.status,
        p1_0.tenant_id,
        p1_0.updated_at,
        p1_0.version 
    from
        projects p1_0 
    where
        p1_0.id=?"
2026-05-21T01:43:18.159+03:00 level=DEBUG app=workhub corr=na method=na path=na logger=org.hibernate.SQL msg="
    select
        t1_0.id,
        t1_0.created_at,
        t1_0.name,
        t1_0.plan,
        t1_0.status,
        t1_0.updated_at,
        t1_0.version 
    from
        tenants t1_0 
    where
        t1_0.id=?"
2026-05-21T01:43:18.266+03:00 level=DEBUG app=workhub corr=na method=na path=na logger=org.hibernate.SQL msg="
    select
        j1_0.id,
        j1_0.correlation_id,
        j1_0.created_at,
        j1_0.error_message,
        j1_0.project_id,
        j1_0.status,
        j1_0.tenant_id,
        j1_0.updated_at 
    from
        jobs j1_0 
    where
        j1_0.id=? 
        and j1_0.tenant_id=?"
2026-05-21T01:43:18.267+03:00 level=DEBUG app=workhub corr=na method=na path=na logger=org.hibernate.SQL msg="
    select
        p1_0.id,
        p1_0.created_at,
        p1_0.created_by_id,
        p1_0.description,
        p1_0.end_date,
        p1_0.name,
        p1_0.project_key,
        p1_0.start_date,
        p1_0.status,
        p1_0.tenant_id,
        p1_0.updated_at,
        p1_0.version 
    from
        projects p1_0 
    where
        p1_0.id=?"
2026-05-21T01:43:18.268+03:00 level=DEBUG app=workhub corr=na method=na path=na logger=org.hibernate.SQL msg="
    select
        t1_0.id,
        t1_0.created_at,
        t1_0.name,
        t1_0.plan,
        t1_0.status,
        t1_0.updated_at,
        t1_0.version 
    from
        tenants t1_0 
    where
        t1_0.id=?"
2026-05-21T01:43:18.374+03:00 level=DEBUG app=workhub corr=na method=na path=na logger=org.hibernate.SQL msg="
    select
        j1_0.id,
        j1_0.correlation_id,
        j1_0.created_at,
        j1_0.error_message,
        j1_0.project_id,
        j1_0.status,
        j1_0.tenant_id,
        j1_0.updated_at 
    from
        jobs j1_0 
    where
        j1_0.id=? 
        and j1_0.tenant_id=?"
2026-05-21T01:43:18.375+03:00 level=DEBUG app=workhub corr=na method=na path=na logger=org.hibernate.SQL msg="
    select
        p1_0.id,
        p1_0.created_at,
        p1_0.created_by_id,
        p1_0.description,
        p1_0.end_date,
        p1_0.name,
        p1_0.project_key,
        p1_0.start_date,
        p1_0.status,
        p1_0.tenant_id,
        p1_0.updated_at,
        p1_0.version 
    from
        projects p1_0 
    where
        p1_0.id=?"
2026-05-21T01:43:18.375+03:00 level=DEBUG app=workhub corr=na method=na path=na logger=org.hibernate.SQL msg="
    select
        t1_0.id,
        t1_0.created_at,
        t1_0.name,
        t1_0.plan,
        t1_0.status,
        t1_0.updated_at,
        t1_0.version 
    from
        tenants t1_0 
    where
        t1_0.id=?"
2026-05-21T01:43:18.483+03:00 level=DEBUG app=workhub corr=na method=na path=na logger=org.hibernate.SQL msg="
    select
        j1_0.id,
        j1_0.correlation_id,
        j1_0.created_at,
        j1_0.error_message,
        j1_0.project_id,
        j1_0.status,
        j1_0.tenant_id,
        j1_0.updated_at 
    from
        jobs j1_0 
    where
        j1_0.id=? 
        and j1_0.tenant_id=?"
2026-05-21T01:43:18.484+03:00 level=DEBUG app=workhub corr=na method=na path=na logger=org.hibernate.SQL msg="
    select
        p1_0.id,
        p1_0.created_at,
        p1_0.created_by_id,
        p1_0.description,
        p1_0.end_date,
        p1_0.name,
        p1_0.project_key,
        p1_0.start_date,
        p1_0.status,
        p1_0.tenant_id,
        p1_0.updated_at,
        p1_0.version 
    from
        projects p1_0 
    where
        p1_0.id=?"
2026-05-21T01:43:18.485+03:00 level=DEBUG app=workhub corr=na method=na path=na logger=org.hibernate.SQL msg="
    select
        t1_0.id,
        t1_0.created_at,
        t1_0.name,
        t1_0.plan,
        t1_0.status,
        t1_0.updated_at,
        t1_0.version 
    from
        tenants t1_0 
    where
        t1_0.id=?"
2026-05-21T01:43:18.591+03:00 level=DEBUG app=workhub corr=na method=na path=na logger=org.hibernate.SQL msg="
    select
        j1_0.id,
        j1_0.correlation_id,
        j1_0.created_at,
        j1_0.error_message,
        j1_0.project_id,
        j1_0.status,
        j1_0.tenant_id,
        j1_0.updated_at 
    from
        jobs j1_0 
    where
        j1_0.id=? 
        and j1_0.tenant_id=?"
2026-05-21T01:43:18.592+03:00 level=DEBUG app=workhub corr=na method=na path=na logger=org.hibernate.SQL msg="
    select
        p1_0.id,
        p1_0.created_at,
        p1_0.created_by_id,
        p1_0.description,
        p1_0.end_date,
        p1_0.name,
        p1_0.project_key,
        p1_0.start_date,
        p1_0.status,
        p1_0.tenant_id,
        p1_0.updated_at,
        p1_0.version 
    from
        projects p1_0 
    where
        p1_0.id=?"
2026-05-21T01:43:18.592+03:00 level=DEBUG app=workhub corr=na method=na path=na logger=org.hibernate.SQL msg="
    select
        t1_0.id,
        t1_0.created_at,
        t1_0.name,
        t1_0.plan,
        t1_0.status,
        t1_0.updated_at,
        t1_0.version 
    from
        tenants t1_0 
    where
        t1_0.id=?"
2026-05-21T01:43:18.701+03:00 level=DEBUG app=workhub corr=na method=na path=na logger=org.hibernate.SQL msg="
    select
        j1_0.id,
        j1_0.correlation_id,
        j1_0.created_at,
        j1_0.error_message,
        j1_0.project_id,
        j1_0.status,
        j1_0.tenant_id,
        j1_0.updated_at 
    from
        jobs j1_0 
    where
        j1_0.id=? 
        and j1_0.tenant_id=?"
2026-05-21T01:43:18.702+03:00 level=DEBUG app=workhub corr=na method=na path=na logger=org.hibernate.SQL msg="
    select
        p1_0.id,
        p1_0.created_at,
        p1_0.created_by_id,
        p1_0.description,
        p1_0.end_date,
        p1_0.name,
        p1_0.project_key,
        p1_0.start_date,
        p1_0.status,
        p1_0.tenant_id,
        p1_0.updated_at,
        p1_0.version 
    from
        projects p1_0 
    where
        p1_0.id=?"
2026-05-21T01:43:18.702+03:00 level=DEBUG app=workhub corr=na method=na path=na logger=org.hibernate.SQL msg="
    select
        t1_0.id,
        t1_0.created_at,
        t1_0.name,
        t1_0.plan,
        t1_0.status,
        t1_0.updated_at,
        t1_0.version 
    from
        tenants t1_0 
    where
        t1_0.id=?"
2026-05-21T01:43:18.810+03:00 level=DEBUG app=workhub corr=na method=na path=na logger=org.hibernate.SQL msg="
    select
        j1_0.id,
        j1_0.correlation_id,
        j1_0.created_at,
        j1_0.error_message,
        j1_0.project_id,
        j1_0.status,
        j1_0.tenant_id,
        j1_0.updated_at 
    from
        jobs j1_0 
    where
        j1_0.id=? 
        and j1_0.tenant_id=?"
2026-05-21T01:43:18.811+03:00 level=DEBUG app=workhub corr=na method=na path=na logger=org.hibernate.SQL msg="
    select
        p1_0.id,
        p1_0.created_at,
        p1_0.created_by_id,
        p1_0.description,
        p1_0.end_date,
        p1_0.name,
        p1_0.project_key,
        p1_0.start_date,
        p1_0.status,
        p1_0.tenant_id,
        p1_0.updated_at,
        p1_0.version 
    from
        projects p1_0 
    where
        p1_0.id=?"
2026-05-21T01:43:18.812+03:00 level=DEBUG app=workhub corr=na method=na path=na logger=org.hibernate.SQL msg="
    select
        t1_0.id,
        t1_0.created_at,
        t1_0.name,
        t1_0.plan,
        t1_0.status,
        t1_0.updated_at,
        t1_0.version 
    from
        tenants t1_0 
    where
        t1_0.id=?"
2026-05-21T01:43:18.916+03:00 level=DEBUG app=workhub corr=na method=na path=na logger=org.hibernate.SQL msg="
    select
        j1_0.id,
        j1_0.correlation_id,
        j1_0.created_at,
        j1_0.error_message,
        j1_0.project_id,
        j1_0.status,
        j1_0.tenant_id,
        j1_0.updated_at 
    from
        jobs j1_0 
    where
        j1_0.id=? 
        and j1_0.tenant_id=?"
2026-05-21T01:43:18.917+03:00 level=DEBUG app=workhub corr=na method=na path=na logger=org.hibernate.SQL msg="
    select
        p1_0.id,
        p1_0.created_at,
        p1_0.created_by_id,
        p1_0.description,
        p1_0.end_date,
        p1_0.name,
        p1_0.project_key,
        p1_0.start_date,
        p1_0.status,
        p1_0.tenant_id,
        p1_0.updated_at,
        p1_0.version 
    from
        projects p1_0 
    where
        p1_0.id=?"
2026-05-21T01:43:18.918+03:00 level=DEBUG app=workhub corr=na method=na path=na logger=org.hibernate.SQL msg="
    select
        t1_0.id,
        t1_0.created_at,
        t1_0.name,
        t1_0.plan,
        t1_0.status,
        t1_0.updated_at,
        t1_0.version 
    from
        tenants t1_0 
    where
        t1_0.id=?"
2026-05-21T01:43:19.024+03:00 level=DEBUG app=workhub corr=na method=na path=na logger=org.hibernate.SQL msg="
    select
        j1_0.id,
        j1_0.correlation_id,
        j1_0.created_at,
        j1_0.error_message,
        j1_0.project_id,
        j1_0.status,
        j1_0.tenant_id,
        j1_0.updated_at 
    from
        jobs j1_0 
    where
        j1_0.id=? 
        and j1_0.tenant_id=?"
2026-05-21T01:43:19.024+03:00 level=DEBUG app=workhub corr=na method=na path=na logger=org.hibernate.SQL msg="
    select
        p1_0.id,
        p1_0.created_at,
        p1_0.created_by_id,
        p1_0.description,
        p1_0.end_date,
        p1_0.name,
        p1_0.project_key,
        p1_0.start_date,
        p1_0.status,
        p1_0.tenant_id,
        p1_0.updated_at,
        p1_0.version 
    from
        projects p1_0 
    where
        p1_0.id=?"
2026-05-21T01:43:19.025+03:00 level=DEBUG app=workhub corr=na method=na path=na logger=org.hibernate.SQL msg="
    select
        t1_0.id,
        t1_0.created_at,
        t1_0.name,
        t1_0.plan,
        t1_0.status,
        t1_0.updated_at,
        t1_0.version 
    from
        tenants t1_0 
    where
        t1_0.id=?"
2026-05-21T01:43:19.132+03:00 level=DEBUG app=workhub corr=na method=na path=na logger=org.hibernate.SQL msg="
    select
        j1_0.id,
        j1_0.correlation_id,
        j1_0.created_at,
        j1_0.error_message,
        j1_0.project_id,
        j1_0.status,
        j1_0.tenant_id,
        j1_0.updated_at 
    from
        jobs j1_0 
    where
        j1_0.id=? 
        and j1_0.tenant_id=?"
2026-05-21T01:43:19.133+03:00 level=DEBUG app=workhub corr=na method=na path=na logger=org.hibernate.SQL msg="
    select
        p1_0.id,
        p1_0.created_at,
        p1_0.created_by_id,
        p1_0.description,
        p1_0.end_date,
        p1_0.name,
        p1_0.project_key,
        p1_0.start_date,
        p1_0.status,
        p1_0.tenant_id,
        p1_0.updated_at,
        p1_0.version 
    from
        projects p1_0 
    where
        p1_0.id=?"
2026-05-21T01:43:19.133+03:00 level=DEBUG app=workhub corr=na method=na path=na logger=org.hibernate.SQL msg="
    select
        t1_0.id,
        t1_0.created_at,
        t1_0.name,
        t1_0.plan,
        t1_0.status,
        t1_0.updated_at,
        t1_0.version 
    from
        tenants t1_0 
    where
        t1_0.id=?"
2026-05-21T01:43:19.242+03:00 level=DEBUG app=workhub corr=na method=na path=na logger=org.hibernate.SQL msg="
    select
        j1_0.id,
        j1_0.correlation_id,
        j1_0.created_at,
        j1_0.error_message,
        j1_0.project_id,
        j1_0.status,
        j1_0.tenant_id,
        j1_0.updated_at 
    from
        jobs j1_0 
    where
        j1_0.id=? 
        and j1_0.tenant_id=?"
2026-05-21T01:43:19.243+03:00 level=DEBUG app=workhub corr=na method=na path=na logger=org.hibernate.SQL msg="
    select
        p1_0.id,
        p1_0.created_at,
        p1_0.created_by_id,
        p1_0.description,
        p1_0.end_date,
        p1_0.name,
        p1_0.project_key,
        p1_0.start_date,
        p1_0.status,
        p1_0.tenant_id,
        p1_0.updated_at,
        p1_0.version 
    from
        projects p1_0 
    where
        p1_0.id=?"
2026-05-21T01:43:19.243+03:00 level=DEBUG app=workhub corr=na method=na path=na logger=org.hibernate.SQL msg="
    select
        t1_0.id,
        t1_0.created_at,
        t1_0.name,
        t1_0.plan,
        t1_0.status,
        t1_0.updated_at,
        t1_0.version 
    from
        tenants t1_0 
    where
        t1_0.id=?"
2026-05-21T01:43:19.350+03:00 level=DEBUG app=workhub corr=na method=na path=na logger=org.hibernate.SQL msg="
    select
        j1_0.id,
        j1_0.correlation_id,
        j1_0.created_at,
        j1_0.error_message,
        j1_0.project_id,
        j1_0.status,
        j1_0.tenant_id,
        j1_0.updated_at 
    from
        jobs j1_0 
    where
        j1_0.id=? 
        and j1_0.tenant_id=?"
2026-05-21T01:43:19.350+03:00 level=DEBUG app=workhub corr=na method=na path=na logger=org.hibernate.SQL msg="
    select
        p1_0.id,
        p1_0.created_at,
        p1_0.created_by_id,
        p1_0.description,
        p1_0.end_date,
        p1_0.name,
        p1_0.project_key,
        p1_0.start_date,
        p1_0.status,
        p1_0.tenant_id,
        p1_0.updated_at,
        p1_0.version 
    from
        projects p1_0 
    where
        p1_0.id=?"
2026-05-21T01:43:19.351+03:00 level=DEBUG app=workhub corr=na method=na path=na logger=org.hibernate.SQL msg="
    select
        t1_0.id,
        t1_0.created_at,
        t1_0.name,
        t1_0.plan,
        t1_0.status,
        t1_0.updated_at,
        t1_0.version 
    from
        tenants t1_0 
    where
        t1_0.id=?"
2026-05-21T01:43:19.458+03:00 level=DEBUG app=workhub corr=na method=na path=na logger=org.hibernate.SQL msg="
    select
        j1_0.id,
        j1_0.correlation_id,
        j1_0.created_at,
        j1_0.error_message,
        j1_0.project_id,
        j1_0.status,
        j1_0.tenant_id,
        j1_0.updated_at 
    from
        jobs j1_0 
    where
        j1_0.id=? 
        and j1_0.tenant_id=?"
2026-05-21T01:43:19.458+03:00 level=DEBUG app=workhub corr=na method=na path=na logger=org.hibernate.SQL msg="
    select
        p1_0.id,
        p1_0.created_at,
        p1_0.created_by_id,
        p1_0.description,
        p1_0.end_date,
        p1_0.name,
        p1_0.project_key,
        p1_0.start_date,
        p1_0.status,
        p1_0.tenant_id,
        p1_0.updated_at,
        p1_0.version 
    from
        projects p1_0 
    where
        p1_0.id=?"
2026-05-21T01:43:19.459+03:00 level=DEBUG app=workhub corr=na method=na path=na logger=org.hibernate.SQL msg="
    select
        t1_0.id,
        t1_0.created_at,
        t1_0.name,
        t1_0.plan,
        t1_0.status,
        t1_0.updated_at,
        t1_0.version 
    from
        tenants t1_0 
    where
        t1_0.id=?"
2026-05-21T01:43:19.568+03:00 level=DEBUG app=workhub corr=na method=na path=na logger=org.hibernate.SQL msg="
    select
        j1_0.id,
        j1_0.correlation_id,
        j1_0.created_at,
        j1_0.error_message,
        j1_0.project_id,
        j1_0.status,
        j1_0.tenant_id,
        j1_0.updated_at 
    from
        jobs j1_0 
    where
        j1_0.id=? 
        and j1_0.tenant_id=?"
2026-05-21T01:43:19.568+03:00 level=DEBUG app=workhub corr=na method=na path=na logger=org.hibernate.SQL msg="
    select
        p1_0.id,
        p1_0.created_at,
        p1_0.created_by_id,
        p1_0.description,
        p1_0.end_date,
        p1_0.name,
        p1_0.project_key,
        p1_0.start_date,
        p1_0.status,
        p1_0.tenant_id,
        p1_0.updated_at,
        p1_0.version 
    from
        projects p1_0 
    where
        p1_0.id=?"
2026-05-21T01:43:19.569+03:00 level=DEBUG app=workhub corr=na method=na path=na logger=org.hibernate.SQL msg="
    select
        t1_0.id,
        t1_0.created_at,
        t1_0.name,
        t1_0.plan,
        t1_0.status,
        t1_0.updated_at,
        t1_0.version 
    from
        tenants t1_0 
    where
        t1_0.id=?"
2026-05-21T01:43:19.675+03:00 level=DEBUG app=workhub corr=na method=na path=na logger=org.hibernate.SQL msg="
    select
        j1_0.id,
        j1_0.correlation_id,
        j1_0.created_at,
        j1_0.error_message,
        j1_0.project_id,
        j1_0.status,
        j1_0.tenant_id,
        j1_0.updated_at 
    from
        jobs j1_0 
    where
        j1_0.id=? 
        and j1_0.tenant_id=?"
2026-05-21T01:43:19.675+03:00 level=DEBUG app=workhub corr=na method=na path=na logger=org.hibernate.SQL msg="
    select
        p1_0.id,
        p1_0.created_at,
        p1_0.created_by_id,
        p1_0.description,
        p1_0.end_date,
        p1_0.name,
        p1_0.project_key,
        p1_0.start_date,
        p1_0.status,
        p1_0.tenant_id,
        p1_0.updated_at,
        p1_0.version 
    from
        projects p1_0 
    where
        p1_0.id=?"
2026-05-21T01:43:19.676+03:00 level=DEBUG app=workhub corr=na method=na path=na logger=org.hibernate.SQL msg="
    select
        t1_0.id,
        t1_0.created_at,
        t1_0.name,
        t1_0.plan,
        t1_0.status,
        t1_0.updated_at,
        t1_0.version 
    from
        tenants t1_0 
    where
        t1_0.id=?"
2026-05-21T01:43:19.783+03:00 level=DEBUG app=workhub corr=na method=na path=na logger=org.hibernate.SQL msg="
    select
        j1_0.id,
        j1_0.correlation_id,
        j1_0.created_at,
        j1_0.error_message,
        j1_0.project_id,
        j1_0.status,
        j1_0.tenant_id,
        j1_0.updated_at 
    from
        jobs j1_0 
    where
        j1_0.id=? 
        and j1_0.tenant_id=?"
2026-05-21T01:43:19.784+03:00 level=DEBUG app=workhub corr=na method=na path=na logger=org.hibernate.SQL msg="
    select
        p1_0.id,
        p1_0.created_at,
        p1_0.created_by_id,
        p1_0.description,
        p1_0.end_date,
        p1_0.name,
        p1_0.project_key,
        p1_0.start_date,
        p1_0.status,
        p1_0.tenant_id,
        p1_0.updated_at,
        p1_0.version 
    from
        projects p1_0 
    where
        p1_0.id=?"
2026-05-21T01:43:19.785+03:00 level=DEBUG app=workhub corr=na method=na path=na logger=org.hibernate.SQL msg="
    select
        t1_0.id,
        t1_0.created_at,
        t1_0.name,
        t1_0.plan,
        t1_0.status,
        t1_0.updated_at,
        t1_0.version 
    from
        tenants t1_0 
    where
        t1_0.id=?"
2026-05-21T01:43:19.893+03:00 level=DEBUG app=workhub corr=na method=na path=na logger=org.hibernate.SQL msg="
    select
        j1_0.id,
        j1_0.correlation_id,
        j1_0.created_at,
        j1_0.error_message,
        j1_0.project_id,
        j1_0.status,
        j1_0.tenant_id,
        j1_0.updated_at 
    from
        jobs j1_0 
    where
        j1_0.id=? 
        and j1_0.tenant_id=?"
2026-05-21T01:43:19.894+03:00 level=DEBUG app=workhub corr=na method=na path=na logger=org.hibernate.SQL msg="
    select
        p1_0.id,
        p1_0.created_at,
        p1_0.created_by_id,
        p1_0.description,
        p1_0.end_date,
        p1_0.name,
        p1_0.project_key,
        p1_0.start_date,
        p1_0.status,
        p1_0.tenant_id,
        p1_0.updated_at,
        p1_0.version 
    from
        projects p1_0 
    where
        p1_0.id=?"
2026-05-21T01:43:19.895+03:00 level=DEBUG app=workhub corr=na method=na path=na logger=org.hibernate.SQL msg="
    select
        t1_0.id,
        t1_0.created_at,
        t1_0.name,
        t1_0.plan,
        t1_0.status,
        t1_0.updated_at,
        t1_0.version 
    from
        tenants t1_0 
    where
        t1_0.id=?"
2026-05-21T01:43:20.001+03:00 level=DEBUG app=workhub corr=na method=na path=na logger=org.hibernate.SQL msg="
    select
        j1_0.id,
        j1_0.correlation_id,
        j1_0.created_at,
        j1_0.error_message,
        j1_0.project_id,
        j1_0.status,
        j1_0.tenant_id,
        j1_0.updated_at 
    from
        jobs j1_0 
    where
        j1_0.id=? 
        and j1_0.tenant_id=?"
2026-05-21T01:43:20.002+03:00 level=DEBUG app=workhub corr=na method=na path=na logger=org.hibernate.SQL msg="
    select
        p1_0.id,
        p1_0.created_at,
        p1_0.created_by_id,
        p1_0.description,
        p1_0.end_date,
        p1_0.name,
        p1_0.project_key,
        p1_0.start_date,
        p1_0.status,
        p1_0.tenant_id,
        p1_0.updated_at,
        p1_0.version 
    from
        projects p1_0 
    where
        p1_0.id=?"
2026-05-21T01:43:20.004+03:00 level=DEBUG app=workhub corr=na method=na path=na logger=org.hibernate.SQL msg="
    select
        t1_0.id,
        t1_0.created_at,
        t1_0.name,
        t1_0.plan,
        t1_0.status,
        t1_0.updated_at,
        t1_0.version 
    from
        tenants t1_0 
    where
        t1_0.id=?"
2026-05-21T01:43:20.109+03:00 level=DEBUG app=workhub corr=na method=na path=na logger=org.hibernate.SQL msg="
    select
        j1_0.id,
        j1_0.correlation_id,
        j1_0.created_at,
        j1_0.error_message,
        j1_0.project_id,
        j1_0.status,
        j1_0.tenant_id,
        j1_0.updated_at 
    from
        jobs j1_0 
    where
        j1_0.id=? 
        and j1_0.tenant_id=?"
2026-05-21T01:43:20.111+03:00 level=DEBUG app=workhub corr=na method=na path=na logger=org.hibernate.SQL msg="
    select
        p1_0.id,
        p1_0.created_at,
        p1_0.created_by_id,
        p1_0.description,
        p1_0.end_date,
        p1_0.name,
        p1_0.project_key,
        p1_0.start_date,
        p1_0.status,
        p1_0.tenant_id,
        p1_0.updated_at,
        p1_0.version 
    from
        projects p1_0 
    where
        p1_0.id=?"
2026-05-21T01:43:20.112+03:00 level=DEBUG app=workhub corr=na method=na path=na logger=org.hibernate.SQL msg="
    select
        t1_0.id,
        t1_0.created_at,
        t1_0.name,
        t1_0.plan,
        t1_0.status,
        t1_0.updated_at,
        t1_0.version 
    from
        tenants t1_0 
    where
        t1_0.id=?"
2026-05-21T01:43:20.218+03:00 level=DEBUG app=workhub corr=na method=na path=na logger=org.hibernate.SQL msg="
    select
        j1_0.id,
        j1_0.correlation_id,
        j1_0.created_at,
        j1_0.error_message,
        j1_0.project_id,
        j1_0.status,
        j1_0.tenant_id,
        j1_0.updated_at 
    from
        jobs j1_0 
    where
        j1_0.id=? 
        and j1_0.tenant_id=?"
2026-05-21T01:43:20.219+03:00 level=DEBUG app=workhub corr=na method=na path=na logger=org.hibernate.SQL msg="
    select
        p1_0.id,
        p1_0.created_at,
        p1_0.created_by_id,
        p1_0.description,
        p1_0.end_date,
        p1_0.name,
        p1_0.project_key,
        p1_0.start_date,
        p1_0.status,
        p1_0.tenant_id,
        p1_0.updated_at,
        p1_0.version 
    from
        projects p1_0 
    where
        p1_0.id=?"
2026-05-21T01:43:20.220+03:00 level=DEBUG app=workhub corr=na method=na path=na logger=org.hibernate.SQL msg="
    select
        t1_0.id,
        t1_0.created_at,
        t1_0.name,
        t1_0.plan,
        t1_0.status,
        t1_0.updated_at,
        t1_0.version 
    from
        tenants t1_0 
    where
        t1_0.id=?"
2026-05-21T01:43:20.327+03:00 level=DEBUG app=workhub corr=na method=na path=na logger=org.hibernate.SQL msg="
    select
        j1_0.id,
        j1_0.correlation_id,
        j1_0.created_at,
        j1_0.error_message,
        j1_0.project_id,
        j1_0.status,
        j1_0.tenant_id,
        j1_0.updated_at 
    from
        jobs j1_0 
    where
        j1_0.id=? 
        and j1_0.tenant_id=?"
2026-05-21T01:43:20.328+03:00 level=DEBUG app=workhub corr=na method=na path=na logger=org.hibernate.SQL msg="
    select
        p1_0.id,
        p1_0.created_at,
        p1_0.created_by_id,
        p1_0.description,
        p1_0.end_date,
        p1_0.name,
        p1_0.project_key,
        p1_0.start_date,
        p1_0.status,
        p1_0.tenant_id,
        p1_0.updated_at,
        p1_0.version 
    from
        projects p1_0 
    where
        p1_0.id=?"
2026-05-21T01:43:20.329+03:00 level=DEBUG app=workhub corr=na method=na path=na logger=org.hibernate.SQL msg="
    select
        t1_0.id,
        t1_0.created_at,
        t1_0.name,
        t1_0.plan,
        t1_0.status,
        t1_0.updated_at,
        t1_0.version 
    from
        tenants t1_0 
    where
        t1_0.id=?"
2026-05-21T01:43:20.438+03:00 level=DEBUG app=workhub corr=na method=na path=na logger=org.hibernate.SQL msg="
    select
        j1_0.id,
        j1_0.correlation_id,
        j1_0.created_at,
        j1_0.error_message,
        j1_0.project_id,
        j1_0.status,
        j1_0.tenant_id,
        j1_0.updated_at 
    from
        jobs j1_0 
    where
        j1_0.id=? 
        and j1_0.tenant_id=?"
2026-05-21T01:43:20.438+03:00 level=DEBUG app=workhub corr=na method=na path=na logger=org.hibernate.SQL msg="
    select
        p1_0.id,
        p1_0.created_at,
        p1_0.created_by_id,
        p1_0.description,
        p1_0.end_date,
        p1_0.name,
        p1_0.project_key,
        p1_0.start_date,
        p1_0.status,
        p1_0.tenant_id,
        p1_0.updated_at,
        p1_0.version 
    from
        projects p1_0 
    where
        p1_0.id=?"
2026-05-21T01:43:20.438+03:00 level=DEBUG app=workhub corr=na method=na path=na logger=org.hibernate.SQL msg="
    select
        t1_0.id,
        t1_0.created_at,
        t1_0.name,
        t1_0.plan,
        t1_0.status,
        t1_0.updated_at,
        t1_0.version 
    from
        tenants t1_0 
    where
        t1_0.id=?"
2026-05-21T01:43:20.546+03:00 level=DEBUG app=workhub corr=na method=na path=na logger=org.hibernate.SQL msg="
    select
        j1_0.id,
        j1_0.correlation_id,
        j1_0.created_at,
        j1_0.error_message,
        j1_0.project_id,
        j1_0.status,
        j1_0.tenant_id,
        j1_0.updated_at 
    from
        jobs j1_0 
    where
        j1_0.id=? 
        and j1_0.tenant_id=?"
2026-05-21T01:43:20.546+03:00 level=DEBUG app=workhub corr=na method=na path=na logger=org.hibernate.SQL msg="
    select
        p1_0.id,
        p1_0.created_at,
        p1_0.created_by_id,
        p1_0.description,
        p1_0.end_date,
        p1_0.name,
        p1_0.project_key,
        p1_0.start_date,
        p1_0.status,
        p1_0.tenant_id,
        p1_0.updated_at,
        p1_0.version 
    from
        projects p1_0 
    where
        p1_0.id=?"
2026-05-21T01:43:20.547+03:00 level=DEBUG app=workhub corr=na method=na path=na logger=org.hibernate.SQL msg="
    select
        t1_0.id,
        t1_0.created_at,
        t1_0.name,
        t1_0.plan,
        t1_0.status,
        t1_0.updated_at,
        t1_0.version 
    from
        tenants t1_0 
    where
        t1_0.id=?"
2026-05-21T01:43:20.654+03:00 level=DEBUG app=workhub corr=na method=na path=na logger=org.hibernate.SQL msg="
    select
        j1_0.id,
        j1_0.correlation_id,
        j1_0.created_at,
        j1_0.error_message,
        j1_0.project_id,
        j1_0.status,
        j1_0.tenant_id,
        j1_0.updated_at 
    from
        jobs j1_0 
    where
        j1_0.id=? 
        and j1_0.tenant_id=?"
2026-05-21T01:43:20.655+03:00 level=DEBUG app=workhub corr=na method=na path=na logger=org.hibernate.SQL msg="
    select
        p1_0.id,
        p1_0.created_at,
        p1_0.created_by_id,
        p1_0.description,
        p1_0.end_date,
        p1_0.name,
        p1_0.project_key,
        p1_0.start_date,
        p1_0.status,
        p1_0.tenant_id,
        p1_0.updated_at,
        p1_0.version 
    from
        projects p1_0 
    where
        p1_0.id=?"
2026-05-21T01:43:20.655+03:00 level=DEBUG app=workhub corr=na method=na path=na logger=org.hibernate.SQL msg="
    select
        t1_0.id,
        t1_0.created_at,
        t1_0.name,
        t1_0.plan,
        t1_0.status,
        t1_0.updated_at,
        t1_0.version 
    from
        tenants t1_0 
    where
        t1_0.id=?"
2026-05-21T01:43:20.762+03:00 level=DEBUG app=workhub corr=na method=na path=na logger=org.hibernate.SQL msg="
    select
        j1_0.id,
        j1_0.correlation_id,
        j1_0.created_at,
        j1_0.error_message,
        j1_0.project_id,
        j1_0.status,
        j1_0.tenant_id,
        j1_0.updated_at 
    from
        jobs j1_0 
    where
        j1_0.id=? 
        and j1_0.tenant_id=?"
2026-05-21T01:43:20.763+03:00 level=DEBUG app=workhub corr=na method=na path=na logger=org.hibernate.SQL msg="
    select
        p1_0.id,
        p1_0.created_at,
        p1_0.created_by_id,
        p1_0.description,
        p1_0.end_date,
        p1_0.name,
        p1_0.project_key,
        p1_0.start_date,
        p1_0.status,
        p1_0.tenant_id,
        p1_0.updated_at,
        p1_0.version 
    from
        projects p1_0 
    where
        p1_0.id=?"
2026-05-21T01:43:20.763+03:00 level=DEBUG app=workhub corr=na method=na path=na logger=org.hibernate.SQL msg="
    select
        t1_0.id,
        t1_0.created_at,
        t1_0.name,
        t1_0.plan,
        t1_0.status,
        t1_0.updated_at,
        t1_0.version 
    from
        tenants t1_0 
    where
        t1_0.id=?"
2026-05-21T01:43:20.871+03:00 level=DEBUG app=workhub corr=na method=na path=na logger=org.hibernate.SQL msg="
    select
        j1_0.id,
        j1_0.correlation_id,
        j1_0.created_at,
        j1_0.error_message,
        j1_0.project_id,
        j1_0.status,
        j1_0.tenant_id,
        j1_0.updated_at 
    from
        jobs j1_0 
    where
        j1_0.id=? 
        and j1_0.tenant_id=?"
2026-05-21T01:43:20.873+03:00 level=DEBUG app=workhub corr=na method=na path=na logger=org.hibernate.SQL msg="
    select
        p1_0.id,
        p1_0.created_at,
        p1_0.created_by_id,
        p1_0.description,
        p1_0.end_date,
        p1_0.name,
        p1_0.project_key,
        p1_0.start_date,
        p1_0.status,
        p1_0.tenant_id,
        p1_0.updated_at,
        p1_0.version 
    from
        projects p1_0 
    where
        p1_0.id=?"
2026-05-21T01:43:20.874+03:00 level=DEBUG app=workhub corr=na method=na path=na logger=org.hibernate.SQL msg="
    select
        t1_0.id,
        t1_0.created_at,
        t1_0.name,
        t1_0.plan,
        t1_0.status,
        t1_0.updated_at,
        t1_0.version 
    from
        tenants t1_0 
    where
        t1_0.id=?"
2026-05-21T01:43:20.982+03:00 level=DEBUG app=workhub corr=na method=na path=na logger=org.hibernate.SQL msg="
    select
        j1_0.id,
        j1_0.correlation_id,
        j1_0.created_at,
        j1_0.error_message,
        j1_0.project_id,
        j1_0.status,
        j1_0.tenant_id,
        j1_0.updated_at 
    from
        jobs j1_0 
    where
        j1_0.id=? 
        and j1_0.tenant_id=?"
2026-05-21T01:43:20.983+03:00 level=DEBUG app=workhub corr=na method=na path=na logger=org.hibernate.SQL msg="
    select
        p1_0.id,
        p1_0.created_at,
        p1_0.created_by_id,
        p1_0.description,
        p1_0.end_date,
        p1_0.name,
        p1_0.project_key,
        p1_0.start_date,
        p1_0.status,
        p1_0.tenant_id,
        p1_0.updated_at,
        p1_0.version 
    from
        projects p1_0 
    where
        p1_0.id=?"
2026-05-21T01:43:20.984+03:00 level=DEBUG app=workhub corr=na method=na path=na logger=org.hibernate.SQL msg="
    select
        t1_0.id,
        t1_0.created_at,
        t1_0.name,
        t1_0.plan,
        t1_0.status,
        t1_0.updated_at,
        t1_0.version 
    from
        tenants t1_0 
    where
        t1_0.id=?"
2026-05-21T01:43:21.092+03:00 level=DEBUG app=workhub corr=na method=na path=na logger=org.hibernate.SQL msg="
    select
        j1_0.id,
        j1_0.correlation_id,
        j1_0.created_at,
        j1_0.error_message,
        j1_0.project_id,
        j1_0.status,
        j1_0.tenant_id,
        j1_0.updated_at 
    from
        jobs j1_0 
    where
        j1_0.id=? 
        and j1_0.tenant_id=?"
2026-05-21T01:43:21.092+03:00 level=DEBUG app=workhub corr=na method=na path=na logger=org.hibernate.SQL msg="
    select
        p1_0.id,
        p1_0.created_at,
        p1_0.created_by_id,
        p1_0.description,
        p1_0.end_date,
        p1_0.name,
        p1_0.project_key,
        p1_0.start_date,
        p1_0.status,
        p1_0.tenant_id,
        p1_0.updated_at,
        p1_0.version 
    from
        projects p1_0 
    where
        p1_0.id=?"
2026-05-21T01:43:21.093+03:00 level=DEBUG app=workhub corr=na method=na path=na logger=org.hibernate.SQL msg="
    select
        t1_0.id,
        t1_0.created_at,
        t1_0.name,
        t1_0.plan,
        t1_0.status,
        t1_0.updated_at,
        t1_0.version 
    from
        tenants t1_0 
    where
        t1_0.id=?"
2026-05-21T01:43:21.198+03:00 level=DEBUG app=workhub corr=na method=na path=na logger=org.hibernate.SQL msg="
    select
        j1_0.id,
        j1_0.correlation_id,
        j1_0.created_at,
        j1_0.error_message,
        j1_0.project_id,
        j1_0.status,
        j1_0.tenant_id,
        j1_0.updated_at 
    from
        jobs j1_0 
    where
        j1_0.id=? 
        and j1_0.tenant_id=?"
2026-05-21T01:43:21.199+03:00 level=DEBUG app=workhub corr=na method=na path=na logger=org.hibernate.SQL msg="
    select
        p1_0.id,
        p1_0.created_at,
        p1_0.created_by_id,
        p1_0.description,
        p1_0.end_date,
        p1_0.name,
        p1_0.project_key,
        p1_0.start_date,
        p1_0.status,
        p1_0.tenant_id,
        p1_0.updated_at,
        p1_0.version 
    from
        projects p1_0 
    where
        p1_0.id=?"
2026-05-21T01:43:21.199+03:00 level=DEBUG app=workhub corr=na method=na path=na logger=org.hibernate.SQL msg="
    select
        t1_0.id,
        t1_0.created_at,
        t1_0.name,
        t1_0.plan,
        t1_0.status,
        t1_0.updated_at,
        t1_0.version 
    from
        tenants t1_0 
    where
        t1_0.id=?"
2026-05-21T01:43:21.306+03:00 level=DEBUG app=workhub corr=na method=na path=na logger=org.hibernate.SQL msg="
    select
        j1_0.id,
        j1_0.correlation_id,
        j1_0.created_at,
        j1_0.error_message,
        j1_0.project_id,
        j1_0.status,
        j1_0.tenant_id,
        j1_0.updated_at 
    from
        jobs j1_0 
    where
        j1_0.id=? 
        and j1_0.tenant_id=?"
2026-05-21T01:43:21.307+03:00 level=DEBUG app=workhub corr=na method=na path=na logger=org.hibernate.SQL msg="
    select
        p1_0.id,
        p1_0.created_at,
        p1_0.created_by_id,
        p1_0.description,
        p1_0.end_date,
        p1_0.name,
        p1_0.project_key,
        p1_0.start_date,
        p1_0.status,
        p1_0.tenant_id,
        p1_0.updated_at,
        p1_0.version 
    from
        projects p1_0 
    where
        p1_0.id=?"
2026-05-21T01:43:21.308+03:00 level=DEBUG app=workhub corr=na method=na path=na logger=org.hibernate.SQL msg="
    select
        t1_0.id,
        t1_0.created_at,
        t1_0.name,
        t1_0.plan,
        t1_0.status,
        t1_0.updated_at,
        t1_0.version 
    from
        tenants t1_0 
    where
        t1_0.id=?"
2026-05-21T01:43:21.415+03:00 level=DEBUG app=workhub corr=na method=na path=na logger=org.hibernate.SQL msg="
    select
        j1_0.id,
        j1_0.correlation_id,
        j1_0.created_at,
        j1_0.error_message,
        j1_0.project_id,
        j1_0.status,
        j1_0.tenant_id,
        j1_0.updated_at 
    from
        jobs j1_0 
    where
        j1_0.id=? 
        and j1_0.tenant_id=?"
2026-05-21T01:43:21.416+03:00 level=DEBUG app=workhub corr=na method=na path=na logger=org.hibernate.SQL msg="
    select
        p1_0.id,
        p1_0.created_at,
        p1_0.created_by_id,
        p1_0.description,
        p1_0.end_date,
        p1_0.name,
        p1_0.project_key,
        p1_0.start_date,
        p1_0.status,
        p1_0.tenant_id,
        p1_0.updated_at,
        p1_0.version 
    from
        projects p1_0 
    where
        p1_0.id=?"
2026-05-21T01:43:21.416+03:00 level=DEBUG app=workhub corr=na method=na path=na logger=org.hibernate.SQL msg="
    select
        t1_0.id,
        t1_0.created_at,
        t1_0.name,
        t1_0.plan,
        t1_0.status,
        t1_0.updated_at,
        t1_0.version 
    from
        tenants t1_0 
    where
        t1_0.id=?"
2026-05-21T01:43:21.524+03:00 level=DEBUG app=workhub corr=na method=na path=na logger=org.hibernate.SQL msg="
    select
        j1_0.id,
        j1_0.correlation_id,
        j1_0.created_at,
        j1_0.error_message,
        j1_0.project_id,
        j1_0.status,
        j1_0.tenant_id,
        j1_0.updated_at 
    from
        jobs j1_0 
    where
        j1_0.id=? 
        and j1_0.tenant_id=?"
2026-05-21T01:43:21.525+03:00 level=DEBUG app=workhub corr=na method=na path=na logger=org.hibernate.SQL msg="
    select
        p1_0.id,
        p1_0.created_at,
        p1_0.created_by_id,
        p1_0.description,
        p1_0.end_date,
        p1_0.name,
        p1_0.project_key,
        p1_0.start_date,
        p1_0.status,
        p1_0.tenant_id,
        p1_0.updated_at,
        p1_0.version 
    from
        projects p1_0 
    where
        p1_0.id=?"
2026-05-21T01:43:21.526+03:00 level=DEBUG app=workhub corr=na method=na path=na logger=org.hibernate.SQL msg="
    select
        t1_0.id,
        t1_0.created_at,
        t1_0.name,
        t1_0.plan,
        t1_0.status,
        t1_0.updated_at,
        t1_0.version 
    from
        tenants t1_0 
    where
        t1_0.id=?"
2026-05-21T01:43:21.632+03:00 level=DEBUG app=workhub corr=na method=na path=na logger=org.hibernate.SQL msg="
    select
        j1_0.id,
        j1_0.correlation_id,
        j1_0.created_at,
        j1_0.error_message,
        j1_0.project_id,
        j1_0.status,
        j1_0.tenant_id,
        j1_0.updated_at 
    from
        jobs j1_0 
    where
        j1_0.id=? 
        and j1_0.tenant_id=?"
2026-05-21T01:43:21.633+03:00 level=DEBUG app=workhub corr=na method=na path=na logger=org.hibernate.SQL msg="
    select
        p1_0.id,
        p1_0.created_at,
        p1_0.created_by_id,
        p1_0.description,
        p1_0.end_date,
        p1_0.name,
        p1_0.project_key,
        p1_0.start_date,
        p1_0.status,
        p1_0.tenant_id,
        p1_0.updated_at,
        p1_0.version 
    from
        projects p1_0 
    where
        p1_0.id=?"
2026-05-21T01:43:21.634+03:00 level=DEBUG app=workhub corr=na method=na path=na logger=org.hibernate.SQL msg="
    select
        t1_0.id,
        t1_0.created_at,
        t1_0.name,
        t1_0.plan,
        t1_0.status,
        t1_0.updated_at,
        t1_0.version 
    from
        tenants t1_0 
    where
        t1_0.id=?"
2026-05-21T01:43:21.741+03:00 level=DEBUG app=workhub corr=na method=na path=na logger=org.hibernate.SQL msg="
    select
        j1_0.id,
        j1_0.correlation_id,
        j1_0.created_at,
        j1_0.error_message,
        j1_0.project_id,
        j1_0.status,
        j1_0.tenant_id,
        j1_0.updated_at 
    from
        jobs j1_0 
    where
        j1_0.id=? 
        and j1_0.tenant_id=?"
2026-05-21T01:43:21.742+03:00 level=DEBUG app=workhub corr=na method=na path=na logger=org.hibernate.SQL msg="
    select
        p1_0.id,
        p1_0.created_at,
        p1_0.created_by_id,
        p1_0.description,
        p1_0.end_date,
        p1_0.name,
        p1_0.project_key,
        p1_0.start_date,
        p1_0.status,
        p1_0.tenant_id,
        p1_0.updated_at,
        p1_0.version 
    from
        projects p1_0 
    where
        p1_0.id=?"
2026-05-21T01:43:21.743+03:00 level=DEBUG app=workhub corr=na method=na path=na logger=org.hibernate.SQL msg="
    select
        t1_0.id,
        t1_0.created_at,
        t1_0.name,
        t1_0.plan,
        t1_0.status,
        t1_0.updated_at,
        t1_0.version 
    from
        tenants t1_0 
    where
        t1_0.id=?"
2026-05-21T01:43:21.850+03:00 level=DEBUG app=workhub corr=na method=na path=na logger=org.hibernate.SQL msg="
    select
        j1_0.id,
        j1_0.correlation_id,
        j1_0.created_at,
        j1_0.error_message,
        j1_0.project_id,
        j1_0.status,
        j1_0.tenant_id,
        j1_0.updated_at 
    from
        jobs j1_0 
    where
        j1_0.id=? 
        and j1_0.tenant_id=?"
2026-05-21T01:43:21.851+03:00 level=DEBUG app=workhub corr=na method=na path=na logger=org.hibernate.SQL msg="
    select
        p1_0.id,
        p1_0.created_at,
        p1_0.created_by_id,
        p1_0.description,
        p1_0.end_date,
        p1_0.name,
        p1_0.project_key,
        p1_0.start_date,
        p1_0.status,
        p1_0.tenant_id,
        p1_0.updated_at,
        p1_0.version 
    from
        projects p1_0 
    where
        p1_0.id=?"
2026-05-21T01:43:21.851+03:00 level=DEBUG app=workhub corr=na method=na path=na logger=org.hibernate.SQL msg="
    select
        t1_0.id,
        t1_0.created_at,
        t1_0.name,
        t1_0.plan,
        t1_0.status,
        t1_0.updated_at,
        t1_0.version 
    from
        tenants t1_0 
    where
        t1_0.id=?"
2026-05-21T01:43:21.959+03:00 level=DEBUG app=workhub corr=na method=na path=na logger=org.hibernate.SQL msg="
    select
        j1_0.id,
        j1_0.correlation_id,
        j1_0.created_at,
        j1_0.error_message,
        j1_0.project_id,
        j1_0.status,
        j1_0.tenant_id,
        j1_0.updated_at 
    from
        jobs j1_0 
    where
        j1_0.id=? 
        and j1_0.tenant_id=?"
2026-05-21T01:43:21.959+03:00 level=DEBUG app=workhub corr=na method=na path=na logger=org.hibernate.SQL msg="
    select
        p1_0.id,
        p1_0.created_at,
        p1_0.created_by_id,
        p1_0.description,
        p1_0.end_date,
        p1_0.name,
        p1_0.project_key,
        p1_0.start_date,
        p1_0.status,
        p1_0.tenant_id,
        p1_0.updated_at,
        p1_0.version 
    from
        projects p1_0 
    where
        p1_0.id=?"
2026-05-21T01:43:21.960+03:00 level=DEBUG app=workhub corr=na method=na path=na logger=org.hibernate.SQL msg="
    select
        t1_0.id,
        t1_0.created_at,
        t1_0.name,
        t1_0.plan,
        t1_0.status,
        t1_0.updated_at,
        t1_0.version 
    from
        tenants t1_0 
    where
        t1_0.id=?"
2026-05-21T01:43:22.069+03:00 level=DEBUG app=workhub corr=na method=na path=na logger=org.hibernate.SQL msg="
    select
        j1_0.id,
        j1_0.correlation_id,
        j1_0.created_at,
        j1_0.error_message,
        j1_0.project_id,
        j1_0.status,
        j1_0.tenant_id,
        j1_0.updated_at 
    from
        jobs j1_0 
    where
        j1_0.id=? 
        and j1_0.tenant_id=?"
2026-05-21T01:43:22.070+03:00 level=DEBUG app=workhub corr=na method=na path=na logger=org.hibernate.SQL msg="
    select
        p1_0.id,
        p1_0.created_at,
        p1_0.created_by_id,
        p1_0.description,
        p1_0.end_date,
        p1_0.name,
        p1_0.project_key,
        p1_0.start_date,
        p1_0.status,
        p1_0.tenant_id,
        p1_0.updated_at,
        p1_0.version 
    from
        projects p1_0 
    where
        p1_0.id=?"
2026-05-21T01:43:22.070+03:00 level=DEBUG app=workhub corr=na method=na path=na logger=org.hibernate.SQL msg="
    select
        t1_0.id,
        t1_0.created_at,
        t1_0.name,
        t1_0.plan,
        t1_0.status,
        t1_0.updated_at,
        t1_0.version 
    from
        tenants t1_0 
    where
        t1_0.id=?"
2026-05-21T01:43:22.178+03:00 level=DEBUG app=workhub corr=na method=na path=na logger=org.hibernate.SQL msg="
    select
        j1_0.id,
        j1_0.correlation_id,
        j1_0.created_at,
        j1_0.error_message,
        j1_0.project_id,
        j1_0.status,
        j1_0.tenant_id,
        j1_0.updated_at 
    from
        jobs j1_0 
    where
        j1_0.id=? 
        and j1_0.tenant_id=?"
2026-05-21T01:43:22.179+03:00 level=DEBUG app=workhub corr=na method=na path=na logger=org.hibernate.SQL msg="
    select
        p1_0.id,
        p1_0.created_at,
        p1_0.created_by_id,
        p1_0.description,
        p1_0.end_date,
        p1_0.name,
        p1_0.project_key,
        p1_0.start_date,
        p1_0.status,
        p1_0.tenant_id,
        p1_0.updated_at,
        p1_0.version 
    from
        projects p1_0 
    where
        p1_0.id=?"
2026-05-21T01:43:22.180+03:00 level=DEBUG app=workhub corr=na method=na path=na logger=org.hibernate.SQL msg="
    select
        t1_0.id,
        t1_0.created_at,
        t1_0.name,
        t1_0.plan,
        t1_0.status,
        t1_0.updated_at,
        t1_0.version 
    from
        tenants t1_0 
    where
        t1_0.id=?"
2026-05-21T01:43:22.284+03:00 level=DEBUG app=workhub corr=na method=na path=na logger=org.hibernate.SQL msg="
    select
        j1_0.id,
        j1_0.correlation_id,
        j1_0.created_at,
        j1_0.error_message,
        j1_0.project_id,
        j1_0.status,
        j1_0.tenant_id,
        j1_0.updated_at 
    from
        jobs j1_0 
    where
        j1_0.id=? 
        and j1_0.tenant_id=?"
2026-05-21T01:43:22.285+03:00 level=DEBUG app=workhub corr=na method=na path=na logger=org.hibernate.SQL msg="
    select
        p1_0.id,
        p1_0.created_at,
        p1_0.created_by_id,
        p1_0.description,
        p1_0.end_date,
        p1_0.name,
        p1_0.project_key,
        p1_0.start_date,
        p1_0.status,
        p1_0.tenant_id,
        p1_0.updated_at,
        p1_0.version 
    from
        projects p1_0 
    where
        p1_0.id=?"
2026-05-21T01:43:22.285+03:00 level=DEBUG app=workhub corr=na method=na path=na logger=org.hibernate.SQL msg="
    select
        t1_0.id,
        t1_0.created_at,
        t1_0.name,
        t1_0.plan,
        t1_0.status,
        t1_0.updated_at,
        t1_0.version 
    from
        tenants t1_0 
    where
        t1_0.id=?"
2026-05-21T01:43:22.393+03:00 level=DEBUG app=workhub corr=na method=na path=na logger=org.hibernate.SQL msg="
    select
        j1_0.id,
        j1_0.correlation_id,
        j1_0.created_at,
        j1_0.error_message,
        j1_0.project_id,
        j1_0.status,
        j1_0.tenant_id,
        j1_0.updated_at 
    from
        jobs j1_0 
    where
        j1_0.id=? 
        and j1_0.tenant_id=?"
2026-05-21T01:43:22.394+03:00 level=DEBUG app=workhub corr=na method=na path=na logger=org.hibernate.SQL msg="
    select
        p1_0.id,
        p1_0.created_at,
        p1_0.created_by_id,
        p1_0.description,
        p1_0.end_date,
        p1_0.name,
        p1_0.project_key,
        p1_0.start_date,
        p1_0.status,
        p1_0.tenant_id,
        p1_0.updated_at,
        p1_0.version 
    from
        projects p1_0 
    where
        p1_0.id=?"
2026-05-21T01:43:22.395+03:00 level=DEBUG app=workhub corr=na method=na path=na logger=org.hibernate.SQL msg="
    select
        t1_0.id,
        t1_0.created_at,
        t1_0.name,
        t1_0.plan,
        t1_0.status,
        t1_0.updated_at,
        t1_0.version 
    from
        tenants t1_0 
    where
        t1_0.id=?"
2026-05-21T01:43:22.502+03:00 level=DEBUG app=workhub corr=na method=na path=na logger=org.hibernate.SQL msg="
    select
        j1_0.id,
        j1_0.correlation_id,
        j1_0.created_at,
        j1_0.error_message,
        j1_0.project_id,
        j1_0.status,
        j1_0.tenant_id,
        j1_0.updated_at 
    from
        jobs j1_0 
    where
        j1_0.id=? 
        and j1_0.tenant_id=?"
2026-05-21T01:43:22.503+03:00 level=DEBUG app=workhub corr=na method=na path=na logger=org.hibernate.SQL msg="
    select
        p1_0.id,
        p1_0.created_at,
        p1_0.created_by_id,
        p1_0.description,
        p1_0.end_date,
        p1_0.name,
        p1_0.project_key,
        p1_0.start_date,
        p1_0.status,
        p1_0.tenant_id,
        p1_0.updated_at,
        p1_0.version 
    from
        projects p1_0 
    where
        p1_0.id=?"
2026-05-21T01:43:22.504+03:00 level=DEBUG app=workhub corr=na method=na path=na logger=org.hibernate.SQL msg="
    select
        t1_0.id,
        t1_0.created_at,
        t1_0.name,
        t1_0.plan,
        t1_0.status,
        t1_0.updated_at,
        t1_0.version 
    from
        tenants t1_0 
    where
        t1_0.id=?"
2026-05-21T01:43:22.611+03:00 level=DEBUG app=workhub corr=na method=na path=na logger=org.hibernate.SQL msg="
    select
        j1_0.id,
        j1_0.correlation_id,
        j1_0.created_at,
        j1_0.error_message,
        j1_0.project_id,
        j1_0.status,
        j1_0.tenant_id,
        j1_0.updated_at 
    from
        jobs j1_0 
    where
        j1_0.id=? 
        and j1_0.tenant_id=?"
2026-05-21T01:43:22.612+03:00 level=DEBUG app=workhub corr=na method=na path=na logger=org.hibernate.SQL msg="
    select
        p1_0.id,
        p1_0.created_at,
        p1_0.created_by_id,
        p1_0.description,
        p1_0.end_date,
        p1_0.name,
        p1_0.project_key,
        p1_0.start_date,
        p1_0.status,
        p1_0.tenant_id,
        p1_0.updated_at,
        p1_0.version 
    from
        projects p1_0 
    where
        p1_0.id=?"
2026-05-21T01:43:22.612+03:00 level=DEBUG app=workhub corr=na method=na path=na logger=org.hibernate.SQL msg="
    select
        t1_0.id,
        t1_0.created_at,
        t1_0.name,
        t1_0.plan,
        t1_0.status,
        t1_0.updated_at,
        t1_0.version 
    from
        tenants t1_0 
    where
        t1_0.id=?"
2026-05-21T01:43:22.720+03:00 level=DEBUG app=workhub corr=na method=na path=na logger=org.hibernate.SQL msg="
    select
        j1_0.id,
        j1_0.correlation_id,
        j1_0.created_at,
        j1_0.error_message,
        j1_0.project_id,
        j1_0.status,
        j1_0.tenant_id,
        j1_0.updated_at 
    from
        jobs j1_0 
    where
        j1_0.id=? 
        and j1_0.tenant_id=?"
2026-05-21T01:43:22.721+03:00 level=DEBUG app=workhub corr=na method=na path=na logger=org.hibernate.SQL msg="
    select
        p1_0.id,
        p1_0.created_at,
        p1_0.created_by_id,
        p1_0.description,
        p1_0.end_date,
        p1_0.name,
        p1_0.project_key,
        p1_0.start_date,
        p1_0.status,
        p1_0.tenant_id,
        p1_0.updated_at,
        p1_0.version 
    from
        projects p1_0 
    where
        p1_0.id=?"
2026-05-21T01:43:22.722+03:00 level=DEBUG app=workhub corr=na method=na path=na logger=org.hibernate.SQL msg="
    select
        t1_0.id,
        t1_0.created_at,
        t1_0.name,
        t1_0.plan,
        t1_0.status,
        t1_0.updated_at,
        t1_0.version 
    from
        tenants t1_0 
    where
        t1_0.id=?"
2026-05-21T01:43:22.826+03:00 level=DEBUG app=workhub corr=na method=na path=na logger=org.hibernate.SQL msg="
    select
        j1_0.id,
        j1_0.correlation_id,
        j1_0.created_at,
        j1_0.error_message,
        j1_0.project_id,
        j1_0.status,
        j1_0.tenant_id,
        j1_0.updated_at 
    from
        jobs j1_0 
    where
        j1_0.id=? 
        and j1_0.tenant_id=?"
2026-05-21T01:43:22.827+03:00 level=DEBUG app=workhub corr=na method=na path=na logger=org.hibernate.SQL msg="
    select
        p1_0.id,
        p1_0.created_at,
        p1_0.created_by_id,
        p1_0.description,
        p1_0.end_date,
        p1_0.name,
        p1_0.project_key,
        p1_0.start_date,
        p1_0.status,
        p1_0.tenant_id,
        p1_0.updated_at,
        p1_0.version 
    from
        projects p1_0 
    where
        p1_0.id=?"
2026-05-21T01:43:22.827+03:00 level=DEBUG app=workhub corr=na method=na path=na logger=org.hibernate.SQL msg="
    select
        t1_0.id,
        t1_0.created_at,
        t1_0.name,
        t1_0.plan,
        t1_0.status,
        t1_0.updated_at,
        t1_0.version 
    from
        tenants t1_0 
    where
        t1_0.id=?"
2026-05-21T01:43:22.935+03:00 level=DEBUG app=workhub corr=na method=na path=na logger=org.hibernate.SQL msg="
    select
        j1_0.id,
        j1_0.correlation_id,
        j1_0.created_at,
        j1_0.error_message,
        j1_0.project_id,
        j1_0.status,
        j1_0.tenant_id,
        j1_0.updated_at 
    from
        jobs j1_0 
    where
        j1_0.id=? 
        and j1_0.tenant_id=?"
2026-05-21T01:43:22.936+03:00 level=DEBUG app=workhub corr=na method=na path=na logger=org.hibernate.SQL msg="
    select
        p1_0.id,
        p1_0.created_at,
        p1_0.created_by_id,
        p1_0.description,
        p1_0.end_date,
        p1_0.name,
        p1_0.project_key,
        p1_0.start_date,
        p1_0.status,
        p1_0.tenant_id,
        p1_0.updated_at,
        p1_0.version 
    from
        projects p1_0 
    where
        p1_0.id=?"
2026-05-21T01:43:22.936+03:00 level=DEBUG app=workhub corr=na method=na path=na logger=org.hibernate.SQL msg="
    select
        t1_0.id,
        t1_0.created_at,
        t1_0.name,
        t1_0.plan,
        t1_0.status,
        t1_0.updated_at,
        t1_0.version 
    from
        tenants t1_0 
    where
        t1_0.id=?"
2026-05-21T01:43:23.042+03:00 level=DEBUG app=workhub corr=na method=na path=na logger=org.hibernate.SQL msg="
    select
        j1_0.id,
        j1_0.correlation_id,
        j1_0.created_at,
        j1_0.error_message,
        j1_0.project_id,
        j1_0.status,
        j1_0.tenant_id,
        j1_0.updated_at 
    from
        jobs j1_0 
    where
        j1_0.id=? 
        and j1_0.tenant_id=?"
2026-05-21T01:43:23.043+03:00 level=DEBUG app=workhub corr=na method=na path=na logger=org.hibernate.SQL msg="
    select
        p1_0.id,
        p1_0.created_at,
        p1_0.created_by_id,
        p1_0.description,
        p1_0.end_date,
        p1_0.name,
        p1_0.project_key,
        p1_0.start_date,
        p1_0.status,
        p1_0.tenant_id,
        p1_0.updated_at,
        p1_0.version 
    from
        projects p1_0 
    where
        p1_0.id=?"
2026-05-21T01:43:23.043+03:00 level=DEBUG app=workhub corr=na method=na path=na logger=org.hibernate.SQL msg="
    select
        t1_0.id,
        t1_0.created_at,
        t1_0.name,
        t1_0.plan,
        t1_0.status,
        t1_0.updated_at,
        t1_0.version 
    from
        tenants t1_0 
    where
        t1_0.id=?"
2026-05-21T01:43:23.151+03:00 level=DEBUG app=workhub corr=na method=na path=na logger=org.hibernate.SQL msg="
    select
        j1_0.id,
        j1_0.correlation_id,
        j1_0.created_at,
        j1_0.error_message,
        j1_0.project_id,
        j1_0.status,
        j1_0.tenant_id,
        j1_0.updated_at 
    from
        jobs j1_0 
    where
        j1_0.id=? 
        and j1_0.tenant_id=?"
2026-05-21T01:43:23.151+03:00 level=DEBUG app=workhub corr=na method=na path=na logger=org.hibernate.SQL msg="
    select
        p1_0.id,
        p1_0.created_at,
        p1_0.created_by_id,
        p1_0.description,
        p1_0.end_date,
        p1_0.name,
        p1_0.project_key,
        p1_0.start_date,
        p1_0.status,
        p1_0.tenant_id,
        p1_0.updated_at,
        p1_0.version 
    from
        projects p1_0 
    where
        p1_0.id=?"
2026-05-21T01:43:23.152+03:00 level=DEBUG app=workhub corr=na method=na path=na logger=org.hibernate.SQL msg="
    select
        t1_0.id,
        t1_0.created_at,
        t1_0.name,
        t1_0.plan,
        t1_0.status,
        t1_0.updated_at,
        t1_0.version 
    from
        tenants t1_0 
    where
        t1_0.id=?"
2026-05-21T01:43:23.191+03:00 level=WARN  app=workhub corr=na method=na path=na logger=c.r.c.impl.ForgivingExceptionHandler msg="An unexpected connection driver error occurred (Exception message: Socket closed)"
2026-05-21T01:43:23.250+03:00 level=ERROR app=workhub corr=na method=na path=na logger=o.s.a.r.l.SimpleMessageListenerContainer msg="Failed to check/redeclare auto-delete queue(s)."
2026-05-21T01:43:23.250+03:00 level=WARN  app=workhub corr=na method=na path=na logger=c.r.c.impl.ForgivingExceptionHandler msg="An unexpected connection driver error occurred (Exception message: Socket closed)"
2026-05-21T01:43:23.258+03:00 level=WARN  app=workhub corr=na method=na path=na logger=c.r.c.impl.ForgivingExceptionHandler msg="An unexpected connection driver error occurred (Exception message: Socket closed)"
2026-05-21T01:43:23.262+03:00 level=DEBUG app=workhub corr=na method=na path=na logger=org.hibernate.SQL msg="
    select
        j1_0.id,
        j1_0.correlation_id,
        j1_0.created_at,
        j1_0.error_message,
        j1_0.project_id,
        j1_0.status,
        j1_0.tenant_id,
        j1_0.updated_at 
    from
        jobs j1_0 
    where
        j1_0.id=? 
        and j1_0.tenant_id=?"
2026-05-21T01:43:23.262+03:00 level=DEBUG app=workhub corr=na method=na path=na logger=org.hibernate.SQL msg="
    select
        p1_0.id,
        p1_0.created_at,
        p1_0.created_by_id,
        p1_0.description,
        p1_0.end_date,
        p1_0.name,
        p1_0.project_key,
        p1_0.start_date,
        p1_0.status,
        p1_0.tenant_id,
        p1_0.updated_at,
        p1_0.version 
    from
        projects p1_0 
    where
        p1_0.id=?"
2026-05-21T01:43:23.263+03:00 level=DEBUG app=workhub corr=na method=na path=na logger=org.hibernate.SQL msg="
    select
        t1_0.id,
        t1_0.created_at,
        t1_0.name,
        t1_0.plan,
        t1_0.status,
        t1_0.updated_at,
        t1_0.version 
    from
        tenants t1_0 
    where
        t1_0.id=?"
2026-05-21T01:43:23.309+03:00 level=WARN  app=workhub corr=na method=na path=na logger=c.r.c.impl.ForgivingExceptionHandler msg="An unexpected connection driver error occurred (Exception message: Socket closed)"
2026-05-21T01:43:23.368+03:00 level=DEBUG app=workhub corr=na method=na path=na logger=org.hibernate.SQL msg="
    select
        j1_0.id,
        j1_0.correlation_id,
        j1_0.created_at,
        j1_0.error_message,
        j1_0.project_id,
        j1_0.status,
        j1_0.tenant_id,
        j1_0.updated_at 
    from
        jobs j1_0 
    where
        j1_0.id=? 
        and j1_0.tenant_id=?"
2026-05-21T01:43:23.368+03:00 level=DEBUG app=workhub corr=na method=na path=na logger=org.hibernate.SQL msg="
    select
        p1_0.id,
        p1_0.created_at,
        p1_0.created_by_id,
        p1_0.description,
        p1_0.end_date,
        p1_0.name,
        p1_0.project_key,
        p1_0.start_date,
        p1_0.status,
        p1_0.tenant_id,
        p1_0.updated_at,
        p1_0.version 
    from
        projects p1_0 
    where
        p1_0.id=?"
2026-05-21T01:43:23.369+03:00 level=DEBUG app=workhub corr=na method=na path=na logger=org.hibernate.SQL msg="
    select
        t1_0.id,
        t1_0.created_at,
        t1_0.name,
        t1_0.plan,
        t1_0.status,
        t1_0.updated_at,
        t1_0.version 
    from
        tenants t1_0 
    where
        t1_0.id=?"
2026-05-21T01:43:23.476+03:00 level=DEBUG app=workhub corr=na method=na path=na logger=org.hibernate.SQL msg="
    select
        j1_0.id,
        j1_0.correlation_id,
        j1_0.created_at,
        j1_0.error_message,
        j1_0.project_id,
        j1_0.status,
        j1_0.tenant_id,
        j1_0.updated_at 
    from
        jobs j1_0 
    where
        j1_0.id=? 
        and j1_0.tenant_id=?"
2026-05-21T01:43:23.476+03:00 level=DEBUG app=workhub corr=na method=na path=na logger=org.hibernate.SQL msg="
    select
        p1_0.id,
        p1_0.created_at,
        p1_0.created_by_id,
        p1_0.description,
        p1_0.end_date,
        p1_0.name,
        p1_0.project_key,
        p1_0.start_date,
        p1_0.status,
        p1_0.tenant_id,
        p1_0.updated_at,
        p1_0.version 
    from
        projects p1_0 
    where
        p1_0.id=?"
2026-05-21T01:43:23.477+03:00 level=DEBUG app=workhub corr=na method=na path=na logger=org.hibernate.SQL msg="
    select
        t1_0.id,
        t1_0.created_at,
        t1_0.name,
        t1_0.plan,
        t1_0.status,
        t1_0.updated_at,
        t1_0.version 
    from
        tenants t1_0 
    where
        t1_0.id=?"
2026-05-21T01:43:23.583+03:00 level=DEBUG app=workhub corr=na method=na path=na logger=org.hibernate.SQL msg="
    select
        j1_0.id,
        j1_0.correlation_id,
        j1_0.created_at,
        j1_0.error_message,
        j1_0.project_id,
        j1_0.status,
        j1_0.tenant_id,
        j1_0.updated_at 
    from
        jobs j1_0 
    where
        j1_0.id=? 
        and j1_0.tenant_id=?"
2026-05-21T01:43:23.583+03:00 level=DEBUG app=workhub corr=na method=na path=na logger=org.hibernate.SQL msg="
    select
        p1_0.id,
        p1_0.created_at,
        p1_0.created_by_id,
        p1_0.description,
        p1_0.end_date,
        p1_0.name,
        p1_0.project_key,
        p1_0.start_date,
        p1_0.status,
        p1_0.tenant_id,
        p1_0.updated_at,
        p1_0.version 
    from
        projects p1_0 
    where
        p1_0.id=?"
2026-05-21T01:43:23.583+03:00 level=DEBUG app=workhub corr=na method=na path=na logger=org.hibernate.SQL msg="
    select
        t1_0.id,
        t1_0.created_at,
        t1_0.name,
        t1_0.plan,
        t1_0.status,
        t1_0.updated_at,
        t1_0.version 
    from
        tenants t1_0 
    where
        t1_0.id=?"
2026-05-21T01:43:23.692+03:00 level=DEBUG app=workhub corr=na method=na path=na logger=org.hibernate.SQL msg="
    select
        j1_0.id,
        j1_0.correlation_id,
        j1_0.created_at,
        j1_0.error_message,
        j1_0.project_id,
        j1_0.status,
        j1_0.tenant_id,
        j1_0.updated_at 
    from
        jobs j1_0 
    where
        j1_0.id=? 
        and j1_0.tenant_id=?"
2026-05-21T01:43:23.692+03:00 level=DEBUG app=workhub corr=na method=na path=na logger=org.hibernate.SQL msg="
    select
        p1_0.id,
        p1_0.created_at,
        p1_0.created_by_id,
        p1_0.description,
        p1_0.end_date,
        p1_0.name,
        p1_0.project_key,
        p1_0.start_date,
        p1_0.status,
        p1_0.tenant_id,
        p1_0.updated_at,
        p1_0.version 
    from
        projects p1_0 
    where
        p1_0.id=?"
2026-05-21T01:43:23.693+03:00 level=DEBUG app=workhub corr=na method=na path=na logger=org.hibernate.SQL msg="
    select
        t1_0.id,
        t1_0.created_at,
        t1_0.name,
        t1_0.plan,
        t1_0.status,
        t1_0.updated_at,
        t1_0.version 
    from
        tenants t1_0 
    where
        t1_0.id=?"
2026-05-21T01:43:23.803+03:00 level=DEBUG app=workhub corr=na method=na path=na logger=org.hibernate.SQL msg="
    select
        j1_0.id,
        j1_0.correlation_id,
        j1_0.created_at,
        j1_0.error_message,
        j1_0.project_id,
        j1_0.status,
        j1_0.tenant_id,
        j1_0.updated_at 
    from
        jobs j1_0 
    where
        j1_0.id=? 
        and j1_0.tenant_id=?"
2026-05-21T01:43:23.803+03:00 level=DEBUG app=workhub corr=na method=na path=na logger=org.hibernate.SQL msg="
    select
        p1_0.id,
        p1_0.created_at,
        p1_0.created_by_id,
        p1_0.description,
        p1_0.end_date,
        p1_0.name,
        p1_0.project_key,
        p1_0.start_date,
        p1_0.status,
        p1_0.tenant_id,
        p1_0.updated_at,
        p1_0.version 
    from
        projects p1_0 
    where
        p1_0.id=?"
2026-05-21T01:43:23.804+03:00 level=DEBUG app=workhub corr=na method=na path=na logger=org.hibernate.SQL msg="
    select
        t1_0.id,
        t1_0.created_at,
        t1_0.name,
        t1_0.plan,
        t1_0.status,
        t1_0.updated_at,
        t1_0.version 
    from
        tenants t1_0 
    where
        t1_0.id=?"
2026-05-21T01:43:23.908+03:00 level=DEBUG app=workhub corr=na method=na path=na logger=org.hibernate.SQL msg="
    select
        j1_0.id,
        j1_0.correlation_id,
        j1_0.created_at,
        j1_0.error_message,
        j1_0.project_id,
        j1_0.status,
        j1_0.tenant_id,
        j1_0.updated_at 
    from
        jobs j1_0 
    where
        j1_0.id=? 
        and j1_0.tenant_id=?"
2026-05-21T01:43:23.908+03:00 level=DEBUG app=workhub corr=na method=na path=na logger=org.hibernate.SQL msg="
    select
        p1_0.id,
        p1_0.created_at,
        p1_0.created_by_id,
        p1_0.description,
        p1_0.end_date,
        p1_0.name,
        p1_0.project_key,
        p1_0.start_date,
        p1_0.status,
        p1_0.tenant_id,
        p1_0.updated_at,
        p1_0.version 
    from
        projects p1_0 
    where
        p1_0.id=?"
2026-05-21T01:43:23.910+03:00 level=DEBUG app=workhub corr=na method=na path=na logger=org.hibernate.SQL msg="
    select
        t1_0.id,
        t1_0.created_at,
        t1_0.name,
        t1_0.plan,
        t1_0.status,
        t1_0.updated_at,
        t1_0.version 
    from
        tenants t1_0 
    where
        t1_0.id=?"
2026-05-21T01:43:24.018+03:00 level=DEBUG app=workhub corr=na method=na path=na logger=org.hibernate.SQL msg="
    select
        j1_0.id,
        j1_0.correlation_id,
        j1_0.created_at,
        j1_0.error_message,
        j1_0.project_id,
        j1_0.status,
        j1_0.tenant_id,
        j1_0.updated_at 
    from
        jobs j1_0 
    where
        j1_0.id=? 
        and j1_0.tenant_id=?"
2026-05-21T01:43:24.019+03:00 level=DEBUG app=workhub corr=na method=na path=na logger=org.hibernate.SQL msg="
    select
        p1_0.id,
        p1_0.created_at,
        p1_0.created_by_id,
        p1_0.description,
        p1_0.end_date,
        p1_0.name,
        p1_0.project_key,
        p1_0.start_date,
        p1_0.status,
        p1_0.tenant_id,
        p1_0.updated_at,
        p1_0.version 
    from
        projects p1_0 
    where
        p1_0.id=?"
2026-05-21T01:43:24.020+03:00 level=DEBUG app=workhub corr=na method=na path=na logger=org.hibernate.SQL msg="
    select
        t1_0.id,
        t1_0.created_at,
        t1_0.name,
        t1_0.plan,
        t1_0.status,
        t1_0.updated_at,
        t1_0.version 
    from
        tenants t1_0 
    where
        t1_0.id=?"
2026-05-21T01:43:24.127+03:00 level=DEBUG app=workhub corr=na method=na path=na logger=org.hibernate.SQL msg="
    select
        j1_0.id,
        j1_0.correlation_id,
        j1_0.created_at,
        j1_0.error_message,
        j1_0.project_id,
        j1_0.status,
        j1_0.tenant_id,
        j1_0.updated_at 
    from
        jobs j1_0 
    where
        j1_0.id=? 
        and j1_0.tenant_id=?"
2026-05-21T01:43:24.128+03:00 level=DEBUG app=workhub corr=na method=na path=na logger=org.hibernate.SQL msg="
    select
        p1_0.id,
        p1_0.created_at,
        p1_0.created_by_id,
        p1_0.description,
        p1_0.end_date,
        p1_0.name,
        p1_0.project_key,
        p1_0.start_date,
        p1_0.status,
        p1_0.tenant_id,
        p1_0.updated_at,
        p1_0.version 
    from
        projects p1_0 
    where
        p1_0.id=?"
2026-05-21T01:43:24.128+03:00 level=DEBUG app=workhub corr=na method=na path=na logger=org.hibernate.SQL msg="
    select
        t1_0.id,
        t1_0.created_at,
        t1_0.name,
        t1_0.plan,
        t1_0.status,
        t1_0.updated_at,
        t1_0.version 
    from
        tenants t1_0 
    where
        t1_0.id=?"
2026-05-21T01:43:24.235+03:00 level=DEBUG app=workhub corr=na method=na path=na logger=org.hibernate.SQL msg="
    select
        j1_0.id,
        j1_0.correlation_id,
        j1_0.created_at,
        j1_0.error_message,
        j1_0.project_id,
        j1_0.status,
        j1_0.tenant_id,
        j1_0.updated_at 
    from
        jobs j1_0 
    where
        j1_0.id=? 
        and j1_0.tenant_id=?"
2026-05-21T01:43:24.235+03:00 level=DEBUG app=workhub corr=na method=na path=na logger=org.hibernate.SQL msg="
    select
        p1_0.id,
        p1_0.created_at,
        p1_0.created_by_id,
        p1_0.description,
        p1_0.end_date,
        p1_0.name,
        p1_0.project_key,
        p1_0.start_date,
        p1_0.status,
        p1_0.tenant_id,
        p1_0.updated_at,
        p1_0.version 
    from
        projects p1_0 
    where
        p1_0.id=?"
2026-05-21T01:43:24.236+03:00 level=DEBUG app=workhub corr=na method=na path=na logger=org.hibernate.SQL msg="
    select
        t1_0.id,
        t1_0.created_at,
        t1_0.name,
        t1_0.plan,
        t1_0.status,
        t1_0.updated_at,
        t1_0.version 
    from
        tenants t1_0 
    where
        t1_0.id=?"
2026-05-21T01:43:24.345+03:00 level=DEBUG app=workhub corr=na method=na path=na logger=org.hibernate.SQL msg="
    select
        j1_0.id,
        j1_0.correlation_id,
        j1_0.created_at,
        j1_0.error_message,
        j1_0.project_id,
        j1_0.status,
        j1_0.tenant_id,
        j1_0.updated_at 
    from
        jobs j1_0 
    where
        j1_0.id=? 
        and j1_0.tenant_id=?"
2026-05-21T01:43:24.345+03:00 level=DEBUG app=workhub corr=na method=na path=na logger=org.hibernate.SQL msg="
    select
        p1_0.id,
        p1_0.created_at,
        p1_0.created_by_id,
        p1_0.description,
        p1_0.end_date,
        p1_0.name,
        p1_0.project_key,
        p1_0.start_date,
        p1_0.status,
        p1_0.tenant_id,
        p1_0.updated_at,
        p1_0.version 
    from
        projects p1_0 
    where
        p1_0.id=?"
2026-05-21T01:43:24.346+03:00 level=DEBUG app=workhub corr=na method=na path=na logger=org.hibernate.SQL msg="
    select
        t1_0.id,
        t1_0.created_at,
        t1_0.name,
        t1_0.plan,
        t1_0.status,
        t1_0.updated_at,
        t1_0.version 
    from
        tenants t1_0 
    where
        t1_0.id=?"
2026-05-21T01:43:24.455+03:00 level=DEBUG app=workhub corr=na method=na path=na logger=org.hibernate.SQL msg="
    select
        j1_0.id,
        j1_0.correlation_id,
        j1_0.created_at,
        j1_0.error_message,
        j1_0.project_id,
        j1_0.status,
        j1_0.tenant_id,
        j1_0.updated_at 
    from
        jobs j1_0 
    where
        j1_0.id=? 
        and j1_0.tenant_id=?"
2026-05-21T01:43:24.455+03:00 level=DEBUG app=workhub corr=na method=na path=na logger=org.hibernate.SQL msg="
    select
        p1_0.id,
        p1_0.created_at,
        p1_0.created_by_id,
        p1_0.description,
        p1_0.end_date,
        p1_0.name,
        p1_0.project_key,
        p1_0.start_date,
        p1_0.status,
        p1_0.tenant_id,
        p1_0.updated_at,
        p1_0.version 
    from
        projects p1_0 
    where
        p1_0.id=?"
2026-05-21T01:43:24.456+03:00 level=DEBUG app=workhub corr=na method=na path=na logger=org.hibernate.SQL msg="
    select
        t1_0.id,
        t1_0.created_at,
        t1_0.name,
        t1_0.plan,
        t1_0.status,
        t1_0.updated_at,
        t1_0.version 
    from
        tenants t1_0 
    where
        t1_0.id=?"
2026-05-21T01:43:24.562+03:00 level=DEBUG app=workhub corr=na method=na path=na logger=org.hibernate.SQL msg="
    select
        j1_0.id,
        j1_0.correlation_id,
        j1_0.created_at,
        j1_0.error_message,
        j1_0.project_id,
        j1_0.status,
        j1_0.tenant_id,
        j1_0.updated_at 
    from
        jobs j1_0 
    where
        j1_0.id=? 
        and j1_0.tenant_id=?"
2026-05-21T01:43:24.563+03:00 level=DEBUG app=workhub corr=na method=na path=na logger=org.hibernate.SQL msg="
    select
        p1_0.id,
        p1_0.created_at,
        p1_0.created_by_id,
        p1_0.description,
        p1_0.end_date,
        p1_0.name,
        p1_0.project_key,
        p1_0.start_date,
        p1_0.status,
        p1_0.tenant_id,
        p1_0.updated_at,
        p1_0.version 
    from
        projects p1_0 
    where
        p1_0.id=?"
2026-05-21T01:43:24.563+03:00 level=DEBUG app=workhub corr=na method=na path=na logger=org.hibernate.SQL msg="
    select
        t1_0.id,
        t1_0.created_at,
        t1_0.name,
        t1_0.plan,
        t1_0.status,
        t1_0.updated_at,
        t1_0.version 
    from
        tenants t1_0 
    where
        t1_0.id=?"
2026-05-21T01:43:24.671+03:00 level=DEBUG app=workhub corr=na method=na path=na logger=org.hibernate.SQL msg="
    select
        j1_0.id,
        j1_0.correlation_id,
        j1_0.created_at,
        j1_0.error_message,
        j1_0.project_id,
        j1_0.status,
        j1_0.tenant_id,
        j1_0.updated_at 
    from
        jobs j1_0 
    where
        j1_0.id=? 
        and j1_0.tenant_id=?"
2026-05-21T01:43:24.671+03:00 level=DEBUG app=workhub corr=na method=na path=na logger=org.hibernate.SQL msg="
    select
        p1_0.id,
        p1_0.created_at,
        p1_0.created_by_id,
        p1_0.description,
        p1_0.end_date,
        p1_0.name,
        p1_0.project_key,
        p1_0.start_date,
        p1_0.status,
        p1_0.tenant_id,
        p1_0.updated_at,
        p1_0.version 
    from
        projects p1_0 
    where
        p1_0.id=?"
2026-05-21T01:43:24.672+03:00 level=DEBUG app=workhub corr=na method=na path=na logger=org.hibernate.SQL msg="
    select
        t1_0.id,
        t1_0.created_at,
        t1_0.name,
        t1_0.plan,
        t1_0.status,
        t1_0.updated_at,
        t1_0.version 
    from
        tenants t1_0 
    where
        t1_0.id=?"
2026-05-21T01:43:24.782+03:00 level=DEBUG app=workhub corr=na method=na path=na logger=org.hibernate.SQL msg="
    select
        j1_0.id,
        j1_0.correlation_id,
        j1_0.created_at,
        j1_0.error_message,
        j1_0.project_id,
        j1_0.status,
        j1_0.tenant_id,
        j1_0.updated_at 
    from
        jobs j1_0 
    where
        j1_0.id=? 
        and j1_0.tenant_id=?"
2026-05-21T01:43:24.783+03:00 level=DEBUG app=workhub corr=na method=na path=na logger=org.hibernate.SQL msg="
    select
        p1_0.id,
        p1_0.created_at,
        p1_0.created_by_id,
        p1_0.description,
        p1_0.end_date,
        p1_0.name,
        p1_0.project_key,
        p1_0.start_date,
        p1_0.status,
        p1_0.tenant_id,
        p1_0.updated_at,
        p1_0.version 
    from
        projects p1_0 
    where
        p1_0.id=?"
2026-05-21T01:43:24.783+03:00 level=DEBUG app=workhub corr=na method=na path=na logger=org.hibernate.SQL msg="
    select
        t1_0.id,
        t1_0.created_at,
        t1_0.name,
        t1_0.plan,
        t1_0.status,
        t1_0.updated_at,
        t1_0.version 
    from
        tenants t1_0 
    where
        t1_0.id=?"
2026-05-21T01:43:24.890+03:00 level=DEBUG app=workhub corr=na method=na path=na logger=org.hibernate.SQL msg="
    select
        j1_0.id,
        j1_0.correlation_id,
        j1_0.created_at,
        j1_0.error_message,
        j1_0.project_id,
        j1_0.status,
        j1_0.tenant_id,
        j1_0.updated_at 
    from
        jobs j1_0 
    where
        j1_0.id=? 
        and j1_0.tenant_id=?"
2026-05-21T01:43:24.891+03:00 level=DEBUG app=workhub corr=na method=na path=na logger=org.hibernate.SQL msg="
    select
        p1_0.id,
        p1_0.created_at,
        p1_0.created_by_id,
        p1_0.description,
        p1_0.end_date,
        p1_0.name,
        p1_0.project_key,
        p1_0.start_date,
        p1_0.status,
        p1_0.tenant_id,
        p1_0.updated_at,
        p1_0.version 
    from
        projects p1_0 
    where
        p1_0.id=?"
2026-05-21T01:43:24.892+03:00 level=DEBUG app=workhub corr=na method=na path=na logger=org.hibernate.SQL msg="
    select
        t1_0.id,
        t1_0.created_at,
        t1_0.name,
        t1_0.plan,
        t1_0.status,
        t1_0.updated_at,
        t1_0.version 
    from
        tenants t1_0 
    where
        t1_0.id=?"
2026-05-21T01:43:25.001+03:00 level=DEBUG app=workhub corr=na method=na path=na logger=org.hibernate.SQL msg="
    select
        j1_0.id,
        j1_0.correlation_id,
        j1_0.created_at,
        j1_0.error_message,
        j1_0.project_id,
        j1_0.status,
        j1_0.tenant_id,
        j1_0.updated_at 
    from
        jobs j1_0 
    where
        j1_0.id=? 
        and j1_0.tenant_id=?"
2026-05-21T01:43:25.001+03:00 level=DEBUG app=workhub corr=na method=na path=na logger=org.hibernate.SQL msg="
    select
        p1_0.id,
        p1_0.created_at,
        p1_0.created_by_id,
        p1_0.description,
        p1_0.end_date,
        p1_0.name,
        p1_0.project_key,
        p1_0.start_date,
        p1_0.status,
        p1_0.tenant_id,
        p1_0.updated_at,
        p1_0.version 
    from
        projects p1_0 
    where
        p1_0.id=?"
2026-05-21T01:43:25.001+03:00 level=DEBUG app=workhub corr=na method=na path=na logger=org.hibernate.SQL msg="
    select
        t1_0.id,
        t1_0.created_at,
        t1_0.name,
        t1_0.plan,
        t1_0.status,
        t1_0.updated_at,
        t1_0.version 
    from
        tenants t1_0 
    where
        t1_0.id=?"
2026-05-21T01:43:25.108+03:00 level=DEBUG app=workhub corr=na method=na path=na logger=org.hibernate.SQL msg="
    select
        j1_0.id,
        j1_0.correlation_id,
        j1_0.created_at,
        j1_0.error_message,
        j1_0.project_id,
        j1_0.status,
        j1_0.tenant_id,
        j1_0.updated_at 
    from
        jobs j1_0 
    where
        j1_0.id=? 
        and j1_0.tenant_id=?"
2026-05-21T01:43:25.108+03:00 level=DEBUG app=workhub corr=na method=na path=na logger=org.hibernate.SQL msg="
    select
        p1_0.id,
        p1_0.created_at,
        p1_0.created_by_id,
        p1_0.description,
        p1_0.end_date,
        p1_0.name,
        p1_0.project_key,
        p1_0.start_date,
        p1_0.status,
        p1_0.tenant_id,
        p1_0.updated_at,
        p1_0.version 
    from
        projects p1_0 
    where
        p1_0.id=?"
2026-05-21T01:43:25.109+03:00 level=DEBUG app=workhub corr=na method=na path=na logger=org.hibernate.SQL msg="
    select
        t1_0.id,
        t1_0.created_at,
        t1_0.name,
        t1_0.plan,
        t1_0.status,
        t1_0.updated_at,
        t1_0.version 
    from
        tenants t1_0 
    where
        t1_0.id=?"
2026-05-21T01:43:25.218+03:00 level=DEBUG app=workhub corr=na method=na path=na logger=org.hibernate.SQL msg="
    select
        j1_0.id,
        j1_0.correlation_id,
        j1_0.created_at,
        j1_0.error_message,
        j1_0.project_id,
        j1_0.status,
        j1_0.tenant_id,
        j1_0.updated_at 
    from
        jobs j1_0 
    where
        j1_0.id=? 
        and j1_0.tenant_id=?"
2026-05-21T01:43:25.218+03:00 level=DEBUG app=workhub corr=na method=na path=na logger=org.hibernate.SQL msg="
    select
        p1_0.id,
        p1_0.created_at,
        p1_0.created_by_id,
        p1_0.description,
        p1_0.end_date,
        p1_0.name,
        p1_0.project_key,
        p1_0.start_date,
        p1_0.status,
        p1_0.tenant_id,
        p1_0.updated_at,
        p1_0.version 
    from
        projects p1_0 
    where
        p1_0.id=?"
2026-05-21T01:43:25.219+03:00 level=DEBUG app=workhub corr=na method=na path=na logger=org.hibernate.SQL msg="
    select
        t1_0.id,
        t1_0.created_at,
        t1_0.name,
        t1_0.plan,
        t1_0.status,
        t1_0.updated_at,
        t1_0.version 
    from
        tenants t1_0 
    where
        t1_0.id=?"
2026-05-21T01:43:25.326+03:00 level=DEBUG app=workhub corr=na method=na path=na logger=org.hibernate.SQL msg="
    select
        j1_0.id,
        j1_0.correlation_id,
        j1_0.created_at,
        j1_0.error_message,
        j1_0.project_id,
        j1_0.status,
        j1_0.tenant_id,
        j1_0.updated_at 
    from
        jobs j1_0 
    where
        j1_0.id=? 
        and j1_0.tenant_id=?"
2026-05-21T01:43:25.326+03:00 level=DEBUG app=workhub corr=na method=na path=na logger=org.hibernate.SQL msg="
    select
        p1_0.id,
        p1_0.created_at,
        p1_0.created_by_id,
        p1_0.description,
        p1_0.end_date,
        p1_0.name,
        p1_0.project_key,
        p1_0.start_date,
        p1_0.status,
        p1_0.tenant_id,
        p1_0.updated_at,
        p1_0.version 
    from
        projects p1_0 
    where
        p1_0.id=?"
2026-05-21T01:43:25.326+03:00 level=DEBUG app=workhub corr=na method=na path=na logger=org.hibernate.SQL msg="
    select
        t1_0.id,
        t1_0.created_at,
        t1_0.name,
        t1_0.plan,
        t1_0.status,
        t1_0.updated_at,
        t1_0.version 
    from
        tenants t1_0 
    where
        t1_0.id=?"
2026-05-21T01:43:25.432+03:00 level=DEBUG app=workhub corr=na method=na path=na logger=org.hibernate.SQL msg="
    select
        j1_0.id,
        j1_0.correlation_id,
        j1_0.created_at,
        j1_0.error_message,
        j1_0.project_id,
        j1_0.status,
        j1_0.tenant_id,
        j1_0.updated_at 
    from
        jobs j1_0 
    where
        j1_0.id=? 
        and j1_0.tenant_id=?"
2026-05-21T01:43:25.433+03:00 level=DEBUG app=workhub corr=na method=na path=na logger=org.hibernate.SQL msg="
    select
        p1_0.id,
        p1_0.created_at,
        p1_0.created_by_id,
        p1_0.description,
        p1_0.end_date,
        p1_0.name,
        p1_0.project_key,
        p1_0.start_date,
        p1_0.status,
        p1_0.tenant_id,
        p1_0.updated_at,
        p1_0.version 
    from
        projects p1_0 
    where
        p1_0.id=?"
2026-05-21T01:43:25.433+03:00 level=DEBUG app=workhub corr=na method=na path=na logger=org.hibernate.SQL msg="
    select
        t1_0.id,
        t1_0.created_at,
        t1_0.name,
        t1_0.plan,
        t1_0.status,
        t1_0.updated_at,
        t1_0.version 
    from
        tenants t1_0 
    where
        t1_0.id=?"
2026-05-21T01:43:25.542+03:00 level=DEBUG app=workhub corr=na method=na path=na logger=org.hibernate.SQL msg="
    select
        j1_0.id,
        j1_0.correlation_id,
        j1_0.created_at,
        j1_0.error_message,
        j1_0.project_id,
        j1_0.status,
        j1_0.tenant_id,
        j1_0.updated_at 
    from
        jobs j1_0 
    where
        j1_0.id=? 
        and j1_0.tenant_id=?"
2026-05-21T01:43:25.543+03:00 level=DEBUG app=workhub corr=na method=na path=na logger=org.hibernate.SQL msg="
    select
        p1_0.id,
        p1_0.created_at,
        p1_0.created_by_id,
        p1_0.description,
        p1_0.end_date,
        p1_0.name,
        p1_0.project_key,
        p1_0.start_date,
        p1_0.status,
        p1_0.tenant_id,
        p1_0.updated_at,
        p1_0.version 
    from
        projects p1_0 
    where
        p1_0.id=?"
2026-05-21T01:43:25.544+03:00 level=DEBUG app=workhub corr=na method=na path=na logger=org.hibernate.SQL msg="
    select
        t1_0.id,
        t1_0.created_at,
        t1_0.name,
        t1_0.plan,
        t1_0.status,
        t1_0.updated_at,
        t1_0.version 
    from
        tenants t1_0 
    where
        t1_0.id=?"
2026-05-21T01:43:25.650+03:00 level=DEBUG app=workhub corr=na method=na path=na logger=org.hibernate.SQL msg="
    select
        j1_0.id,
        j1_0.correlation_id,
        j1_0.created_at,
        j1_0.error_message,
        j1_0.project_id,
        j1_0.status,
        j1_0.tenant_id,
        j1_0.updated_at 
    from
        jobs j1_0 
    where
        j1_0.id=? 
        and j1_0.tenant_id=?"
2026-05-21T01:43:25.651+03:00 level=DEBUG app=workhub corr=na method=na path=na logger=org.hibernate.SQL msg="
    select
        p1_0.id,
        p1_0.created_at,
        p1_0.created_by_id,
        p1_0.description,
        p1_0.end_date,
        p1_0.name,
        p1_0.project_key,
        p1_0.start_date,
        p1_0.status,
        p1_0.tenant_id,
        p1_0.updated_at,
        p1_0.version 
    from
        projects p1_0 
    where
        p1_0.id=?"
2026-05-21T01:43:25.652+03:00 level=DEBUG app=workhub corr=na method=na path=na logger=org.hibernate.SQL msg="
    select
        t1_0.id,
        t1_0.created_at,
        t1_0.name,
        t1_0.plan,
        t1_0.status,
        t1_0.updated_at,
        t1_0.version 
    from
        tenants t1_0 
    where
        t1_0.id=?"
2026-05-21T01:43:25.758+03:00 level=DEBUG app=workhub corr=na method=na path=na logger=org.hibernate.SQL msg="
    select
        j1_0.id,
        j1_0.correlation_id,
        j1_0.created_at,
        j1_0.error_message,
        j1_0.project_id,
        j1_0.status,
        j1_0.tenant_id,
        j1_0.updated_at 
    from
        jobs j1_0 
    where
        j1_0.id=? 
        and j1_0.tenant_id=?"
2026-05-21T01:43:25.759+03:00 level=DEBUG app=workhub corr=na method=na path=na logger=org.hibernate.SQL msg="
    select
        p1_0.id,
        p1_0.created_at,
        p1_0.created_by_id,
        p1_0.description,
        p1_0.end_date,
        p1_0.name,
        p1_0.project_key,
        p1_0.start_date,
        p1_0.status,
        p1_0.tenant_id,
        p1_0.updated_at,
        p1_0.version 
    from
        projects p1_0 
    where
        p1_0.id=?"
2026-05-21T01:43:25.760+03:00 level=DEBUG app=workhub corr=na method=na path=na logger=org.hibernate.SQL msg="
    select
        t1_0.id,
        t1_0.created_at,
        t1_0.name,
        t1_0.plan,
        t1_0.status,
        t1_0.updated_at,
        t1_0.version 
    from
        tenants t1_0 
    where
        t1_0.id=?"
2026-05-21T01:43:25.868+03:00 level=DEBUG app=workhub corr=na method=na path=na logger=org.hibernate.SQL msg="
    select
        j1_0.id,
        j1_0.correlation_id,
        j1_0.created_at,
        j1_0.error_message,
        j1_0.project_id,
        j1_0.status,
        j1_0.tenant_id,
        j1_0.updated_at 
    from
        jobs j1_0 
    where
        j1_0.id=? 
        and j1_0.tenant_id=?"
2026-05-21T01:43:25.869+03:00 level=DEBUG app=workhub corr=na method=na path=na logger=org.hibernate.SQL msg="
    select
        p1_0.id,
        p1_0.created_at,
        p1_0.created_by_id,
        p1_0.description,
        p1_0.end_date,
        p1_0.name,
        p1_0.project_key,
        p1_0.start_date,
        p1_0.status,
        p1_0.tenant_id,
        p1_0.updated_at,
        p1_0.version 
    from
        projects p1_0 
    where
        p1_0.id=?"
2026-05-21T01:43:25.869+03:00 level=DEBUG app=workhub corr=na method=na path=na logger=org.hibernate.SQL msg="
    select
        t1_0.id,
        t1_0.created_at,
        t1_0.name,
        t1_0.plan,
        t1_0.status,
        t1_0.updated_at,
        t1_0.version 
    from
        tenants t1_0 
    where
        t1_0.id=?"
2026-05-21T01:43:25.977+03:00 level=DEBUG app=workhub corr=na method=na path=na logger=org.hibernate.SQL msg="
    select
        j1_0.id,
        j1_0.correlation_id,
        j1_0.created_at,
        j1_0.error_message,
        j1_0.project_id,
        j1_0.status,
        j1_0.tenant_id,
        j1_0.updated_at 
    from
        jobs j1_0 
    where
        j1_0.id=? 
        and j1_0.tenant_id=?"
2026-05-21T01:43:25.977+03:00 level=DEBUG app=workhub corr=na method=na path=na logger=org.hibernate.SQL msg="
    select
        p1_0.id,
        p1_0.created_at,
        p1_0.created_by_id,
        p1_0.description,
        p1_0.end_date,
        p1_0.name,
        p1_0.project_key,
        p1_0.start_date,
        p1_0.status,
        p1_0.tenant_id,
        p1_0.updated_at,
        p1_0.version 
    from
        projects p1_0 
    where
        p1_0.id=?"
2026-05-21T01:43:25.978+03:00 level=DEBUG app=workhub corr=na method=na path=na logger=org.hibernate.SQL msg="
    select
        t1_0.id,
        t1_0.created_at,
        t1_0.name,
        t1_0.plan,
        t1_0.status,
        t1_0.updated_at,
        t1_0.version 
    from
        tenants t1_0 
    where
        t1_0.id=?"
2026-05-21T01:43:26.086+03:00 level=DEBUG app=workhub corr=na method=na path=na logger=org.hibernate.SQL msg="
    select
        j1_0.id,
        j1_0.correlation_id,
        j1_0.created_at,
        j1_0.error_message,
        j1_0.project_id,
        j1_0.status,
        j1_0.tenant_id,
        j1_0.updated_at 
    from
        jobs j1_0 
    where
        j1_0.id=? 
        and j1_0.tenant_id=?"
2026-05-21T01:43:26.087+03:00 level=DEBUG app=workhub corr=na method=na path=na logger=org.hibernate.SQL msg="
    select
        p1_0.id,
        p1_0.created_at,
        p1_0.created_by_id,
        p1_0.description,
        p1_0.end_date,
        p1_0.name,
        p1_0.project_key,
        p1_0.start_date,
        p1_0.status,
        p1_0.tenant_id,
        p1_0.updated_at,
        p1_0.version 
    from
        projects p1_0 
    where
        p1_0.id=?"
2026-05-21T01:43:26.087+03:00 level=DEBUG app=workhub corr=na method=na path=na logger=org.hibernate.SQL msg="
    select
        t1_0.id,
        t1_0.created_at,
        t1_0.name,
        t1_0.plan,
        t1_0.status,
        t1_0.updated_at,
        t1_0.version 
    from
        tenants t1_0 
    where
        t1_0.id=?"
2026-05-21T01:43:26.194+03:00 level=DEBUG app=workhub corr=na method=na path=na logger=org.hibernate.SQL msg="
    select
        j1_0.id,
        j1_0.correlation_id,
        j1_0.created_at,
        j1_0.error_message,
        j1_0.project_id,
        j1_0.status,
        j1_0.tenant_id,
        j1_0.updated_at 
    from
        jobs j1_0 
    where
        j1_0.id=? 
        and j1_0.tenant_id=?"
2026-05-21T01:43:26.195+03:00 level=DEBUG app=workhub corr=na method=na path=na logger=org.hibernate.SQL msg="
    select
        p1_0.id,
        p1_0.created_at,
        p1_0.created_by_id,
        p1_0.description,
        p1_0.end_date,
        p1_0.name,
        p1_0.project_key,
        p1_0.start_date,
        p1_0.status,
        p1_0.tenant_id,
        p1_0.updated_at,
        p1_0.version 
    from
        projects p1_0 
    where
        p1_0.id=?"
2026-05-21T01:43:26.195+03:00 level=DEBUG app=workhub corr=na method=na path=na logger=org.hibernate.SQL msg="
    select
        t1_0.id,
        t1_0.created_at,
        t1_0.name,
        t1_0.plan,
        t1_0.status,
        t1_0.updated_at,
        t1_0.version 
    from
        tenants t1_0 
    where
        t1_0.id=?"
2026-05-21T01:43:26.303+03:00 level=DEBUG app=workhub corr=na method=na path=na logger=org.hibernate.SQL msg="
    select
        j1_0.id,
        j1_0.correlation_id,
        j1_0.created_at,
        j1_0.error_message,
        j1_0.project_id,
        j1_0.status,
        j1_0.tenant_id,
        j1_0.updated_at 
    from
        jobs j1_0 
    where
        j1_0.id=? 
        and j1_0.tenant_id=?"
2026-05-21T01:43:26.304+03:00 level=DEBUG app=workhub corr=na method=na path=na logger=org.hibernate.SQL msg="
    select
        p1_0.id,
        p1_0.created_at,
        p1_0.created_by_id,
        p1_0.description,
        p1_0.end_date,
        p1_0.name,
        p1_0.project_key,
        p1_0.start_date,
        p1_0.status,
        p1_0.tenant_id,
        p1_0.updated_at,
        p1_0.version 
    from
        projects p1_0 
    where
        p1_0.id=?"
2026-05-21T01:43:26.304+03:00 level=DEBUG app=workhub corr=na method=na path=na logger=org.hibernate.SQL msg="
    select
        t1_0.id,
        t1_0.created_at,
        t1_0.name,
        t1_0.plan,
        t1_0.status,
        t1_0.updated_at,
        t1_0.version 
    from
        tenants t1_0 
    where
        t1_0.id=?"
2026-05-21T01:43:26.412+03:00 level=DEBUG app=workhub corr=na method=na path=na logger=org.hibernate.SQL msg="
    select
        j1_0.id,
        j1_0.correlation_id,
        j1_0.created_at,
        j1_0.error_message,
        j1_0.project_id,
        j1_0.status,
        j1_0.tenant_id,
        j1_0.updated_at 
    from
        jobs j1_0 
    where
        j1_0.id=? 
        and j1_0.tenant_id=?"
2026-05-21T01:43:26.413+03:00 level=DEBUG app=workhub corr=na method=na path=na logger=org.hibernate.SQL msg="
    select
        p1_0.id,
        p1_0.created_at,
        p1_0.created_by_id,
        p1_0.description,
        p1_0.end_date,
        p1_0.name,
        p1_0.project_key,
        p1_0.start_date,
        p1_0.status,
        p1_0.tenant_id,
        p1_0.updated_at,
        p1_0.version 
    from
        projects p1_0 
    where
        p1_0.id=?"
2026-05-21T01:43:26.413+03:00 level=DEBUG app=workhub corr=na method=na path=na logger=org.hibernate.SQL msg="
    select
        t1_0.id,
        t1_0.created_at,
        t1_0.name,
        t1_0.plan,
        t1_0.status,
        t1_0.updated_at,
        t1_0.version 
    from
        tenants t1_0 
    where
        t1_0.id=?"
2026-05-21T01:43:26.523+03:00 level=DEBUG app=workhub corr=na method=na path=na logger=org.hibernate.SQL msg="
    select
        j1_0.id,
        j1_0.correlation_id,
        j1_0.created_at,
        j1_0.error_message,
        j1_0.project_id,
        j1_0.status,
        j1_0.tenant_id,
        j1_0.updated_at 
    from
        jobs j1_0 
    where
        j1_0.id=? 
        and j1_0.tenant_id=?"
2026-05-21T01:43:26.524+03:00 level=DEBUG app=workhub corr=na method=na path=na logger=org.hibernate.SQL msg="
    select
        p1_0.id,
        p1_0.created_at,
        p1_0.created_by_id,
        p1_0.description,
        p1_0.end_date,
        p1_0.name,
        p1_0.project_key,
        p1_0.start_date,
        p1_0.status,
        p1_0.tenant_id,
        p1_0.updated_at,
        p1_0.version 
    from
        projects p1_0 
    where
        p1_0.id=?"
2026-05-21T01:43:26.525+03:00 level=DEBUG app=workhub corr=na method=na path=na logger=org.hibernate.SQL msg="
    select
        t1_0.id,
        t1_0.created_at,
        t1_0.name,
        t1_0.plan,
        t1_0.status,
        t1_0.updated_at,
        t1_0.version 
    from
        tenants t1_0 
    where
        t1_0.id=?"
2026-05-21T01:43:26.632+03:00 level=DEBUG app=workhub corr=na method=na path=na logger=org.hibernate.SQL msg="
    select
        j1_0.id,
        j1_0.correlation_id,
        j1_0.created_at,
        j1_0.error_message,
        j1_0.project_id,
        j1_0.status,
        j1_0.tenant_id,
        j1_0.updated_at 
    from
        jobs j1_0 
    where
        j1_0.id=? 
        and j1_0.tenant_id=?"
2026-05-21T01:43:26.632+03:00 level=DEBUG app=workhub corr=na method=na path=na logger=org.hibernate.SQL msg="
    select
        p1_0.id,
        p1_0.created_at,
        p1_0.created_by_id,
        p1_0.description,
        p1_0.end_date,
        p1_0.name,
        p1_0.project_key,
        p1_0.start_date,
        p1_0.status,
        p1_0.tenant_id,
        p1_0.updated_at,
        p1_0.version 
    from
        projects p1_0 
    where
        p1_0.id=?"
2026-05-21T01:43:26.633+03:00 level=DEBUG app=workhub corr=na method=na path=na logger=org.hibernate.SQL msg="
    select
        t1_0.id,
        t1_0.created_at,
        t1_0.name,
        t1_0.plan,
        t1_0.status,
        t1_0.updated_at,
        t1_0.version 
    from
        tenants t1_0 
    where
        t1_0.id=?"
2026-05-21T01:43:26.742+03:00 level=DEBUG app=workhub corr=na method=na path=na logger=org.hibernate.SQL msg="
    select
        j1_0.id,
        j1_0.correlation_id,
        j1_0.created_at,
        j1_0.error_message,
        j1_0.project_id,
        j1_0.status,
        j1_0.tenant_id,
        j1_0.updated_at 
    from
        jobs j1_0 
    where
        j1_0.id=? 
        and j1_0.tenant_id=?"
2026-05-21T01:43:26.742+03:00 level=DEBUG app=workhub corr=na method=na path=na logger=org.hibernate.SQL msg="
    select
        p1_0.id,
        p1_0.created_at,
        p1_0.created_by_id,
        p1_0.description,
        p1_0.end_date,
        p1_0.name,
        p1_0.project_key,
        p1_0.start_date,
        p1_0.status,
        p1_0.tenant_id,
        p1_0.updated_at,
        p1_0.version 
    from
        projects p1_0 
    where
        p1_0.id=?"
2026-05-21T01:43:26.743+03:00 level=DEBUG app=workhub corr=na method=na path=na logger=org.hibernate.SQL msg="
    select
        t1_0.id,
        t1_0.created_at,
        t1_0.name,
        t1_0.plan,
        t1_0.status,
        t1_0.updated_at,
        t1_0.version 
    from
        tenants t1_0 
    where
        t1_0.id=?"
2026-05-21T01:43:26.851+03:00 level=DEBUG app=workhub corr=na method=na path=na logger=org.hibernate.SQL msg="
    select
        j1_0.id,
        j1_0.correlation_id,
        j1_0.created_at,
        j1_0.error_message,
        j1_0.project_id,
        j1_0.status,
        j1_0.tenant_id,
        j1_0.updated_at 
    from
        jobs j1_0 
    where
        j1_0.id=? 
        and j1_0.tenant_id=?"
2026-05-21T01:43:26.852+03:00 level=DEBUG app=workhub corr=na method=na path=na logger=org.hibernate.SQL msg="
    select
        p1_0.id,
        p1_0.created_at,
        p1_0.created_by_id,
        p1_0.description,
        p1_0.end_date,
        p1_0.name,
        p1_0.project_key,
        p1_0.start_date,
        p1_0.status,
        p1_0.tenant_id,
        p1_0.updated_at,
        p1_0.version 
    from
        projects p1_0 
    where
        p1_0.id=?"
2026-05-21T01:43:26.852+03:00 level=DEBUG app=workhub corr=na method=na path=na logger=org.hibernate.SQL msg="
    select
        t1_0.id,
        t1_0.created_at,
        t1_0.name,
        t1_0.plan,
        t1_0.status,
        t1_0.updated_at,
        t1_0.version 
    from
        tenants t1_0 
    where
        t1_0.id=?"
2026-05-21T01:43:26.960+03:00 level=DEBUG app=workhub corr=na method=na path=na logger=org.hibernate.SQL msg="
    select
        j1_0.id,
        j1_0.correlation_id,
        j1_0.created_at,
        j1_0.error_message,
        j1_0.project_id,
        j1_0.status,
        j1_0.tenant_id,
        j1_0.updated_at 
    from
        jobs j1_0 
    where
        j1_0.id=? 
        and j1_0.tenant_id=?"
2026-05-21T01:43:26.961+03:00 level=DEBUG app=workhub corr=na method=na path=na logger=org.hibernate.SQL msg="
    select
        p1_0.id,
        p1_0.created_at,
        p1_0.created_by_id,
        p1_0.description,
        p1_0.end_date,
        p1_0.name,
        p1_0.project_key,
        p1_0.start_date,
        p1_0.status,
        p1_0.tenant_id,
        p1_0.updated_at,
        p1_0.version 
    from
        projects p1_0 
    where
        p1_0.id=?"
2026-05-21T01:43:26.962+03:00 level=DEBUG app=workhub corr=na method=na path=na logger=org.hibernate.SQL msg="
    select
        t1_0.id,
        t1_0.created_at,
        t1_0.name,
        t1_0.plan,
        t1_0.status,
        t1_0.updated_at,
        t1_0.version 
    from
        tenants t1_0 
    where
        t1_0.id=?"
2026-05-21T01:43:27.068+03:00 level=DEBUG app=workhub corr=na method=na path=na logger=org.hibernate.SQL msg="
    select
        j1_0.id,
        j1_0.correlation_id,
        j1_0.created_at,
        j1_0.error_message,
        j1_0.project_id,
        j1_0.status,
        j1_0.tenant_id,
        j1_0.updated_at 
    from
        jobs j1_0 
    where
        j1_0.id=? 
        and j1_0.tenant_id=?"
2026-05-21T01:43:27.069+03:00 level=DEBUG app=workhub corr=na method=na path=na logger=org.hibernate.SQL msg="
    select
        p1_0.id,
        p1_0.created_at,
        p1_0.created_by_id,
        p1_0.description,
        p1_0.end_date,
        p1_0.name,
        p1_0.project_key,
        p1_0.start_date,
        p1_0.status,
        p1_0.tenant_id,
        p1_0.updated_at,
        p1_0.version 
    from
        projects p1_0 
    where
        p1_0.id=?"
2026-05-21T01:43:27.070+03:00 level=DEBUG app=workhub corr=na method=na path=na logger=org.hibernate.SQL msg="
    select
        t1_0.id,
        t1_0.created_at,
        t1_0.name,
        t1_0.plan,
        t1_0.status,
        t1_0.updated_at,
        t1_0.version 
    from
        tenants t1_0 
    where
        t1_0.id=?"
2026-05-21T01:43:27.177+03:00 level=DEBUG app=workhub corr=na method=na path=na logger=org.hibernate.SQL msg="
    select
        j1_0.id,
        j1_0.correlation_id,
        j1_0.created_at,
        j1_0.error_message,
        j1_0.project_id,
        j1_0.status,
        j1_0.tenant_id,
        j1_0.updated_at 
    from
        jobs j1_0 
    where
        j1_0.id=? 
        and j1_0.tenant_id=?"
2026-05-21T01:43:27.178+03:00 level=DEBUG app=workhub corr=na method=na path=na logger=org.hibernate.SQL msg="
    select
        p1_0.id,
        p1_0.created_at,
        p1_0.created_by_id,
        p1_0.description,
        p1_0.end_date,
        p1_0.name,
        p1_0.project_key,
        p1_0.start_date,
        p1_0.status,
        p1_0.tenant_id,
        p1_0.updated_at,
        p1_0.version 
    from
        projects p1_0 
    where
        p1_0.id=?"
2026-05-21T01:43:27.178+03:00 level=DEBUG app=workhub corr=na method=na path=na logger=org.hibernate.SQL msg="
    select
        t1_0.id,
        t1_0.created_at,
        t1_0.name,
        t1_0.plan,
        t1_0.status,
        t1_0.updated_at,
        t1_0.version 
    from
        tenants t1_0 
    where
        t1_0.id=?"
2026-05-21T01:43:27.283+03:00 level=DEBUG app=workhub corr=na method=na path=na logger=org.hibernate.SQL msg="
    select
        j1_0.id,
        j1_0.correlation_id,
        j1_0.created_at,
        j1_0.error_message,
        j1_0.project_id,
        j1_0.status,
        j1_0.tenant_id,
        j1_0.updated_at 
    from
        jobs j1_0 
    where
        j1_0.id=? 
        and j1_0.tenant_id=?"
2026-05-21T01:43:27.283+03:00 level=DEBUG app=workhub corr=na method=na path=na logger=org.hibernate.SQL msg="
    select
        p1_0.id,
        p1_0.created_at,
        p1_0.created_by_id,
        p1_0.description,
        p1_0.end_date,
        p1_0.name,
        p1_0.project_key,
        p1_0.start_date,
        p1_0.status,
        p1_0.tenant_id,
        p1_0.updated_at,
        p1_0.version 
    from
        projects p1_0 
    where
        p1_0.id=?"
2026-05-21T01:43:27.283+03:00 level=DEBUG app=workhub corr=na method=na path=na logger=org.hibernate.SQL msg="
    select
        t1_0.id,
        t1_0.created_at,
        t1_0.name,
        t1_0.plan,
        t1_0.status,
        t1_0.updated_at,
        t1_0.version 
    from
        tenants t1_0 
    where
        t1_0.id=?"
2026-05-21T01:43:27.408+03:00 level=DEBUG app=workhub corr=na method=na path=na logger=org.hibernate.SQL msg="
    select
        j1_0.id,
        j1_0.correlation_id,
        j1_0.created_at,
        j1_0.error_message,
        j1_0.project_id,
        j1_0.status,
        j1_0.tenant_id,
        j1_0.updated_at 
    from
        jobs j1_0 
    where
        j1_0.id=? 
        and j1_0.tenant_id=?"
2026-05-21T01:43:27.408+03:00 level=DEBUG app=workhub corr=na method=na path=na logger=org.hibernate.SQL msg="
    select
        p1_0.id,
        p1_0.created_at,
        p1_0.created_by_id,
        p1_0.description,
        p1_0.end_date,
        p1_0.name,
        p1_0.project_key,
        p1_0.start_date,
        p1_0.status,
        p1_0.tenant_id,
        p1_0.updated_at,
        p1_0.version 
    from
        projects p1_0 
    where
        p1_0.id=?"
2026-05-21T01:43:27.409+03:00 level=DEBUG app=workhub corr=na method=na path=na logger=org.hibernate.SQL msg="
    select
        t1_0.id,
        t1_0.created_at,
        t1_0.name,
        t1_0.plan,
        t1_0.status,
        t1_0.updated_at,
        t1_0.version 
    from
        tenants t1_0 
    where
        t1_0.id=?"
2026-05-21T01:43:27.514+03:00 level=DEBUG app=workhub corr=na method=na path=na logger=org.hibernate.SQL msg="
    select
        j1_0.id,
        j1_0.correlation_id,
        j1_0.created_at,
        j1_0.error_message,
        j1_0.project_id,
        j1_0.status,
        j1_0.tenant_id,
        j1_0.updated_at 
    from
        jobs j1_0 
    where
        j1_0.id=? 
        and j1_0.tenant_id=?"
2026-05-21T01:43:27.514+03:00 level=DEBUG app=workhub corr=na method=na path=na logger=org.hibernate.SQL msg="
    select
        p1_0.id,
        p1_0.created_at,
        p1_0.created_by_id,
        p1_0.description,
        p1_0.end_date,
        p1_0.name,
        p1_0.project_key,
        p1_0.start_date,
        p1_0.status,
        p1_0.tenant_id,
        p1_0.updated_at,
        p1_0.version 
    from
        projects p1_0 
    where
        p1_0.id=?"
2026-05-21T01:43:27.515+03:00 level=DEBUG app=workhub corr=na method=na path=na logger=org.hibernate.SQL msg="
    select
        t1_0.id,
        t1_0.created_at,
        t1_0.name,
        t1_0.plan,
        t1_0.status,
        t1_0.updated_at,
        t1_0.version 
    from
        tenants t1_0 
    where
        t1_0.id=?"
2026-05-21T01:43:27.624+03:00 level=DEBUG app=workhub corr=na method=na path=na logger=org.hibernate.SQL msg="
    select
        j1_0.id,
        j1_0.correlation_id,
        j1_0.created_at,
        j1_0.error_message,
        j1_0.project_id,
        j1_0.status,
        j1_0.tenant_id,
        j1_0.updated_at 
    from
        jobs j1_0 
    where
        j1_0.id=? 
        and j1_0.tenant_id=?"
2026-05-21T01:43:27.625+03:00 level=DEBUG app=workhub corr=na method=na path=na logger=org.hibernate.SQL msg="
    select
        p1_0.id,
        p1_0.created_at,
        p1_0.created_by_id,
        p1_0.description,
        p1_0.end_date,
        p1_0.name,
        p1_0.project_key,
        p1_0.start_date,
        p1_0.status,
        p1_0.tenant_id,
        p1_0.updated_at,
        p1_0.version 
    from
        projects p1_0 
    where
        p1_0.id=?"
2026-05-21T01:43:27.625+03:00 level=DEBUG app=workhub corr=na method=na path=na logger=org.hibernate.SQL msg="
    select
        t1_0.id,
        t1_0.created_at,
        t1_0.name,
        t1_0.plan,
        t1_0.status,
        t1_0.updated_at,
        t1_0.version 
    from
        tenants t1_0 
    where
        t1_0.id=?"
2026-05-21T01:43:27.733+03:00 level=DEBUG app=workhub corr=na method=na path=na logger=org.hibernate.SQL msg="
    select
        j1_0.id,
        j1_0.correlation_id,
        j1_0.created_at,
        j1_0.error_message,
        j1_0.project_id,
        j1_0.status,
        j1_0.tenant_id,
        j1_0.updated_at 
    from
        jobs j1_0 
    where
        j1_0.id=? 
        and j1_0.tenant_id=?"
2026-05-21T01:43:27.733+03:00 level=DEBUG app=workhub corr=na method=na path=na logger=org.hibernate.SQL msg="
    select
        p1_0.id,
        p1_0.created_at,
        p1_0.created_by_id,
        p1_0.description,
        p1_0.end_date,
        p1_0.name,
        p1_0.project_key,
        p1_0.start_date,
        p1_0.status,
        p1_0.tenant_id,
        p1_0.updated_at,
        p1_0.version 
    from
        projects p1_0 
    where
        p1_0.id=?"
2026-05-21T01:43:27.734+03:00 level=DEBUG app=workhub corr=na method=na path=na logger=org.hibernate.SQL msg="
    select
        t1_0.id,
        t1_0.created_at,
        t1_0.name,
        t1_0.plan,
        t1_0.status,
        t1_0.updated_at,
        t1_0.version 
    from
        tenants t1_0 
    where
        t1_0.id=?"
2026-05-21T01:43:27.839+03:00 level=DEBUG app=workhub corr=na method=na path=na logger=org.hibernate.SQL msg="
    select
        j1_0.id,
        j1_0.correlation_id,
        j1_0.created_at,
        j1_0.error_message,
        j1_0.project_id,
        j1_0.status,
        j1_0.tenant_id,
        j1_0.updated_at 
    from
        jobs j1_0 
    where
        j1_0.id=? 
        and j1_0.tenant_id=?"
2026-05-21T01:43:27.839+03:00 level=DEBUG app=workhub corr=na method=na path=na logger=org.hibernate.SQL msg="
    select
        p1_0.id,
        p1_0.created_at,
        p1_0.created_by_id,
        p1_0.description,
        p1_0.end_date,
        p1_0.name,
        p1_0.project_key,
        p1_0.start_date,
        p1_0.status,
        p1_0.tenant_id,
        p1_0.updated_at,
        p1_0.version 
    from
        projects p1_0 
    where
        p1_0.id=?"
2026-05-21T01:43:27.840+03:00 level=DEBUG app=workhub corr=na method=na path=na logger=org.hibernate.SQL msg="
    select
        t1_0.id,
        t1_0.created_at,
        t1_0.name,
        t1_0.plan,
        t1_0.status,
        t1_0.updated_at,
        t1_0.version 
    from
        tenants t1_0 
    where
        t1_0.id=?"
2026-05-21T01:43:27.948+03:00 level=DEBUG app=workhub corr=na method=na path=na logger=org.hibernate.SQL msg="
    select
        j1_0.id,
        j1_0.correlation_id,
        j1_0.created_at,
        j1_0.error_message,
        j1_0.project_id,
        j1_0.status,
        j1_0.tenant_id,
        j1_0.updated_at 
    from
        jobs j1_0 
    where
        j1_0.id=? 
        and j1_0.tenant_id=?"
2026-05-21T01:43:27.949+03:00 level=DEBUG app=workhub corr=na method=na path=na logger=org.hibernate.SQL msg="
    select
        p1_0.id,
        p1_0.created_at,
        p1_0.created_by_id,
        p1_0.description,
        p1_0.end_date,
        p1_0.name,
        p1_0.project_key,
        p1_0.start_date,
        p1_0.status,
        p1_0.tenant_id,
        p1_0.updated_at,
        p1_0.version 
    from
        projects p1_0 
    where
        p1_0.id=?"
2026-05-21T01:43:27.949+03:00 level=DEBUG app=workhub corr=na method=na path=na logger=org.hibernate.SQL msg="
    select
        t1_0.id,
        t1_0.created_at,
        t1_0.name,
        t1_0.plan,
        t1_0.status,
        t1_0.updated_at,
        t1_0.version 
    from
        tenants t1_0 
    where
        t1_0.id=?"
2026-05-21T01:43:28.056+03:00 level=DEBUG app=workhub corr=na method=na path=na logger=org.hibernate.SQL msg="
    select
        j1_0.id,
        j1_0.correlation_id,
        j1_0.created_at,
        j1_0.error_message,
        j1_0.project_id,
        j1_0.status,
        j1_0.tenant_id,
        j1_0.updated_at 
    from
        jobs j1_0 
    where
        j1_0.id=? 
        and j1_0.tenant_id=?"
2026-05-21T01:43:28.056+03:00 level=DEBUG app=workhub corr=na method=na path=na logger=org.hibernate.SQL msg="
    select
        p1_0.id,
        p1_0.created_at,
        p1_0.created_by_id,
        p1_0.description,
        p1_0.end_date,
        p1_0.name,
        p1_0.project_key,
        p1_0.start_date,
        p1_0.status,
        p1_0.tenant_id,
        p1_0.updated_at,
        p1_0.version 
    from
        projects p1_0 
    where
        p1_0.id=?"
2026-05-21T01:43:28.057+03:00 level=DEBUG app=workhub corr=na method=na path=na logger=org.hibernate.SQL msg="
    select
        t1_0.id,
        t1_0.created_at,
        t1_0.name,
        t1_0.plan,
        t1_0.status,
        t1_0.updated_at,
        t1_0.version 
    from
        tenants t1_0 
    where
        t1_0.id=?"
2026-05-21T01:43:28.164+03:00 level=DEBUG app=workhub corr=na method=na path=na logger=org.hibernate.SQL msg="
    select
        j1_0.id,
        j1_0.correlation_id,
        j1_0.created_at,
        j1_0.error_message,
        j1_0.project_id,
        j1_0.status,
        j1_0.tenant_id,
        j1_0.updated_at 
    from
        jobs j1_0 
    where
        j1_0.id=? 
        and j1_0.tenant_id=?"
2026-05-21T01:43:28.165+03:00 level=DEBUG app=workhub corr=na method=na path=na logger=org.hibernate.SQL msg="
    select
        p1_0.id,
        p1_0.created_at,
        p1_0.created_by_id,
        p1_0.description,
        p1_0.end_date,
        p1_0.name,
        p1_0.project_key,
        p1_0.start_date,
        p1_0.status,
        p1_0.tenant_id,
        p1_0.updated_at,
        p1_0.version 
    from
        projects p1_0 
    where
        p1_0.id=?"
2026-05-21T01:43:28.165+03:00 level=DEBUG app=workhub corr=na method=na path=na logger=org.hibernate.SQL msg="
    select
        t1_0.id,
        t1_0.created_at,
        t1_0.name,
        t1_0.plan,
        t1_0.status,
        t1_0.updated_at,
        t1_0.version 
    from
        tenants t1_0 
    where
        t1_0.id=?"
2026-05-21T01:43:28.275+03:00 level=DEBUG app=workhub corr=na method=na path=na logger=org.hibernate.SQL msg="
    select
        j1_0.id,
        j1_0.correlation_id,
        j1_0.created_at,
        j1_0.error_message,
        j1_0.project_id,
        j1_0.status,
        j1_0.tenant_id,
        j1_0.updated_at 
    from
        jobs j1_0 
    where
        j1_0.id=? 
        and j1_0.tenant_id=?"
2026-05-21T01:43:28.275+03:00 level=DEBUG app=workhub corr=na method=na path=na logger=org.hibernate.SQL msg="
    select
        p1_0.id,
        p1_0.created_at,
        p1_0.created_by_id,
        p1_0.description,
        p1_0.end_date,
        p1_0.name,
        p1_0.project_key,
        p1_0.start_date,
        p1_0.status,
        p1_0.tenant_id,
        p1_0.updated_at,
        p1_0.version 
    from
        projects p1_0 
    where
        p1_0.id=?"
2026-05-21T01:43:28.276+03:00 level=DEBUG app=workhub corr=na method=na path=na logger=org.hibernate.SQL msg="
    select
        t1_0.id,
        t1_0.created_at,
        t1_0.name,
        t1_0.plan,
        t1_0.status,
        t1_0.updated_at,
        t1_0.version 
    from
        tenants t1_0 
    where
        t1_0.id=?"
2026-05-21T01:43:28.383+03:00 level=DEBUG app=workhub corr=na method=na path=na logger=org.hibernate.SQL msg="
    select
        j1_0.id,
        j1_0.correlation_id,
        j1_0.created_at,
        j1_0.error_message,
        j1_0.project_id,
        j1_0.status,
        j1_0.tenant_id,
        j1_0.updated_at 
    from
        jobs j1_0 
    where
        j1_0.id=? 
        and j1_0.tenant_id=?"
2026-05-21T01:43:28.384+03:00 level=DEBUG app=workhub corr=na method=na path=na logger=org.hibernate.SQL msg="
    select
        p1_0.id,
        p1_0.created_at,
        p1_0.created_by_id,
        p1_0.description,
        p1_0.end_date,
        p1_0.name,
        p1_0.project_key,
        p1_0.start_date,
        p1_0.status,
        p1_0.tenant_id,
        p1_0.updated_at,
        p1_0.version 
    from
        projects p1_0 
    where
        p1_0.id=?"
2026-05-21T01:43:28.385+03:00 level=DEBUG app=workhub corr=na method=na path=na logger=org.hibernate.SQL msg="
    select
        t1_0.id,
        t1_0.created_at,
        t1_0.name,
        t1_0.plan,
        t1_0.status,
        t1_0.updated_at,
        t1_0.version 
    from
        tenants t1_0 
    where
        t1_0.id=?"
2026-05-21T01:43:28.391+03:00 level=WARN  app=workhub corr=na method=na path=na logger=c.r.c.impl.ForgivingExceptionHandler msg="An unexpected connection driver error occurred (Exception message: Socket closed)"
2026-05-21T01:43:28.444+03:00 level=WARN  app=workhub corr=na method=na path=na logger=c.r.c.impl.ForgivingExceptionHandler msg="An unexpected connection driver error occurred (Exception message: Socket closed)"
2026-05-21T01:43:28.444+03:00 level=ERROR app=workhub corr=na method=na path=na logger=o.s.a.r.l.SimpleMessageListenerContainer msg="Failed to check/redeclare auto-delete queue(s)."
2026-05-21T01:43:28.452+03:00 level=WARN  app=workhub corr=na method=na path=na logger=c.r.c.impl.ForgivingExceptionHandler msg="An unexpected connection driver error occurred (Exception message: Socket closed)"
2026-05-21T01:43:28.490+03:00 level=DEBUG app=workhub corr=na method=na path=na logger=org.hibernate.SQL msg="
    select
        j1_0.id,
        j1_0.correlation_id,
        j1_0.created_at,
        j1_0.error_message,
        j1_0.project_id,
        j1_0.status,
        j1_0.tenant_id,
        j1_0.updated_at 
    from
        jobs j1_0 
    where
        j1_0.id=? 
        and j1_0.tenant_id=?"
2026-05-21T01:43:28.492+03:00 level=DEBUG app=workhub corr=na method=na path=na logger=org.hibernate.SQL msg="
    select
        p1_0.id,
        p1_0.created_at,
        p1_0.created_by_id,
        p1_0.description,
        p1_0.end_date,
        p1_0.name,
        p1_0.project_key,
        p1_0.start_date,
        p1_0.status,
        p1_0.tenant_id,
        p1_0.updated_at,
        p1_0.version 
    from
        projects p1_0 
    where
        p1_0.id=?"
2026-05-21T01:43:28.493+03:00 level=DEBUG app=workhub corr=na method=na path=na logger=org.hibernate.SQL msg="
    select
        t1_0.id,
        t1_0.created_at,
        t1_0.name,
        t1_0.plan,
        t1_0.status,
        t1_0.updated_at,
        t1_0.version 
    from
        tenants t1_0 
    where
        t1_0.id=?"
2026-05-21T01:43:28.505+03:00 level=WARN  app=workhub corr=na method=na path=na logger=c.r.c.impl.ForgivingExceptionHandler msg="An unexpected connection driver error occurred (Exception message: Socket closed)"
2026-05-21T01:43:28.598+03:00 level=DEBUG app=workhub corr=na method=na path=na logger=org.hibernate.SQL msg="
    select
        j1_0.id,
        j1_0.correlation_id,
        j1_0.created_at,
        j1_0.error_message,
        j1_0.project_id,
        j1_0.status,
        j1_0.tenant_id,
        j1_0.updated_at 
    from
        jobs j1_0 
    where
        j1_0.id=? 
        and j1_0.tenant_id=?"
2026-05-21T01:43:28.598+03:00 level=DEBUG app=workhub corr=na method=na path=na logger=org.hibernate.SQL msg="
    select
        p1_0.id,
        p1_0.created_at,
        p1_0.created_by_id,
        p1_0.description,
        p1_0.end_date,
        p1_0.name,
        p1_0.project_key,
        p1_0.start_date,
        p1_0.status,
        p1_0.tenant_id,
        p1_0.updated_at,
        p1_0.version 
    from
        projects p1_0 
    where
        p1_0.id=?"
2026-05-21T01:43:28.599+03:00 level=DEBUG app=workhub corr=na method=na path=na logger=org.hibernate.SQL msg="
    select
        t1_0.id,
        t1_0.created_at,
        t1_0.name,
        t1_0.plan,
        t1_0.status,
        t1_0.updated_at,
        t1_0.version 
    from
        tenants t1_0 
    where
        t1_0.id=?"
2026-05-21T01:43:28.707+03:00 level=DEBUG app=workhub corr=na method=na path=na logger=org.hibernate.SQL msg="
    select
        j1_0.id,
        j1_0.correlation_id,
        j1_0.created_at,
        j1_0.error_message,
        j1_0.project_id,
        j1_0.status,
        j1_0.tenant_id,
        j1_0.updated_at 
    from
        jobs j1_0 
    where
        j1_0.id=? 
        and j1_0.tenant_id=?"
2026-05-21T01:43:28.707+03:00 level=DEBUG app=workhub corr=na method=na path=na logger=org.hibernate.SQL msg="
    select
        p1_0.id,
        p1_0.created_at,
        p1_0.created_by_id,
        p1_0.description,
        p1_0.end_date,
        p1_0.name,
        p1_0.project_key,
        p1_0.start_date,
        p1_0.status,
        p1_0.tenant_id,
        p1_0.updated_at,
        p1_0.version 
    from
        projects p1_0 
    where
        p1_0.id=?"
2026-05-21T01:43:28.708+03:00 level=DEBUG app=workhub corr=na method=na path=na logger=org.hibernate.SQL msg="
    select
        t1_0.id,
        t1_0.created_at,
        t1_0.name,
        t1_0.plan,
        t1_0.status,
        t1_0.updated_at,
        t1_0.version 
    from
        tenants t1_0 
    where
        t1_0.id=?"
2026-05-21T01:43:28.818+03:00 level=DEBUG app=workhub corr=na method=na path=na logger=org.hibernate.SQL msg="
    select
        j1_0.id,
        j1_0.correlation_id,
        j1_0.created_at,
        j1_0.error_message,
        j1_0.project_id,
        j1_0.status,
        j1_0.tenant_id,
        j1_0.updated_at 
    from
        jobs j1_0 
    where
        j1_0.id=? 
        and j1_0.tenant_id=?"
2026-05-21T01:43:28.818+03:00 level=DEBUG app=workhub corr=na method=na path=na logger=org.hibernate.SQL msg="
    select
        p1_0.id,
        p1_0.created_at,
        p1_0.created_by_id,
        p1_0.description,
        p1_0.end_date,
        p1_0.name,
        p1_0.project_key,
        p1_0.start_date,
        p1_0.status,
        p1_0.tenant_id,
        p1_0.updated_at,
        p1_0.version 
    from
        projects p1_0 
    where
        p1_0.id=?"
2026-05-21T01:43:28.819+03:00 level=DEBUG app=workhub corr=na method=na path=na logger=org.hibernate.SQL msg="
    select
        t1_0.id,
        t1_0.created_at,
        t1_0.name,
        t1_0.plan,
        t1_0.status,
        t1_0.updated_at,
        t1_0.version 
    from
        tenants t1_0 
    where
        t1_0.id=?"
2026-05-21T01:43:28.924+03:00 level=DEBUG app=workhub corr=na method=na path=na logger=org.hibernate.SQL msg="
    select
        j1_0.id,
        j1_0.correlation_id,
        j1_0.created_at,
        j1_0.error_message,
        j1_0.project_id,
        j1_0.status,
        j1_0.tenant_id,
        j1_0.updated_at 
    from
        jobs j1_0 
    where
        j1_0.id=? 
        and j1_0.tenant_id=?"
2026-05-21T01:43:28.924+03:00 level=DEBUG app=workhub corr=na method=na path=na logger=org.hibernate.SQL msg="
    select
        p1_0.id,
        p1_0.created_at,
        p1_0.created_by_id,
        p1_0.description,
        p1_0.end_date,
        p1_0.name,
        p1_0.project_key,
        p1_0.start_date,
        p1_0.status,
        p1_0.tenant_id,
        p1_0.updated_at,
        p1_0.version 
    from
        projects p1_0 
    where
        p1_0.id=?"
2026-05-21T01:43:28.925+03:00 level=DEBUG app=workhub corr=na method=na path=na logger=org.hibernate.SQL msg="
    select
        t1_0.id,
        t1_0.created_at,
        t1_0.name,
        t1_0.plan,
        t1_0.status,
        t1_0.updated_at,
        t1_0.version 
    from
        tenants t1_0 
    where
        t1_0.id=?"
2026-05-21T01:43:29.032+03:00 level=DEBUG app=workhub corr=na method=na path=na logger=org.hibernate.SQL msg="
    select
        j1_0.id,
        j1_0.correlation_id,
        j1_0.created_at,
        j1_0.error_message,
        j1_0.project_id,
        j1_0.status,
        j1_0.tenant_id,
        j1_0.updated_at 
    from
        jobs j1_0 
    where
        j1_0.id=? 
        and j1_0.tenant_id=?"
2026-05-21T01:43:29.032+03:00 level=DEBUG app=workhub corr=na method=na path=na logger=org.hibernate.SQL msg="
    select
        p1_0.id,
        p1_0.created_at,
        p1_0.created_by_id,
        p1_0.description,
        p1_0.end_date,
        p1_0.name,
        p1_0.project_key,
        p1_0.start_date,
        p1_0.status,
        p1_0.tenant_id,
        p1_0.updated_at,
        p1_0.version 
    from
        projects p1_0 
    where
        p1_0.id=?"
2026-05-21T01:43:29.033+03:00 level=DEBUG app=workhub corr=na method=na path=na logger=org.hibernate.SQL msg="
    select
        t1_0.id,
        t1_0.created_at,
        t1_0.name,
        t1_0.plan,
        t1_0.status,
        t1_0.updated_at,
        t1_0.version 
    from
        tenants t1_0 
    where
        t1_0.id=?"
2026-05-21T01:43:29.139+03:00 level=DEBUG app=workhub corr=na method=na path=na logger=org.hibernate.SQL msg="
    select
        j1_0.id,
        j1_0.correlation_id,
        j1_0.created_at,
        j1_0.error_message,
        j1_0.project_id,
        j1_0.status,
        j1_0.tenant_id,
        j1_0.updated_at 
    from
        jobs j1_0 
    where
        j1_0.id=? 
        and j1_0.tenant_id=?"
2026-05-21T01:43:29.139+03:00 level=DEBUG app=workhub corr=na method=na path=na logger=org.hibernate.SQL msg="
    select
        p1_0.id,
        p1_0.created_at,
        p1_0.created_by_id,
        p1_0.description,
        p1_0.end_date,
        p1_0.name,
        p1_0.project_key,
        p1_0.start_date,
        p1_0.status,
        p1_0.tenant_id,
        p1_0.updated_at,
        p1_0.version 
    from
        projects p1_0 
    where
        p1_0.id=?"
2026-05-21T01:43:29.139+03:00 level=DEBUG app=workhub corr=na method=na path=na logger=org.hibernate.SQL msg="
    select
        t1_0.id,
        t1_0.created_at,
        t1_0.name,
        t1_0.plan,
        t1_0.status,
        t1_0.updated_at,
        t1_0.version 
    from
        tenants t1_0 
    where
        t1_0.id=?"
2026-05-21T01:43:29.248+03:00 level=DEBUG app=workhub corr=na method=na path=na logger=org.hibernate.SQL msg="
    select
        j1_0.id,
        j1_0.correlation_id,
        j1_0.created_at,
        j1_0.error_message,
        j1_0.project_id,
        j1_0.status,
        j1_0.tenant_id,
        j1_0.updated_at 
    from
        jobs j1_0 
    where
        j1_0.id=? 
        and j1_0.tenant_id=?"
2026-05-21T01:43:29.248+03:00 level=DEBUG app=workhub corr=na method=na path=na logger=org.hibernate.SQL msg="
    select
        p1_0.id,
        p1_0.created_at,
        p1_0.created_by_id,
        p1_0.description,
        p1_0.end_date,
        p1_0.name,
        p1_0.project_key,
        p1_0.start_date,
        p1_0.status,
        p1_0.tenant_id,
        p1_0.updated_at,
        p1_0.version 
    from
        projects p1_0 
    where
        p1_0.id=?"
2026-05-21T01:43:29.249+03:00 level=DEBUG app=workhub corr=na method=na path=na logger=org.hibernate.SQL msg="
    select
        t1_0.id,
        t1_0.created_at,
        t1_0.name,
        t1_0.plan,
        t1_0.status,
        t1_0.updated_at,
        t1_0.version 
    from
        tenants t1_0 
    where
        t1_0.id=?"
2026-05-21T01:43:29.358+03:00 level=DEBUG app=workhub corr=na method=na path=na logger=org.hibernate.SQL msg="
    select
        j1_0.id,
        j1_0.correlation_id,
        j1_0.created_at,
        j1_0.error_message,
        j1_0.project_id,
        j1_0.status,
        j1_0.tenant_id,
        j1_0.updated_at 
    from
        jobs j1_0 
    where
        j1_0.id=? 
        and j1_0.tenant_id=?"
2026-05-21T01:43:29.358+03:00 level=DEBUG app=workhub corr=na method=na path=na logger=org.hibernate.SQL msg="
    select
        p1_0.id,
        p1_0.created_at,
        p1_0.created_by_id,
        p1_0.description,
        p1_0.end_date,
        p1_0.name,
        p1_0.project_key,
        p1_0.start_date,
        p1_0.status,
        p1_0.tenant_id,
        p1_0.updated_at,
        p1_0.version 
    from
        projects p1_0 
    where
        p1_0.id=?"
2026-05-21T01:43:29.358+03:00 level=DEBUG app=workhub corr=na method=na path=na logger=org.hibernate.SQL msg="
    select
        t1_0.id,
        t1_0.created_at,
        t1_0.name,
        t1_0.plan,
        t1_0.status,
        t1_0.updated_at,
        t1_0.version 
    from
        tenants t1_0 
    where
        t1_0.id=?"
2026-05-21T01:43:29.464+03:00 level=DEBUG app=workhub corr=na method=na path=na logger=org.hibernate.SQL msg="
    select
        j1_0.id,
        j1_0.correlation_id,
        j1_0.created_at,
        j1_0.error_message,
        j1_0.project_id,
        j1_0.status,
        j1_0.tenant_id,
        j1_0.updated_at 
    from
        jobs j1_0 
    where
        j1_0.id=? 
        and j1_0.tenant_id=?"
2026-05-21T01:43:29.464+03:00 level=DEBUG app=workhub corr=na method=na path=na logger=org.hibernate.SQL msg="
    select
        p1_0.id,
        p1_0.created_at,
        p1_0.created_by_id,
        p1_0.description,
        p1_0.end_date,
        p1_0.name,
        p1_0.project_key,
        p1_0.start_date,
        p1_0.status,
        p1_0.tenant_id,
        p1_0.updated_at,
        p1_0.version 
    from
        projects p1_0 
    where
        p1_0.id=?"
2026-05-21T01:43:29.465+03:00 level=DEBUG app=workhub corr=na method=na path=na logger=org.hibernate.SQL msg="
    select
        t1_0.id,
        t1_0.created_at,
        t1_0.name,
        t1_0.plan,
        t1_0.status,
        t1_0.updated_at,
        t1_0.version 
    from
        tenants t1_0 
    where
        t1_0.id=?"
2026-05-21T01:43:29.573+03:00 level=DEBUG app=workhub corr=na method=na path=na logger=org.hibernate.SQL msg="
    select
        j1_0.id,
        j1_0.correlation_id,
        j1_0.created_at,
        j1_0.error_message,
        j1_0.project_id,
        j1_0.status,
        j1_0.tenant_id,
        j1_0.updated_at 
    from
        jobs j1_0 
    where
        j1_0.id=? 
        and j1_0.tenant_id=?"
2026-05-21T01:43:29.574+03:00 level=DEBUG app=workhub corr=na method=na path=na logger=org.hibernate.SQL msg="
    select
        p1_0.id,
        p1_0.created_at,
        p1_0.created_by_id,
        p1_0.description,
        p1_0.end_date,
        p1_0.name,
        p1_0.project_key,
        p1_0.start_date,
        p1_0.status,
        p1_0.tenant_id,
        p1_0.updated_at,
        p1_0.version 
    from
        projects p1_0 
    where
        p1_0.id=?"
2026-05-21T01:43:29.574+03:00 level=DEBUG app=workhub corr=na method=na path=na logger=org.hibernate.SQL msg="
    select
        t1_0.id,
        t1_0.created_at,
        t1_0.name,
        t1_0.plan,
        t1_0.status,
        t1_0.updated_at,
        t1_0.version 
    from
        tenants t1_0 
    where
        t1_0.id=?"
2026-05-21T01:43:29.680+03:00 level=DEBUG app=workhub corr=na method=na path=na logger=org.hibernate.SQL msg="
    select
        j1_0.id,
        j1_0.correlation_id,
        j1_0.created_at,
        j1_0.error_message,
        j1_0.project_id,
        j1_0.status,
        j1_0.tenant_id,
        j1_0.updated_at 
    from
        jobs j1_0 
    where
        j1_0.id=? 
        and j1_0.tenant_id=?"
2026-05-21T01:43:29.681+03:00 level=DEBUG app=workhub corr=na method=na path=na logger=org.hibernate.SQL msg="
    select
        p1_0.id,
        p1_0.created_at,
        p1_0.created_by_id,
        p1_0.description,
        p1_0.end_date,
        p1_0.name,
        p1_0.project_key,
        p1_0.start_date,
        p1_0.status,
        p1_0.tenant_id,
        p1_0.updated_at,
        p1_0.version 
    from
        projects p1_0 
    where
        p1_0.id=?"
2026-05-21T01:43:29.681+03:00 level=DEBUG app=workhub corr=na method=na path=na logger=org.hibernate.SQL msg="
    select
        t1_0.id,
        t1_0.created_at,
        t1_0.name,
        t1_0.plan,
        t1_0.status,
        t1_0.updated_at,
        t1_0.version 
    from
        tenants t1_0 
    where
        t1_0.id=?"
2026-05-21T01:43:29.791+03:00 level=DEBUG app=workhub corr=na method=na path=na logger=org.hibernate.SQL msg="
    select
        j1_0.id,
        j1_0.correlation_id,
        j1_0.created_at,
        j1_0.error_message,
        j1_0.project_id,
        j1_0.status,
        j1_0.tenant_id,
        j1_0.updated_at 
    from
        jobs j1_0 
    where
        j1_0.id=? 
        and j1_0.tenant_id=?"
2026-05-21T01:43:29.791+03:00 level=DEBUG app=workhub corr=na method=na path=na logger=org.hibernate.SQL msg="
    select
        p1_0.id,
        p1_0.created_at,
        p1_0.created_by_id,
        p1_0.description,
        p1_0.end_date,
        p1_0.name,
        p1_0.project_key,
        p1_0.start_date,
        p1_0.status,
        p1_0.tenant_id,
        p1_0.updated_at,
        p1_0.version 
    from
        projects p1_0 
    where
        p1_0.id=?"
2026-05-21T01:43:29.791+03:00 level=DEBUG app=workhub corr=na method=na path=na logger=org.hibernate.SQL msg="
    select
        t1_0.id,
        t1_0.created_at,
        t1_0.name,
        t1_0.plan,
        t1_0.status,
        t1_0.updated_at,
        t1_0.version 
    from
        tenants t1_0 
    where
        t1_0.id=?"
2026-05-21T01:43:29.900+03:00 level=DEBUG app=workhub corr=na method=na path=na logger=org.hibernate.SQL msg="
    select
        j1_0.id,
        j1_0.correlation_id,
        j1_0.created_at,
        j1_0.error_message,
        j1_0.project_id,
        j1_0.status,
        j1_0.tenant_id,
        j1_0.updated_at 
    from
        jobs j1_0 
    where
        j1_0.id=? 
        and j1_0.tenant_id=?"
2026-05-21T01:43:29.900+03:00 level=DEBUG app=workhub corr=na method=na path=na logger=org.hibernate.SQL msg="
    select
        p1_0.id,
        p1_0.created_at,
        p1_0.created_by_id,
        p1_0.description,
        p1_0.end_date,
        p1_0.name,
        p1_0.project_key,
        p1_0.start_date,
        p1_0.status,
        p1_0.tenant_id,
        p1_0.updated_at,
        p1_0.version 
    from
        projects p1_0 
    where
        p1_0.id=?"
2026-05-21T01:43:29.900+03:00 level=DEBUG app=workhub corr=na method=na path=na logger=org.hibernate.SQL msg="
    select
        t1_0.id,
        t1_0.created_at,
        t1_0.name,
        t1_0.plan,
        t1_0.status,
        t1_0.updated_at,
        t1_0.version 
    from
        tenants t1_0 
    where
        t1_0.id=?"
2026-05-21T01:43:30.009+03:00 level=DEBUG app=workhub corr=na method=na path=na logger=org.hibernate.SQL msg="
    select
        j1_0.id,
        j1_0.correlation_id,
        j1_0.created_at,
        j1_0.error_message,
        j1_0.project_id,
        j1_0.status,
        j1_0.tenant_id,
        j1_0.updated_at 
    from
        jobs j1_0 
    where
        j1_0.id=? 
        and j1_0.tenant_id=?"
2026-05-21T01:43:30.009+03:00 level=DEBUG app=workhub corr=na method=na path=na logger=org.hibernate.SQL msg="
    select
        p1_0.id,
        p1_0.created_at,
        p1_0.created_by_id,
        p1_0.description,
        p1_0.end_date,
        p1_0.name,
        p1_0.project_key,
        p1_0.start_date,
        p1_0.status,
        p1_0.tenant_id,
        p1_0.updated_at,
        p1_0.version 
    from
        projects p1_0 
    where
        p1_0.id=?"
2026-05-21T01:43:30.010+03:00 level=DEBUG app=workhub corr=na method=na path=na logger=org.hibernate.SQL msg="
    select
        t1_0.id,
        t1_0.created_at,
        t1_0.name,
        t1_0.plan,
        t1_0.status,
        t1_0.updated_at,
        t1_0.version 
    from
        tenants t1_0 
    where
        t1_0.id=?"
2026-05-21T01:43:30.116+03:00 level=DEBUG app=workhub corr=na method=na path=na logger=org.hibernate.SQL msg="
    select
        j1_0.id,
        j1_0.correlation_id,
        j1_0.created_at,
        j1_0.error_message,
        j1_0.project_id,
        j1_0.status,
        j1_0.tenant_id,
        j1_0.updated_at 
    from
        jobs j1_0 
    where
        j1_0.id=? 
        and j1_0.tenant_id=?"
2026-05-21T01:43:30.116+03:00 level=DEBUG app=workhub corr=na method=na path=na logger=org.hibernate.SQL msg="
    select
        p1_0.id,
        p1_0.created_at,
        p1_0.created_by_id,
        p1_0.description,
        p1_0.end_date,
        p1_0.name,
        p1_0.project_key,
        p1_0.start_date,
        p1_0.status,
        p1_0.tenant_id,
        p1_0.updated_at,
        p1_0.version 
    from
        projects p1_0 
    where
        p1_0.id=?"
2026-05-21T01:43:30.116+03:00 level=DEBUG app=workhub corr=na method=na path=na logger=org.hibernate.SQL msg="
    select
        t1_0.id,
        t1_0.created_at,
        t1_0.name,
        t1_0.plan,
        t1_0.status,
        t1_0.updated_at,
        t1_0.version 
    from
        tenants t1_0 
    where
        t1_0.id=?"
2026-05-21T01:43:30.225+03:00 level=DEBUG app=workhub corr=na method=na path=na logger=org.hibernate.SQL msg="
    select
        j1_0.id,
        j1_0.correlation_id,
        j1_0.created_at,
        j1_0.error_message,
        j1_0.project_id,
        j1_0.status,
        j1_0.tenant_id,
        j1_0.updated_at 
    from
        jobs j1_0 
    where
        j1_0.id=? 
        and j1_0.tenant_id=?"
2026-05-21T01:43:30.226+03:00 level=DEBUG app=workhub corr=na method=na path=na logger=org.hibernate.SQL msg="
    select
        p1_0.id,
        p1_0.created_at,
        p1_0.created_by_id,
        p1_0.description,
        p1_0.end_date,
        p1_0.name,
        p1_0.project_key,
        p1_0.start_date,
        p1_0.status,
        p1_0.tenant_id,
        p1_0.updated_at,
        p1_0.version 
    from
        projects p1_0 
    where
        p1_0.id=?"
2026-05-21T01:43:30.226+03:00 level=DEBUG app=workhub corr=na method=na path=na logger=org.hibernate.SQL msg="
    select
        t1_0.id,
        t1_0.created_at,
        t1_0.name,
        t1_0.plan,
        t1_0.status,
        t1_0.updated_at,
        t1_0.version 
    from
        tenants t1_0 
    where
        t1_0.id=?"
2026-05-21T01:43:30.333+03:00 level=DEBUG app=workhub corr=na method=na path=na logger=org.hibernate.SQL msg="
    select
        j1_0.id,
        j1_0.correlation_id,
        j1_0.created_at,
        j1_0.error_message,
        j1_0.project_id,
        j1_0.status,
        j1_0.tenant_id,
        j1_0.updated_at 
    from
        jobs j1_0 
    where
        j1_0.id=? 
        and j1_0.tenant_id=?"
2026-05-21T01:43:30.333+03:00 level=DEBUG app=workhub corr=na method=na path=na logger=org.hibernate.SQL msg="
    select
        p1_0.id,
        p1_0.created_at,
        p1_0.created_by_id,
        p1_0.description,
        p1_0.end_date,
        p1_0.name,
        p1_0.project_key,
        p1_0.start_date,
        p1_0.status,
        p1_0.tenant_id,
        p1_0.updated_at,
        p1_0.version 
    from
        projects p1_0 
    where
        p1_0.id=?"
2026-05-21T01:43:30.334+03:00 level=DEBUG app=workhub corr=na method=na path=na logger=org.hibernate.SQL msg="
    select
        t1_0.id,
        t1_0.created_at,
        t1_0.name,
        t1_0.plan,
        t1_0.status,
        t1_0.updated_at,
        t1_0.version 
    from
        tenants t1_0 
    where
        t1_0.id=?"
2026-05-21T01:43:30.442+03:00 level=DEBUG app=workhub corr=na method=na path=na logger=org.hibernate.SQL msg="
    select
        j1_0.id,
        j1_0.correlation_id,
        j1_0.created_at,
        j1_0.error_message,
        j1_0.project_id,
        j1_0.status,
        j1_0.tenant_id,
        j1_0.updated_at 
    from
        jobs j1_0 
    where
        j1_0.id=? 
        and j1_0.tenant_id=?"
2026-05-21T01:43:30.442+03:00 level=DEBUG app=workhub corr=na method=na path=na logger=org.hibernate.SQL msg="
    select
        p1_0.id,
        p1_0.created_at,
        p1_0.created_by_id,
        p1_0.description,
        p1_0.end_date,
        p1_0.name,
        p1_0.project_key,
        p1_0.start_date,
        p1_0.status,
        p1_0.tenant_id,
        p1_0.updated_at,
        p1_0.version 
    from
        projects p1_0 
    where
        p1_0.id=?"
2026-05-21T01:43:30.443+03:00 level=DEBUG app=workhub corr=na method=na path=na logger=org.hibernate.SQL msg="
    select
        t1_0.id,
        t1_0.created_at,
        t1_0.name,
        t1_0.plan,
        t1_0.status,
        t1_0.updated_at,
        t1_0.version 
    from
        tenants t1_0 
    where
        t1_0.id=?"
2026-05-21T01:43:30.553+03:00 level=DEBUG app=workhub corr=na method=na path=na logger=org.hibernate.SQL msg="
    select
        j1_0.id,
        j1_0.correlation_id,
        j1_0.created_at,
        j1_0.error_message,
        j1_0.project_id,
        j1_0.status,
        j1_0.tenant_id,
        j1_0.updated_at 
    from
        jobs j1_0 
    where
        j1_0.id=? 
        and j1_0.tenant_id=?"
2026-05-21T01:43:30.554+03:00 level=DEBUG app=workhub corr=na method=na path=na logger=org.hibernate.SQL msg="
    select
        p1_0.id,
        p1_0.created_at,
        p1_0.created_by_id,
        p1_0.description,
        p1_0.end_date,
        p1_0.name,
        p1_0.project_key,
        p1_0.start_date,
        p1_0.status,
        p1_0.tenant_id,
        p1_0.updated_at,
        p1_0.version 
    from
        projects p1_0 
    where
        p1_0.id=?"
2026-05-21T01:43:30.554+03:00 level=DEBUG app=workhub corr=na method=na path=na logger=org.hibernate.SQL msg="
    select
        t1_0.id,
        t1_0.created_at,
        t1_0.name,
        t1_0.plan,
        t1_0.status,
        t1_0.updated_at,
        t1_0.version 
    from
        tenants t1_0 
    where
        t1_0.id=?"
2026-05-21T01:43:30.660+03:00 level=DEBUG app=workhub corr=na method=na path=na logger=org.hibernate.SQL msg="
    select
        j1_0.id,
        j1_0.correlation_id,
        j1_0.created_at,
        j1_0.error_message,
        j1_0.project_id,
        j1_0.status,
        j1_0.tenant_id,
        j1_0.updated_at 
    from
        jobs j1_0 
    where
        j1_0.id=? 
        and j1_0.tenant_id=?"
2026-05-21T01:43:30.660+03:00 level=DEBUG app=workhub corr=na method=na path=na logger=org.hibernate.SQL msg="
    select
        p1_0.id,
        p1_0.created_at,
        p1_0.created_by_id,
        p1_0.description,
        p1_0.end_date,
        p1_0.name,
        p1_0.project_key,
        p1_0.start_date,
        p1_0.status,
        p1_0.tenant_id,
        p1_0.updated_at,
        p1_0.version 
    from
        projects p1_0 
    where
        p1_0.id=?"
2026-05-21T01:43:30.661+03:00 level=DEBUG app=workhub corr=na method=na path=na logger=org.hibernate.SQL msg="
    select
        t1_0.id,
        t1_0.created_at,
        t1_0.name,
        t1_0.plan,
        t1_0.status,
        t1_0.updated_at,
        t1_0.version 
    from
        tenants t1_0 
    where
        t1_0.id=?"
2026-05-21T01:43:30.769+03:00 level=DEBUG app=workhub corr=na method=na path=na logger=org.hibernate.SQL msg="
    select
        j1_0.id,
        j1_0.correlation_id,
        j1_0.created_at,
        j1_0.error_message,
        j1_0.project_id,
        j1_0.status,
        j1_0.tenant_id,
        j1_0.updated_at 
    from
        jobs j1_0 
    where
        j1_0.id=? 
        and j1_0.tenant_id=?"
2026-05-21T01:43:30.769+03:00 level=DEBUG app=workhub corr=na method=na path=na logger=org.hibernate.SQL msg="
    select
        p1_0.id,
        p1_0.created_at,
        p1_0.created_by_id,
        p1_0.description,
        p1_0.end_date,
        p1_0.name,
        p1_0.project_key,
        p1_0.start_date,
        p1_0.status,
        p1_0.tenant_id,
        p1_0.updated_at,
        p1_0.version 
    from
        projects p1_0 
    where
        p1_0.id=?"
2026-05-21T01:43:30.770+03:00 level=DEBUG app=workhub corr=na method=na path=na logger=org.hibernate.SQL msg="
    select
        t1_0.id,
        t1_0.created_at,
        t1_0.name,
        t1_0.plan,
        t1_0.status,
        t1_0.updated_at,
        t1_0.version 
    from
        tenants t1_0 
    where
        t1_0.id=?"
2026-05-21T01:43:30.877+03:00 level=DEBUG app=workhub corr=na method=na path=na logger=org.hibernate.SQL msg="
    select
        j1_0.id,
        j1_0.correlation_id,
        j1_0.created_at,
        j1_0.error_message,
        j1_0.project_id,
        j1_0.status,
        j1_0.tenant_id,
        j1_0.updated_at 
    from
        jobs j1_0 
    where
        j1_0.id=? 
        and j1_0.tenant_id=?"
2026-05-21T01:43:30.878+03:00 level=DEBUG app=workhub corr=na method=na path=na logger=org.hibernate.SQL msg="
    select
        p1_0.id,
        p1_0.created_at,
        p1_0.created_by_id,
        p1_0.description,
        p1_0.end_date,
        p1_0.name,
        p1_0.project_key,
        p1_0.start_date,
        p1_0.status,
        p1_0.tenant_id,
        p1_0.updated_at,
        p1_0.version 
    from
        projects p1_0 
    where
        p1_0.id=?"
2026-05-21T01:43:30.878+03:00 level=DEBUG app=workhub corr=na method=na path=na logger=org.hibernate.SQL msg="
    select
        t1_0.id,
        t1_0.created_at,
        t1_0.name,
        t1_0.plan,
        t1_0.status,
        t1_0.updated_at,
        t1_0.version 
    from
        tenants t1_0 
    where
        t1_0.id=?"
2026-05-21T01:43:30.985+03:00 level=DEBUG app=workhub corr=na method=na path=na logger=org.hibernate.SQL msg="
    select
        j1_0.id,
        j1_0.correlation_id,
        j1_0.created_at,
        j1_0.error_message,
        j1_0.project_id,
        j1_0.status,
        j1_0.tenant_id,
        j1_0.updated_at 
    from
        jobs j1_0 
    where
        j1_0.id=? 
        and j1_0.tenant_id=?"
2026-05-21T01:43:30.985+03:00 level=DEBUG app=workhub corr=na method=na path=na logger=org.hibernate.SQL msg="
    select
        p1_0.id,
        p1_0.created_at,
        p1_0.created_by_id,
        p1_0.description,
        p1_0.end_date,
        p1_0.name,
        p1_0.project_key,
        p1_0.start_date,
        p1_0.status,
        p1_0.tenant_id,
        p1_0.updated_at,
        p1_0.version 
    from
        projects p1_0 
    where
        p1_0.id=?"
2026-05-21T01:43:30.986+03:00 level=DEBUG app=workhub corr=na method=na path=na logger=org.hibernate.SQL msg="
    select
        t1_0.id,
        t1_0.created_at,
        t1_0.name,
        t1_0.plan,
        t1_0.status,
        t1_0.updated_at,
        t1_0.version 
    from
        tenants t1_0 
    where
        t1_0.id=?"

MockHttpServletRequest:
      HTTP Method = POST
      Request URI = /api/auth/login
       Parameters = {}
          Headers = [Content-Type:"application/json;charset=UTF-8", Content-Length:"65"]
             Body = {
  "email": "phase2.admin@demo.com",
  "password": "admin123"
}

    Session Attrs = {}

Handler:
             Type = com.workhub.controller.AuthController
           Method = com.workhub.controller.AuthController#login(LoginRequest)

Async:
    Async started = false
     Async result = null

Resolved Exception:
             Type = null

ModelAndView:
        View name = null
             View = null
            Model = null

FlashMap:
       Attributes = null

MockHttpServletResponse:
           Status = 200
    Error message = null
          Headers = [X-Correlation-Id:"a4804f2c-45e0-4763-93a7-5c3526a5e45c", Content-Type:"application/json", X-Content-Type-Options:"nosniff", X-XSS-Protection:"0", Cache-Control:"no-cache, no-store, max-age=0, must-revalidate", Pragma:"no-cache", Expires:"0", X-Frame-Options:"DENY"]
     Content type = application/json
             Body = {"token":"eyJhbGciOiJIUzI1NiJ9.eyJyb2xlIjoiVEVOQU5UX0FETUlOIiwidGVuYW50SWQiOjIsInVzZXJJZCI6Mywic3ViIjoicGhhc2UyLmFkbWluQGRlbW8uY29tIiwiaWF0IjoxNzc5MzE2OTk1LCJleHAiOjE3Nzk0MDMzOTV9.dDTQiKVAPSNIKHL-aH-b8MnbtAdMQ5WKWCKq71hCOqQ","type":"Bearer","userId":3,"email":"phase2.admin@demo.com","tenantId":2,"role":"TENANT_ADMIN","expiresIn":86400000}
    Forwarded URL = null
   Redirected URL = null
          Cookies = []

MockHttpServletRequest:
      HTTP Method = POST
      Request URI = /api/auth/login
       Parameters = {}
          Headers = [Content-Type:"application/json;charset=UTF-8", Content-Length:"63"]
             Body = {
  "email": "phase2.user@demo.com",
  "password": "user123"
}

    Session Attrs = {}

Handler:
             Type = com.workhub.controller.AuthController
           Method = com.workhub.controller.AuthController#login(LoginRequest)

Async:
    Async started = false
     Async result = null

Resolved Exception:
             Type = null

ModelAndView:
        View name = null
             View = null
            Model = null

FlashMap:
       Attributes = null

MockHttpServletResponse:
           Status = 200
    Error message = null
          Headers = [X-Correlation-Id:"5fec20c6-e3d7-41e0-9204-61b1ce102372", Content-Type:"application/json", X-Content-Type-Options:"nosniff", X-XSS-Protection:"0", Cache-Control:"no-cache, no-store, max-age=0, must-revalidate", Pragma:"no-cache", Expires:"0", X-Frame-Options:"DENY"]
     Content type = application/json
             Body = {"token":"eyJhbGciOiJIUzI1NiJ9.eyJyb2xlIjoiVEVOQU5UX1VTRVIiLCJ0ZW5hbnRJZCI6MiwidXNlcklkIjo0LCJzdWIiOiJwaGFzZTIudXNlckBkZW1vLmNvbSIsImlhdCI6MTc3OTMxNjk5NSwiZXhwIjoxNzc5NDAzMzk1fQ.37WnlPRSDzJ5gY_tPTokjnvJpMLV6pO4gGDSWak8s1Y","type":"Bearer","userId":4,"email":"phase2.user@demo.com","tenantId":2,"role":"TENANT_USER","expiresIn":86400000}
    Forwarded URL = null
   Redirected URL = null
          Cookies = []

MockHttpServletRequest:
      HTTP Method = POST
      Request URI = /api/auth/login
       Parameters = {}
          Headers = [Content-Type:"application/json;charset=UTF-8", Content-Length:"58"]
             Body = {
  "email": "admin@demo.com",
  "password": "admin123"
}

    Session Attrs = {}

Handler:
             Type = com.workhub.controller.AuthController
           Method = com.workhub.controller.AuthController#login(LoginRequest)

Async:
    Async started = false
     Async result = null

Resolved Exception:
             Type = null

ModelAndView:
        View name = null
             View = null
            Model = null

FlashMap:
       Attributes = null

MockHttpServletResponse:
           Status = 200
    Error message = null
          Headers = [X-Correlation-Id:"91bcecaf-2251-4752-99f6-13291f692e58", Content-Type:"application/json", X-Content-Type-Options:"nosniff", X-XSS-Protection:"0", Cache-Control:"no-cache, no-store, max-age=0, must-revalidate", Pragma:"no-cache", Expires:"0", X-Frame-Options:"DENY"]
     Content type = application/json
             Body = {"token":"eyJhbGciOiJIUzI1NiJ9.eyJyb2xlIjoiVEVOQU5UX0FETUlOIiwidGVuYW50SWQiOjEsInVzZXJJZCI6MSwic3ViIjoiYWRtaW5AZGVtby5jb20iLCJpYXQiOjE3NzkzMTY5OTUsImV4cCI6MTc3OTQwMzM5NX0.8Q4N16yWY3ZGfNDIGQKNOqmar7xc6Rs_85dUAGEScoc","type":"Bearer","userId":1,"email":"admin@demo.com","tenantId":1,"role":"TENANT_ADMIN","expiresIn":86400000}
    Forwarded URL = null
   Redirected URL = null
          Cookies = []

MockHttpServletRequest:
      HTTP Method = POST
      Request URI = /api/projects/1/generate-report
       Parameters = {}
          Headers = [Authorization:"Bearer eyJhbGciOiJIUzI1NiJ9.eyJyb2xlIjoiVEVOQU5UX0FETUlOIiwidGVuYW50SWQiOjEsInVzZXJJZCI6MSwic3ViIjoiYWRtaW5AZGVtby5jb20iLCJpYXQiOjE3NzkzMTY5OTUsImV4cCI6MTc3OTQwMzM5NX0.8Q4N16yWY3ZGfNDIGQKNOqmar7xc6Rs_85dUAGEScoc"]
             Body = null
    Session Attrs = {}

Handler:
             Type = com.workhub.controller.ProjectController
           Method = com.workhub.controller.ProjectController#generateReport(Long)

Async:
    Async started = false
     Async result = null

Resolved Exception:
             Type = null

ModelAndView:
        View name = null
             View = null
            Model = null

FlashMap:
       Attributes = null

MockHttpServletResponse:
           Status = 202
    Error message = null
          Headers = [X-Correlation-Id:"61c84367-1fe2-4e0e-ab66-fdaa69de0245", Content-Type:"application/json", X-Content-Type-Options:"nosniff", X-XSS-Protection:"0", Cache-Control:"no-cache, no-store, max-age=0, must-revalidate", Pragma:"no-cache", Expires:"0", X-Frame-Options:"DENY"]
     Content type = application/json
             Body = {"id":2,"tenantId":1,"projectId":1,"status":"PENDING","createdAt":"2026-05-21T01:43:15.890952","updatedAt":"2026-05-21T01:43:15.890952","correlationId":"61c84367-1fe2-4e0e-ab66-fdaa69de0245","errorMessage":null}
    Forwarded URL = null
   Redirected URL = null
          Cookies = []
2026-05-21T01:43:31.106+03:00 level=DEBUG app=workhub corr=na method=na path=na logger=org.hibernate.SQL msg="
    select
        pm1_0.id,
        pm1_0.attempt_count,
        pm1_0.correlation_id,
        pm1_0.event_id,
        pm1_0.first_received_at,
        pm1_0.job_id,
        pm1_0.last_error,
        pm1_0.processed_at,
        pm1_0.project_id,
        pm1_0.status,
        pm1_0.tenant_id,
        pm1_0.updated_at,
        pm1_0.version 
    from
        processed_messages pm1_0"
2026-05-21T01:43:31.108+03:00 level=DEBUG app=workhub corr=na method=na path=na logger=org.hibernate.SQL msg="
    select
        j1_0.id,
        j1_0.correlation_id,
        j1_0.created_at,
        j1_0.error_message,
        j1_0.project_id,
        j1_0.status,
        j1_0.tenant_id,
        j1_0.updated_at 
    from
        jobs j1_0"
2026-05-21T01:43:31.109+03:00 level=DEBUG app=workhub corr=na method=na path=na logger=org.hibernate.SQL msg="
    select
        p1_0.id,
        p1_0.created_at,
        p1_0.created_by_id,
        p1_0.description,
        p1_0.end_date,
        p1_0.name,
        p1_0.project_key,
        p1_0.start_date,
        p1_0.status,
        p1_0.tenant_id,
        p1_0.updated_at,
        p1_0.version 
    from
        projects p1_0 
    where
        p1_0.id=?"
2026-05-21T01:43:31.109+03:00 level=DEBUG app=workhub corr=na method=na path=na logger=org.hibernate.SQL msg="
    select
        t1_0.id,
        t1_0.created_at,
        t1_0.name,
        t1_0.plan,
        t1_0.status,
        t1_0.updated_at,
        t1_0.version 
    from
        tenants t1_0 
    where
        t1_0.id=?"
2026-05-21T01:43:31.110+03:00 level=DEBUG app=workhub corr=na method=na path=na logger=org.hibernate.SQL msg="
    delete 
    from
        jobs 
    where
        id=?"
2026-05-21T01:43:31.111+03:00 level=DEBUG app=workhub corr=na method=na path=na logger=org.hibernate.SQL msg="
    select
        t1_0.id,
        t1_0.created_at,
        t1_0.name,
        t1_0.plan,
        t1_0.status,
        t1_0.updated_at,
        t1_0.version 
    from
        tenants t1_0 
    where
        t1_0.id=?"
2026-05-21T01:43:31.114+03:00 level=DEBUG app=workhub corr=na method=na path=na logger=org.hibernate.SQL msg="
    select
        u1_0.id,
        u1_0.created_at,
        u1_0.email,
        u1_0.first_name,
        u1_0.last_login_at,
        u1_0.last_name,
        u1_0.password,
        u1_0.role,
        u1_0.status,
        u1_0.tenant_id,
        u1_0.updated_at,
        u1_0.version 
    from
        users u1_0 
    where
        u1_0.email=?"
2026-05-21T01:43:31.115+03:00 level=DEBUG app=workhub corr=na method=na path=na logger=org.hibernate.SQL msg="
    select
        p1_0.id,
        p1_0.created_at,
        p1_0.created_by_id,
        p1_0.description,
        p1_0.end_date,
        p1_0.name,
        p1_0.project_key,
        p1_0.start_date,
        p1_0.status,
        p1_0.tenant_id,
        p1_0.updated_at,
        p1_0.version 
    from
        projects p1_0 
    where
        p1_0.tenant_id=? 
        and p1_0.project_key=?"
2026-05-21T01:43:31.117+03:00 level=DEBUG app=workhub corr=na method=na path=na logger=org.hibernate.SQL msg="
    select
        t1_0.id,
        t1_0.actual_hours,
        t1_0.assigned_to_id,
        t1_0.completed_at,
        t1_0.created_at,
        t1_0.description,
        t1_0.due_date,
        t1_0.estimated_hours,
        t1_0.priority,
        t1_0.project_id,
        t1_0.status,
        t1_0.tenant_id,
        t1_0.title,
        t1_0.updated_at,
        t1_0.version 
    from
        tasks t1_0 
    where
        t1_0.tenant_id=? 
        and lower(t1_0.title) like lower(('%'||?||'%')) escape ''"
2026-05-21T01:43:31.121+03:00 level=DEBUG app=workhub corr=na method=na path=na logger=org.hibernate.SQL msg="
    select
        t1_0.id,
        t1_0.created_at,
        t1_0.name,
        t1_0.plan,
        t1_0.status,
        t1_0.updated_at,
        t1_0.version 
    from
        tenants t1_0 
    where
        upper(t1_0.name)=upper(?)"
2026-05-21T01:43:31.122+03:00 level=DEBUG app=workhub corr=na method=na path=na logger=org.hibernate.SQL msg="
    select
        u1_0.id,
        u1_0.created_at,
        u1_0.email,
        u1_0.first_name,
        u1_0.last_login_at,
        u1_0.last_name,
        u1_0.password,
        u1_0.role,
        u1_0.status,
        u1_0.tenant_id,
        u1_0.updated_at,
        u1_0.version 
    from
        users u1_0 
    where
        u1_0.email=?"
2026-05-21T01:43:31.124+03:00 level=DEBUG app=workhub corr=na method=na path=na logger=org.hibernate.SQL msg="
    select
        u1_0.id,
        u1_0.created_at,
        u1_0.email,
        u1_0.first_name,
        u1_0.last_login_at,
        u1_0.last_name,
        u1_0.password,
        u1_0.role,
        u1_0.status,
        u1_0.tenant_id,
        u1_0.updated_at,
        u1_0.version 
    from
        users u1_0 
    where
        u1_0.email=?"
2026-05-21T01:43:31.124+03:00 level=DEBUG app=workhub corr=na method=na path=na logger=org.hibernate.SQL msg="
    select
        p1_0.id,
        p1_0.created_at,
        p1_0.created_by_id,
        p1_0.description,
        p1_0.end_date,
        p1_0.name,
        p1_0.project_key,
        p1_0.start_date,
        p1_0.status,
        p1_0.tenant_id,
        p1_0.updated_at,
        p1_0.version 
    from
        projects p1_0 
    where
        p1_0.tenant_id=? 
        and p1_0.project_key=?"
2026-05-21T01:43:31.126+03:00 level=INFO  app=workhub corr=1ccf9e65-3793-464a-8aaa-0c8433039fff method=POST path=/api/auth/login logger=c.w.security.RequestTracingFilter msg="request-start"
2026-05-21T01:43:31.127+03:00 level=DEBUG app=workhub corr=1ccf9e65-3793-464a-8aaa-0c8433039fff method=POST path=/api/auth/login logger=o.s.security.web.FilterChainProxy msg="Securing POST /api/auth/login"
2026-05-21T01:43:31.128+03:00 level=DEBUG app=workhub corr=1ccf9e65-3793-464a-8aaa-0c8433039fff method=POST path=/api/auth/login logger=o.s.s.w.a.AnonymousAuthenticationFilter msg="Set SecurityContextHolder to anonymous SecurityContext"
2026-05-21T01:43:31.128+03:00 level=DEBUG app=workhub corr=1ccf9e65-3793-464a-8aaa-0c8433039fff method=POST path=/api/auth/login logger=o.s.security.web.FilterChainProxy msg="Secured POST /api/auth/login"
2026-05-21T01:43:31.129+03:00 level=INFO  app=workhub corr=1ccf9e65-3793-464a-8aaa-0c8433039fff method=POST path=/api/auth/login logger=c.workhub.controller.AuthController msg="Login attempt for email: phase2.admin@demo.com"
2026-05-21T01:43:31.131+03:00 level=DEBUG app=workhub corr=1ccf9e65-3793-464a-8aaa-0c8433039fff method=POST path=/api/auth/login logger=org.hibernate.SQL msg="
    select
        u1_0.id,
        u1_0.created_at,
        u1_0.email,
        u1_0.first_name,
        u1_0.last_login_at,
        u1_0.last_name,
        u1_0.password,
        u1_0.role,
        u1_0.status,
        u1_0.tenant_id,
        u1_0.updated_at,
        u1_0.version 
    from
        users u1_0 
    where
        u1_0.email=?"
2026-05-21T01:43:31.197+03:00 level=DEBUG app=workhub corr=1ccf9e65-3793-464a-8aaa-0c8433039fff method=POST path=/api/auth/login logger=o.s.s.a.d.DaoAuthenticationProvider msg="Authenticated user"
2026-05-21T01:43:31.198+03:00 level=DEBUG app=workhub corr=1ccf9e65-3793-464a-8aaa-0c8433039fff method=POST path=/api/auth/login logger=org.hibernate.SQL msg="
    select
        u1_0.id,
        u1_0.created_at,
        u1_0.email,
        u1_0.first_name,
        u1_0.last_login_at,
        u1_0.last_name,
        u1_0.password,
        u1_0.role,
        u1_0.status,
        u1_0.tenant_id,
        u1_0.updated_at,
        u1_0.version 
    from
        users u1_0 
    where
        u1_0.id=? 
        and u1_0.tenant_id=?"
2026-05-21T01:43:31.202+03:00 level=DEBUG app=workhub corr=1ccf9e65-3793-464a-8aaa-0c8433039fff method=POST path=/api/auth/login logger=org.hibernate.SQL msg="
    update
        users 
    set
        email=?,
        first_name=?,
        last_login_at=?,
        last_name=?,
        password=?,
        role=?,
        status=?,
        tenant_id=?,
        updated_at=?,
        version=? 
    where
        id=? 
        and version=?"
2026-05-21T01:43:31.207+03:00 level=INFO  app=workhub corr=1ccf9e65-3793-464a-8aaa-0c8433039fff method=POST path=/api/auth/login logger=c.workhub.controller.AuthController msg="Login successful for user: phase2.admin@demo.com (tenant: 2)"
2026-05-21T01:43:31.208+03:00 level=INFO  app=workhub corr=1ccf9e65-3793-464a-8aaa-0c8433039fff method=POST path=/api/auth/login logger=c.w.security.RequestTracingFilter msg="request-end status=200 durationMs=81"
2026-05-21T01:43:31.209+03:00 level=INFO  app=workhub corr=09dd5635-e407-4039-9cc7-e2c4b270f7ca method=POST path=/api/auth/login logger=c.w.security.RequestTracingFilter msg="request-start"
2026-05-21T01:43:31.210+03:00 level=DEBUG app=workhub corr=09dd5635-e407-4039-9cc7-e2c4b270f7ca method=POST path=/api/auth/login logger=o.s.security.web.FilterChainProxy msg="Securing POST /api/auth/login"
2026-05-21T01:43:31.210+03:00 level=DEBUG app=workhub corr=09dd5635-e407-4039-9cc7-e2c4b270f7ca method=POST path=/api/auth/login logger=o.s.s.w.a.AnonymousAuthenticationFilter msg="Set SecurityContextHolder to anonymous SecurityContext"
2026-05-21T01:43:31.211+03:00 level=DEBUG app=workhub corr=09dd5635-e407-4039-9cc7-e2c4b270f7ca method=POST path=/api/auth/login logger=o.s.security.web.FilterChainProxy msg="Secured POST /api/auth/login"
2026-05-21T01:43:31.212+03:00 level=INFO  app=workhub corr=09dd5635-e407-4039-9cc7-e2c4b270f7ca method=POST path=/api/auth/login logger=c.workhub.controller.AuthController msg="Login attempt for email: phase2.user@demo.com"
2026-05-21T01:43:31.213+03:00 level=DEBUG app=workhub corr=09dd5635-e407-4039-9cc7-e2c4b270f7ca method=POST path=/api/auth/login logger=org.hibernate.SQL msg="
    select
        u1_0.id,
        u1_0.created_at,
        u1_0.email,
        u1_0.first_name,
        u1_0.last_login_at,
        u1_0.last_name,
        u1_0.password,
        u1_0.role,
        u1_0.status,
        u1_0.tenant_id,
        u1_0.updated_at,
        u1_0.version 
    from
        users u1_0 
    where
        u1_0.email=?"
2026-05-21T01:43:31.274+03:00 level=DEBUG app=workhub corr=09dd5635-e407-4039-9cc7-e2c4b270f7ca method=POST path=/api/auth/login logger=o.s.s.a.d.DaoAuthenticationProvider msg="Authenticated user"
2026-05-21T01:43:31.275+03:00 level=DEBUG app=workhub corr=09dd5635-e407-4039-9cc7-e2c4b270f7ca method=POST path=/api/auth/login logger=org.hibernate.SQL msg="
    select
        u1_0.id,
        u1_0.created_at,
        u1_0.email,
        u1_0.first_name,
        u1_0.last_login_at,
        u1_0.last_name,
        u1_0.password,
        u1_0.role,
        u1_0.status,
        u1_0.tenant_id,
        u1_0.updated_at,
        u1_0.version 
    from
        users u1_0 
    where
        u1_0.id=? 
        and u1_0.tenant_id=?"
2026-05-21T01:43:31.276+03:00 level=DEBUG app=workhub corr=09dd5635-e407-4039-9cc7-e2c4b270f7ca method=POST path=/api/auth/login logger=org.hibernate.SQL msg="
    update
        users 
    set
        email=?,
        first_name=?,
        last_login_at=?,
        last_name=?,
        password=?,
        role=?,
        status=?,
        tenant_id=?,
        updated_at=?,
        version=? 
    where
        id=? 
        and version=?"
2026-05-21T01:43:31.278+03:00 level=INFO  app=workhub corr=09dd5635-e407-4039-9cc7-e2c4b270f7ca method=POST path=/api/auth/login logger=c.workhub.controller.AuthController msg="Login successful for user: phase2.user@demo.com (tenant: 2)"
2026-05-21T01:43:31.279+03:00 level=INFO  app=workhub corr=09dd5635-e407-4039-9cc7-e2c4b270f7ca method=POST path=/api/auth/login logger=c.w.security.RequestTracingFilter msg="request-end status=200 durationMs=70"
2026-05-21T01:43:31.281+03:00 level=INFO  app=workhub corr=bdaf1a36-9069-47e0-a395-a4aea1692644 method=POST path=/api/auth/login logger=c.w.security.RequestTracingFilter msg="request-start"
2026-05-21T01:43:31.281+03:00 level=DEBUG app=workhub corr=bdaf1a36-9069-47e0-a395-a4aea1692644 method=POST path=/api/auth/login logger=o.s.security.web.FilterChainProxy msg="Securing POST /api/auth/login"
2026-05-21T01:43:31.281+03:00 level=DEBUG app=workhub corr=bdaf1a36-9069-47e0-a395-a4aea1692644 method=POST path=/api/auth/login logger=o.s.s.w.a.AnonymousAuthenticationFilter msg="Set SecurityContextHolder to anonymous SecurityContext"
2026-05-21T01:43:31.282+03:00 level=DEBUG app=workhub corr=bdaf1a36-9069-47e0-a395-a4aea1692644 method=POST path=/api/auth/login logger=o.s.security.web.FilterChainProxy msg="Secured POST /api/auth/login"
2026-05-21T01:43:31.283+03:00 level=INFO  app=workhub corr=bdaf1a36-9069-47e0-a395-a4aea1692644 method=POST path=/api/auth/login logger=c.workhub.controller.AuthController msg="Login attempt for email: admin@demo.com"
2026-05-21T01:43:31.285+03:00 level=DEBUG app=workhub corr=bdaf1a36-9069-47e0-a395-a4aea1692644 method=POST path=/api/auth/login logger=org.hibernate.SQL msg="
    select
        u1_0.id,
        u1_0.created_at,
        u1_0.email,
        u1_0.first_name,
        u1_0.last_login_at,
        u1_0.last_name,
        u1_0.password,
        u1_0.role,
        u1_0.status,
        u1_0.tenant_id,
        u1_0.updated_at,
        u1_0.version 
    from
        users u1_0 
    where
        u1_0.email=?"
2026-05-21T01:43:31.349+03:00 level=DEBUG app=workhub corr=bdaf1a36-9069-47e0-a395-a4aea1692644 method=POST path=/api/auth/login logger=o.s.s.a.d.DaoAuthenticationProvider msg="Authenticated user"
2026-05-21T01:43:31.351+03:00 level=DEBUG app=workhub corr=bdaf1a36-9069-47e0-a395-a4aea1692644 method=POST path=/api/auth/login logger=org.hibernate.SQL msg="
    select
        u1_0.id,
        u1_0.created_at,
        u1_0.email,
        u1_0.first_name,
        u1_0.last_login_at,
        u1_0.last_name,
        u1_0.password,
        u1_0.role,
        u1_0.status,
        u1_0.tenant_id,
        u1_0.updated_at,
        u1_0.version 
    from
        users u1_0 
    where
        u1_0.id=? 
        and u1_0.tenant_id=?"
2026-05-21T01:43:31.352+03:00 level=DEBUG app=workhub corr=bdaf1a36-9069-47e0-a395-a4aea1692644 method=POST path=/api/auth/login logger=org.hibernate.SQL msg="
    update
        users 
    set
        email=?,
        first_name=?,
        last_login_at=?,
        last_name=?,
        password=?,
        role=?,
        status=?,
        tenant_id=?,
        updated_at=?,
        version=? 
    where
        id=? 
        and version=?"
2026-05-21T01:43:31.354+03:00 level=INFO  app=workhub corr=bdaf1a36-9069-47e0-a395-a4aea1692644 method=POST path=/api/auth/login logger=c.workhub.controller.AuthController msg="Login successful for user: admin@demo.com (tenant: 1)"
2026-05-21T01:43:31.354+03:00 level=INFO  app=workhub corr=bdaf1a36-9069-47e0-a395-a4aea1692644 method=POST path=/api/auth/login logger=c.w.security.RequestTracingFilter msg="request-end status=200 durationMs=73"
2026-05-21T01:43:31.358+03:00 level=DEBUG app=workhub corr=na method=na path=na logger=org.hibernate.SQL msg="
    insert 
    into
        jobs
        (correlation_id, created_at, error_message, project_id, status, tenant_id, updated_at, id) 
    values
        (?, ?, ?, ?, ?, ?, ?, default)"
2026-05-21T01:43:31.370+03:00 level=WARN  app=workhub corr=na method=na path=na logger=c.r.c.impl.ForgivingExceptionHandler msg="An unexpected connection driver error occurred (Exception message: Socket closed)"
2026-05-21T01:43:31.435+03:00 level=WARN  app=workhub corr=na method=na path=na logger=c.r.c.impl.ForgivingExceptionHandler msg="An unexpected connection driver error occurred (Exception message: Socket closed)"

MockHttpServletRequest:
      HTTP Method = POST
      Request URI = /api/auth/login
       Parameters = {}
          Headers = [Content-Type:"application/json;charset=UTF-8", Content-Length:"65"]
             Body = {
  "email": "phase2.admin@demo.com",
  "password": "admin123"
}

    Session Attrs = {}

Handler:
             Type = com.workhub.controller.AuthController
           Method = com.workhub.controller.AuthController#login(LoginRequest)

Async:
    Async started = false
     Async result = null

Resolved Exception:
             Type = null

ModelAndView:
        View name = null
             View = null
            Model = null

FlashMap:
       Attributes = null

MockHttpServletResponse:
           Status = 200
    Error message = null
          Headers = [X-Correlation-Id:"1ccf9e65-3793-464a-8aaa-0c8433039fff", Content-Type:"application/json", X-Content-Type-Options:"nosniff", X-XSS-Protection:"0", Cache-Control:"no-cache, no-store, max-age=0, must-revalidate", Pragma:"no-cache", Expires:"0", X-Frame-Options:"DENY"]
     Content type = application/json
             Body = {"token":"eyJhbGciOiJIUzI1NiJ9.eyJyb2xlIjoiVEVOQU5UX0FETUlOIiwidGVuYW50SWQiOjIsInVzZXJJZCI6Mywic3ViIjoicGhhc2UyLmFkbWluQGRlbW8uY29tIiwiaWF0IjoxNzc5MzE3MDExLCJleHAiOjE3Nzk0MDM0MTF9.ldUiJOAu9uf0r2KT2yt0OMP9R0ypJND25BioN-M3_EE","type":"Bearer","userId":3,"email":"phase2.admin@demo.com","tenantId":2,"role":"TENANT_ADMIN","expiresIn":86400000}
    Forwarded URL = null
   Redirected URL = null
          Cookies = []

MockHttpServletRequest:
      HTTP Method = POST
      Request URI = /api/auth/login
       Parameters = {}
          Headers = [Content-Type:"application/json;charset=UTF-8", Content-Length:"63"]
             Body = {
  "email": "phase2.user@demo.com",
  "password": "user123"
}

    Session Attrs = {}

Handler:
             Type = com.workhub.controller.AuthController
           Method = com.workhub.controller.AuthController#login(LoginRequest)

Async:
    Async started = false
     Async result = null

Resolved Exception:
             Type = null

ModelAndView:
        View name = null
             View = null
            Model = null

FlashMap:
       Attributes = null

MockHttpServletResponse:
           Status = 200
    Error message = null
          Headers = [X-Correlation-Id:"09dd5635-e407-4039-9cc7-e2c4b270f7ca", Content-Type:"application/json", X-Content-Type-Options:"nosniff", X-XSS-Protection:"0", Cache-Control:"no-cache, no-store, max-age=0, must-revalidate", Pragma:"no-cache", Expires:"0", X-Frame-Options:"DENY"]
     Content type = application/json
             Body = {"token":"eyJhbGciOiJIUzI1NiJ9.eyJyb2xlIjoiVEVOQU5UX1VTRVIiLCJ0ZW5hbnRJZCI6MiwidXNlcklkIjo0LCJzdWIiOiJwaGFzZTIudXNlckBkZW1vLmNvbSIsImlhdCI6MTc3OTMxNzAxMSwiZXhwIjoxNzc5NDAzNDExfQ.lSYzd9SSWSesSSK-OQ-PKDZ5FN6exeXf04zUdqbckjM","type":"Bearer","userId":4,"email":"phase2.user@demo.com","tenantId":2,"role":"TENANT_USER","expiresIn":86400000}
    Forwarded URL = null
   Redirected URL = null
          Cookies = []

MockHttpServletRequest:
      HTTP Method = POST
      Request URI = /api/auth/login
       Parameters = {}
          Headers = [Content-Type:"application/json;charset=UTF-8", Content-Length:"58"]
             Body = {
  "email": "admin@demo.com",
  "password": "admin123"
}

    Session Attrs = {}

Handler:
             Type = com.workhub.controller.AuthController
           Method = com.workhub.controller.AuthController#login(LoginRequest)

Async:
    Async started = false
     Async result = null

Resolved Exception:
             Type = null

ModelAndView:
        View name = null
             View = null
            Model = null

FlashMap:
       Attributes = null

MockHttpServletResponse:
           Status = 200
    Error message = null
          Headers = [X-Correlation-Id:"bdaf1a36-9069-47e0-a395-a4aea1692644", Content-Type:"application/json", X-Content-Type-Options:"nosniff", X-XSS-Protection:"0", Cache-Control:"no-cache, no-store, max-age=0, must-revalidate", Pragma:"no-cache", Expires:"0", X-Frame-Options:"DENY"]
     Content type = application/json
             Body = {"token":"eyJhbGciOiJIUzI1NiJ9.eyJyb2xlIjoiVEVOQU5UX0FETUlOIiwidGVuYW50SWQiOjEsInVzZXJJZCI6MSwic3ViIjoiYWRtaW5AZGVtby5jb20iLCJpYXQiOjE3NzkzMTcwMTEsImV4cCI6MTc3OTQwMzQxMX0.MQ9H9ONLhJ8GzvZJ7pTeld9Q8FClXK_YwIQccft5ikA","type":"Bearer","userId":1,"email":"admin@demo.com","tenantId":1,"role":"TENANT_ADMIN","expiresIn":86400000}
    Forwarded URL = null
   Redirected URL = null
          Cookies = []
2026-05-21T01:43:31.449+03:00 level=DEBUG app=workhub corr=na method=na path=na logger=org.hibernate.SQL msg="
    select
        pm1_0.id,
        pm1_0.attempt_count,
        pm1_0.correlation_id,
        pm1_0.event_id,
        pm1_0.first_received_at,
        pm1_0.job_id,
        pm1_0.last_error,
        pm1_0.processed_at,
        pm1_0.project_id,
        pm1_0.status,
        pm1_0.tenant_id,
        pm1_0.updated_at,
        pm1_0.version 
    from
        processed_messages pm1_0"
2026-05-21T01:43:31.452+03:00 level=DEBUG app=workhub corr=na method=na path=na logger=org.hibernate.SQL msg="
    select
        j1_0.id,
        j1_0.correlation_id,
        j1_0.created_at,
        j1_0.error_message,
        j1_0.project_id,
        j1_0.status,
        j1_0.tenant_id,
        j1_0.updated_at 
    from
        jobs j1_0"
2026-05-21T01:43:31.452+03:00 level=DEBUG app=workhub corr=na method=na path=na logger=org.hibernate.SQL msg="
    select
        p1_0.id,
        p1_0.created_at,
        p1_0.created_by_id,
        p1_0.description,
        p1_0.end_date,
        p1_0.name,
        p1_0.project_key,
        p1_0.start_date,
        p1_0.status,
        p1_0.tenant_id,
        p1_0.updated_at,
        p1_0.version 
    from
        projects p1_0 
    where
        p1_0.id=?"
2026-05-21T01:43:31.453+03:00 level=DEBUG app=workhub corr=na method=na path=na logger=org.hibernate.SQL msg="
    select
        t1_0.id,
        t1_0.created_at,
        t1_0.name,
        t1_0.plan,
        t1_0.status,
        t1_0.updated_at,
        t1_0.version 
    from
        tenants t1_0 
    where
        t1_0.id=?"
2026-05-21T01:43:31.456+03:00 level=DEBUG app=workhub corr=na method=na path=na logger=org.hibernate.SQL msg="
    delete 
    from
        jobs 
    where
        id=?"
2026-05-21T01:43:31.457+03:00 level=DEBUG app=workhub corr=na method=na path=na logger=org.hibernate.SQL msg="
    select
        t1_0.id,
        t1_0.created_at,
        t1_0.name,
        t1_0.plan,
        t1_0.status,
        t1_0.updated_at,
        t1_0.version 
    from
        tenants t1_0 
    where
        t1_0.id=?"
2026-05-21T01:43:31.459+03:00 level=DEBUG app=workhub corr=na method=na path=na logger=org.hibernate.SQL msg="
    select
        u1_0.id,
        u1_0.created_at,
        u1_0.email,
        u1_0.first_name,
        u1_0.last_login_at,
        u1_0.last_name,
        u1_0.password,
        u1_0.role,
        u1_0.status,
        u1_0.tenant_id,
        u1_0.updated_at,
        u1_0.version 
    from
        users u1_0 
    where
        u1_0.email=?"
2026-05-21T01:43:31.462+03:00 level=DEBUG app=workhub corr=na method=na path=na logger=org.hibernate.SQL msg="
    select
        p1_0.id,
        p1_0.created_at,
        p1_0.created_by_id,
        p1_0.description,
        p1_0.end_date,
        p1_0.name,
        p1_0.project_key,
        p1_0.start_date,
        p1_0.status,
        p1_0.tenant_id,
        p1_0.updated_at,
        p1_0.version 
    from
        projects p1_0 
    where
        p1_0.tenant_id=? 
        and p1_0.project_key=?"
2026-05-21T01:43:31.465+03:00 level=DEBUG app=workhub corr=na method=na path=na logger=org.hibernate.SQL msg="
    select
        t1_0.id,
        t1_0.actual_hours,
        t1_0.assigned_to_id,
        t1_0.completed_at,
        t1_0.created_at,
        t1_0.description,
        t1_0.due_date,
        t1_0.estimated_hours,
        t1_0.priority,
        t1_0.project_id,
        t1_0.status,
        t1_0.tenant_id,
        t1_0.title,
        t1_0.updated_at,
        t1_0.version 
    from
        tasks t1_0 
    where
        t1_0.tenant_id=? 
        and lower(t1_0.title) like lower(('%'||?||'%')) escape ''"
2026-05-21T01:43:31.469+03:00 level=DEBUG app=workhub corr=na method=na path=na logger=org.hibernate.SQL msg="
    select
        t1_0.id,
        t1_0.created_at,
        t1_0.name,
        t1_0.plan,
        t1_0.status,
        t1_0.updated_at,
        t1_0.version 
    from
        tenants t1_0 
    where
        upper(t1_0.name)=upper(?)"
2026-05-21T01:43:31.472+03:00 level=DEBUG app=workhub corr=na method=na path=na logger=org.hibernate.SQL msg="
    select
        u1_0.id,
        u1_0.created_at,
        u1_0.email,
        u1_0.first_name,
        u1_0.last_login_at,
        u1_0.last_name,
        u1_0.password,
        u1_0.role,
        u1_0.status,
        u1_0.tenant_id,
        u1_0.updated_at,
        u1_0.version 
    from
        users u1_0 
    where
        u1_0.email=?"
2026-05-21T01:43:31.476+03:00 level=DEBUG app=workhub corr=na method=na path=na logger=org.hibernate.SQL msg="
    select
        u1_0.id,
        u1_0.created_at,
        u1_0.email,
        u1_0.first_name,
        u1_0.last_login_at,
        u1_0.last_name,
        u1_0.password,
        u1_0.role,
        u1_0.status,
        u1_0.tenant_id,
        u1_0.updated_at,
        u1_0.version 
    from
        users u1_0 
    where
        u1_0.email=?"
2026-05-21T01:43:31.478+03:00 level=DEBUG app=workhub corr=na method=na path=na logger=org.hibernate.SQL msg="
    select
        p1_0.id,
        p1_0.created_at,
        p1_0.created_by_id,
        p1_0.description,
        p1_0.end_date,
        p1_0.name,
        p1_0.project_key,
        p1_0.start_date,
        p1_0.status,
        p1_0.tenant_id,
        p1_0.updated_at,
        p1_0.version 
    from
        projects p1_0 
    where
        p1_0.tenant_id=? 
        and p1_0.project_key=?"
2026-05-21T01:43:31.480+03:00 level=INFO  app=workhub corr=6b1b165a-a2ac-4ed4-9dc6-d6dd565d6e5d method=POST path=/api/auth/login logger=c.w.security.RequestTracingFilter msg="request-start"
2026-05-21T01:43:31.480+03:00 level=DEBUG app=workhub corr=6b1b165a-a2ac-4ed4-9dc6-d6dd565d6e5d method=POST path=/api/auth/login logger=o.s.security.web.FilterChainProxy msg="Securing POST /api/auth/login"
2026-05-21T01:43:31.481+03:00 level=DEBUG app=workhub corr=6b1b165a-a2ac-4ed4-9dc6-d6dd565d6e5d method=POST path=/api/auth/login logger=o.s.s.w.a.AnonymousAuthenticationFilter msg="Set SecurityContextHolder to anonymous SecurityContext"
2026-05-21T01:43:31.482+03:00 level=DEBUG app=workhub corr=6b1b165a-a2ac-4ed4-9dc6-d6dd565d6e5d method=POST path=/api/auth/login logger=o.s.security.web.FilterChainProxy msg="Secured POST /api/auth/login"
2026-05-21T01:43:31.484+03:00 level=INFO  app=workhub corr=6b1b165a-a2ac-4ed4-9dc6-d6dd565d6e5d method=POST path=/api/auth/login logger=c.workhub.controller.AuthController msg="Login attempt for email: phase2.admin@demo.com"
2026-05-21T01:43:31.486+03:00 level=DEBUG app=workhub corr=6b1b165a-a2ac-4ed4-9dc6-d6dd565d6e5d method=POST path=/api/auth/login logger=org.hibernate.SQL msg="
    select
        u1_0.id,
        u1_0.created_at,
        u1_0.email,
        u1_0.first_name,
        u1_0.last_login_at,
        u1_0.last_name,
        u1_0.password,
        u1_0.role,
        u1_0.status,
        u1_0.tenant_id,
        u1_0.updated_at,
        u1_0.version 
    from
        users u1_0 
    where
        u1_0.email=?"
2026-05-21T01:43:31.557+03:00 level=DEBUG app=workhub corr=6b1b165a-a2ac-4ed4-9dc6-d6dd565d6e5d method=POST path=/api/auth/login logger=o.s.s.a.d.DaoAuthenticationProvider msg="Authenticated user"
2026-05-21T01:43:31.559+03:00 level=DEBUG app=workhub corr=6b1b165a-a2ac-4ed4-9dc6-d6dd565d6e5d method=POST path=/api/auth/login logger=org.hibernate.SQL msg="
    select
        u1_0.id,
        u1_0.created_at,
        u1_0.email,
        u1_0.first_name,
        u1_0.last_login_at,
        u1_0.last_name,
        u1_0.password,
        u1_0.role,
        u1_0.status,
        u1_0.tenant_id,
        u1_0.updated_at,
        u1_0.version 
    from
        users u1_0 
    where
        u1_0.id=? 
        and u1_0.tenant_id=?"
2026-05-21T01:43:31.562+03:00 level=DEBUG app=workhub corr=6b1b165a-a2ac-4ed4-9dc6-d6dd565d6e5d method=POST path=/api/auth/login logger=org.hibernate.SQL msg="
    update
        users 
    set
        email=?,
        first_name=?,
        last_login_at=?,
        last_name=?,
        password=?,
        role=?,
        status=?,
        tenant_id=?,
        updated_at=?,
        version=? 
    where
        id=? 
        and version=?"
2026-05-21T01:43:31.566+03:00 level=INFO  app=workhub corr=6b1b165a-a2ac-4ed4-9dc6-d6dd565d6e5d method=POST path=/api/auth/login logger=c.workhub.controller.AuthController msg="Login successful for user: phase2.admin@demo.com (tenant: 2)"
2026-05-21T01:43:31.567+03:00 level=INFO  app=workhub corr=6b1b165a-a2ac-4ed4-9dc6-d6dd565d6e5d method=POST path=/api/auth/login logger=c.w.security.RequestTracingFilter msg="request-end status=200 durationMs=87"
2026-05-21T01:43:31.569+03:00 level=INFO  app=workhub corr=ac14bd11-24b9-4c1a-a533-e35d91cc186f method=POST path=/api/auth/login logger=c.w.security.RequestTracingFilter msg="request-start"
2026-05-21T01:43:31.569+03:00 level=DEBUG app=workhub corr=ac14bd11-24b9-4c1a-a533-e35d91cc186f method=POST path=/api/auth/login logger=o.s.security.web.FilterChainProxy msg="Securing POST /api/auth/login"
2026-05-21T01:43:31.570+03:00 level=DEBUG app=workhub corr=ac14bd11-24b9-4c1a-a533-e35d91cc186f method=POST path=/api/auth/login logger=o.s.s.w.a.AnonymousAuthenticationFilter msg="Set SecurityContextHolder to anonymous SecurityContext"
2026-05-21T01:43:31.570+03:00 level=DEBUG app=workhub corr=ac14bd11-24b9-4c1a-a533-e35d91cc186f method=POST path=/api/auth/login logger=o.s.security.web.FilterChainProxy msg="Secured POST /api/auth/login"
2026-05-21T01:43:31.572+03:00 level=INFO  app=workhub corr=ac14bd11-24b9-4c1a-a533-e35d91cc186f method=POST path=/api/auth/login logger=c.workhub.controller.AuthController msg="Login attempt for email: phase2.user@demo.com"
2026-05-21T01:43:31.574+03:00 level=DEBUG app=workhub corr=ac14bd11-24b9-4c1a-a533-e35d91cc186f method=POST path=/api/auth/login logger=org.hibernate.SQL msg="
    select
        u1_0.id,
        u1_0.created_at,
        u1_0.email,
        u1_0.first_name,
        u1_0.last_login_at,
        u1_0.last_name,
        u1_0.password,
        u1_0.role,
        u1_0.status,
        u1_0.tenant_id,
        u1_0.updated_at,
        u1_0.version 
    from
        users u1_0 
    where
        u1_0.email=?"
2026-05-21T01:43:31.686+03:00 level=DEBUG app=workhub corr=ac14bd11-24b9-4c1a-a533-e35d91cc186f method=POST path=/api/auth/login logger=o.s.s.a.d.DaoAuthenticationProvider msg="Authenticated user"
2026-05-21T01:43:31.692+03:00 level=DEBUG app=workhub corr=ac14bd11-24b9-4c1a-a533-e35d91cc186f method=POST path=/api/auth/login logger=org.hibernate.SQL msg="
    select
        u1_0.id,
        u1_0.created_at,
        u1_0.email,
        u1_0.first_name,
        u1_0.last_login_at,
        u1_0.last_name,
        u1_0.password,
        u1_0.role,
        u1_0.status,
        u1_0.tenant_id,
        u1_0.updated_at,
        u1_0.version 
    from
        users u1_0 
    where
        u1_0.id=? 
        and u1_0.tenant_id=?"
2026-05-21T01:43:31.697+03:00 level=DEBUG app=workhub corr=ac14bd11-24b9-4c1a-a533-e35d91cc186f method=POST path=/api/auth/login logger=org.hibernate.SQL msg="
    update
        users 
    set
        email=?,
        first_name=?,
        last_login_at=?,
        last_name=?,
        password=?,
        role=?,
        status=?,
        tenant_id=?,
        updated_at=?,
        version=? 
    where
        id=? 
        and version=?"
2026-05-21T01:43:31.700+03:00 level=INFO  app=workhub corr=ac14bd11-24b9-4c1a-a533-e35d91cc186f method=POST path=/api/auth/login logger=c.workhub.controller.AuthController msg="Login successful for user: phase2.user@demo.com (tenant: 2)"
2026-05-21T01:43:31.702+03:00 level=INFO  app=workhub corr=ac14bd11-24b9-4c1a-a533-e35d91cc186f method=POST path=/api/auth/login logger=c.w.security.RequestTracingFilter msg="request-end status=200 durationMs=132"
2026-05-21T01:43:31.703+03:00 level=INFO  app=workhub corr=0c549407-5a7d-43e2-b492-a9a35cf2071c method=POST path=/api/auth/login logger=c.w.security.RequestTracingFilter msg="request-start"
2026-05-21T01:43:31.704+03:00 level=DEBUG app=workhub corr=0c549407-5a7d-43e2-b492-a9a35cf2071c method=POST path=/api/auth/login logger=o.s.security.web.FilterChainProxy msg="Securing POST /api/auth/login"
2026-05-21T01:43:31.704+03:00 level=DEBUG app=workhub corr=0c549407-5a7d-43e2-b492-a9a35cf2071c method=POST path=/api/auth/login logger=o.s.s.w.a.AnonymousAuthenticationFilter msg="Set SecurityContextHolder to anonymous SecurityContext"
2026-05-21T01:43:31.705+03:00 level=DEBUG app=workhub corr=0c549407-5a7d-43e2-b492-a9a35cf2071c method=POST path=/api/auth/login logger=o.s.security.web.FilterChainProxy msg="Secured POST /api/auth/login"
2026-05-21T01:43:31.706+03:00 level=INFO  app=workhub corr=0c549407-5a7d-43e2-b492-a9a35cf2071c method=POST path=/api/auth/login logger=c.workhub.controller.AuthController msg="Login attempt for email: admin@demo.com"
2026-05-21T01:43:31.709+03:00 level=DEBUG app=workhub corr=0c549407-5a7d-43e2-b492-a9a35cf2071c method=POST path=/api/auth/login logger=org.hibernate.SQL msg="
    select
        u1_0.id,
        u1_0.created_at,
        u1_0.email,
        u1_0.first_name,
        u1_0.last_login_at,
        u1_0.last_name,
        u1_0.password,
        u1_0.role,
        u1_0.status,
        u1_0.tenant_id,
        u1_0.updated_at,
        u1_0.version 
    from
        users u1_0 
    where
        u1_0.email=?"
2026-05-21T01:43:31.780+03:00 level=DEBUG app=workhub corr=0c549407-5a7d-43e2-b492-a9a35cf2071c method=POST path=/api/auth/login logger=o.s.s.a.d.DaoAuthenticationProvider msg="Authenticated user"
2026-05-21T01:43:31.782+03:00 level=DEBUG app=workhub corr=0c549407-5a7d-43e2-b492-a9a35cf2071c method=POST path=/api/auth/login logger=org.hibernate.SQL msg="
    select
        u1_0.id,
        u1_0.created_at,
        u1_0.email,
        u1_0.first_name,
        u1_0.last_login_at,
        u1_0.last_name,
        u1_0.password,
        u1_0.role,
        u1_0.status,
        u1_0.tenant_id,
        u1_0.updated_at,
        u1_0.version 
    from
        users u1_0 
    where
        u1_0.id=? 
        and u1_0.tenant_id=?"
2026-05-21T01:43:31.785+03:00 level=DEBUG app=workhub corr=0c549407-5a7d-43e2-b492-a9a35cf2071c method=POST path=/api/auth/login logger=org.hibernate.SQL msg="
    update
        users 
    set
        email=?,
        first_name=?,
        last_login_at=?,
        last_name=?,
        password=?,
        role=?,
        status=?,
        tenant_id=?,
        updated_at=?,
        version=? 
    where
        id=? 
        and version=?"
2026-05-21T01:43:31.789+03:00 level=INFO  app=workhub corr=0c549407-5a7d-43e2-b492-a9a35cf2071c method=POST path=/api/auth/login logger=c.workhub.controller.AuthController msg="Login successful for user: admin@demo.com (tenant: 1)"
2026-05-21T01:43:31.790+03:00 level=INFO  app=workhub corr=0c549407-5a7d-43e2-b492-a9a35cf2071c method=POST path=/api/auth/login logger=c.w.security.RequestTracingFilter msg="request-end status=200 durationMs=86"
2026-05-21T01:43:31.792+03:00 level=INFO  app=workhub corr=cb4491a5-4fb9-4442-becc-ef85b2d5e42f method=POST path=/api/projects/1/generate-report logger=c.w.security.RequestTracingFilter msg="request-start"
2026-05-21T01:43:31.793+03:00 level=DEBUG app=workhub corr=cb4491a5-4fb9-4442-becc-ef85b2d5e42f method=POST path=/api/projects/1/generate-report logger=o.s.security.web.FilterChainProxy msg="Securing POST /api/projects/1/generate-report"
2026-05-21T01:43:31.804+03:00 level=DEBUG app=workhub corr=cb4491a5-4fb9-4442-becc-ef85b2d5e42f method=POST path=/api/projects/1/generate-report logger=org.hibernate.SQL msg="
    select
        u1_0.id,
        u1_0.created_at,
        u1_0.email,
        u1_0.first_name,
        u1_0.last_login_at,
        u1_0.last_name,
        u1_0.password,
        u1_0.role,
        u1_0.status,
        u1_0.tenant_id,
        u1_0.updated_at,
        u1_0.version 
    from
        users u1_0 
    where
        u1_0.email=?"
2026-05-21T01:43:31.808+03:00 level=DEBUG app=workhub corr=cb4491a5-4fb9-4442-becc-ef85b2d5e42f method=POST path=/api/projects/1/generate-report logger=o.s.security.web.FilterChainProxy msg="Secured POST /api/projects/1/generate-report"
2026-05-21T01:43:31.809+03:00 level=DEBUG app=workhub corr=cb4491a5-4fb9-4442-becc-ef85b2d5e42f method=POST path=/api/projects/1/generate-report logger=o.s.s.a.m.AuthorizationManagerBeforeMethodInterceptor msg="Authorizing method invocation ReflectiveMethodInvocation: public org.springframework.http.ResponseEntity com.workhub.controller.ProjectController.generateReport(java.lang.Long); target is of class [com.workhub.controller.ProjectController]"
2026-05-21T01:43:31.809+03:00 level=DEBUG app=workhub corr=cb4491a5-4fb9-4442-becc-ef85b2d5e42f method=POST path=/api/projects/1/generate-report logger=o.s.s.a.m.AuthorizationManagerBeforeMethodInterceptor msg="Authorized method invocation ReflectiveMethodInvocation: public org.springframework.http.ResponseEntity com.workhub.controller.ProjectController.generateReport(java.lang.Long); target is of class [com.workhub.controller.ProjectController]"
2026-05-21T01:43:31.811+03:00 level=DEBUG app=workhub corr=cb4491a5-4fb9-4442-becc-ef85b2d5e42f method=POST path=/api/projects/1/generate-report logger=org.hibernate.SQL msg="
    select
        case 
            when count(p1_0.id)>0 
                then true 
            else false 
    end 
from
    projects p1_0 
where
    p1_0.id=? 
    and p1_0.tenant_id=?"
2026-05-21T01:43:31.813+03:00 level=DEBUG app=workhub corr=cb4491a5-4fb9-4442-becc-ef85b2d5e42f method=POST path=/api/projects/1/generate-report logger=org.hibernate.SQL msg="
    insert 
    into
        jobs
        (correlation_id, created_at, error_message, project_id, status, tenant_id, updated_at, id) 
    values
        (?, ?, ?, ?, ?, ?, ?, default)"
2026-05-21T01:43:31.814+03:00 level=INFO  app=workhub corr=cb4491a5-4fb9-4442-becc-ef85b2d5e42f method=POST path=/api/projects/1/generate-report logger=c.w.s.i.ReportGenerationServiceImpl msg="Queued report generation jobId=4 tenantId=1 projectId=1 correlationId=cb4491a5-4fb9-4442-becc-ef85b2d5e42f"
2026-05-21T01:43:31.822+03:00 level=WARN  app=workhub corr=na method=na path=na logger=c.r.c.impl.ForgivingExceptionHandler msg="An unexpected connection driver error occurred (Exception message: Socket closed)"
2026-05-21T01:43:31.878+03:00 level=ERROR app=workhub corr=cb4491a5-4fb9-4442-becc-ef85b2d5e42f method=POST path=/api/projects/1/generate-report logger=c.w.s.i.ReportGenerationProducerServiceImpl msg="Failed to publish ReportGenerationEvent eventId=283352a2-3340-4a63-b0ba-ffc855c3497d jobId=4 tenantId=1 reason=java.io.IOException"
2026-05-21T01:43:31.878+03:00 level=WARN  app=workhub corr=na method=na path=na logger=c.r.c.impl.ForgivingExceptionHandler msg="An unexpected connection driver error occurred (Exception message: Socket closed)"
2026-05-21T01:43:31.878+03:00 level=ERROR app=workhub corr=cb4491a5-4fb9-4442-becc-ef85b2d5e42f method=POST path=/api/projects/1/generate-report logger=c.w.s.i.ReportGenerationServiceImpl msg="Post-commit publish failed jobId=4 tenantId=1 correlationId=cb4491a5-4fb9-4442-becc-ef85b2d5e42f reason=Failed to publish report generation event"
2026-05-21T01:43:31.880+03:00 level=DEBUG app=workhub corr=cb4491a5-4fb9-4442-becc-ef85b2d5e42f method=POST path=/api/projects/1/generate-report logger=org.hibernate.SQL msg="
    select
        j1_0.id,
        j1_0.correlation_id,
        j1_0.created_at,
        j1_0.error_message,
        j1_0.project_id,
        j1_0.status,
        j1_0.tenant_id,
        j1_0.updated_at 
    from
        jobs j1_0 
    where
        j1_0.id=? 
        and j1_0.tenant_id=?"
2026-05-21T01:43:31.881+03:00 level=DEBUG app=workhub corr=cb4491a5-4fb9-4442-becc-ef85b2d5e42f method=POST path=/api/projects/1/generate-report logger=org.hibernate.SQL msg="
    select
        p1_0.id,
        p1_0.created_at,
        p1_0.created_by_id,
        p1_0.description,
        p1_0.end_date,
        p1_0.name,
        p1_0.project_key,
        p1_0.start_date,
        p1_0.status,
        p1_0.tenant_id,
        p1_0.updated_at,
        p1_0.version 
    from
        projects p1_0 
    where
        p1_0.id=?"
2026-05-21T01:43:31.881+03:00 level=DEBUG app=workhub corr=cb4491a5-4fb9-4442-becc-ef85b2d5e42f method=POST path=/api/projects/1/generate-report logger=org.hibernate.SQL msg="
    select
        t1_0.id,
        t1_0.created_at,
        t1_0.name,
        t1_0.plan,
        t1_0.status,
        t1_0.updated_at,
        t1_0.version 
    from
        tenants t1_0 
    where
        t1_0.id=?"
2026-05-21T01:43:31.881+03:00 level=INFO  app=workhub corr=cb4491a5-4fb9-4442-becc-ef85b2d5e42f method=POST path=/api/projects/1/generate-report logger=c.w.s.i.ReportGenerationServiceImpl msg="Marked job as FAILED after publish failure jobId=4 tenantId=1"
2026-05-21T01:43:31.882+03:00 level=DEBUG app=workhub corr=cb4491a5-4fb9-4442-becc-ef85b2d5e42f method=POST path=/api/projects/1/generate-report logger=org.hibernate.SQL msg="
    update
        jobs 
    set
        correlation_id=?,
        error_message=?,
        project_id=?,
        status=?,
        tenant_id=?,
        updated_at=? 
    where
        id=?"
2026-05-21T01:43:31.884+03:00 level=INFO  app=workhub corr=cb4491a5-4fb9-4442-becc-ef85b2d5e42f method=POST path=/api/projects/1/generate-report logger=c.w.security.RequestTracingFilter msg="request-end status=202 durationMs=91"
2026-05-21T01:43:32.002+03:00 level=DEBUG app=workhub corr=na method=na path=na logger=org.hibernate.SQL msg="
    select
        j1_0.id,
        j1_0.correlation_id,
        j1_0.created_at,
        j1_0.error_message,
        j1_0.project_id,
        j1_0.status,
        j1_0.tenant_id,
        j1_0.updated_at 
    from
        jobs j1_0 
    where
        j1_0.id=? 
        and j1_0.tenant_id=?"
2026-05-21T01:43:32.004+03:00 level=DEBUG app=workhub corr=na method=na path=na logger=org.hibernate.SQL msg="
    select
        p1_0.id,
        p1_0.created_at,
        p1_0.created_by_id,
        p1_0.description,
        p1_0.end_date,
        p1_0.name,
        p1_0.project_key,
        p1_0.start_date,
        p1_0.status,
        p1_0.tenant_id,
        p1_0.updated_at,
        p1_0.version 
    from
        projects p1_0 
    where
        p1_0.id=?"
2026-05-21T01:43:32.005+03:00 level=DEBUG app=workhub corr=na method=na path=na logger=org.hibernate.SQL msg="
    select
        t1_0.id,
        t1_0.created_at,
        t1_0.name,
        t1_0.plan,
        t1_0.status,
        t1_0.updated_at,
        t1_0.version 
    from
        tenants t1_0 
    where
        t1_0.id=?"
2026-05-21T01:43:32.124+03:00 level=DEBUG app=workhub corr=na method=na path=na logger=org.hibernate.SQL msg="
    select
        j1_0.id,
        j1_0.correlation_id,
        j1_0.created_at,
        j1_0.error_message,
        j1_0.project_id,
        j1_0.status,
        j1_0.tenant_id,
        j1_0.updated_at 
    from
        jobs j1_0 
    where
        j1_0.id=? 
        and j1_0.tenant_id=?"
2026-05-21T01:43:32.125+03:00 level=DEBUG app=workhub corr=na method=na path=na logger=org.hibernate.SQL msg="
    select
        p1_0.id,
        p1_0.created_at,
        p1_0.created_by_id,
        p1_0.description,
        p1_0.end_date,
        p1_0.name,
        p1_0.project_key,
        p1_0.start_date,
        p1_0.status,
        p1_0.tenant_id,
        p1_0.updated_at,
        p1_0.version 
    from
        projects p1_0 
    where
        p1_0.id=?"
2026-05-21T01:43:32.125+03:00 level=DEBUG app=workhub corr=na method=na path=na logger=org.hibernate.SQL msg="
    select
        t1_0.id,
        t1_0.created_at,
        t1_0.name,
        t1_0.plan,
        t1_0.status,
        t1_0.updated_at,
        t1_0.version 
    from
        tenants t1_0 
    where
        t1_0.id=?"
2026-05-21T01:43:32.235+03:00 level=DEBUG app=workhub corr=na method=na path=na logger=org.hibernate.SQL msg="
    select
        j1_0.id,
        j1_0.correlation_id,
        j1_0.created_at,
        j1_0.error_message,
        j1_0.project_id,
        j1_0.status,
        j1_0.tenant_id,
        j1_0.updated_at 
    from
        jobs j1_0 
    where
        j1_0.id=? 
        and j1_0.tenant_id=?"
2026-05-21T01:43:32.235+03:00 level=DEBUG app=workhub corr=na method=na path=na logger=org.hibernate.SQL msg="
    select
        p1_0.id,
        p1_0.created_at,
        p1_0.created_by_id,
        p1_0.description,
        p1_0.end_date,
        p1_0.name,
        p1_0.project_key,
        p1_0.start_date,
        p1_0.status,
        p1_0.tenant_id,
        p1_0.updated_at,
        p1_0.version 
    from
        projects p1_0 
    where
        p1_0.id=?"
2026-05-21T01:43:32.235+03:00 level=DEBUG app=workhub corr=na method=na path=na logger=org.hibernate.SQL msg="
    select
        t1_0.id,
        t1_0.created_at,
        t1_0.name,
        t1_0.plan,
        t1_0.status,
        t1_0.updated_at,
        t1_0.version 
    from
        tenants t1_0 
    where
        t1_0.id=?"
2026-05-21T01:43:32.344+03:00 level=DEBUG app=workhub corr=na method=na path=na logger=org.hibernate.SQL msg="
    select
        j1_0.id,
        j1_0.correlation_id,
        j1_0.created_at,
        j1_0.error_message,
        j1_0.project_id,
        j1_0.status,
        j1_0.tenant_id,
        j1_0.updated_at 
    from
        jobs j1_0 
    where
        j1_0.id=? 
        and j1_0.tenant_id=?"
2026-05-21T01:43:32.344+03:00 level=DEBUG app=workhub corr=na method=na path=na logger=org.hibernate.SQL msg="
    select
        p1_0.id,
        p1_0.created_at,
        p1_0.created_by_id,
        p1_0.description,
        p1_0.end_date,
        p1_0.name,
        p1_0.project_key,
        p1_0.start_date,
        p1_0.status,
        p1_0.tenant_id,
        p1_0.updated_at,
        p1_0.version 
    from
        projects p1_0 
    where
        p1_0.id=?"
2026-05-21T01:43:32.345+03:00 level=DEBUG app=workhub corr=na method=na path=na logger=org.hibernate.SQL msg="
    select
        t1_0.id,
        t1_0.created_at,
        t1_0.name,
        t1_0.plan,
        t1_0.status,
        t1_0.updated_at,
        t1_0.version 
    from
        tenants t1_0 
    where
        t1_0.id=?"
2026-05-21T01:43:32.452+03:00 level=DEBUG app=workhub corr=na method=na path=na logger=org.hibernate.SQL msg="
    select
        j1_0.id,
        j1_0.correlation_id,
        j1_0.created_at,
        j1_0.error_message,
        j1_0.project_id,
        j1_0.status,
        j1_0.tenant_id,
        j1_0.updated_at 
    from
        jobs j1_0 
    where
        j1_0.id=? 
        and j1_0.tenant_id=?"
2026-05-21T01:43:32.452+03:00 level=DEBUG app=workhub corr=na method=na path=na logger=org.hibernate.SQL msg="
    select
        p1_0.id,
        p1_0.created_at,
        p1_0.created_by_id,
        p1_0.description,
        p1_0.end_date,
        p1_0.name,
        p1_0.project_key,
        p1_0.start_date,
        p1_0.status,
        p1_0.tenant_id,
        p1_0.updated_at,
        p1_0.version 
    from
        projects p1_0 
    where
        p1_0.id=?"
2026-05-21T01:43:32.453+03:00 level=DEBUG app=workhub corr=na method=na path=na logger=org.hibernate.SQL msg="
    select
        t1_0.id,
        t1_0.created_at,
        t1_0.name,
        t1_0.plan,
        t1_0.status,
        t1_0.updated_at,
        t1_0.version 
    from
        tenants t1_0 
    where
        t1_0.id=?"
2026-05-21T01:43:32.559+03:00 level=DEBUG app=workhub corr=na method=na path=na logger=org.hibernate.SQL msg="
    select
        j1_0.id,
        j1_0.correlation_id,
        j1_0.created_at,
        j1_0.error_message,
        j1_0.project_id,
        j1_0.status,
        j1_0.tenant_id,
        j1_0.updated_at 
    from
        jobs j1_0 
    where
        j1_0.id=? 
        and j1_0.tenant_id=?"
2026-05-21T01:43:32.559+03:00 level=DEBUG app=workhub corr=na method=na path=na logger=org.hibernate.SQL msg="
    select
        p1_0.id,
        p1_0.created_at,
        p1_0.created_by_id,
        p1_0.description,
        p1_0.end_date,
        p1_0.name,
        p1_0.project_key,
        p1_0.start_date,
        p1_0.status,
        p1_0.tenant_id,
        p1_0.updated_at,
        p1_0.version 
    from
        projects p1_0 
    where
        p1_0.id=?"
2026-05-21T01:43:32.560+03:00 level=DEBUG app=workhub corr=na method=na path=na logger=org.hibernate.SQL msg="
    select
        t1_0.id,
        t1_0.created_at,
        t1_0.name,
        t1_0.plan,
        t1_0.status,
        t1_0.updated_at,
        t1_0.version 
    from
        tenants t1_0 
    where
        t1_0.id=?"
2026-05-21T01:43:32.667+03:00 level=DEBUG app=workhub corr=na method=na path=na logger=org.hibernate.SQL msg="
    select
        j1_0.id,
        j1_0.correlation_id,
        j1_0.created_at,
        j1_0.error_message,
        j1_0.project_id,
        j1_0.status,
        j1_0.tenant_id,
        j1_0.updated_at 
    from
        jobs j1_0 
    where
        j1_0.id=? 
        and j1_0.tenant_id=?"
2026-05-21T01:43:32.667+03:00 level=DEBUG app=workhub corr=na method=na path=na logger=org.hibernate.SQL msg="
    select
        p1_0.id,
        p1_0.created_at,
        p1_0.created_by_id,
        p1_0.description,
        p1_0.end_date,
        p1_0.name,
        p1_0.project_key,
        p1_0.start_date,
        p1_0.status,
        p1_0.tenant_id,
        p1_0.updated_at,
        p1_0.version 
    from
        projects p1_0 
    where
        p1_0.id=?"
2026-05-21T01:43:32.668+03:00 level=DEBUG app=workhub corr=na method=na path=na logger=org.hibernate.SQL msg="
    select
        t1_0.id,
        t1_0.created_at,
        t1_0.name,
        t1_0.plan,
        t1_0.status,
        t1_0.updated_at,
        t1_0.version 
    from
        tenants t1_0 
    where
        t1_0.id=?"
2026-05-21T01:43:32.776+03:00 level=DEBUG app=workhub corr=na method=na path=na logger=org.hibernate.SQL msg="
    select
        j1_0.id,
        j1_0.correlation_id,
        j1_0.created_at,
        j1_0.error_message,
        j1_0.project_id,
        j1_0.status,
        j1_0.tenant_id,
        j1_0.updated_at 
    from
        jobs j1_0 
    where
        j1_0.id=? 
        and j1_0.tenant_id=?"
2026-05-21T01:43:32.776+03:00 level=DEBUG app=workhub corr=na method=na path=na logger=org.hibernate.SQL msg="
    select
        p1_0.id,
        p1_0.created_at,
        p1_0.created_by_id,
        p1_0.description,
        p1_0.end_date,
        p1_0.name,
        p1_0.project_key,
        p1_0.start_date,
        p1_0.status,
        p1_0.tenant_id,
        p1_0.updated_at,
        p1_0.version 
    from
        projects p1_0 
    where
        p1_0.id=?"
2026-05-21T01:43:32.777+03:00 level=DEBUG app=workhub corr=na method=na path=na logger=org.hibernate.SQL msg="
    select
        t1_0.id,
        t1_0.created_at,
        t1_0.name,
        t1_0.plan,
        t1_0.status,
        t1_0.updated_at,
        t1_0.version 
    from
        tenants t1_0 
    where
        t1_0.id=?"
2026-05-21T01:43:32.886+03:00 level=DEBUG app=workhub corr=na method=na path=na logger=org.hibernate.SQL msg="
    select
        j1_0.id,
        j1_0.correlation_id,
        j1_0.created_at,
        j1_0.error_message,
        j1_0.project_id,
        j1_0.status,
        j1_0.tenant_id,
        j1_0.updated_at 
    from
        jobs j1_0 
    where
        j1_0.id=? 
        and j1_0.tenant_id=?"
2026-05-21T01:43:32.886+03:00 level=DEBUG app=workhub corr=na method=na path=na logger=org.hibernate.SQL msg="
    select
        p1_0.id,
        p1_0.created_at,
        p1_0.created_by_id,
        p1_0.description,
        p1_0.end_date,
        p1_0.name,
        p1_0.project_key,
        p1_0.start_date,
        p1_0.status,
        p1_0.tenant_id,
        p1_0.updated_at,
        p1_0.version 
    from
        projects p1_0 
    where
        p1_0.id=?"
2026-05-21T01:43:32.886+03:00 level=DEBUG app=workhub corr=na method=na path=na logger=org.hibernate.SQL msg="
    select
        t1_0.id,
        t1_0.created_at,
        t1_0.name,
        t1_0.plan,
        t1_0.status,
        t1_0.updated_at,
        t1_0.version 
    from
        tenants t1_0 
    where
        t1_0.id=?"
2026-05-21T01:43:32.994+03:00 level=DEBUG app=workhub corr=na method=na path=na logger=org.hibernate.SQL msg="
    select
        j1_0.id,
        j1_0.correlation_id,
        j1_0.created_at,
        j1_0.error_message,
        j1_0.project_id,
        j1_0.status,
        j1_0.tenant_id,
        j1_0.updated_at 
    from
        jobs j1_0 
    where
        j1_0.id=? 
        and j1_0.tenant_id=?"
2026-05-21T01:43:32.995+03:00 level=DEBUG app=workhub corr=na method=na path=na logger=org.hibernate.SQL msg="
    select
        p1_0.id,
        p1_0.created_at,
        p1_0.created_by_id,
        p1_0.description,
        p1_0.end_date,
        p1_0.name,
        p1_0.project_key,
        p1_0.start_date,
        p1_0.status,
        p1_0.tenant_id,
        p1_0.updated_at,
        p1_0.version 
    from
        projects p1_0 
    where
        p1_0.id=?"
2026-05-21T01:43:32.995+03:00 level=DEBUG app=workhub corr=na method=na path=na logger=org.hibernate.SQL msg="
    select
        t1_0.id,
        t1_0.created_at,
        t1_0.name,
        t1_0.plan,
        t1_0.status,
        t1_0.updated_at,
        t1_0.version 
    from
        tenants t1_0 
    where
        t1_0.id=?"
2026-05-21T01:43:33.102+03:00 level=DEBUG app=workhub corr=na method=na path=na logger=org.hibernate.SQL msg="
    select
        j1_0.id,
        j1_0.correlation_id,
        j1_0.created_at,
        j1_0.error_message,
        j1_0.project_id,
        j1_0.status,
        j1_0.tenant_id,
        j1_0.updated_at 
    from
        jobs j1_0 
    where
        j1_0.id=? 
        and j1_0.tenant_id=?"
2026-05-21T01:43:33.103+03:00 level=DEBUG app=workhub corr=na method=na path=na logger=org.hibernate.SQL msg="
    select
        p1_0.id,
        p1_0.created_at,
        p1_0.created_by_id,
        p1_0.description,
        p1_0.end_date,
        p1_0.name,
        p1_0.project_key,
        p1_0.start_date,
        p1_0.status,
        p1_0.tenant_id,
        p1_0.updated_at,
        p1_0.version 
    from
        projects p1_0 
    where
        p1_0.id=?"
2026-05-21T01:43:33.103+03:00 level=DEBUG app=workhub corr=na method=na path=na logger=org.hibernate.SQL msg="
    select
        t1_0.id,
        t1_0.created_at,
        t1_0.name,
        t1_0.plan,
        t1_0.status,
        t1_0.updated_at,
        t1_0.version 
    from
        tenants t1_0 
    where
        t1_0.id=?"
2026-05-21T01:43:33.212+03:00 level=DEBUG app=workhub corr=na method=na path=na logger=org.hibernate.SQL msg="
    select
        j1_0.id,
        j1_0.correlation_id,
        j1_0.created_at,
        j1_0.error_message,
        j1_0.project_id,
        j1_0.status,
        j1_0.tenant_id,
        j1_0.updated_at 
    from
        jobs j1_0 
    where
        j1_0.id=? 
        and j1_0.tenant_id=?"
2026-05-21T01:43:33.212+03:00 level=DEBUG app=workhub corr=na method=na path=na logger=org.hibernate.SQL msg="
    select
        p1_0.id,
        p1_0.created_at,
        p1_0.created_by_id,
        p1_0.description,
        p1_0.end_date,
        p1_0.name,
        p1_0.project_key,
        p1_0.start_date,
        p1_0.status,
        p1_0.tenant_id,
        p1_0.updated_at,
        p1_0.version 
    from
        projects p1_0 
    where
        p1_0.id=?"
2026-05-21T01:43:33.212+03:00 level=DEBUG app=workhub corr=na method=na path=na logger=org.hibernate.SQL msg="
    select
        t1_0.id,
        t1_0.created_at,
        t1_0.name,
        t1_0.plan,
        t1_0.status,
        t1_0.updated_at,
        t1_0.version 
    from
        tenants t1_0 
    where
        t1_0.id=?"
2026-05-21T01:43:33.320+03:00 level=DEBUG app=workhub corr=na method=na path=na logger=org.hibernate.SQL msg="
    select
        j1_0.id,
        j1_0.correlation_id,
        j1_0.created_at,
        j1_0.error_message,
        j1_0.project_id,
        j1_0.status,
        j1_0.tenant_id,
        j1_0.updated_at 
    from
        jobs j1_0 
    where
        j1_0.id=? 
        and j1_0.tenant_id=?"
2026-05-21T01:43:33.320+03:00 level=DEBUG app=workhub corr=na method=na path=na logger=org.hibernate.SQL msg="
    select
        p1_0.id,
        p1_0.created_at,
        p1_0.created_by_id,
        p1_0.description,
        p1_0.end_date,
        p1_0.name,
        p1_0.project_key,
        p1_0.start_date,
        p1_0.status,
        p1_0.tenant_id,
        p1_0.updated_at,
        p1_0.version 
    from
        projects p1_0 
    where
        p1_0.id=?"
2026-05-21T01:43:33.321+03:00 level=DEBUG app=workhub corr=na method=na path=na logger=org.hibernate.SQL msg="
    select
        t1_0.id,
        t1_0.created_at,
        t1_0.name,
        t1_0.plan,
        t1_0.status,
        t1_0.updated_at,
        t1_0.version 
    from
        tenants t1_0 
    where
        t1_0.id=?"
2026-05-21T01:43:33.428+03:00 level=DEBUG app=workhub corr=na method=na path=na logger=org.hibernate.SQL msg="
    select
        j1_0.id,
        j1_0.correlation_id,
        j1_0.created_at,
        j1_0.error_message,
        j1_0.project_id,
        j1_0.status,
        j1_0.tenant_id,
        j1_0.updated_at 
    from
        jobs j1_0 
    where
        j1_0.id=? 
        and j1_0.tenant_id=?"
2026-05-21T01:43:33.429+03:00 level=DEBUG app=workhub corr=na method=na path=na logger=org.hibernate.SQL msg="
    select
        p1_0.id,
        p1_0.created_at,
        p1_0.created_by_id,
        p1_0.description,
        p1_0.end_date,
        p1_0.name,
        p1_0.project_key,
        p1_0.start_date,
        p1_0.status,
        p1_0.tenant_id,
        p1_0.updated_at,
        p1_0.version 
    from
        projects p1_0 
    where
        p1_0.id=?"
2026-05-21T01:43:33.429+03:00 level=DEBUG app=workhub corr=na method=na path=na logger=org.hibernate.SQL msg="
    select
        t1_0.id,
        t1_0.created_at,
        t1_0.name,
        t1_0.plan,
        t1_0.status,
        t1_0.updated_at,
        t1_0.version 
    from
        tenants t1_0 
    where
        t1_0.id=?"
2026-05-21T01:43:33.537+03:00 level=DEBUG app=workhub corr=na method=na path=na logger=org.hibernate.SQL msg="
    select
        j1_0.id,
        j1_0.correlation_id,
        j1_0.created_at,
        j1_0.error_message,
        j1_0.project_id,
        j1_0.status,
        j1_0.tenant_id,
        j1_0.updated_at 
    from
        jobs j1_0 
    where
        j1_0.id=? 
        and j1_0.tenant_id=?"
2026-05-21T01:43:33.538+03:00 level=DEBUG app=workhub corr=na method=na path=na logger=org.hibernate.SQL msg="
    select
        p1_0.id,
        p1_0.created_at,
        p1_0.created_by_id,
        p1_0.description,
        p1_0.end_date,
        p1_0.name,
        p1_0.project_key,
        p1_0.start_date,
        p1_0.status,
        p1_0.tenant_id,
        p1_0.updated_at,
        p1_0.version 
    from
        projects p1_0 
    where
        p1_0.id=?"
2026-05-21T01:43:33.538+03:00 level=DEBUG app=workhub corr=na method=na path=na logger=org.hibernate.SQL msg="
    select
        t1_0.id,
        t1_0.created_at,
        t1_0.name,
        t1_0.plan,
        t1_0.status,
        t1_0.updated_at,
        t1_0.version 
    from
        tenants t1_0 
    where
        t1_0.id=?"
2026-05-21T01:43:33.593+03:00 level=WARN  app=workhub corr=na method=na path=na logger=c.r.c.impl.ForgivingExceptionHandler msg="An unexpected connection driver error occurred (Exception message: Socket closed)"
2026-05-21T01:43:33.648+03:00 level=WARN  app=workhub corr=na method=na path=na logger=c.r.c.impl.ForgivingExceptionHandler msg="An unexpected connection driver error occurred (Exception message: Socket closed)"
2026-05-21T01:43:33.648+03:00 level=ERROR app=workhub corr=na method=na path=na logger=o.s.a.r.l.SimpleMessageListenerContainer msg="Failed to check/redeclare auto-delete queue(s)."
2026-05-21T01:43:33.650+03:00 level=DEBUG app=workhub corr=na method=na path=na logger=org.hibernate.SQL msg="
    select
        j1_0.id,
        j1_0.correlation_id,
        j1_0.created_at,
        j1_0.error_message,
        j1_0.project_id,
        j1_0.status,
        j1_0.tenant_id,
        j1_0.updated_at 
    from
        jobs j1_0 
    where
        j1_0.id=? 
        and j1_0.tenant_id=?"
2026-05-21T01:43:33.650+03:00 level=DEBUG app=workhub corr=na method=na path=na logger=org.hibernate.SQL msg="
    select
        p1_0.id,
        p1_0.created_at,
        p1_0.created_by_id,
        p1_0.description,
        p1_0.end_date,
        p1_0.name,
        p1_0.project_key,
        p1_0.start_date,
        p1_0.status,
        p1_0.tenant_id,
        p1_0.updated_at,
        p1_0.version 
    from
        projects p1_0 
    where
        p1_0.id=?"
2026-05-21T01:43:33.651+03:00 level=DEBUG app=workhub corr=na method=na path=na logger=org.hibernate.SQL msg="
    select
        t1_0.id,
        t1_0.created_at,
        t1_0.name,
        t1_0.plan,
        t1_0.status,
        t1_0.updated_at,
        t1_0.version 
    from
        tenants t1_0 
    where
        t1_0.id=?"
2026-05-21T01:43:33.658+03:00 level=WARN  app=workhub corr=na method=na path=na logger=c.r.c.impl.ForgivingExceptionHandler msg="An unexpected connection driver error occurred (Exception message: Socket closed)"
2026-05-21T01:43:33.706+03:00 level=WARN  app=workhub corr=na method=na path=na logger=c.r.c.impl.ForgivingExceptionHandler msg="An unexpected connection driver error occurred (Exception message: Socket closed)"
2026-05-21T01:43:33.756+03:00 level=DEBUG app=workhub corr=na method=na path=na logger=org.hibernate.SQL msg="
    select
        j1_0.id,
        j1_0.correlation_id,
        j1_0.created_at,
        j1_0.error_message,
        j1_0.project_id,
        j1_0.status,
        j1_0.tenant_id,
        j1_0.updated_at 
    from
        jobs j1_0 
    where
        j1_0.id=? 
        and j1_0.tenant_id=?"
2026-05-21T01:43:33.756+03:00 level=DEBUG app=workhub corr=na method=na path=na logger=org.hibernate.SQL msg="
    select
        p1_0.id,
        p1_0.created_at,
        p1_0.created_by_id,
        p1_0.description,
        p1_0.end_date,
        p1_0.name,
        p1_0.project_key,
        p1_0.start_date,
        p1_0.status,
        p1_0.tenant_id,
        p1_0.updated_at,
        p1_0.version 
    from
        projects p1_0 
    where
        p1_0.id=?"
2026-05-21T01:43:33.757+03:00 level=DEBUG app=workhub corr=na method=na path=na logger=org.hibernate.SQL msg="
    select
        t1_0.id,
        t1_0.created_at,
        t1_0.name,
        t1_0.plan,
        t1_0.status,
        t1_0.updated_at,
        t1_0.version 
    from
        tenants t1_0 
    where
        t1_0.id=?"
2026-05-21T01:43:33.867+03:00 level=DEBUG app=workhub corr=na method=na path=na logger=org.hibernate.SQL msg="
    select
        j1_0.id,
        j1_0.correlation_id,
        j1_0.created_at,
        j1_0.error_message,
        j1_0.project_id,
        j1_0.status,
        j1_0.tenant_id,
        j1_0.updated_at 
    from
        jobs j1_0 
    where
        j1_0.id=? 
        and j1_0.tenant_id=?"
2026-05-21T01:43:33.867+03:00 level=DEBUG app=workhub corr=na method=na path=na logger=org.hibernate.SQL msg="
    select
        p1_0.id,
        p1_0.created_at,
        p1_0.created_by_id,
        p1_0.description,
        p1_0.end_date,
        p1_0.name,
        p1_0.project_key,
        p1_0.start_date,
        p1_0.status,
        p1_0.tenant_id,
        p1_0.updated_at,
        p1_0.version 
    from
        projects p1_0 
    where
        p1_0.id=?"
2026-05-21T01:43:33.868+03:00 level=DEBUG app=workhub corr=na method=na path=na logger=org.hibernate.SQL msg="
    select
        t1_0.id,
        t1_0.created_at,
        t1_0.name,
        t1_0.plan,
        t1_0.status,
        t1_0.updated_at,
        t1_0.version 
    from
        tenants t1_0 
    where
        t1_0.id=?"
2026-05-21T01:43:33.975+03:00 level=DEBUG app=workhub corr=na method=na path=na logger=org.hibernate.SQL msg="
    select
        j1_0.id,
        j1_0.correlation_id,
        j1_0.created_at,
        j1_0.error_message,
        j1_0.project_id,
        j1_0.status,
        j1_0.tenant_id,
        j1_0.updated_at 
    from
        jobs j1_0 
    where
        j1_0.id=? 
        and j1_0.tenant_id=?"
2026-05-21T01:43:33.976+03:00 level=DEBUG app=workhub corr=na method=na path=na logger=org.hibernate.SQL msg="
    select
        p1_0.id,
        p1_0.created_at,
        p1_0.created_by_id,
        p1_0.description,
        p1_0.end_date,
        p1_0.name,
        p1_0.project_key,
        p1_0.start_date,
        p1_0.status,
        p1_0.tenant_id,
        p1_0.updated_at,
        p1_0.version 
    from
        projects p1_0 
    where
        p1_0.id=?"
2026-05-21T01:43:33.976+03:00 level=DEBUG app=workhub corr=na method=na path=na logger=org.hibernate.SQL msg="
    select
        t1_0.id,
        t1_0.created_at,
        t1_0.name,
        t1_0.plan,
        t1_0.status,
        t1_0.updated_at,
        t1_0.version 
    from
        tenants t1_0 
    where
        t1_0.id=?"
2026-05-21T01:43:34.085+03:00 level=DEBUG app=workhub corr=na method=na path=na logger=org.hibernate.SQL msg="
    select
        j1_0.id,
        j1_0.correlation_id,
        j1_0.created_at,
        j1_0.error_message,
        j1_0.project_id,
        j1_0.status,
        j1_0.tenant_id,
        j1_0.updated_at 
    from
        jobs j1_0 
    where
        j1_0.id=? 
        and j1_0.tenant_id=?"
2026-05-21T01:43:34.085+03:00 level=DEBUG app=workhub corr=na method=na path=na logger=org.hibernate.SQL msg="
    select
        p1_0.id,
        p1_0.created_at,
        p1_0.created_by_id,
        p1_0.description,
        p1_0.end_date,
        p1_0.name,
        p1_0.project_key,
        p1_0.start_date,
        p1_0.status,
        p1_0.tenant_id,
        p1_0.updated_at,
        p1_0.version 
    from
        projects p1_0 
    where
        p1_0.id=?"
2026-05-21T01:43:34.086+03:00 level=DEBUG app=workhub corr=na method=na path=na logger=org.hibernate.SQL msg="
    select
        t1_0.id,
        t1_0.created_at,
        t1_0.name,
        t1_0.plan,
        t1_0.status,
        t1_0.updated_at,
        t1_0.version 
    from
        tenants t1_0 
    where
        t1_0.id=?"
2026-05-21T01:43:34.192+03:00 level=DEBUG app=workhub corr=na method=na path=na logger=org.hibernate.SQL msg="
    select
        j1_0.id,
        j1_0.correlation_id,
        j1_0.created_at,
        j1_0.error_message,
        j1_0.project_id,
        j1_0.status,
        j1_0.tenant_id,
        j1_0.updated_at 
    from
        jobs j1_0 
    where
        j1_0.id=? 
        and j1_0.tenant_id=?"
2026-05-21T01:43:34.192+03:00 level=DEBUG app=workhub corr=na method=na path=na logger=org.hibernate.SQL msg="
    select
        p1_0.id,
        p1_0.created_at,
        p1_0.created_by_id,
        p1_0.description,
        p1_0.end_date,
        p1_0.name,
        p1_0.project_key,
        p1_0.start_date,
        p1_0.status,
        p1_0.tenant_id,
        p1_0.updated_at,
        p1_0.version 
    from
        projects p1_0 
    where
        p1_0.id=?"
2026-05-21T01:43:34.192+03:00 level=DEBUG app=workhub corr=na method=na path=na logger=org.hibernate.SQL msg="
    select
        t1_0.id,
        t1_0.created_at,
        t1_0.name,
        t1_0.plan,
        t1_0.status,
        t1_0.updated_at,
        t1_0.version 
    from
        tenants t1_0 
    where
        t1_0.id=?"
2026-05-21T01:43:34.305+03:00 level=DEBUG app=workhub corr=na method=na path=na logger=org.hibernate.SQL msg="
    select
        j1_0.id,
        j1_0.correlation_id,
        j1_0.created_at,
        j1_0.error_message,
        j1_0.project_id,
        j1_0.status,
        j1_0.tenant_id,
        j1_0.updated_at 
    from
        jobs j1_0 
    where
        j1_0.id=? 
        and j1_0.tenant_id=?"
2026-05-21T01:43:34.306+03:00 level=DEBUG app=workhub corr=na method=na path=na logger=org.hibernate.SQL msg="
    select
        p1_0.id,
        p1_0.created_at,
        p1_0.created_by_id,
        p1_0.description,
        p1_0.end_date,
        p1_0.name,
        p1_0.project_key,
        p1_0.start_date,
        p1_0.status,
        p1_0.tenant_id,
        p1_0.updated_at,
        p1_0.version 
    from
        projects p1_0 
    where
        p1_0.id=?"
2026-05-21T01:43:34.307+03:00 level=DEBUG app=workhub corr=na method=na path=na logger=org.hibernate.SQL msg="
    select
        t1_0.id,
        t1_0.created_at,
        t1_0.name,
        t1_0.plan,
        t1_0.status,
        t1_0.updated_at,
        t1_0.version 
    from
        tenants t1_0 
    where
        t1_0.id=?"
2026-05-21T01:43:34.413+03:00 level=DEBUG app=workhub corr=na method=na path=na logger=org.hibernate.SQL msg="
    select
        j1_0.id,
        j1_0.correlation_id,
        j1_0.created_at,
        j1_0.error_message,
        j1_0.project_id,
        j1_0.status,
        j1_0.tenant_id,
        j1_0.updated_at 
    from
        jobs j1_0 
    where
        j1_0.id=? 
        and j1_0.tenant_id=?"
2026-05-21T01:43:34.413+03:00 level=DEBUG app=workhub corr=na method=na path=na logger=org.hibernate.SQL msg="
    select
        p1_0.id,
        p1_0.created_at,
        p1_0.created_by_id,
        p1_0.description,
        p1_0.end_date,
        p1_0.name,
        p1_0.project_key,
        p1_0.start_date,
        p1_0.status,
        p1_0.tenant_id,
        p1_0.updated_at,
        p1_0.version 
    from
        projects p1_0 
    where
        p1_0.id=?"
2026-05-21T01:43:34.414+03:00 level=DEBUG app=workhub corr=na method=na path=na logger=org.hibernate.SQL msg="
    select
        t1_0.id,
        t1_0.created_at,
        t1_0.name,
        t1_0.plan,
        t1_0.status,
        t1_0.updated_at,
        t1_0.version 
    from
        tenants t1_0 
    where
        t1_0.id=?"
2026-05-21T01:43:34.519+03:00 level=DEBUG app=workhub corr=na method=na path=na logger=org.hibernate.SQL msg="
    select
        j1_0.id,
        j1_0.correlation_id,
        j1_0.created_at,
        j1_0.error_message,
        j1_0.project_id,
        j1_0.status,
        j1_0.tenant_id,
        j1_0.updated_at 
    from
        jobs j1_0 
    where
        j1_0.id=? 
        and j1_0.tenant_id=?"
2026-05-21T01:43:34.520+03:00 level=DEBUG app=workhub corr=na method=na path=na logger=org.hibernate.SQL msg="
    select
        p1_0.id,
        p1_0.created_at,
        p1_0.created_by_id,
        p1_0.description,
        p1_0.end_date,
        p1_0.name,
        p1_0.project_key,
        p1_0.start_date,
        p1_0.status,
        p1_0.tenant_id,
        p1_0.updated_at,
        p1_0.version 
    from
        projects p1_0 
    where
        p1_0.id=?"
2026-05-21T01:43:34.520+03:00 level=DEBUG app=workhub corr=na method=na path=na logger=org.hibernate.SQL msg="
    select
        t1_0.id,
        t1_0.created_at,
        t1_0.name,
        t1_0.plan,
        t1_0.status,
        t1_0.updated_at,
        t1_0.version 
    from
        tenants t1_0 
    where
        t1_0.id=?"
2026-05-21T01:43:34.628+03:00 level=DEBUG app=workhub corr=na method=na path=na logger=org.hibernate.SQL msg="
    select
        j1_0.id,
        j1_0.correlation_id,
        j1_0.created_at,
        j1_0.error_message,
        j1_0.project_id,
        j1_0.status,
        j1_0.tenant_id,
        j1_0.updated_at 
    from
        jobs j1_0 
    where
        j1_0.id=? 
        and j1_0.tenant_id=?"
2026-05-21T01:43:34.629+03:00 level=DEBUG app=workhub corr=na method=na path=na logger=org.hibernate.SQL msg="
    select
        p1_0.id,
        p1_0.created_at,
        p1_0.created_by_id,
        p1_0.description,
        p1_0.end_date,
        p1_0.name,
        p1_0.project_key,
        p1_0.start_date,
        p1_0.status,
        p1_0.tenant_id,
        p1_0.updated_at,
        p1_0.version 
    from
        projects p1_0 
    where
        p1_0.id=?"
2026-05-21T01:43:34.629+03:00 level=DEBUG app=workhub corr=na method=na path=na logger=org.hibernate.SQL msg="
    select
        t1_0.id,
        t1_0.created_at,
        t1_0.name,
        t1_0.plan,
        t1_0.status,
        t1_0.updated_at,
        t1_0.version 
    from
        tenants t1_0 
    where
        t1_0.id=?"
2026-05-21T01:43:34.738+03:00 level=DEBUG app=workhub corr=na method=na path=na logger=org.hibernate.SQL msg="
    select
        j1_0.id,
        j1_0.correlation_id,
        j1_0.created_at,
        j1_0.error_message,
        j1_0.project_id,
        j1_0.status,
        j1_0.tenant_id,
        j1_0.updated_at 
    from
        jobs j1_0 
    where
        j1_0.id=? 
        and j1_0.tenant_id=?"
2026-05-21T01:43:34.739+03:00 level=DEBUG app=workhub corr=na method=na path=na logger=org.hibernate.SQL msg="
    select
        p1_0.id,
        p1_0.created_at,
        p1_0.created_by_id,
        p1_0.description,
        p1_0.end_date,
        p1_0.name,
        p1_0.project_key,
        p1_0.start_date,
        p1_0.status,
        p1_0.tenant_id,
        p1_0.updated_at,
        p1_0.version 
    from
        projects p1_0 
    where
        p1_0.id=?"
2026-05-21T01:43:34.739+03:00 level=DEBUG app=workhub corr=na method=na path=na logger=org.hibernate.SQL msg="
    select
        t1_0.id,
        t1_0.created_at,
        t1_0.name,
        t1_0.plan,
        t1_0.status,
        t1_0.updated_at,
        t1_0.version 
    from
        tenants t1_0 
    where
        t1_0.id=?"
2026-05-21T01:43:34.848+03:00 level=DEBUG app=workhub corr=na method=na path=na logger=org.hibernate.SQL msg="
    select
        j1_0.id,
        j1_0.correlation_id,
        j1_0.created_at,
        j1_0.error_message,
        j1_0.project_id,
        j1_0.status,
        j1_0.tenant_id,
        j1_0.updated_at 
    from
        jobs j1_0 
    where
        j1_0.id=? 
        and j1_0.tenant_id=?"
2026-05-21T01:43:34.848+03:00 level=DEBUG app=workhub corr=na method=na path=na logger=org.hibernate.SQL msg="
    select
        p1_0.id,
        p1_0.created_at,
        p1_0.created_by_id,
        p1_0.description,
        p1_0.end_date,
        p1_0.name,
        p1_0.project_key,
        p1_0.start_date,
        p1_0.status,
        p1_0.tenant_id,
        p1_0.updated_at,
        p1_0.version 
    from
        projects p1_0 
    where
        p1_0.id=?"
2026-05-21T01:43:34.849+03:00 level=DEBUG app=workhub corr=na method=na path=na logger=org.hibernate.SQL msg="
    select
        t1_0.id,
        t1_0.created_at,
        t1_0.name,
        t1_0.plan,
        t1_0.status,
        t1_0.updated_at,
        t1_0.version 
    from
        tenants t1_0 
    where
        t1_0.id=?"
2026-05-21T01:43:34.955+03:00 level=DEBUG app=workhub corr=na method=na path=na logger=org.hibernate.SQL msg="
    select
        j1_0.id,
        j1_0.correlation_id,
        j1_0.created_at,
        j1_0.error_message,
        j1_0.project_id,
        j1_0.status,
        j1_0.tenant_id,
        j1_0.updated_at 
    from
        jobs j1_0 
    where
        j1_0.id=? 
        and j1_0.tenant_id=?"
2026-05-21T01:43:34.956+03:00 level=DEBUG app=workhub corr=na method=na path=na logger=org.hibernate.SQL msg="
    select
        p1_0.id,
        p1_0.created_at,
        p1_0.created_by_id,
        p1_0.description,
        p1_0.end_date,
        p1_0.name,
        p1_0.project_key,
        p1_0.start_date,
        p1_0.status,
        p1_0.tenant_id,
        p1_0.updated_at,
        p1_0.version 
    from
        projects p1_0 
    where
        p1_0.id=?"
2026-05-21T01:43:34.956+03:00 level=DEBUG app=workhub corr=na method=na path=na logger=org.hibernate.SQL msg="
    select
        t1_0.id,
        t1_0.created_at,
        t1_0.name,
        t1_0.plan,
        t1_0.status,
        t1_0.updated_at,
        t1_0.version 
    from
        tenants t1_0 
    where
        t1_0.id=?"
2026-05-21T01:43:35.065+03:00 level=DEBUG app=workhub corr=na method=na path=na logger=org.hibernate.SQL msg="
    select
        j1_0.id,
        j1_0.correlation_id,
        j1_0.created_at,
        j1_0.error_message,
        j1_0.project_id,
        j1_0.status,
        j1_0.tenant_id,
        j1_0.updated_at 
    from
        jobs j1_0 
    where
        j1_0.id=? 
        and j1_0.tenant_id=?"
2026-05-21T01:43:35.065+03:00 level=DEBUG app=workhub corr=na method=na path=na logger=org.hibernate.SQL msg="
    select
        p1_0.id,
        p1_0.created_at,
        p1_0.created_by_id,
        p1_0.description,
        p1_0.end_date,
        p1_0.name,
        p1_0.project_key,
        p1_0.start_date,
        p1_0.status,
        p1_0.tenant_id,
        p1_0.updated_at,
        p1_0.version 
    from
        projects p1_0 
    where
        p1_0.id=?"
2026-05-21T01:43:35.066+03:00 level=DEBUG app=workhub corr=na method=na path=na logger=org.hibernate.SQL msg="
    select
        t1_0.id,
        t1_0.created_at,
        t1_0.name,
        t1_0.plan,
        t1_0.status,
        t1_0.updated_at,
        t1_0.version 
    from
        tenants t1_0 
    where
        t1_0.id=?"
2026-05-21T01:43:35.173+03:00 level=DEBUG app=workhub corr=na method=na path=na logger=org.hibernate.SQL msg="
    select
        j1_0.id,
        j1_0.correlation_id,
        j1_0.created_at,
        j1_0.error_message,
        j1_0.project_id,
        j1_0.status,
        j1_0.tenant_id,
        j1_0.updated_at 
    from
        jobs j1_0 
    where
        j1_0.id=? 
        and j1_0.tenant_id=?"
2026-05-21T01:43:35.173+03:00 level=DEBUG app=workhub corr=na method=na path=na logger=org.hibernate.SQL msg="
    select
        p1_0.id,
        p1_0.created_at,
        p1_0.created_by_id,
        p1_0.description,
        p1_0.end_date,
        p1_0.name,
        p1_0.project_key,
        p1_0.start_date,
        p1_0.status,
        p1_0.tenant_id,
        p1_0.updated_at,
        p1_0.version 
    from
        projects p1_0 
    where
        p1_0.id=?"
2026-05-21T01:43:35.174+03:00 level=DEBUG app=workhub corr=na method=na path=na logger=org.hibernate.SQL msg="
    select
        t1_0.id,
        t1_0.created_at,
        t1_0.name,
        t1_0.plan,
        t1_0.status,
        t1_0.updated_at,
        t1_0.version 
    from
        tenants t1_0 
    where
        t1_0.id=?"
2026-05-21T01:43:35.282+03:00 level=DEBUG app=workhub corr=na method=na path=na logger=org.hibernate.SQL msg="
    select
        j1_0.id,
        j1_0.correlation_id,
        j1_0.created_at,
        j1_0.error_message,
        j1_0.project_id,
        j1_0.status,
        j1_0.tenant_id,
        j1_0.updated_at 
    from
        jobs j1_0 
    where
        j1_0.id=? 
        and j1_0.tenant_id=?"
2026-05-21T01:43:35.282+03:00 level=DEBUG app=workhub corr=na method=na path=na logger=org.hibernate.SQL msg="
    select
        p1_0.id,
        p1_0.created_at,
        p1_0.created_by_id,
        p1_0.description,
        p1_0.end_date,
        p1_0.name,
        p1_0.project_key,
        p1_0.start_date,
        p1_0.status,
        p1_0.tenant_id,
        p1_0.updated_at,
        p1_0.version 
    from
        projects p1_0 
    where
        p1_0.id=?"
2026-05-21T01:43:35.283+03:00 level=DEBUG app=workhub corr=na method=na path=na logger=org.hibernate.SQL msg="
    select
        t1_0.id,
        t1_0.created_at,
        t1_0.name,
        t1_0.plan,
        t1_0.status,
        t1_0.updated_at,
        t1_0.version 
    from
        tenants t1_0 
    where
        t1_0.id=?"
2026-05-21T01:43:35.390+03:00 level=DEBUG app=workhub corr=na method=na path=na logger=org.hibernate.SQL msg="
    select
        j1_0.id,
        j1_0.correlation_id,
        j1_0.created_at,
        j1_0.error_message,
        j1_0.project_id,
        j1_0.status,
        j1_0.tenant_id,
        j1_0.updated_at 
    from
        jobs j1_0 
    where
        j1_0.id=? 
        and j1_0.tenant_id=?"
2026-05-21T01:43:35.391+03:00 level=DEBUG app=workhub corr=na method=na path=na logger=org.hibernate.SQL msg="
    select
        p1_0.id,
        p1_0.created_at,
        p1_0.created_by_id,
        p1_0.description,
        p1_0.end_date,
        p1_0.name,
        p1_0.project_key,
        p1_0.start_date,
        p1_0.status,
        p1_0.tenant_id,
        p1_0.updated_at,
        p1_0.version 
    from
        projects p1_0 
    where
        p1_0.id=?"
2026-05-21T01:43:35.391+03:00 level=DEBUG app=workhub corr=na method=na path=na logger=org.hibernate.SQL msg="
    select
        t1_0.id,
        t1_0.created_at,
        t1_0.name,
        t1_0.plan,
        t1_0.status,
        t1_0.updated_at,
        t1_0.version 
    from
        tenants t1_0 
    where
        t1_0.id=?"
2026-05-21T01:43:35.497+03:00 level=DEBUG app=workhub corr=na method=na path=na logger=org.hibernate.SQL msg="
    select
        j1_0.id,
        j1_0.correlation_id,
        j1_0.created_at,
        j1_0.error_message,
        j1_0.project_id,
        j1_0.status,
        j1_0.tenant_id,
        j1_0.updated_at 
    from
        jobs j1_0 
    where
        j1_0.id=? 
        and j1_0.tenant_id=?"
2026-05-21T01:43:35.497+03:00 level=DEBUG app=workhub corr=na method=na path=na logger=org.hibernate.SQL msg="
    select
        p1_0.id,
        p1_0.created_at,
        p1_0.created_by_id,
        p1_0.description,
        p1_0.end_date,
        p1_0.name,
        p1_0.project_key,
        p1_0.start_date,
        p1_0.status,
        p1_0.tenant_id,
        p1_0.updated_at,
        p1_0.version 
    from
        projects p1_0 
    where
        p1_0.id=?"
2026-05-21T01:43:35.498+03:00 level=DEBUG app=workhub corr=na method=na path=na logger=org.hibernate.SQL msg="
    select
        t1_0.id,
        t1_0.created_at,
        t1_0.name,
        t1_0.plan,
        t1_0.status,
        t1_0.updated_at,
        t1_0.version 
    from
        tenants t1_0 
    where
        t1_0.id=?"
2026-05-21T01:43:35.604+03:00 level=DEBUG app=workhub corr=na method=na path=na logger=org.hibernate.SQL msg="
    select
        j1_0.id,
        j1_0.correlation_id,
        j1_0.created_at,
        j1_0.error_message,
        j1_0.project_id,
        j1_0.status,
        j1_0.tenant_id,
        j1_0.updated_at 
    from
        jobs j1_0 
    where
        j1_0.id=? 
        and j1_0.tenant_id=?"
2026-05-21T01:43:35.605+03:00 level=DEBUG app=workhub corr=na method=na path=na logger=org.hibernate.SQL msg="
    select
        p1_0.id,
        p1_0.created_at,
        p1_0.created_by_id,
        p1_0.description,
        p1_0.end_date,
        p1_0.name,
        p1_0.project_key,
        p1_0.start_date,
        p1_0.status,
        p1_0.tenant_id,
        p1_0.updated_at,
        p1_0.version 
    from
        projects p1_0 
    where
        p1_0.id=?"
2026-05-21T01:43:35.605+03:00 level=DEBUG app=workhub corr=na method=na path=na logger=org.hibernate.SQL msg="
    select
        t1_0.id,
        t1_0.created_at,
        t1_0.name,
        t1_0.plan,
        t1_0.status,
        t1_0.updated_at,
        t1_0.version 
    from
        tenants t1_0 
    where
        t1_0.id=?"
2026-05-21T01:43:35.713+03:00 level=DEBUG app=workhub corr=na method=na path=na logger=org.hibernate.SQL msg="
    select
        j1_0.id,
        j1_0.correlation_id,
        j1_0.created_at,
        j1_0.error_message,
        j1_0.project_id,
        j1_0.status,
        j1_0.tenant_id,
        j1_0.updated_at 
    from
        jobs j1_0 
    where
        j1_0.id=? 
        and j1_0.tenant_id=?"
2026-05-21T01:43:35.714+03:00 level=DEBUG app=workhub corr=na method=na path=na logger=org.hibernate.SQL msg="
    select
        p1_0.id,
        p1_0.created_at,
        p1_0.created_by_id,
        p1_0.description,
        p1_0.end_date,
        p1_0.name,
        p1_0.project_key,
        p1_0.start_date,
        p1_0.status,
        p1_0.tenant_id,
        p1_0.updated_at,
        p1_0.version 
    from
        projects p1_0 
    where
        p1_0.id=?"
2026-05-21T01:43:35.714+03:00 level=DEBUG app=workhub corr=na method=na path=na logger=org.hibernate.SQL msg="
    select
        t1_0.id,
        t1_0.created_at,
        t1_0.name,
        t1_0.plan,
        t1_0.status,
        t1_0.updated_at,
        t1_0.version 
    from
        tenants t1_0 
    where
        t1_0.id=?"
2026-05-21T01:43:35.821+03:00 level=DEBUG app=workhub corr=na method=na path=na logger=org.hibernate.SQL msg="
    select
        j1_0.id,
        j1_0.correlation_id,
        j1_0.created_at,
        j1_0.error_message,
        j1_0.project_id,
        j1_0.status,
        j1_0.tenant_id,
        j1_0.updated_at 
    from
        jobs j1_0 
    where
        j1_0.id=? 
        and j1_0.tenant_id=?"
2026-05-21T01:43:35.822+03:00 level=DEBUG app=workhub corr=na method=na path=na logger=org.hibernate.SQL msg="
    select
        p1_0.id,
        p1_0.created_at,
        p1_0.created_by_id,
        p1_0.description,
        p1_0.end_date,
        p1_0.name,
        p1_0.project_key,
        p1_0.start_date,
        p1_0.status,
        p1_0.tenant_id,
        p1_0.updated_at,
        p1_0.version 
    from
        projects p1_0 
    where
        p1_0.id=?"
2026-05-21T01:43:35.822+03:00 level=DEBUG app=workhub corr=na method=na path=na logger=org.hibernate.SQL msg="
    select
        t1_0.id,
        t1_0.created_at,
        t1_0.name,
        t1_0.plan,
        t1_0.status,
        t1_0.updated_at,
        t1_0.version 
    from
        tenants t1_0 
    where
        t1_0.id=?"
2026-05-21T01:43:35.932+03:00 level=DEBUG app=workhub corr=na method=na path=na logger=org.hibernate.SQL msg="
    select
        j1_0.id,
        j1_0.correlation_id,
        j1_0.created_at,
        j1_0.error_message,
        j1_0.project_id,
        j1_0.status,
        j1_0.tenant_id,
        j1_0.updated_at 
    from
        jobs j1_0 
    where
        j1_0.id=? 
        and j1_0.tenant_id=?"
2026-05-21T01:43:35.933+03:00 level=DEBUG app=workhub corr=na method=na path=na logger=org.hibernate.SQL msg="
    select
        p1_0.id,
        p1_0.created_at,
        p1_0.created_by_id,
        p1_0.description,
        p1_0.end_date,
        p1_0.name,
        p1_0.project_key,
        p1_0.start_date,
        p1_0.status,
        p1_0.tenant_id,
        p1_0.updated_at,
        p1_0.version 
    from
        projects p1_0 
    where
        p1_0.id=?"
2026-05-21T01:43:35.933+03:00 level=DEBUG app=workhub corr=na method=na path=na logger=org.hibernate.SQL msg="
    select
        t1_0.id,
        t1_0.created_at,
        t1_0.name,
        t1_0.plan,
        t1_0.status,
        t1_0.updated_at,
        t1_0.version 
    from
        tenants t1_0 
    where
        t1_0.id=?"
2026-05-21T01:43:36.040+03:00 level=DEBUG app=workhub corr=na method=na path=na logger=org.hibernate.SQL msg="
    select
        j1_0.id,
        j1_0.correlation_id,
        j1_0.created_at,
        j1_0.error_message,
        j1_0.project_id,
        j1_0.status,
        j1_0.tenant_id,
        j1_0.updated_at 
    from
        jobs j1_0 
    where
        j1_0.id=? 
        and j1_0.tenant_id=?"
2026-05-21T01:43:36.040+03:00 level=DEBUG app=workhub corr=na method=na path=na logger=org.hibernate.SQL msg="
    select
        p1_0.id,
        p1_0.created_at,
        p1_0.created_by_id,
        p1_0.description,
        p1_0.end_date,
        p1_0.name,
        p1_0.project_key,
        p1_0.start_date,
        p1_0.status,
        p1_0.tenant_id,
        p1_0.updated_at,
        p1_0.version 
    from
        projects p1_0 
    where
        p1_0.id=?"
2026-05-21T01:43:36.041+03:00 level=DEBUG app=workhub corr=na method=na path=na logger=org.hibernate.SQL msg="
    select
        t1_0.id,
        t1_0.created_at,
        t1_0.name,
        t1_0.plan,
        t1_0.status,
        t1_0.updated_at,
        t1_0.version 
    from
        tenants t1_0 
    where
        t1_0.id=?"
2026-05-21T01:43:36.149+03:00 level=DEBUG app=workhub corr=na method=na path=na logger=org.hibernate.SQL msg="
    select
        j1_0.id,
        j1_0.correlation_id,
        j1_0.created_at,
        j1_0.error_message,
        j1_0.project_id,
        j1_0.status,
        j1_0.tenant_id,
        j1_0.updated_at 
    from
        jobs j1_0 
    where
        j1_0.id=? 
        and j1_0.tenant_id=?"
2026-05-21T01:43:36.150+03:00 level=DEBUG app=workhub corr=na method=na path=na logger=org.hibernate.SQL msg="
    select
        p1_0.id,
        p1_0.created_at,
        p1_0.created_by_id,
        p1_0.description,
        p1_0.end_date,
        p1_0.name,
        p1_0.project_key,
        p1_0.start_date,
        p1_0.status,
        p1_0.tenant_id,
        p1_0.updated_at,
        p1_0.version 
    from
        projects p1_0 
    where
        p1_0.id=?"
2026-05-21T01:43:36.150+03:00 level=DEBUG app=workhub corr=na method=na path=na logger=org.hibernate.SQL msg="
    select
        t1_0.id,
        t1_0.created_at,
        t1_0.name,
        t1_0.plan,
        t1_0.status,
        t1_0.updated_at,
        t1_0.version 
    from
        tenants t1_0 
    where
        t1_0.id=?"
2026-05-21T01:43:36.260+03:00 level=DEBUG app=workhub corr=na method=na path=na logger=org.hibernate.SQL msg="
    select
        j1_0.id,
        j1_0.correlation_id,
        j1_0.created_at,
        j1_0.error_message,
        j1_0.project_id,
        j1_0.status,
        j1_0.tenant_id,
        j1_0.updated_at 
    from
        jobs j1_0 
    where
        j1_0.id=? 
        and j1_0.tenant_id=?"
2026-05-21T01:43:36.260+03:00 level=DEBUG app=workhub corr=na method=na path=na logger=org.hibernate.SQL msg="
    select
        p1_0.id,
        p1_0.created_at,
        p1_0.created_by_id,
        p1_0.description,
        p1_0.end_date,
        p1_0.name,
        p1_0.project_key,
        p1_0.start_date,
        p1_0.status,
        p1_0.tenant_id,
        p1_0.updated_at,
        p1_0.version 
    from
        projects p1_0 
    where
        p1_0.id=?"
2026-05-21T01:43:36.261+03:00 level=DEBUG app=workhub corr=na method=na path=na logger=org.hibernate.SQL msg="
    select
        t1_0.id,
        t1_0.created_at,
        t1_0.name,
        t1_0.plan,
        t1_0.status,
        t1_0.updated_at,
        t1_0.version 
    from
        tenants t1_0 
    where
        t1_0.id=?"
2026-05-21T01:43:36.369+03:00 level=DEBUG app=workhub corr=na method=na path=na logger=org.hibernate.SQL msg="
    select
        j1_0.id,
        j1_0.correlation_id,
        j1_0.created_at,
        j1_0.error_message,
        j1_0.project_id,
        j1_0.status,
        j1_0.tenant_id,
        j1_0.updated_at 
    from
        jobs j1_0 
    where
        j1_0.id=? 
        and j1_0.tenant_id=?"
2026-05-21T01:43:36.370+03:00 level=DEBUG app=workhub corr=na method=na path=na logger=org.hibernate.SQL msg="
    select
        p1_0.id,
        p1_0.created_at,
        p1_0.created_by_id,
        p1_0.description,
        p1_0.end_date,
        p1_0.name,
        p1_0.project_key,
        p1_0.start_date,
        p1_0.status,
        p1_0.tenant_id,
        p1_0.updated_at,
        p1_0.version 
    from
        projects p1_0 
    where
        p1_0.id=?"
2026-05-21T01:43:36.371+03:00 level=DEBUG app=workhub corr=na method=na path=na logger=org.hibernate.SQL msg="
    select
        t1_0.id,
        t1_0.created_at,
        t1_0.name,
        t1_0.plan,
        t1_0.status,
        t1_0.updated_at,
        t1_0.version 
    from
        tenants t1_0 
    where
        t1_0.id=?"
2026-05-21T01:43:36.479+03:00 level=DEBUG app=workhub corr=na method=na path=na logger=org.hibernate.SQL msg="
    select
        j1_0.id,
        j1_0.correlation_id,
        j1_0.created_at,
        j1_0.error_message,
        j1_0.project_id,
        j1_0.status,
        j1_0.tenant_id,
        j1_0.updated_at 
    from
        jobs j1_0 
    where
        j1_0.id=? 
        and j1_0.tenant_id=?"
2026-05-21T01:43:36.479+03:00 level=DEBUG app=workhub corr=na method=na path=na logger=org.hibernate.SQL msg="
    select
        p1_0.id,
        p1_0.created_at,
        p1_0.created_by_id,
        p1_0.description,
        p1_0.end_date,
        p1_0.name,
        p1_0.project_key,
        p1_0.start_date,
        p1_0.status,
        p1_0.tenant_id,
        p1_0.updated_at,
        p1_0.version 
    from
        projects p1_0 
    where
        p1_0.id=?"
2026-05-21T01:43:36.480+03:00 level=DEBUG app=workhub corr=na method=na path=na logger=org.hibernate.SQL msg="
    select
        t1_0.id,
        t1_0.created_at,
        t1_0.name,
        t1_0.plan,
        t1_0.status,
        t1_0.updated_at,
        t1_0.version 
    from
        tenants t1_0 
    where
        t1_0.id=?"
2026-05-21T01:43:36.588+03:00 level=DEBUG app=workhub corr=na method=na path=na logger=org.hibernate.SQL msg="
    select
        j1_0.id,
        j1_0.correlation_id,
        j1_0.created_at,
        j1_0.error_message,
        j1_0.project_id,
        j1_0.status,
        j1_0.tenant_id,
        j1_0.updated_at 
    from
        jobs j1_0 
    where
        j1_0.id=? 
        and j1_0.tenant_id=?"
2026-05-21T01:43:36.588+03:00 level=DEBUG app=workhub corr=na method=na path=na logger=org.hibernate.SQL msg="
    select
        p1_0.id,
        p1_0.created_at,
        p1_0.created_by_id,
        p1_0.description,
        p1_0.end_date,
        p1_0.name,
        p1_0.project_key,
        p1_0.start_date,
        p1_0.status,
        p1_0.tenant_id,
        p1_0.updated_at,
        p1_0.version 
    from
        projects p1_0 
    where
        p1_0.id=?"
2026-05-21T01:43:36.589+03:00 level=DEBUG app=workhub corr=na method=na path=na logger=org.hibernate.SQL msg="
    select
        t1_0.id,
        t1_0.created_at,
        t1_0.name,
        t1_0.plan,
        t1_0.status,
        t1_0.updated_at,
        t1_0.version 
    from
        tenants t1_0 
    where
        t1_0.id=?"
2026-05-21T01:43:36.697+03:00 level=DEBUG app=workhub corr=na method=na path=na logger=org.hibernate.SQL msg="
    select
        j1_0.id,
        j1_0.correlation_id,
        j1_0.created_at,
        j1_0.error_message,
        j1_0.project_id,
        j1_0.status,
        j1_0.tenant_id,
        j1_0.updated_at 
    from
        jobs j1_0 
    where
        j1_0.id=? 
        and j1_0.tenant_id=?"
2026-05-21T01:43:36.697+03:00 level=DEBUG app=workhub corr=na method=na path=na logger=org.hibernate.SQL msg="
    select
        p1_0.id,
        p1_0.created_at,
        p1_0.created_by_id,
        p1_0.description,
        p1_0.end_date,
        p1_0.name,
        p1_0.project_key,
        p1_0.start_date,
        p1_0.status,
        p1_0.tenant_id,
        p1_0.updated_at,
        p1_0.version 
    from
        projects p1_0 
    where
        p1_0.id=?"
2026-05-21T01:43:36.698+03:00 level=DEBUG app=workhub corr=na method=na path=na logger=org.hibernate.SQL msg="
    select
        t1_0.id,
        t1_0.created_at,
        t1_0.name,
        t1_0.plan,
        t1_0.status,
        t1_0.updated_at,
        t1_0.version 
    from
        tenants t1_0 
    where
        t1_0.id=?"
2026-05-21T01:43:36.805+03:00 level=DEBUG app=workhub corr=na method=na path=na logger=org.hibernate.SQL msg="
    select
        j1_0.id,
        j1_0.correlation_id,
        j1_0.created_at,
        j1_0.error_message,
        j1_0.project_id,
        j1_0.status,
        j1_0.tenant_id,
        j1_0.updated_at 
    from
        jobs j1_0 
    where
        j1_0.id=? 
        and j1_0.tenant_id=?"
2026-05-21T01:43:36.806+03:00 level=DEBUG app=workhub corr=na method=na path=na logger=org.hibernate.SQL msg="
    select
        p1_0.id,
        p1_0.created_at,
        p1_0.created_by_id,
        p1_0.description,
        p1_0.end_date,
        p1_0.name,
        p1_0.project_key,
        p1_0.start_date,
        p1_0.status,
        p1_0.tenant_id,
        p1_0.updated_at,
        p1_0.version 
    from
        projects p1_0 
    where
        p1_0.id=?"
2026-05-21T01:43:36.806+03:00 level=DEBUG app=workhub corr=na method=na path=na logger=org.hibernate.SQL msg="
    select
        t1_0.id,
        t1_0.created_at,
        t1_0.name,
        t1_0.plan,
        t1_0.status,
        t1_0.updated_at,
        t1_0.version 
    from
        tenants t1_0 
    where
        t1_0.id=?"
2026-05-21T01:43:36.913+03:00 level=DEBUG app=workhub corr=na method=na path=na logger=org.hibernate.SQL msg="
    select
        j1_0.id,
        j1_0.correlation_id,
        j1_0.created_at,
        j1_0.error_message,
        j1_0.project_id,
        j1_0.status,
        j1_0.tenant_id,
        j1_0.updated_at 
    from
        jobs j1_0 
    where
        j1_0.id=? 
        and j1_0.tenant_id=?"
2026-05-21T01:43:36.914+03:00 level=DEBUG app=workhub corr=na method=na path=na logger=org.hibernate.SQL msg="
    select
        p1_0.id,
        p1_0.created_at,
        p1_0.created_by_id,
        p1_0.description,
        p1_0.end_date,
        p1_0.name,
        p1_0.project_key,
        p1_0.start_date,
        p1_0.status,
        p1_0.tenant_id,
        p1_0.updated_at,
        p1_0.version 
    from
        projects p1_0 
    where
        p1_0.id=?"
2026-05-21T01:43:36.914+03:00 level=DEBUG app=workhub corr=na method=na path=na logger=org.hibernate.SQL msg="
    select
        t1_0.id,
        t1_0.created_at,
        t1_0.name,
        t1_0.plan,
        t1_0.status,
        t1_0.updated_at,
        t1_0.version 
    from
        tenants t1_0 
    where
        t1_0.id=?"
2026-05-21T01:43:37.023+03:00 level=DEBUG app=workhub corr=na method=na path=na logger=org.hibernate.SQL msg="
    select
        j1_0.id,
        j1_0.correlation_id,
        j1_0.created_at,
        j1_0.error_message,
        j1_0.project_id,
        j1_0.status,
        j1_0.tenant_id,
        j1_0.updated_at 
    from
        jobs j1_0 
    where
        j1_0.id=? 
        and j1_0.tenant_id=?"
2026-05-21T01:43:37.024+03:00 level=DEBUG app=workhub corr=na method=na path=na logger=org.hibernate.SQL msg="
    select
        p1_0.id,
        p1_0.created_at,
        p1_0.created_by_id,
        p1_0.description,
        p1_0.end_date,
        p1_0.name,
        p1_0.project_key,
        p1_0.start_date,
        p1_0.status,
        p1_0.tenant_id,
        p1_0.updated_at,
        p1_0.version 
    from
        projects p1_0 
    where
        p1_0.id=?"
2026-05-21T01:43:37.024+03:00 level=DEBUG app=workhub corr=na method=na path=na logger=org.hibernate.SQL msg="
    select
        t1_0.id,
        t1_0.created_at,
        t1_0.name,
        t1_0.plan,
        t1_0.status,
        t1_0.updated_at,
        t1_0.version 
    from
        tenants t1_0 
    where
        t1_0.id=?"
2026-05-21T01:43:37.130+03:00 level=DEBUG app=workhub corr=na method=na path=na logger=org.hibernate.SQL msg="
    select
        j1_0.id,
        j1_0.correlation_id,
        j1_0.created_at,
        j1_0.error_message,
        j1_0.project_id,
        j1_0.status,
        j1_0.tenant_id,
        j1_0.updated_at 
    from
        jobs j1_0 
    where
        j1_0.id=? 
        and j1_0.tenant_id=?"
2026-05-21T01:43:37.131+03:00 level=DEBUG app=workhub corr=na method=na path=na logger=org.hibernate.SQL msg="
    select
        p1_0.id,
        p1_0.created_at,
        p1_0.created_by_id,
        p1_0.description,
        p1_0.end_date,
        p1_0.name,
        p1_0.project_key,
        p1_0.start_date,
        p1_0.status,
        p1_0.tenant_id,
        p1_0.updated_at,
        p1_0.version 
    from
        projects p1_0 
    where
        p1_0.id=?"
2026-05-21T01:43:37.131+03:00 level=DEBUG app=workhub corr=na method=na path=na logger=org.hibernate.SQL msg="
    select
        t1_0.id,
        t1_0.created_at,
        t1_0.name,
        t1_0.plan,
        t1_0.status,
        t1_0.updated_at,
        t1_0.version 
    from
        tenants t1_0 
    where
        t1_0.id=?"
2026-05-21T01:43:37.240+03:00 level=DEBUG app=workhub corr=na method=na path=na logger=org.hibernate.SQL msg="
    select
        j1_0.id,
        j1_0.correlation_id,
        j1_0.created_at,
        j1_0.error_message,
        j1_0.project_id,
        j1_0.status,
        j1_0.tenant_id,
        j1_0.updated_at 
    from
        jobs j1_0 
    where
        j1_0.id=? 
        and j1_0.tenant_id=?"
2026-05-21T01:43:37.241+03:00 level=DEBUG app=workhub corr=na method=na path=na logger=org.hibernate.SQL msg="
    select
        p1_0.id,
        p1_0.created_at,
        p1_0.created_by_id,
        p1_0.description,
        p1_0.end_date,
        p1_0.name,
        p1_0.project_key,
        p1_0.start_date,
        p1_0.status,
        p1_0.tenant_id,
        p1_0.updated_at,
        p1_0.version 
    from
        projects p1_0 
    where
        p1_0.id=?"
2026-05-21T01:43:37.241+03:00 level=DEBUG app=workhub corr=na method=na path=na logger=org.hibernate.SQL msg="
    select
        t1_0.id,
        t1_0.created_at,
        t1_0.name,
        t1_0.plan,
        t1_0.status,
        t1_0.updated_at,
        t1_0.version 
    from
        tenants t1_0 
    where
        t1_0.id=?"
2026-05-21T01:43:37.350+03:00 level=DEBUG app=workhub corr=na method=na path=na logger=org.hibernate.SQL msg="
    select
        j1_0.id,
        j1_0.correlation_id,
        j1_0.created_at,
        j1_0.error_message,
        j1_0.project_id,
        j1_0.status,
        j1_0.tenant_id,
        j1_0.updated_at 
    from
        jobs j1_0 
    where
        j1_0.id=? 
        and j1_0.tenant_id=?"
2026-05-21T01:43:37.350+03:00 level=DEBUG app=workhub corr=na method=na path=na logger=org.hibernate.SQL msg="
    select
        p1_0.id,
        p1_0.created_at,
        p1_0.created_by_id,
        p1_0.description,
        p1_0.end_date,
        p1_0.name,
        p1_0.project_key,
        p1_0.start_date,
        p1_0.status,
        p1_0.tenant_id,
        p1_0.updated_at,
        p1_0.version 
    from
        projects p1_0 
    where
        p1_0.id=?"
2026-05-21T01:43:37.350+03:00 level=DEBUG app=workhub corr=na method=na path=na logger=org.hibernate.SQL msg="
    select
        t1_0.id,
        t1_0.created_at,
        t1_0.name,
        t1_0.plan,
        t1_0.status,
        t1_0.updated_at,
        t1_0.version 
    from
        tenants t1_0 
    where
        t1_0.id=?"
2026-05-21T01:43:37.456+03:00 level=DEBUG app=workhub corr=na method=na path=na logger=org.hibernate.SQL msg="
    select
        j1_0.id,
        j1_0.correlation_id,
        j1_0.created_at,
        j1_0.error_message,
        j1_0.project_id,
        j1_0.status,
        j1_0.tenant_id,
        j1_0.updated_at 
    from
        jobs j1_0 
    where
        j1_0.id=? 
        and j1_0.tenant_id=?"
2026-05-21T01:43:37.456+03:00 level=DEBUG app=workhub corr=na method=na path=na logger=org.hibernate.SQL msg="
    select
        p1_0.id,
        p1_0.created_at,
        p1_0.created_by_id,
        p1_0.description,
        p1_0.end_date,
        p1_0.name,
        p1_0.project_key,
        p1_0.start_date,
        p1_0.status,
        p1_0.tenant_id,
        p1_0.updated_at,
        p1_0.version 
    from
        projects p1_0 
    where
        p1_0.id=?"
2026-05-21T01:43:37.457+03:00 level=DEBUG app=workhub corr=na method=na path=na logger=org.hibernate.SQL msg="
    select
        t1_0.id,
        t1_0.created_at,
        t1_0.name,
        t1_0.plan,
        t1_0.status,
        t1_0.updated_at,
        t1_0.version 
    from
        tenants t1_0 
    where
        t1_0.id=?"
2026-05-21T01:43:37.566+03:00 level=DEBUG app=workhub corr=na method=na path=na logger=org.hibernate.SQL msg="
    select
        j1_0.id,
        j1_0.correlation_id,
        j1_0.created_at,
        j1_0.error_message,
        j1_0.project_id,
        j1_0.status,
        j1_0.tenant_id,
        j1_0.updated_at 
    from
        jobs j1_0 
    where
        j1_0.id=? 
        and j1_0.tenant_id=?"
2026-05-21T01:43:37.566+03:00 level=DEBUG app=workhub corr=na method=na path=na logger=org.hibernate.SQL msg="
    select
        p1_0.id,
        p1_0.created_at,
        p1_0.created_by_id,
        p1_0.description,
        p1_0.end_date,
        p1_0.name,
        p1_0.project_key,
        p1_0.start_date,
        p1_0.status,
        p1_0.tenant_id,
        p1_0.updated_at,
        p1_0.version 
    from
        projects p1_0 
    where
        p1_0.id=?"
2026-05-21T01:43:37.567+03:00 level=DEBUG app=workhub corr=na method=na path=na logger=org.hibernate.SQL msg="
    select
        t1_0.id,
        t1_0.created_at,
        t1_0.name,
        t1_0.plan,
        t1_0.status,
        t1_0.updated_at,
        t1_0.version 
    from
        tenants t1_0 
    where
        t1_0.id=?"
2026-05-21T01:43:37.676+03:00 level=DEBUG app=workhub corr=na method=na path=na logger=org.hibernate.SQL msg="
    select
        j1_0.id,
        j1_0.correlation_id,
        j1_0.created_at,
        j1_0.error_message,
        j1_0.project_id,
        j1_0.status,
        j1_0.tenant_id,
        j1_0.updated_at 
    from
        jobs j1_0 
    where
        j1_0.id=? 
        and j1_0.tenant_id=?"
2026-05-21T01:43:37.677+03:00 level=DEBUG app=workhub corr=na method=na path=na logger=org.hibernate.SQL msg="
    select
        p1_0.id,
        p1_0.created_at,
        p1_0.created_by_id,
        p1_0.description,
        p1_0.end_date,
        p1_0.name,
        p1_0.project_key,
        p1_0.start_date,
        p1_0.status,
        p1_0.tenant_id,
        p1_0.updated_at,
        p1_0.version 
    from
        projects p1_0 
    where
        p1_0.id=?"
2026-05-21T01:43:37.677+03:00 level=DEBUG app=workhub corr=na method=na path=na logger=org.hibernate.SQL msg="
    select
        t1_0.id,
        t1_0.created_at,
        t1_0.name,
        t1_0.plan,
        t1_0.status,
        t1_0.updated_at,
        t1_0.version 
    from
        tenants t1_0 
    where
        t1_0.id=?"
2026-05-21T01:43:37.786+03:00 level=DEBUG app=workhub corr=na method=na path=na logger=org.hibernate.SQL msg="
    select
        j1_0.id,
        j1_0.correlation_id,
        j1_0.created_at,
        j1_0.error_message,
        j1_0.project_id,
        j1_0.status,
        j1_0.tenant_id,
        j1_0.updated_at 
    from
        jobs j1_0 
    where
        j1_0.id=? 
        and j1_0.tenant_id=?"
2026-05-21T01:43:37.786+03:00 level=DEBUG app=workhub corr=na method=na path=na logger=org.hibernate.SQL msg="
    select
        p1_0.id,
        p1_0.created_at,
        p1_0.created_by_id,
        p1_0.description,
        p1_0.end_date,
        p1_0.name,
        p1_0.project_key,
        p1_0.start_date,
        p1_0.status,
        p1_0.tenant_id,
        p1_0.updated_at,
        p1_0.version 
    from
        projects p1_0 
    where
        p1_0.id=?"
2026-05-21T01:43:37.787+03:00 level=DEBUG app=workhub corr=na method=na path=na logger=org.hibernate.SQL msg="
    select
        t1_0.id,
        t1_0.created_at,
        t1_0.name,
        t1_0.plan,
        t1_0.status,
        t1_0.updated_at,
        t1_0.version 
    from
        tenants t1_0 
    where
        t1_0.id=?"
2026-05-21T01:43:37.895+03:00 level=DEBUG app=workhub corr=na method=na path=na logger=org.hibernate.SQL msg="
    select
        j1_0.id,
        j1_0.correlation_id,
        j1_0.created_at,
        j1_0.error_message,
        j1_0.project_id,
        j1_0.status,
        j1_0.tenant_id,
        j1_0.updated_at 
    from
        jobs j1_0 
    where
        j1_0.id=? 
        and j1_0.tenant_id=?"
2026-05-21T01:43:37.895+03:00 level=DEBUG app=workhub corr=na method=na path=na logger=org.hibernate.SQL msg="
    select
        p1_0.id,
        p1_0.created_at,
        p1_0.created_by_id,
        p1_0.description,
        p1_0.end_date,
        p1_0.name,
        p1_0.project_key,
        p1_0.start_date,
        p1_0.status,
        p1_0.tenant_id,
        p1_0.updated_at,
        p1_0.version 
    from
        projects p1_0 
    where
        p1_0.id=?"
2026-05-21T01:43:37.896+03:00 level=DEBUG app=workhub corr=na method=na path=na logger=org.hibernate.SQL msg="
    select
        t1_0.id,
        t1_0.created_at,
        t1_0.name,
        t1_0.plan,
        t1_0.status,
        t1_0.updated_at,
        t1_0.version 
    from
        tenants t1_0 
    where
        t1_0.id=?"
2026-05-21T01:43:38.005+03:00 level=DEBUG app=workhub corr=na method=na path=na logger=org.hibernate.SQL msg="
    select
        j1_0.id,
        j1_0.correlation_id,
        j1_0.created_at,
        j1_0.error_message,
        j1_0.project_id,
        j1_0.status,
        j1_0.tenant_id,
        j1_0.updated_at 
    from
        jobs j1_0 
    where
        j1_0.id=? 
        and j1_0.tenant_id=?"
2026-05-21T01:43:38.005+03:00 level=DEBUG app=workhub corr=na method=na path=na logger=org.hibernate.SQL msg="
    select
        p1_0.id,
        p1_0.created_at,
        p1_0.created_by_id,
        p1_0.description,
        p1_0.end_date,
        p1_0.name,
        p1_0.project_key,
        p1_0.start_date,
        p1_0.status,
        p1_0.tenant_id,
        p1_0.updated_at,
        p1_0.version 
    from
        projects p1_0 
    where
        p1_0.id=?"
2026-05-21T01:43:38.006+03:00 level=DEBUG app=workhub corr=na method=na path=na logger=org.hibernate.SQL msg="
    select
        t1_0.id,
        t1_0.created_at,
        t1_0.name,
        t1_0.plan,
        t1_0.status,
        t1_0.updated_at,
        t1_0.version 
    from
        tenants t1_0 
    where
        t1_0.id=?"
2026-05-21T01:43:38.113+03:00 level=DEBUG app=workhub corr=na method=na path=na logger=org.hibernate.SQL msg="
    select
        j1_0.id,
        j1_0.correlation_id,
        j1_0.created_at,
        j1_0.error_message,
        j1_0.project_id,
        j1_0.status,
        j1_0.tenant_id,
        j1_0.updated_at 
    from
        jobs j1_0 
    where
        j1_0.id=? 
        and j1_0.tenant_id=?"
2026-05-21T01:43:38.114+03:00 level=DEBUG app=workhub corr=na method=na path=na logger=org.hibernate.SQL msg="
    select
        p1_0.id,
        p1_0.created_at,
        p1_0.created_by_id,
        p1_0.description,
        p1_0.end_date,
        p1_0.name,
        p1_0.project_key,
        p1_0.start_date,
        p1_0.status,
        p1_0.tenant_id,
        p1_0.updated_at,
        p1_0.version 
    from
        projects p1_0 
    where
        p1_0.id=?"
2026-05-21T01:43:38.114+03:00 level=DEBUG app=workhub corr=na method=na path=na logger=org.hibernate.SQL msg="
    select
        t1_0.id,
        t1_0.created_at,
        t1_0.name,
        t1_0.plan,
        t1_0.status,
        t1_0.updated_at,
        t1_0.version 
    from
        tenants t1_0 
    where
        t1_0.id=?"
2026-05-21T01:43:38.223+03:00 level=DEBUG app=workhub corr=na method=na path=na logger=org.hibernate.SQL msg="
    select
        j1_0.id,
        j1_0.correlation_id,
        j1_0.created_at,
        j1_0.error_message,
        j1_0.project_id,
        j1_0.status,
        j1_0.tenant_id,
        j1_0.updated_at 
    from
        jobs j1_0 
    where
        j1_0.id=? 
        and j1_0.tenant_id=?"
2026-05-21T01:43:38.224+03:00 level=DEBUG app=workhub corr=na method=na path=na logger=org.hibernate.SQL msg="
    select
        p1_0.id,
        p1_0.created_at,
        p1_0.created_by_id,
        p1_0.description,
        p1_0.end_date,
        p1_0.name,
        p1_0.project_key,
        p1_0.start_date,
        p1_0.status,
        p1_0.tenant_id,
        p1_0.updated_at,
        p1_0.version 
    from
        projects p1_0 
    where
        p1_0.id=?"
2026-05-21T01:43:38.224+03:00 level=DEBUG app=workhub corr=na method=na path=na logger=org.hibernate.SQL msg="
    select
        t1_0.id,
        t1_0.created_at,
        t1_0.name,
        t1_0.plan,
        t1_0.status,
        t1_0.updated_at,
        t1_0.version 
    from
        tenants t1_0 
    where
        t1_0.id=?"
2026-05-21T01:43:38.331+03:00 level=DEBUG app=workhub corr=na method=na path=na logger=org.hibernate.SQL msg="
    select
        j1_0.id,
        j1_0.correlation_id,
        j1_0.created_at,
        j1_0.error_message,
        j1_0.project_id,
        j1_0.status,
        j1_0.tenant_id,
        j1_0.updated_at 
    from
        jobs j1_0 
    where
        j1_0.id=? 
        and j1_0.tenant_id=?"
2026-05-21T01:43:38.331+03:00 level=DEBUG app=workhub corr=na method=na path=na logger=org.hibernate.SQL msg="
    select
        p1_0.id,
        p1_0.created_at,
        p1_0.created_by_id,
        p1_0.description,
        p1_0.end_date,
        p1_0.name,
        p1_0.project_key,
        p1_0.start_date,
        p1_0.status,
        p1_0.tenant_id,
        p1_0.updated_at,
        p1_0.version 
    from
        projects p1_0 
    where
        p1_0.id=?"
2026-05-21T01:43:38.332+03:00 level=DEBUG app=workhub corr=na method=na path=na logger=org.hibernate.SQL msg="
    select
        t1_0.id,
        t1_0.created_at,
        t1_0.name,
        t1_0.plan,
        t1_0.status,
        t1_0.updated_at,
        t1_0.version 
    from
        tenants t1_0 
    where
        t1_0.id=?"
2026-05-21T01:43:38.441+03:00 level=DEBUG app=workhub corr=na method=na path=na logger=org.hibernate.SQL msg="
    select
        j1_0.id,
        j1_0.correlation_id,
        j1_0.created_at,
        j1_0.error_message,
        j1_0.project_id,
        j1_0.status,
        j1_0.tenant_id,
        j1_0.updated_at 
    from
        jobs j1_0 
    where
        j1_0.id=? 
        and j1_0.tenant_id=?"
2026-05-21T01:43:38.441+03:00 level=DEBUG app=workhub corr=na method=na path=na logger=org.hibernate.SQL msg="
    select
        p1_0.id,
        p1_0.created_at,
        p1_0.created_by_id,
        p1_0.description,
        p1_0.end_date,
        p1_0.name,
        p1_0.project_key,
        p1_0.start_date,
        p1_0.status,
        p1_0.tenant_id,
        p1_0.updated_at,
        p1_0.version 
    from
        projects p1_0 
    where
        p1_0.id=?"
2026-05-21T01:43:38.441+03:00 level=DEBUG app=workhub corr=na method=na path=na logger=org.hibernate.SQL msg="
    select
        t1_0.id,
        t1_0.created_at,
        t1_0.name,
        t1_0.plan,
        t1_0.status,
        t1_0.updated_at,
        t1_0.version 
    from
        tenants t1_0 
    where
        t1_0.id=?"
2026-05-21T01:43:38.548+03:00 level=DEBUG app=workhub corr=na method=na path=na logger=org.hibernate.SQL msg="
    select
        j1_0.id,
        j1_0.correlation_id,
        j1_0.created_at,
        j1_0.error_message,
        j1_0.project_id,
        j1_0.status,
        j1_0.tenant_id,
        j1_0.updated_at 
    from
        jobs j1_0 
    where
        j1_0.id=? 
        and j1_0.tenant_id=?"
2026-05-21T01:43:38.549+03:00 level=DEBUG app=workhub corr=na method=na path=na logger=org.hibernate.SQL msg="
    select
        p1_0.id,
        p1_0.created_at,
        p1_0.created_by_id,
        p1_0.description,
        p1_0.end_date,
        p1_0.name,
        p1_0.project_key,
        p1_0.start_date,
        p1_0.status,
        p1_0.tenant_id,
        p1_0.updated_at,
        p1_0.version 
    from
        projects p1_0 
    where
        p1_0.id=?"
2026-05-21T01:43:38.549+03:00 level=DEBUG app=workhub corr=na method=na path=na logger=org.hibernate.SQL msg="
    select
        t1_0.id,
        t1_0.created_at,
        t1_0.name,
        t1_0.plan,
        t1_0.status,
        t1_0.updated_at,
        t1_0.version 
    from
        tenants t1_0 
    where
        t1_0.id=?"
2026-05-21T01:43:38.657+03:00 level=DEBUG app=workhub corr=na method=na path=na logger=org.hibernate.SQL msg="
    select
        j1_0.id,
        j1_0.correlation_id,
        j1_0.created_at,
        j1_0.error_message,
        j1_0.project_id,
        j1_0.status,
        j1_0.tenant_id,
        j1_0.updated_at 
    from
        jobs j1_0 
    where
        j1_0.id=? 
        and j1_0.tenant_id=?"
2026-05-21T01:43:38.657+03:00 level=DEBUG app=workhub corr=na method=na path=na logger=org.hibernate.SQL msg="
    select
        p1_0.id,
        p1_0.created_at,
        p1_0.created_by_id,
        p1_0.description,
        p1_0.end_date,
        p1_0.name,
        p1_0.project_key,
        p1_0.start_date,
        p1_0.status,
        p1_0.tenant_id,
        p1_0.updated_at,
        p1_0.version 
    from
        projects p1_0 
    where
        p1_0.id=?"
2026-05-21T01:43:38.657+03:00 level=DEBUG app=workhub corr=na method=na path=na logger=org.hibernate.SQL msg="
    select
        t1_0.id,
        t1_0.created_at,
        t1_0.name,
        t1_0.plan,
        t1_0.status,
        t1_0.updated_at,
        t1_0.version 
    from
        tenants t1_0 
    where
        t1_0.id=?"
2026-05-21T01:43:38.766+03:00 level=DEBUG app=workhub corr=na method=na path=na logger=org.hibernate.SQL msg="
    select
        j1_0.id,
        j1_0.correlation_id,
        j1_0.created_at,
        j1_0.error_message,
        j1_0.project_id,
        j1_0.status,
        j1_0.tenant_id,
        j1_0.updated_at 
    from
        jobs j1_0 
    where
        j1_0.id=? 
        and j1_0.tenant_id=?"
2026-05-21T01:43:38.766+03:00 level=DEBUG app=workhub corr=na method=na path=na logger=org.hibernate.SQL msg="
    select
        p1_0.id,
        p1_0.created_at,
        p1_0.created_by_id,
        p1_0.description,
        p1_0.end_date,
        p1_0.name,
        p1_0.project_key,
        p1_0.start_date,
        p1_0.status,
        p1_0.tenant_id,
        p1_0.updated_at,
        p1_0.version 
    from
        projects p1_0 
    where
        p1_0.id=?"
2026-05-21T01:43:38.767+03:00 level=DEBUG app=workhub corr=na method=na path=na logger=org.hibernate.SQL msg="
    select
        t1_0.id,
        t1_0.created_at,
        t1_0.name,
        t1_0.plan,
        t1_0.status,
        t1_0.updated_at,
        t1_0.version 
    from
        tenants t1_0 
    where
        t1_0.id=?"
2026-05-21T01:43:38.792+03:00 level=WARN  app=workhub corr=na method=na path=na logger=c.r.c.impl.ForgivingExceptionHandler msg="An unexpected connection driver error occurred (Exception message: Socket closed)"
2026-05-21T01:43:38.846+03:00 level=ERROR app=workhub corr=na method=na path=na logger=o.s.a.r.l.SimpleMessageListenerContainer msg="Failed to check/redeclare auto-delete queue(s)."
2026-05-21T01:43:38.846+03:00 level=WARN  app=workhub corr=na method=na path=na logger=c.r.c.impl.ForgivingExceptionHandler msg="An unexpected connection driver error occurred (Exception message: Socket closed)"
2026-05-21T01:43:38.857+03:00 level=WARN  app=workhub corr=na method=na path=na logger=c.r.c.impl.ForgivingExceptionHandler msg="An unexpected connection driver error occurred (Exception message: Socket closed)"
2026-05-21T01:43:38.876+03:00 level=DEBUG app=workhub corr=na method=na path=na logger=org.hibernate.SQL msg="
    select
        j1_0.id,
        j1_0.correlation_id,
        j1_0.created_at,
        j1_0.error_message,
        j1_0.project_id,
        j1_0.status,
        j1_0.tenant_id,
        j1_0.updated_at 
    from
        jobs j1_0 
    where
        j1_0.id=? 
        and j1_0.tenant_id=?"
2026-05-21T01:43:38.877+03:00 level=DEBUG app=workhub corr=na method=na path=na logger=org.hibernate.SQL msg="
    select
        p1_0.id,
        p1_0.created_at,
        p1_0.created_by_id,
        p1_0.description,
        p1_0.end_date,
        p1_0.name,
        p1_0.project_key,
        p1_0.start_date,
        p1_0.status,
        p1_0.tenant_id,
        p1_0.updated_at,
        p1_0.version 
    from
        projects p1_0 
    where
        p1_0.id=?"
2026-05-21T01:43:38.877+03:00 level=DEBUG app=workhub corr=na method=na path=na logger=org.hibernate.SQL msg="
    select
        t1_0.id,
        t1_0.created_at,
        t1_0.name,
        t1_0.plan,
        t1_0.status,
        t1_0.updated_at,
        t1_0.version 
    from
        tenants t1_0 
    where
        t1_0.id=?"
2026-05-21T01:43:38.915+03:00 level=WARN  app=workhub corr=na method=na path=na logger=c.r.c.impl.ForgivingExceptionHandler msg="An unexpected connection driver error occurred (Exception message: Socket closed)"
2026-05-21T01:43:38.996+03:00 level=DEBUG app=workhub corr=na method=na path=na logger=org.hibernate.SQL msg="
    select
        j1_0.id,
        j1_0.correlation_id,
        j1_0.created_at,
        j1_0.error_message,
        j1_0.project_id,
        j1_0.status,
        j1_0.tenant_id,
        j1_0.updated_at 
    from
        jobs j1_0 
    where
        j1_0.id=? 
        and j1_0.tenant_id=?"
2026-05-21T01:43:38.996+03:00 level=DEBUG app=workhub corr=na method=na path=na logger=org.hibernate.SQL msg="
    select
        p1_0.id,
        p1_0.created_at,
        p1_0.created_by_id,
        p1_0.description,
        p1_0.end_date,
        p1_0.name,
        p1_0.project_key,
        p1_0.start_date,
        p1_0.status,
        p1_0.tenant_id,
        p1_0.updated_at,
        p1_0.version 
    from
        projects p1_0 
    where
        p1_0.id=?"
2026-05-21T01:43:38.996+03:00 level=DEBUG app=workhub corr=na method=na path=na logger=org.hibernate.SQL msg="
    select
        t1_0.id,
        t1_0.created_at,
        t1_0.name,
        t1_0.plan,
        t1_0.status,
        t1_0.updated_at,
        t1_0.version 
    from
        tenants t1_0 
    where
        t1_0.id=?"
2026-05-21T01:43:39.102+03:00 level=DEBUG app=workhub corr=na method=na path=na logger=org.hibernate.SQL msg="
    select
        j1_0.id,
        j1_0.correlation_id,
        j1_0.created_at,
        j1_0.error_message,
        j1_0.project_id,
        j1_0.status,
        j1_0.tenant_id,
        j1_0.updated_at 
    from
        jobs j1_0 
    where
        j1_0.id=? 
        and j1_0.tenant_id=?"
2026-05-21T01:43:39.102+03:00 level=DEBUG app=workhub corr=na method=na path=na logger=org.hibernate.SQL msg="
    select
        p1_0.id,
        p1_0.created_at,
        p1_0.created_by_id,
        p1_0.description,
        p1_0.end_date,
        p1_0.name,
        p1_0.project_key,
        p1_0.start_date,
        p1_0.status,
        p1_0.tenant_id,
        p1_0.updated_at,
        p1_0.version 
    from
        projects p1_0 
    where
        p1_0.id=?"
2026-05-21T01:43:39.103+03:00 level=DEBUG app=workhub corr=na method=na path=na logger=org.hibernate.SQL msg="
    select
        t1_0.id,
        t1_0.created_at,
        t1_0.name,
        t1_0.plan,
        t1_0.status,
        t1_0.updated_at,
        t1_0.version 
    from
        tenants t1_0 
    where
        t1_0.id=?"
2026-05-21T01:43:39.210+03:00 level=DEBUG app=workhub corr=na method=na path=na logger=org.hibernate.SQL msg="
    select
        j1_0.id,
        j1_0.correlation_id,
        j1_0.created_at,
        j1_0.error_message,
        j1_0.project_id,
        j1_0.status,
        j1_0.tenant_id,
        j1_0.updated_at 
    from
        jobs j1_0 
    where
        j1_0.id=? 
        and j1_0.tenant_id=?"
2026-05-21T01:43:39.211+03:00 level=DEBUG app=workhub corr=na method=na path=na logger=org.hibernate.SQL msg="
    select
        p1_0.id,
        p1_0.created_at,
        p1_0.created_by_id,
        p1_0.description,
        p1_0.end_date,
        p1_0.name,
        p1_0.project_key,
        p1_0.start_date,
        p1_0.status,
        p1_0.tenant_id,
        p1_0.updated_at,
        p1_0.version 
    from
        projects p1_0 
    where
        p1_0.id=?"
2026-05-21T01:43:39.211+03:00 level=DEBUG app=workhub corr=na method=na path=na logger=org.hibernate.SQL msg="
    select
        t1_0.id,
        t1_0.created_at,
        t1_0.name,
        t1_0.plan,
        t1_0.status,
        t1_0.updated_at,
        t1_0.version 
    from
        tenants t1_0 
    where
        t1_0.id=?"
2026-05-21T01:43:39.317+03:00 level=DEBUG app=workhub corr=na method=na path=na logger=org.hibernate.SQL msg="
    select
        j1_0.id,
        j1_0.correlation_id,
        j1_0.created_at,
        j1_0.error_message,
        j1_0.project_id,
        j1_0.status,
        j1_0.tenant_id,
        j1_0.updated_at 
    from
        jobs j1_0 
    where
        j1_0.id=? 
        and j1_0.tenant_id=?"
2026-05-21T01:43:39.318+03:00 level=DEBUG app=workhub corr=na method=na path=na logger=org.hibernate.SQL msg="
    select
        p1_0.id,
        p1_0.created_at,
        p1_0.created_by_id,
        p1_0.description,
        p1_0.end_date,
        p1_0.name,
        p1_0.project_key,
        p1_0.start_date,
        p1_0.status,
        p1_0.tenant_id,
        p1_0.updated_at,
        p1_0.version 
    from
        projects p1_0 
    where
        p1_0.id=?"
2026-05-21T01:43:39.318+03:00 level=DEBUG app=workhub corr=na method=na path=na logger=org.hibernate.SQL msg="
    select
        t1_0.id,
        t1_0.created_at,
        t1_0.name,
        t1_0.plan,
        t1_0.status,
        t1_0.updated_at,
        t1_0.version 
    from
        tenants t1_0 
    where
        t1_0.id=?"
2026-05-21T01:43:39.427+03:00 level=DEBUG app=workhub corr=na method=na path=na logger=org.hibernate.SQL msg="
    select
        j1_0.id,
        j1_0.correlation_id,
        j1_0.created_at,
        j1_0.error_message,
        j1_0.project_id,
        j1_0.status,
        j1_0.tenant_id,
        j1_0.updated_at 
    from
        jobs j1_0 
    where
        j1_0.id=? 
        and j1_0.tenant_id=?"
2026-05-21T01:43:39.428+03:00 level=DEBUG app=workhub corr=na method=na path=na logger=org.hibernate.SQL msg="
    select
        p1_0.id,
        p1_0.created_at,
        p1_0.created_by_id,
        p1_0.description,
        p1_0.end_date,
        p1_0.name,
        p1_0.project_key,
        p1_0.start_date,
        p1_0.status,
        p1_0.tenant_id,
        p1_0.updated_at,
        p1_0.version 
    from
        projects p1_0 
    where
        p1_0.id=?"
2026-05-21T01:43:39.428+03:00 level=DEBUG app=workhub corr=na method=na path=na logger=org.hibernate.SQL msg="
    select
        t1_0.id,
        t1_0.created_at,
        t1_0.name,
        t1_0.plan,
        t1_0.status,
        t1_0.updated_at,
        t1_0.version 
    from
        tenants t1_0 
    where
        t1_0.id=?"
2026-05-21T01:43:39.534+03:00 level=DEBUG app=workhub corr=na method=na path=na logger=org.hibernate.SQL msg="
    select
        j1_0.id,
        j1_0.correlation_id,
        j1_0.created_at,
        j1_0.error_message,
        j1_0.project_id,
        j1_0.status,
        j1_0.tenant_id,
        j1_0.updated_at 
    from
        jobs j1_0 
    where
        j1_0.id=? 
        and j1_0.tenant_id=?"
2026-05-21T01:43:39.534+03:00 level=DEBUG app=workhub corr=na method=na path=na logger=org.hibernate.SQL msg="
    select
        p1_0.id,
        p1_0.created_at,
        p1_0.created_by_id,
        p1_0.description,
        p1_0.end_date,
        p1_0.name,
        p1_0.project_key,
        p1_0.start_date,
        p1_0.status,
        p1_0.tenant_id,
        p1_0.updated_at,
        p1_0.version 
    from
        projects p1_0 
    where
        p1_0.id=?"
2026-05-21T01:43:39.535+03:00 level=DEBUG app=workhub corr=na method=na path=na logger=org.hibernate.SQL msg="
    select
        t1_0.id,
        t1_0.created_at,
        t1_0.name,
        t1_0.plan,
        t1_0.status,
        t1_0.updated_at,
        t1_0.version 
    from
        tenants t1_0 
    where
        t1_0.id=?"
2026-05-21T01:43:39.643+03:00 level=DEBUG app=workhub corr=na method=na path=na logger=org.hibernate.SQL msg="
    select
        j1_0.id,
        j1_0.correlation_id,
        j1_0.created_at,
        j1_0.error_message,
        j1_0.project_id,
        j1_0.status,
        j1_0.tenant_id,
        j1_0.updated_at 
    from
        jobs j1_0 
    where
        j1_0.id=? 
        and j1_0.tenant_id=?"
2026-05-21T01:43:39.643+03:00 level=DEBUG app=workhub corr=na method=na path=na logger=org.hibernate.SQL msg="
    select
        p1_0.id,
        p1_0.created_at,
        p1_0.created_by_id,
        p1_0.description,
        p1_0.end_date,
        p1_0.name,
        p1_0.project_key,
        p1_0.start_date,
        p1_0.status,
        p1_0.tenant_id,
        p1_0.updated_at,
        p1_0.version 
    from
        projects p1_0 
    where
        p1_0.id=?"
2026-05-21T01:43:39.644+03:00 level=DEBUG app=workhub corr=na method=na path=na logger=org.hibernate.SQL msg="
    select
        t1_0.id,
        t1_0.created_at,
        t1_0.name,
        t1_0.plan,
        t1_0.status,
        t1_0.updated_at,
        t1_0.version 
    from
        tenants t1_0 
    where
        t1_0.id=?"
2026-05-21T01:43:39.753+03:00 level=DEBUG app=workhub corr=na method=na path=na logger=org.hibernate.SQL msg="
    select
        j1_0.id,
        j1_0.correlation_id,
        j1_0.created_at,
        j1_0.error_message,
        j1_0.project_id,
        j1_0.status,
        j1_0.tenant_id,
        j1_0.updated_at 
    from
        jobs j1_0 
    where
        j1_0.id=? 
        and j1_0.tenant_id=?"
2026-05-21T01:43:39.753+03:00 level=DEBUG app=workhub corr=na method=na path=na logger=org.hibernate.SQL msg="
    select
        p1_0.id,
        p1_0.created_at,
        p1_0.created_by_id,
        p1_0.description,
        p1_0.end_date,
        p1_0.name,
        p1_0.project_key,
        p1_0.start_date,
        p1_0.status,
        p1_0.tenant_id,
        p1_0.updated_at,
        p1_0.version 
    from
        projects p1_0 
    where
        p1_0.id=?"
2026-05-21T01:43:39.754+03:00 level=DEBUG app=workhub corr=na method=na path=na logger=org.hibernate.SQL msg="
    select
        t1_0.id,
        t1_0.created_at,
        t1_0.name,
        t1_0.plan,
        t1_0.status,
        t1_0.updated_at,
        t1_0.version 
    from
        tenants t1_0 
    where
        t1_0.id=?"
2026-05-21T01:43:39.861+03:00 level=DEBUG app=workhub corr=na method=na path=na logger=org.hibernate.SQL msg="
    select
        j1_0.id,
        j1_0.correlation_id,
        j1_0.created_at,
        j1_0.error_message,
        j1_0.project_id,
        j1_0.status,
        j1_0.tenant_id,
        j1_0.updated_at 
    from
        jobs j1_0 
    where
        j1_0.id=? 
        and j1_0.tenant_id=?"
2026-05-21T01:43:39.861+03:00 level=DEBUG app=workhub corr=na method=na path=na logger=org.hibernate.SQL msg="
    select
        p1_0.id,
        p1_0.created_at,
        p1_0.created_by_id,
        p1_0.description,
        p1_0.end_date,
        p1_0.name,
        p1_0.project_key,
        p1_0.start_date,
        p1_0.status,
        p1_0.tenant_id,
        p1_0.updated_at,
        p1_0.version 
    from
        projects p1_0 
    where
        p1_0.id=?"
2026-05-21T01:43:39.861+03:00 level=DEBUG app=workhub corr=na method=na path=na logger=org.hibernate.SQL msg="
    select
        t1_0.id,
        t1_0.created_at,
        t1_0.name,
        t1_0.plan,
        t1_0.status,
        t1_0.updated_at,
        t1_0.version 
    from
        tenants t1_0 
    where
        t1_0.id=?"
2026-05-21T01:43:39.969+03:00 level=DEBUG app=workhub corr=na method=na path=na logger=org.hibernate.SQL msg="
    select
        j1_0.id,
        j1_0.correlation_id,
        j1_0.created_at,
        j1_0.error_message,
        j1_0.project_id,
        j1_0.status,
        j1_0.tenant_id,
        j1_0.updated_at 
    from
        jobs j1_0 
    where
        j1_0.id=? 
        and j1_0.tenant_id=?"
2026-05-21T01:43:39.969+03:00 level=DEBUG app=workhub corr=na method=na path=na logger=org.hibernate.SQL msg="
    select
        p1_0.id,
        p1_0.created_at,
        p1_0.created_by_id,
        p1_0.description,
        p1_0.end_date,
        p1_0.name,
        p1_0.project_key,
        p1_0.start_date,
        p1_0.status,
        p1_0.tenant_id,
        p1_0.updated_at,
        p1_0.version 
    from
        projects p1_0 
    where
        p1_0.id=?"
2026-05-21T01:43:39.969+03:00 level=DEBUG app=workhub corr=na method=na path=na logger=org.hibernate.SQL msg="
    select
        t1_0.id,
        t1_0.created_at,
        t1_0.name,
        t1_0.plan,
        t1_0.status,
        t1_0.updated_at,
        t1_0.version 
    from
        tenants t1_0 
    where
        t1_0.id=?"
2026-05-21T01:43:40.079+03:00 level=DEBUG app=workhub corr=na method=na path=na logger=org.hibernate.SQL msg="
    select
        j1_0.id,
        j1_0.correlation_id,
        j1_0.created_at,
        j1_0.error_message,
        j1_0.project_id,
        j1_0.status,
        j1_0.tenant_id,
        j1_0.updated_at 
    from
        jobs j1_0 
    where
        j1_0.id=? 
        and j1_0.tenant_id=?"
2026-05-21T01:43:40.080+03:00 level=DEBUG app=workhub corr=na method=na path=na logger=org.hibernate.SQL msg="
    select
        p1_0.id,
        p1_0.created_at,
        p1_0.created_by_id,
        p1_0.description,
        p1_0.end_date,
        p1_0.name,
        p1_0.project_key,
        p1_0.start_date,
        p1_0.status,
        p1_0.tenant_id,
        p1_0.updated_at,
        p1_0.version 
    from
        projects p1_0 
    where
        p1_0.id=?"
2026-05-21T01:43:40.081+03:00 level=DEBUG app=workhub corr=na method=na path=na logger=org.hibernate.SQL msg="
    select
        t1_0.id,
        t1_0.created_at,
        t1_0.name,
        t1_0.plan,
        t1_0.status,
        t1_0.updated_at,
        t1_0.version 
    from
        tenants t1_0 
    where
        t1_0.id=?"
2026-05-21T01:43:40.186+03:00 level=DEBUG app=workhub corr=na method=na path=na logger=org.hibernate.SQL msg="
    select
        j1_0.id,
        j1_0.correlation_id,
        j1_0.created_at,
        j1_0.error_message,
        j1_0.project_id,
        j1_0.status,
        j1_0.tenant_id,
        j1_0.updated_at 
    from
        jobs j1_0 
    where
        j1_0.id=? 
        and j1_0.tenant_id=?"
2026-05-21T01:43:40.186+03:00 level=DEBUG app=workhub corr=na method=na path=na logger=org.hibernate.SQL msg="
    select
        p1_0.id,
        p1_0.created_at,
        p1_0.created_by_id,
        p1_0.description,
        p1_0.end_date,
        p1_0.name,
        p1_0.project_key,
        p1_0.start_date,
        p1_0.status,
        p1_0.tenant_id,
        p1_0.updated_at,
        p1_0.version 
    from
        projects p1_0 
    where
        p1_0.id=?"
2026-05-21T01:43:40.186+03:00 level=DEBUG app=workhub corr=na method=na path=na logger=org.hibernate.SQL msg="
    select
        t1_0.id,
        t1_0.created_at,
        t1_0.name,
        t1_0.plan,
        t1_0.status,
        t1_0.updated_at,
        t1_0.version 
    from
        tenants t1_0 
    where
        t1_0.id=?"
2026-05-21T01:43:40.296+03:00 level=DEBUG app=workhub corr=na method=na path=na logger=org.hibernate.SQL msg="
    select
        j1_0.id,
        j1_0.correlation_id,
        j1_0.created_at,
        j1_0.error_message,
        j1_0.project_id,
        j1_0.status,
        j1_0.tenant_id,
        j1_0.updated_at 
    from
        jobs j1_0 
    where
        j1_0.id=? 
        and j1_0.tenant_id=?"
2026-05-21T01:43:40.296+03:00 level=DEBUG app=workhub corr=na method=na path=na logger=org.hibernate.SQL msg="
    select
        p1_0.id,
        p1_0.created_at,
        p1_0.created_by_id,
        p1_0.description,
        p1_0.end_date,
        p1_0.name,
        p1_0.project_key,
        p1_0.start_date,
        p1_0.status,
        p1_0.tenant_id,
        p1_0.updated_at,
        p1_0.version 
    from
        projects p1_0 
    where
        p1_0.id=?"
2026-05-21T01:43:40.296+03:00 level=DEBUG app=workhub corr=na method=na path=na logger=org.hibernate.SQL msg="
    select
        t1_0.id,
        t1_0.created_at,
        t1_0.name,
        t1_0.plan,
        t1_0.status,
        t1_0.updated_at,
        t1_0.version 
    from
        tenants t1_0 
    where
        t1_0.id=?"
2026-05-21T01:43:40.406+03:00 level=DEBUG app=workhub corr=na method=na path=na logger=org.hibernate.SQL msg="
    select
        j1_0.id,
        j1_0.correlation_id,
        j1_0.created_at,
        j1_0.error_message,
        j1_0.project_id,
        j1_0.status,
        j1_0.tenant_id,
        j1_0.updated_at 
    from
        jobs j1_0 
    where
        j1_0.id=? 
        and j1_0.tenant_id=?"
2026-05-21T01:43:40.406+03:00 level=DEBUG app=workhub corr=na method=na path=na logger=org.hibernate.SQL msg="
    select
        p1_0.id,
        p1_0.created_at,
        p1_0.created_by_id,
        p1_0.description,
        p1_0.end_date,
        p1_0.name,
        p1_0.project_key,
        p1_0.start_date,
        p1_0.status,
        p1_0.tenant_id,
        p1_0.updated_at,
        p1_0.version 
    from
        projects p1_0 
    where
        p1_0.id=?"
2026-05-21T01:43:40.406+03:00 level=DEBUG app=workhub corr=na method=na path=na logger=org.hibernate.SQL msg="
    select
        t1_0.id,
        t1_0.created_at,
        t1_0.name,
        t1_0.plan,
        t1_0.status,
        t1_0.updated_at,
        t1_0.version 
    from
        tenants t1_0 
    where
        t1_0.id=?"
2026-05-21T01:43:40.513+03:00 level=DEBUG app=workhub corr=na method=na path=na logger=org.hibernate.SQL msg="
    select
        j1_0.id,
        j1_0.correlation_id,
        j1_0.created_at,
        j1_0.error_message,
        j1_0.project_id,
        j1_0.status,
        j1_0.tenant_id,
        j1_0.updated_at 
    from
        jobs j1_0 
    where
        j1_0.id=? 
        and j1_0.tenant_id=?"
2026-05-21T01:43:40.514+03:00 level=DEBUG app=workhub corr=na method=na path=na logger=org.hibernate.SQL msg="
    select
        p1_0.id,
        p1_0.created_at,
        p1_0.created_by_id,
        p1_0.description,
        p1_0.end_date,
        p1_0.name,
        p1_0.project_key,
        p1_0.start_date,
        p1_0.status,
        p1_0.tenant_id,
        p1_0.updated_at,
        p1_0.version 
    from
        projects p1_0 
    where
        p1_0.id=?"
2026-05-21T01:43:40.514+03:00 level=DEBUG app=workhub corr=na method=na path=na logger=org.hibernate.SQL msg="
    select
        t1_0.id,
        t1_0.created_at,
        t1_0.name,
        t1_0.plan,
        t1_0.status,
        t1_0.updated_at,
        t1_0.version 
    from
        tenants t1_0 
    where
        t1_0.id=?"
2026-05-21T01:43:40.623+03:00 level=DEBUG app=workhub corr=na method=na path=na logger=org.hibernate.SQL msg="
    select
        j1_0.id,
        j1_0.correlation_id,
        j1_0.created_at,
        j1_0.error_message,
        j1_0.project_id,
        j1_0.status,
        j1_0.tenant_id,
        j1_0.updated_at 
    from
        jobs j1_0 
    where
        j1_0.id=? 
        and j1_0.tenant_id=?"
2026-05-21T01:43:40.623+03:00 level=DEBUG app=workhub corr=na method=na path=na logger=org.hibernate.SQL msg="
    select
        p1_0.id,
        p1_0.created_at,
        p1_0.created_by_id,
        p1_0.description,
        p1_0.end_date,
        p1_0.name,
        p1_0.project_key,
        p1_0.start_date,
        p1_0.status,
        p1_0.tenant_id,
        p1_0.updated_at,
        p1_0.version 
    from
        projects p1_0 
    where
        p1_0.id=?"
2026-05-21T01:43:40.623+03:00 level=DEBUG app=workhub corr=na method=na path=na logger=org.hibernate.SQL msg="
    select
        t1_0.id,
        t1_0.created_at,
        t1_0.name,
        t1_0.plan,
        t1_0.status,
        t1_0.updated_at,
        t1_0.version 
    from
        tenants t1_0 
    where
        t1_0.id=?"
2026-05-21T01:43:40.730+03:00 level=DEBUG app=workhub corr=na method=na path=na logger=org.hibernate.SQL msg="
    select
        j1_0.id,
        j1_0.correlation_id,
        j1_0.created_at,
        j1_0.error_message,
        j1_0.project_id,
        j1_0.status,
        j1_0.tenant_id,
        j1_0.updated_at 
    from
        jobs j1_0 
    where
        j1_0.id=? 
        and j1_0.tenant_id=?"
2026-05-21T01:43:40.731+03:00 level=DEBUG app=workhub corr=na method=na path=na logger=org.hibernate.SQL msg="
    select
        p1_0.id,
        p1_0.created_at,
        p1_0.created_by_id,
        p1_0.description,
        p1_0.end_date,
        p1_0.name,
        p1_0.project_key,
        p1_0.start_date,
        p1_0.status,
        p1_0.tenant_id,
        p1_0.updated_at,
        p1_0.version 
    from
        projects p1_0 
    where
        p1_0.id=?"
2026-05-21T01:43:40.731+03:00 level=DEBUG app=workhub corr=na method=na path=na logger=org.hibernate.SQL msg="
    select
        t1_0.id,
        t1_0.created_at,
        t1_0.name,
        t1_0.plan,
        t1_0.status,
        t1_0.updated_at,
        t1_0.version 
    from
        tenants t1_0 
    where
        t1_0.id=?"
2026-05-21T01:43:40.840+03:00 level=DEBUG app=workhub corr=na method=na path=na logger=org.hibernate.SQL msg="
    select
        j1_0.id,
        j1_0.correlation_id,
        j1_0.created_at,
        j1_0.error_message,
        j1_0.project_id,
        j1_0.status,
        j1_0.tenant_id,
        j1_0.updated_at 
    from
        jobs j1_0 
    where
        j1_0.id=? 
        and j1_0.tenant_id=?"
2026-05-21T01:43:40.840+03:00 level=DEBUG app=workhub corr=na method=na path=na logger=org.hibernate.SQL msg="
    select
        p1_0.id,
        p1_0.created_at,
        p1_0.created_by_id,
        p1_0.description,
        p1_0.end_date,
        p1_0.name,
        p1_0.project_key,
        p1_0.start_date,
        p1_0.status,
        p1_0.tenant_id,
        p1_0.updated_at,
        p1_0.version 
    from
        projects p1_0 
    where
        p1_0.id=?"
2026-05-21T01:43:40.840+03:00 level=DEBUG app=workhub corr=na method=na path=na logger=org.hibernate.SQL msg="
    select
        t1_0.id,
        t1_0.created_at,
        t1_0.name,
        t1_0.plan,
        t1_0.status,
        t1_0.updated_at,
        t1_0.version 
    from
        tenants t1_0 
    where
        t1_0.id=?"
2026-05-21T01:43:40.948+03:00 level=DEBUG app=workhub corr=na method=na path=na logger=org.hibernate.SQL msg="
    select
        j1_0.id,
        j1_0.correlation_id,
        j1_0.created_at,
        j1_0.error_message,
        j1_0.project_id,
        j1_0.status,
        j1_0.tenant_id,
        j1_0.updated_at 
    from
        jobs j1_0 
    where
        j1_0.id=? 
        and j1_0.tenant_id=?"
2026-05-21T01:43:40.949+03:00 level=DEBUG app=workhub corr=na method=na path=na logger=org.hibernate.SQL msg="
    select
        p1_0.id,
        p1_0.created_at,
        p1_0.created_by_id,
        p1_0.description,
        p1_0.end_date,
        p1_0.name,
        p1_0.project_key,
        p1_0.start_date,
        p1_0.status,
        p1_0.tenant_id,
        p1_0.updated_at,
        p1_0.version 
    from
        projects p1_0 
    where
        p1_0.id=?"
2026-05-21T01:43:40.949+03:00 level=DEBUG app=workhub corr=na method=na path=na logger=org.hibernate.SQL msg="
    select
        t1_0.id,
        t1_0.created_at,
        t1_0.name,
        t1_0.plan,
        t1_0.status,
        t1_0.updated_at,
        t1_0.version 
    from
        tenants t1_0 
    where
        t1_0.id=?"
2026-05-21T01:43:41.058+03:00 level=DEBUG app=workhub corr=na method=na path=na logger=org.hibernate.SQL msg="
    select
        j1_0.id,
        j1_0.correlation_id,
        j1_0.created_at,
        j1_0.error_message,
        j1_0.project_id,
        j1_0.status,
        j1_0.tenant_id,
        j1_0.updated_at 
    from
        jobs j1_0 
    where
        j1_0.id=? 
        and j1_0.tenant_id=?"
2026-05-21T01:43:41.059+03:00 level=DEBUG app=workhub corr=na method=na path=na logger=org.hibernate.SQL msg="
    select
        p1_0.id,
        p1_0.created_at,
        p1_0.created_by_id,
        p1_0.description,
        p1_0.end_date,
        p1_0.name,
        p1_0.project_key,
        p1_0.start_date,
        p1_0.status,
        p1_0.tenant_id,
        p1_0.updated_at,
        p1_0.version 
    from
        projects p1_0 
    where
        p1_0.id=?"
2026-05-21T01:43:41.059+03:00 level=DEBUG app=workhub corr=na method=na path=na logger=org.hibernate.SQL msg="
    select
        t1_0.id,
        t1_0.created_at,
        t1_0.name,
        t1_0.plan,
        t1_0.status,
        t1_0.updated_at,
        t1_0.version 
    from
        tenants t1_0 
    where
        t1_0.id=?"
2026-05-21T01:43:41.168+03:00 level=DEBUG app=workhub corr=na method=na path=na logger=org.hibernate.SQL msg="
    select
        j1_0.id,
        j1_0.correlation_id,
        j1_0.created_at,
        j1_0.error_message,
        j1_0.project_id,
        j1_0.status,
        j1_0.tenant_id,
        j1_0.updated_at 
    from
        jobs j1_0 
    where
        j1_0.id=? 
        and j1_0.tenant_id=?"
2026-05-21T01:43:41.169+03:00 level=DEBUG app=workhub corr=na method=na path=na logger=org.hibernate.SQL msg="
    select
        p1_0.id,
        p1_0.created_at,
        p1_0.created_by_id,
        p1_0.description,
        p1_0.end_date,
        p1_0.name,
        p1_0.project_key,
        p1_0.start_date,
        p1_0.status,
        p1_0.tenant_id,
        p1_0.updated_at,
        p1_0.version 
    from
        projects p1_0 
    where
        p1_0.id=?"
2026-05-21T01:43:41.169+03:00 level=DEBUG app=workhub corr=na method=na path=na logger=org.hibernate.SQL msg="
    select
        t1_0.id,
        t1_0.created_at,
        t1_0.name,
        t1_0.plan,
        t1_0.status,
        t1_0.updated_at,
        t1_0.version 
    from
        tenants t1_0 
    where
        t1_0.id=?"
2026-05-21T01:43:41.277+03:00 level=DEBUG app=workhub corr=na method=na path=na logger=org.hibernate.SQL msg="
    select
        j1_0.id,
        j1_0.correlation_id,
        j1_0.created_at,
        j1_0.error_message,
        j1_0.project_id,
        j1_0.status,
        j1_0.tenant_id,
        j1_0.updated_at 
    from
        jobs j1_0 
    where
        j1_0.id=? 
        and j1_0.tenant_id=?"
2026-05-21T01:43:41.278+03:00 level=DEBUG app=workhub corr=na method=na path=na logger=org.hibernate.SQL msg="
    select
        p1_0.id,
        p1_0.created_at,
        p1_0.created_by_id,
        p1_0.description,
        p1_0.end_date,
        p1_0.name,
        p1_0.project_key,
        p1_0.start_date,
        p1_0.status,
        p1_0.tenant_id,
        p1_0.updated_at,
        p1_0.version 
    from
        projects p1_0 
    where
        p1_0.id=?"
2026-05-21T01:43:41.278+03:00 level=DEBUG app=workhub corr=na method=na path=na logger=org.hibernate.SQL msg="
    select
        t1_0.id,
        t1_0.created_at,
        t1_0.name,
        t1_0.plan,
        t1_0.status,
        t1_0.updated_at,
        t1_0.version 
    from
        tenants t1_0 
    where
        t1_0.id=?"
2026-05-21T01:43:41.387+03:00 level=DEBUG app=workhub corr=na method=na path=na logger=org.hibernate.SQL msg="
    select
        j1_0.id,
        j1_0.correlation_id,
        j1_0.created_at,
        j1_0.error_message,
        j1_0.project_id,
        j1_0.status,
        j1_0.tenant_id,
        j1_0.updated_at 
    from
        jobs j1_0 
    where
        j1_0.id=? 
        and j1_0.tenant_id=?"
2026-05-21T01:43:41.388+03:00 level=DEBUG app=workhub corr=na method=na path=na logger=org.hibernate.SQL msg="
    select
        p1_0.id,
        p1_0.created_at,
        p1_0.created_by_id,
        p1_0.description,
        p1_0.end_date,
        p1_0.name,
        p1_0.project_key,
        p1_0.start_date,
        p1_0.status,
        p1_0.tenant_id,
        p1_0.updated_at,
        p1_0.version 
    from
        projects p1_0 
    where
        p1_0.id=?"
2026-05-21T01:43:41.388+03:00 level=DEBUG app=workhub corr=na method=na path=na logger=org.hibernate.SQL msg="
    select
        t1_0.id,
        t1_0.created_at,
        t1_0.name,
        t1_0.plan,
        t1_0.status,
        t1_0.updated_at,
        t1_0.version 
    from
        tenants t1_0 
    where
        t1_0.id=?"
2026-05-21T01:43:41.497+03:00 level=DEBUG app=workhub corr=na method=na path=na logger=org.hibernate.SQL msg="
    select
        j1_0.id,
        j1_0.correlation_id,
        j1_0.created_at,
        j1_0.error_message,
        j1_0.project_id,
        j1_0.status,
        j1_0.tenant_id,
        j1_0.updated_at 
    from
        jobs j1_0 
    where
        j1_0.id=? 
        and j1_0.tenant_id=?"
2026-05-21T01:43:41.497+03:00 level=DEBUG app=workhub corr=na method=na path=na logger=org.hibernate.SQL msg="
    select
        p1_0.id,
        p1_0.created_at,
        p1_0.created_by_id,
        p1_0.description,
        p1_0.end_date,
        p1_0.name,
        p1_0.project_key,
        p1_0.start_date,
        p1_0.status,
        p1_0.tenant_id,
        p1_0.updated_at,
        p1_0.version 
    from
        projects p1_0 
    where
        p1_0.id=?"
2026-05-21T01:43:41.497+03:00 level=DEBUG app=workhub corr=na method=na path=na logger=org.hibernate.SQL msg="
    select
        t1_0.id,
        t1_0.created_at,
        t1_0.name,
        t1_0.plan,
        t1_0.status,
        t1_0.updated_at,
        t1_0.version 
    from
        tenants t1_0 
    where
        t1_0.id=?"
2026-05-21T01:43:41.607+03:00 level=DEBUG app=workhub corr=na method=na path=na logger=org.hibernate.SQL msg="
    select
        j1_0.id,
        j1_0.correlation_id,
        j1_0.created_at,
        j1_0.error_message,
        j1_0.project_id,
        j1_0.status,
        j1_0.tenant_id,
        j1_0.updated_at 
    from
        jobs j1_0 
    where
        j1_0.id=? 
        and j1_0.tenant_id=?"
2026-05-21T01:43:41.607+03:00 level=DEBUG app=workhub corr=na method=na path=na logger=org.hibernate.SQL msg="
    select
        p1_0.id,
        p1_0.created_at,
        p1_0.created_by_id,
        p1_0.description,
        p1_0.end_date,
        p1_0.name,
        p1_0.project_key,
        p1_0.start_date,
        p1_0.status,
        p1_0.tenant_id,
        p1_0.updated_at,
        p1_0.version 
    from
        projects p1_0 
    where
        p1_0.id=?"
2026-05-21T01:43:41.607+03:00 level=DEBUG app=workhub corr=na method=na path=na logger=org.hibernate.SQL msg="
    select
        t1_0.id,
        t1_0.created_at,
        t1_0.name,
        t1_0.plan,
        t1_0.status,
        t1_0.updated_at,
        t1_0.version 
    from
        tenants t1_0 
    where
        t1_0.id=?"
2026-05-21T01:43:41.717+03:00 level=DEBUG app=workhub corr=na method=na path=na logger=org.hibernate.SQL msg="
    select
        j1_0.id,
        j1_0.correlation_id,
        j1_0.created_at,
        j1_0.error_message,
        j1_0.project_id,
        j1_0.status,
        j1_0.tenant_id,
        j1_0.updated_at 
    from
        jobs j1_0 
    where
        j1_0.id=? 
        and j1_0.tenant_id=?"
2026-05-21T01:43:41.717+03:00 level=DEBUG app=workhub corr=na method=na path=na logger=org.hibernate.SQL msg="
    select
        p1_0.id,
        p1_0.created_at,
        p1_0.created_by_id,
        p1_0.description,
        p1_0.end_date,
        p1_0.name,
        p1_0.project_key,
        p1_0.start_date,
        p1_0.status,
        p1_0.tenant_id,
        p1_0.updated_at,
        p1_0.version 
    from
        projects p1_0 
    where
        p1_0.id=?"
2026-05-21T01:43:41.717+03:00 level=DEBUG app=workhub corr=na method=na path=na logger=org.hibernate.SQL msg="
    select
        t1_0.id,
        t1_0.created_at,
        t1_0.name,
        t1_0.plan,
        t1_0.status,
        t1_0.updated_at,
        t1_0.version 
    from
        tenants t1_0 
    where
        t1_0.id=?"
2026-05-21T01:43:41.824+03:00 level=DEBUG app=workhub corr=na method=na path=na logger=org.hibernate.SQL msg="
    select
        j1_0.id,
        j1_0.correlation_id,
        j1_0.created_at,
        j1_0.error_message,
        j1_0.project_id,
        j1_0.status,
        j1_0.tenant_id,
        j1_0.updated_at 
    from
        jobs j1_0 
    where
        j1_0.id=? 
        and j1_0.tenant_id=?"
2026-05-21T01:43:41.824+03:00 level=DEBUG app=workhub corr=na method=na path=na logger=org.hibernate.SQL msg="
    select
        p1_0.id,
        p1_0.created_at,
        p1_0.created_by_id,
        p1_0.description,
        p1_0.end_date,
        p1_0.name,
        p1_0.project_key,
        p1_0.start_date,
        p1_0.status,
        p1_0.tenant_id,
        p1_0.updated_at,
        p1_0.version 
    from
        projects p1_0 
    where
        p1_0.id=?"
2026-05-21T01:43:41.824+03:00 level=DEBUG app=workhub corr=na method=na path=na logger=org.hibernate.SQL msg="
    select
        t1_0.id,
        t1_0.created_at,
        t1_0.name,
        t1_0.plan,
        t1_0.status,
        t1_0.updated_at,
        t1_0.version 
    from
        tenants t1_0 
    where
        t1_0.id=?"

MockHttpServletRequest:
      HTTP Method = POST
      Request URI = /api/auth/login
       Parameters = {}
          Headers = [Content-Type:"application/json;charset=UTF-8", Content-Length:"65"]
             Body = {
  "email": "phase2.admin@demo.com",
  "password": "admin123"
}

    Session Attrs = {}

Handler:
             Type = com.workhub.controller.AuthController
           Method = com.workhub.controller.AuthController#login(LoginRequest)

Async:
    Async started = false
     Async result = null

Resolved Exception:
             Type = null

ModelAndView:
        View name = null
             View = null
            Model = null

FlashMap:
       Attributes = null

MockHttpServletResponse:
           Status = 200
    Error message = null
          Headers = [X-Correlation-Id:"6b1b165a-a2ac-4ed4-9dc6-d6dd565d6e5d", Content-Type:"application/json", X-Content-Type-Options:"nosniff", X-XSS-Protection:"0", Cache-Control:"no-cache, no-store, max-age=0, must-revalidate", Pragma:"no-cache", Expires:"0", X-Frame-Options:"DENY"]
     Content type = application/json
             Body = {"token":"eyJhbGciOiJIUzI1NiJ9.eyJyb2xlIjoiVEVOQU5UX0FETUlOIiwidGVuYW50SWQiOjIsInVzZXJJZCI6Mywic3ViIjoicGhhc2UyLmFkbWluQGRlbW8uY29tIiwiaWF0IjoxNzc5MzE3MDExLCJleHAiOjE3Nzk0MDM0MTF9.ldUiJOAu9uf0r2KT2yt0OMP9R0ypJND25BioN-M3_EE","type":"Bearer","userId":3,"email":"phase2.admin@demo.com","tenantId":2,"role":"TENANT_ADMIN","expiresIn":86400000}
    Forwarded URL = null
   Redirected URL = null
          Cookies = []

MockHttpServletRequest:
      HTTP Method = POST
      Request URI = /api/auth/login
       Parameters = {}
          Headers = [Content-Type:"application/json;charset=UTF-8", Content-Length:"63"]
             Body = {
  "email": "phase2.user@demo.com",
  "password": "user123"
}

    Session Attrs = {}

Handler:
             Type = com.workhub.controller.AuthController
           Method = com.workhub.controller.AuthController#login(LoginRequest)

Async:
    Async started = false
     Async result = null

Resolved Exception:
             Type = null

ModelAndView:
        View name = null
             View = null
            Model = null

FlashMap:
       Attributes = null

MockHttpServletResponse:
           Status = 200
    Error message = null
          Headers = [X-Correlation-Id:"ac14bd11-24b9-4c1a-a533-e35d91cc186f", Content-Type:"application/json", X-Content-Type-Options:"nosniff", X-XSS-Protection:"0", Cache-Control:"no-cache, no-store, max-age=0, must-revalidate", Pragma:"no-cache", Expires:"0", X-Frame-Options:"DENY"]
     Content type = application/json
             Body = {"token":"eyJhbGciOiJIUzI1NiJ9.eyJyb2xlIjoiVEVOQU5UX1VTRVIiLCJ0ZW5hbnRJZCI6MiwidXNlcklkIjo0LCJzdWIiOiJwaGFzZTIudXNlckBkZW1vLmNvbSIsImlhdCI6MTc3OTMxNzAxMSwiZXhwIjoxNzc5NDAzNDExfQ.lSYzd9SSWSesSSK-OQ-PKDZ5FN6exeXf04zUdqbckjM","type":"Bearer","userId":4,"email":"phase2.user@demo.com","tenantId":2,"role":"TENANT_USER","expiresIn":86400000}
    Forwarded URL = null
   Redirected URL = null
          Cookies = []

MockHttpServletRequest:
      HTTP Method = POST
      Request URI = /api/auth/login
       Parameters = {}
          Headers = [Content-Type:"application/json;charset=UTF-8", Content-Length:"58"]
             Body = {
  "email": "admin@demo.com",
  "password": "admin123"
}

    Session Attrs = {}

Handler:
             Type = com.workhub.controller.AuthController
           Method = com.workhub.controller.AuthController#login(LoginRequest)

Async:
    Async started = false
     Async result = null

Resolved Exception:
             Type = null

ModelAndView:
        View name = null
             View = null
            Model = null

FlashMap:
       Attributes = null

MockHttpServletResponse:
           Status = 200
    Error message = null
          Headers = [X-Correlation-Id:"0c549407-5a7d-43e2-b492-a9a35cf2071c", Content-Type:"application/json", X-Content-Type-Options:"nosniff", X-XSS-Protection:"0", Cache-Control:"no-cache, no-store, max-age=0, must-revalidate", Pragma:"no-cache", Expires:"0", X-Frame-Options:"DENY"]
     Content type = application/json
             Body = {"token":"eyJhbGciOiJIUzI1NiJ9.eyJyb2xlIjoiVEVOQU5UX0FETUlOIiwidGVuYW50SWQiOjEsInVzZXJJZCI6MSwic3ViIjoiYWRtaW5AZGVtby5jb20iLCJpYXQiOjE3NzkzMTcwMTEsImV4cCI6MTc3OTQwMzQxMX0.MQ9H9ONLhJ8GzvZJ7pTeld9Q8FClXK_YwIQccft5ikA","type":"Bearer","userId":1,"email":"admin@demo.com","tenantId":1,"role":"TENANT_ADMIN","expiresIn":86400000}
    Forwarded URL = null
   Redirected URL = null
          Cookies = []

MockHttpServletRequest:
      HTTP Method = POST
      Request URI = /api/projects/1/generate-report
       Parameters = {}
          Headers = [Authorization:"Bearer eyJhbGciOiJIUzI1NiJ9.eyJyb2xlIjoiVEVOQU5UX0FETUlOIiwidGVuYW50SWQiOjEsInVzZXJJZCI6MSwic3ViIjoiYWRtaW5AZGVtby5jb20iLCJpYXQiOjE3NzkzMTcwMTEsImV4cCI6MTc3OTQwMzQxMX0.MQ9H9ONLhJ8GzvZJ7pTeld9Q8FClXK_YwIQccft5ikA"]
             Body = null
    Session Attrs = {}

Handler:
             Type = com.workhub.controller.ProjectController
           Method = com.workhub.controller.ProjectController#generateReport(Long)

Async:
    Async started = false
     Async result = null

Resolved Exception:
             Type = null

ModelAndView:
        View name = null
             View = null
            Model = null

FlashMap:
       Attributes = null

MockHttpServletResponse:
           Status = 202
    Error message = null
          Headers = [X-Correlation-Id:"cb4491a5-4fb9-4442-becc-ef85b2d5e42f", Content-Type:"application/json", X-Content-Type-Options:"nosniff", X-XSS-Protection:"0", Cache-Control:"no-cache, no-store, max-age=0, must-revalidate", Pragma:"no-cache", Expires:"0", X-Frame-Options:"DENY"]
     Content type = application/json
             Body = {"id":4,"tenantId":1,"projectId":1,"status":"PENDING","createdAt":"2026-05-21T01:43:31.81322","updatedAt":"2026-05-21T01:43:31.81322","correlationId":"cb4491a5-4fb9-4442-becc-ef85b2d5e42f","errorMessage":null}
    Forwarded URL = null
   Redirected URL = null
          Cookies = []
2026-05-21T01:43:41.943+03:00 level=DEBUG app=workhub corr=na method=na path=na logger=org.hibernate.SQL msg="
    select
        pm1_0.id,
        pm1_0.attempt_count,
        pm1_0.correlation_id,
        pm1_0.event_id,
        pm1_0.first_received_at,
        pm1_0.job_id,
        pm1_0.last_error,
        pm1_0.processed_at,
        pm1_0.project_id,
        pm1_0.status,
        pm1_0.tenant_id,
        pm1_0.updated_at,
        pm1_0.version 
    from
        processed_messages pm1_0"
2026-05-21T01:43:41.944+03:00 level=DEBUG app=workhub corr=na method=na path=na logger=org.hibernate.SQL msg="
    select
        j1_0.id,
        j1_0.correlation_id,
        j1_0.created_at,
        j1_0.error_message,
        j1_0.project_id,
        j1_0.status,
        j1_0.tenant_id,
        j1_0.updated_at 
    from
        jobs j1_0"
2026-05-21T01:43:41.945+03:00 level=DEBUG app=workhub corr=na method=na path=na logger=org.hibernate.SQL msg="
    select
        p1_0.id,
        p1_0.created_at,
        p1_0.created_by_id,
        p1_0.description,
        p1_0.end_date,
        p1_0.name,
        p1_0.project_key,
        p1_0.start_date,
        p1_0.status,
        p1_0.tenant_id,
        p1_0.updated_at,
        p1_0.version 
    from
        projects p1_0 
    where
        p1_0.id=?"
2026-05-21T01:43:41.945+03:00 level=DEBUG app=workhub corr=na method=na path=na logger=org.hibernate.SQL msg="
    select
        t1_0.id,
        t1_0.created_at,
        t1_0.name,
        t1_0.plan,
        t1_0.status,
        t1_0.updated_at,
        t1_0.version 
    from
        tenants t1_0 
    where
        t1_0.id=?"
2026-05-21T01:43:41.946+03:00 level=DEBUG app=workhub corr=na method=na path=na logger=org.hibernate.SQL msg="
    delete 
    from
        jobs 
    where
        id=?"
2026-05-21T01:43:41.947+03:00 level=DEBUG app=workhub corr=na method=na path=na logger=org.hibernate.SQL msg="
    select
        t1_0.id,
        t1_0.created_at,
        t1_0.name,
        t1_0.plan,
        t1_0.status,
        t1_0.updated_at,
        t1_0.version 
    from
        tenants t1_0 
    where
        t1_0.id=?"
2026-05-21T01:43:41.949+03:00 level=DEBUG app=workhub corr=na method=na path=na logger=org.hibernate.SQL msg="
    select
        u1_0.id,
        u1_0.created_at,
        u1_0.email,
        u1_0.first_name,
        u1_0.last_login_at,
        u1_0.last_name,
        u1_0.password,
        u1_0.role,
        u1_0.status,
        u1_0.tenant_id,
        u1_0.updated_at,
        u1_0.version 
    from
        users u1_0 
    where
        u1_0.email=?"
2026-05-21T01:43:41.950+03:00 level=DEBUG app=workhub corr=na method=na path=na logger=org.hibernate.SQL msg="
    select
        p1_0.id,
        p1_0.created_at,
        p1_0.created_by_id,
        p1_0.description,
        p1_0.end_date,
        p1_0.name,
        p1_0.project_key,
        p1_0.start_date,
        p1_0.status,
        p1_0.tenant_id,
        p1_0.updated_at,
        p1_0.version 
    from
        projects p1_0 
    where
        p1_0.tenant_id=? 
        and p1_0.project_key=?"
2026-05-21T01:43:41.952+03:00 level=DEBUG app=workhub corr=na method=na path=na logger=org.hibernate.SQL msg="
    select
        t1_0.id,
        t1_0.actual_hours,
        t1_0.assigned_to_id,
        t1_0.completed_at,
        t1_0.created_at,
        t1_0.description,
        t1_0.due_date,
        t1_0.estimated_hours,
        t1_0.priority,
        t1_0.project_id,
        t1_0.status,
        t1_0.tenant_id,
        t1_0.title,
        t1_0.updated_at,
        t1_0.version 
    from
        tasks t1_0 
    where
        t1_0.tenant_id=? 
        and lower(t1_0.title) like lower(('%'||?||'%')) escape ''"
2026-05-21T01:43:41.955+03:00 level=DEBUG app=workhub corr=na method=na path=na logger=org.hibernate.SQL msg="
    select
        t1_0.id,
        t1_0.created_at,
        t1_0.name,
        t1_0.plan,
        t1_0.status,
        t1_0.updated_at,
        t1_0.version 
    from
        tenants t1_0 
    where
        upper(t1_0.name)=upper(?)"
2026-05-21T01:43:41.956+03:00 level=DEBUG app=workhub corr=na method=na path=na logger=org.hibernate.SQL msg="
    select
        u1_0.id,
        u1_0.created_at,
        u1_0.email,
        u1_0.first_name,
        u1_0.last_login_at,
        u1_0.last_name,
        u1_0.password,
        u1_0.role,
        u1_0.status,
        u1_0.tenant_id,
        u1_0.updated_at,
        u1_0.version 
    from
        users u1_0 
    where
        u1_0.email=?"
2026-05-21T01:43:41.958+03:00 level=DEBUG app=workhub corr=na method=na path=na logger=org.hibernate.SQL msg="
    select
        u1_0.id,
        u1_0.created_at,
        u1_0.email,
        u1_0.first_name,
        u1_0.last_login_at,
        u1_0.last_name,
        u1_0.password,
        u1_0.role,
        u1_0.status,
        u1_0.tenant_id,
        u1_0.updated_at,
        u1_0.version 
    from
        users u1_0 
    where
        u1_0.email=?"
2026-05-21T01:43:41.958+03:00 level=DEBUG app=workhub corr=na method=na path=na logger=org.hibernate.SQL msg="
    select
        p1_0.id,
        p1_0.created_at,
        p1_0.created_by_id,
        p1_0.description,
        p1_0.end_date,
        p1_0.name,
        p1_0.project_key,
        p1_0.start_date,
        p1_0.status,
        p1_0.tenant_id,
        p1_0.updated_at,
        p1_0.version 
    from
        projects p1_0 
    where
        p1_0.tenant_id=? 
        and p1_0.project_key=?"
2026-05-21T01:43:41.960+03:00 level=INFO  app=workhub corr=997471f1-9432-431a-bc35-be1faec17c07 method=POST path=/api/auth/login logger=c.w.security.RequestTracingFilter msg="request-start"
2026-05-21T01:43:41.961+03:00 level=DEBUG app=workhub corr=997471f1-9432-431a-bc35-be1faec17c07 method=POST path=/api/auth/login logger=o.s.security.web.FilterChainProxy msg="Securing POST /api/auth/login"
2026-05-21T01:43:41.961+03:00 level=DEBUG app=workhub corr=997471f1-9432-431a-bc35-be1faec17c07 method=POST path=/api/auth/login logger=o.s.s.w.a.AnonymousAuthenticationFilter msg="Set SecurityContextHolder to anonymous SecurityContext"
2026-05-21T01:43:41.961+03:00 level=DEBUG app=workhub corr=997471f1-9432-431a-bc35-be1faec17c07 method=POST path=/api/auth/login logger=o.s.security.web.FilterChainProxy msg="Secured POST /api/auth/login"
2026-05-21T01:43:41.962+03:00 level=INFO  app=workhub corr=997471f1-9432-431a-bc35-be1faec17c07 method=POST path=/api/auth/login logger=c.workhub.controller.AuthController msg="Login attempt for email: phase2.admin@demo.com"
2026-05-21T01:43:41.963+03:00 level=DEBUG app=workhub corr=997471f1-9432-431a-bc35-be1faec17c07 method=POST path=/api/auth/login logger=org.hibernate.SQL msg="
    select
        u1_0.id,
        u1_0.created_at,
        u1_0.email,
        u1_0.first_name,
        u1_0.last_login_at,
        u1_0.last_name,
        u1_0.password,
        u1_0.role,
        u1_0.status,
        u1_0.tenant_id,
        u1_0.updated_at,
        u1_0.version 
    from
        users u1_0 
    where
        u1_0.email=?"
2026-05-21T01:43:42.026+03:00 level=DEBUG app=workhub corr=997471f1-9432-431a-bc35-be1faec17c07 method=POST path=/api/auth/login logger=o.s.s.a.d.DaoAuthenticationProvider msg="Authenticated user"
2026-05-21T01:43:42.027+03:00 level=DEBUG app=workhub corr=997471f1-9432-431a-bc35-be1faec17c07 method=POST path=/api/auth/login logger=org.hibernate.SQL msg="
    select
        u1_0.id,
        u1_0.created_at,
        u1_0.email,
        u1_0.first_name,
        u1_0.last_login_at,
        u1_0.last_name,
        u1_0.password,
        u1_0.role,
        u1_0.status,
        u1_0.tenant_id,
        u1_0.updated_at,
        u1_0.version 
    from
        users u1_0 
    where
        u1_0.id=? 
        and u1_0.tenant_id=?"
2026-05-21T01:43:42.029+03:00 level=DEBUG app=workhub corr=997471f1-9432-431a-bc35-be1faec17c07 method=POST path=/api/auth/login logger=org.hibernate.SQL msg="
    update
        users 
    set
        email=?,
        first_name=?,
        last_login_at=?,
        last_name=?,
        password=?,
        role=?,
        status=?,
        tenant_id=?,
        updated_at=?,
        version=? 
    where
        id=? 
        and version=?"
2026-05-21T01:43:42.032+03:00 level=INFO  app=workhub corr=997471f1-9432-431a-bc35-be1faec17c07 method=POST path=/api/auth/login logger=c.workhub.controller.AuthController msg="Login successful for user: phase2.admin@demo.com (tenant: 2)"
2026-05-21T01:43:42.032+03:00 level=INFO  app=workhub corr=997471f1-9432-431a-bc35-be1faec17c07 method=POST path=/api/auth/login logger=c.w.security.RequestTracingFilter msg="request-end status=200 durationMs=72"
2026-05-21T01:43:42.033+03:00 level=INFO  app=workhub corr=070bf27d-3a52-4f23-8082-7a22657c555b method=POST path=/api/auth/login logger=c.w.security.RequestTracingFilter msg="request-start"
2026-05-21T01:43:42.033+03:00 level=DEBUG app=workhub corr=070bf27d-3a52-4f23-8082-7a22657c555b method=POST path=/api/auth/login logger=o.s.security.web.FilterChainProxy msg="Securing POST /api/auth/login"
2026-05-21T01:43:42.033+03:00 level=DEBUG app=workhub corr=070bf27d-3a52-4f23-8082-7a22657c555b method=POST path=/api/auth/login logger=o.s.s.w.a.AnonymousAuthenticationFilter msg="Set SecurityContextHolder to anonymous SecurityContext"
2026-05-21T01:43:42.033+03:00 level=DEBUG app=workhub corr=070bf27d-3a52-4f23-8082-7a22657c555b method=POST path=/api/auth/login logger=o.s.security.web.FilterChainProxy msg="Secured POST /api/auth/login"
2026-05-21T01:43:42.034+03:00 level=INFO  app=workhub corr=070bf27d-3a52-4f23-8082-7a22657c555b method=POST path=/api/auth/login logger=c.workhub.controller.AuthController msg="Login attempt for email: phase2.user@demo.com"
2026-05-21T01:43:42.035+03:00 level=DEBUG app=workhub corr=070bf27d-3a52-4f23-8082-7a22657c555b method=POST path=/api/auth/login logger=org.hibernate.SQL msg="
    select
        u1_0.id,
        u1_0.created_at,
        u1_0.email,
        u1_0.first_name,
        u1_0.last_login_at,
        u1_0.last_name,
        u1_0.password,
        u1_0.role,
        u1_0.status,
        u1_0.tenant_id,
        u1_0.updated_at,
        u1_0.version 
    from
        users u1_0 
    where
        u1_0.email=?"
2026-05-21T01:43:42.096+03:00 level=DEBUG app=workhub corr=070bf27d-3a52-4f23-8082-7a22657c555b method=POST path=/api/auth/login logger=o.s.s.a.d.DaoAuthenticationProvider msg="Authenticated user"
2026-05-21T01:43:42.097+03:00 level=DEBUG app=workhub corr=070bf27d-3a52-4f23-8082-7a22657c555b method=POST path=/api/auth/login logger=org.hibernate.SQL msg="
    select
        u1_0.id,
        u1_0.created_at,
        u1_0.email,
        u1_0.first_name,
        u1_0.last_login_at,
        u1_0.last_name,
        u1_0.password,
        u1_0.role,
        u1_0.status,
        u1_0.tenant_id,
        u1_0.updated_at,
        u1_0.version 
    from
        users u1_0 
    where
        u1_0.id=? 
        and u1_0.tenant_id=?"
2026-05-21T01:43:42.098+03:00 level=DEBUG app=workhub corr=070bf27d-3a52-4f23-8082-7a22657c555b method=POST path=/api/auth/login logger=org.hibernate.SQL msg="
    update
        users 
    set
        email=?,
        first_name=?,
        last_login_at=?,
        last_name=?,
        password=?,
        role=?,
        status=?,
        tenant_id=?,
        updated_at=?,
        version=? 
    where
        id=? 
        and version=?"
2026-05-21T01:43:42.101+03:00 level=INFO  app=workhub corr=070bf27d-3a52-4f23-8082-7a22657c555b method=POST path=/api/auth/login logger=c.workhub.controller.AuthController msg="Login successful for user: phase2.user@demo.com (tenant: 2)"
2026-05-21T01:43:42.102+03:00 level=INFO  app=workhub corr=070bf27d-3a52-4f23-8082-7a22657c555b method=POST path=/api/auth/login logger=c.w.security.RequestTracingFilter msg="request-end status=200 durationMs=68"
2026-05-21T01:43:42.102+03:00 level=INFO  app=workhub corr=61fc40c1-c15b-4ba2-abed-ca03c2190060 method=POST path=/api/auth/login logger=c.w.security.RequestTracingFilter msg="request-start"
2026-05-21T01:43:42.103+03:00 level=DEBUG app=workhub corr=61fc40c1-c15b-4ba2-abed-ca03c2190060 method=POST path=/api/auth/login logger=o.s.security.web.FilterChainProxy msg="Securing POST /api/auth/login"
2026-05-21T01:43:42.103+03:00 level=DEBUG app=workhub corr=61fc40c1-c15b-4ba2-abed-ca03c2190060 method=POST path=/api/auth/login logger=o.s.s.w.a.AnonymousAuthenticationFilter msg="Set SecurityContextHolder to anonymous SecurityContext"
2026-05-21T01:43:42.103+03:00 level=DEBUG app=workhub corr=61fc40c1-c15b-4ba2-abed-ca03c2190060 method=POST path=/api/auth/login logger=o.s.security.web.FilterChainProxy msg="Secured POST /api/auth/login"
2026-05-21T01:43:42.104+03:00 level=INFO  app=workhub corr=61fc40c1-c15b-4ba2-abed-ca03c2190060 method=POST path=/api/auth/login logger=c.workhub.controller.AuthController msg="Login attempt for email: admin@demo.com"
2026-05-21T01:43:42.105+03:00 level=DEBUG app=workhub corr=61fc40c1-c15b-4ba2-abed-ca03c2190060 method=POST path=/api/auth/login logger=org.hibernate.SQL msg="
    select
        u1_0.id,
        u1_0.created_at,
        u1_0.email,
        u1_0.first_name,
        u1_0.last_login_at,
        u1_0.last_name,
        u1_0.password,
        u1_0.role,
        u1_0.status,
        u1_0.tenant_id,
        u1_0.updated_at,
        u1_0.version 
    from
        users u1_0 
    where
        u1_0.email=?"
2026-05-21T01:43:42.217+03:00 level=DEBUG app=workhub corr=61fc40c1-c15b-4ba2-abed-ca03c2190060 method=POST path=/api/auth/login logger=o.s.s.a.d.DaoAuthenticationProvider msg="Authenticated user"
2026-05-21T01:43:42.219+03:00 level=DEBUG app=workhub corr=61fc40c1-c15b-4ba2-abed-ca03c2190060 method=POST path=/api/auth/login logger=org.hibernate.SQL msg="
    select
        u1_0.id,
        u1_0.created_at,
        u1_0.email,
        u1_0.first_name,
        u1_0.last_login_at,
        u1_0.last_name,
        u1_0.password,
        u1_0.role,
        u1_0.status,
        u1_0.tenant_id,
        u1_0.updated_at,
        u1_0.version 
    from
        users u1_0 
    where
        u1_0.id=? 
        and u1_0.tenant_id=?"
2026-05-21T01:43:42.222+03:00 level=DEBUG app=workhub corr=61fc40c1-c15b-4ba2-abed-ca03c2190060 method=POST path=/api/auth/login logger=org.hibernate.SQL msg="
    update
        users 
    set
        email=?,
        first_name=?,
        last_login_at=?,
        last_name=?,
        password=?,
        role=?,
        status=?,
        tenant_id=?,
        updated_at=?,
        version=? 
    where
        id=? 
        and version=?"
2026-05-21T01:43:42.231+03:00 level=INFO  app=workhub corr=61fc40c1-c15b-4ba2-abed-ca03c2190060 method=POST path=/api/auth/login logger=c.workhub.controller.AuthController msg="Login successful for user: admin@demo.com (tenant: 1)"
2026-05-21T01:43:42.233+03:00 level=INFO  app=workhub corr=61fc40c1-c15b-4ba2-abed-ca03c2190060 method=POST path=/api/auth/login logger=c.w.security.RequestTracingFilter msg="request-end status=200 durationMs=130"
2026-05-21T01:43:42.236+03:00 level=INFO  app=workhub corr=23b73274-5883-437a-81cf-59b9d79eb1da method=GET path=/api/projects logger=c.w.security.RequestTracingFilter msg="request-start"
2026-05-21T01:43:42.237+03:00 level=DEBUG app=workhub corr=23b73274-5883-437a-81cf-59b9d79eb1da method=GET path=/api/projects logger=o.s.security.web.FilterChainProxy msg="Securing GET /api/projects"
2026-05-21T01:43:42.245+03:00 level=DEBUG app=workhub corr=23b73274-5883-437a-81cf-59b9d79eb1da method=GET path=/api/projects logger=org.hibernate.SQL msg="
    select
        u1_0.id,
        u1_0.created_at,
        u1_0.email,
        u1_0.first_name,
        u1_0.last_login_at,
        u1_0.last_name,
        u1_0.password,
        u1_0.role,
        u1_0.status,
        u1_0.tenant_id,
        u1_0.updated_at,
        u1_0.version 
    from
        users u1_0 
    where
        u1_0.email=?"
2026-05-21T01:43:42.250+03:00 level=DEBUG app=workhub corr=23b73274-5883-437a-81cf-59b9d79eb1da method=GET path=/api/projects logger=o.s.security.web.FilterChainProxy msg="Secured GET /api/projects"
2026-05-21T01:43:42.251+03:00 level=DEBUG app=workhub corr=23b73274-5883-437a-81cf-59b9d79eb1da method=GET path=/api/projects logger=o.s.s.a.m.AuthorizationManagerBeforeMethodInterceptor msg="Authorizing method invocation ReflectiveMethodInvocation: public org.springframework.http.ResponseEntity com.workhub.controller.ProjectController.getAllProjects(); target is of class [com.workhub.controller.ProjectController]"
2026-05-21T01:43:42.252+03:00 level=DEBUG app=workhub corr=23b73274-5883-437a-81cf-59b9d79eb1da method=GET path=/api/projects logger=o.s.s.a.m.AuthorizationManagerBeforeMethodInterceptor msg="Authorized method invocation ReflectiveMethodInvocation: public org.springframework.http.ResponseEntity com.workhub.controller.ProjectController.getAllProjects(); target is of class [com.workhub.controller.ProjectController]"
2026-05-21T01:43:42.255+03:00 level=DEBUG app=workhub corr=23b73274-5883-437a-81cf-59b9d79eb1da method=GET path=/api/projects logger=org.hibernate.SQL msg="
    select
        distinct p1_0.id,
        p1_0.created_at,
        p1_0.created_by_id,
        cb1_0.id,
        cb1_0.created_at,
        cb1_0.email,
        cb1_0.first_name,
        cb1_0.last_login_at,
        cb1_0.last_name,
        cb1_0.password,
        cb1_0.role,
        cb1_0.status,
        cb1_0.tenant_id,
        cb1_0.updated_at,
        cb1_0.version,
        p1_0.description,
        p1_0.end_date,
        p1_0.name,
        p1_0.project_key,
        p1_0.start_date,
        p1_0.status,
        t2_0.project_id,
        t2_0.id,
        t2_0.actual_hours,
        t2_0.assigned_to_id,
        t2_0.completed_at,
        t2_0.created_at,
        t2_0.description,
        t2_0.due_date,
        t2_0.estimated_hours,
        t2_0.priority,
        t2_0.status,
        t2_0.tenant_id,
        t2_0.title,
        t2_0.updated_at,
        t2_0.version,
        p1_0.tenant_id,
        t1_0.id,
        t1_0.created_at,
        t1_0.name,
        t1_0.plan,
        t1_0.status,
        t1_0.updated_at,
        t1_0.version,
        p1_0.updated_at,
        p1_0.version 
    from
        projects p1_0 
    join
        tenants t1_0 
            on t1_0.id=p1_0.tenant_id 
    join
        users cb1_0 
            on cb1_0.id=p1_0.created_by_id 
    left join
        tasks t2_0 
            on p1_0.id=t2_0.project_id 
    where
        p1_0.tenant_id=?"
2026-05-21T01:43:42.266+03:00 level=INFO  app=workhub corr=23b73274-5883-437a-81cf-59b9d79eb1da method=GET path=/api/projects logger=c.w.security.RequestTracingFilter msg="request-end status=200 durationMs=31"
2026-05-21T01:43:42.283+03:00 level=DEBUG app=workhub corr=na method=na path=na logger=org.hibernate.SQL msg="
    select
        pm1_0.id,
        pm1_0.attempt_count,
        pm1_0.correlation_id,
        pm1_0.event_id,
        pm1_0.first_received_at,
        pm1_0.job_id,
        pm1_0.last_error,
        pm1_0.processed_at,
        pm1_0.project_id,
        pm1_0.status,
        pm1_0.tenant_id,
        pm1_0.updated_at,
        pm1_0.version 
    from
        processed_messages pm1_0"
2026-05-21T01:43:42.284+03:00 level=DEBUG app=workhub corr=na method=na path=na logger=org.hibernate.SQL msg="
    select
        j1_0.id,
        j1_0.correlation_id,
        j1_0.created_at,
        j1_0.error_message,
        j1_0.project_id,
        j1_0.status,
        j1_0.tenant_id,
        j1_0.updated_at 
    from
        jobs j1_0"
2026-05-21T01:43:42.286+03:00 level=DEBUG app=workhub corr=na method=na path=na logger=org.hibernate.SQL msg="
    select
        t1_0.id,
        t1_0.created_at,
        t1_0.name,
        t1_0.plan,
        t1_0.status,
        t1_0.updated_at,
        t1_0.version 
    from
        tenants t1_0 
    where
        t1_0.id=?"
2026-05-21T01:43:42.288+03:00 level=DEBUG app=workhub corr=na method=na path=na logger=org.hibernate.SQL msg="
    select
        u1_0.id,
        u1_0.created_at,
        u1_0.email,
        u1_0.first_name,
        u1_0.last_login_at,
        u1_0.last_name,
        u1_0.password,
        u1_0.role,
        u1_0.status,
        u1_0.tenant_id,
        u1_0.updated_at,
        u1_0.version 
    from
        users u1_0 
    where
        u1_0.email=?"
2026-05-21T01:43:42.289+03:00 level=DEBUG app=workhub corr=na method=na path=na logger=org.hibernate.SQL msg="
    select
        p1_0.id,
        p1_0.created_at,
        p1_0.created_by_id,
        p1_0.description,
        p1_0.end_date,
        p1_0.name,
        p1_0.project_key,
        p1_0.start_date,
        p1_0.status,
        p1_0.tenant_id,
        p1_0.updated_at,
        p1_0.version 
    from
        projects p1_0 
    where
        p1_0.tenant_id=? 
        and p1_0.project_key=?"
2026-05-21T01:43:42.292+03:00 level=DEBUG app=workhub corr=na method=na path=na logger=org.hibernate.SQL msg="
    select
        t1_0.id,
        t1_0.actual_hours,
        t1_0.assigned_to_id,
        t1_0.completed_at,
        t1_0.created_at,
        t1_0.description,
        t1_0.due_date,
        t1_0.estimated_hours,
        t1_0.priority,
        t1_0.project_id,
        t1_0.status,
        t1_0.tenant_id,
        t1_0.title,
        t1_0.updated_at,
        t1_0.version 
    from
        tasks t1_0 
    where
        t1_0.tenant_id=? 
        and lower(t1_0.title) like lower(('%'||?||'%')) escape ''"
2026-05-21T01:43:42.294+03:00 level=DEBUG app=workhub corr=na method=na path=na logger=org.hibernate.SQL msg="
    select
        t1_0.id,
        t1_0.created_at,
        t1_0.name,
        t1_0.plan,
        t1_0.status,
        t1_0.updated_at,
        t1_0.version 
    from
        tenants t1_0 
    where
        upper(t1_0.name)=upper(?)"
2026-05-21T01:43:42.296+03:00 level=DEBUG app=workhub corr=na method=na path=na logger=org.hibernate.SQL msg="
    select
        u1_0.id,
        u1_0.created_at,
        u1_0.email,
        u1_0.first_name,
        u1_0.last_login_at,
        u1_0.last_name,
        u1_0.password,
        u1_0.role,
        u1_0.status,
        u1_0.tenant_id,
        u1_0.updated_at,
        u1_0.version 
    from
        users u1_0 
    where
        u1_0.email=?"
2026-05-21T01:43:42.297+03:00 level=DEBUG app=workhub corr=na method=na path=na logger=org.hibernate.SQL msg="
    select
        u1_0.id,
        u1_0.created_at,
        u1_0.email,
        u1_0.first_name,
        u1_0.last_login_at,
        u1_0.last_name,
        u1_0.password,
        u1_0.role,
        u1_0.status,
        u1_0.tenant_id,
        u1_0.updated_at,
        u1_0.version 
    from
        users u1_0 
    where
        u1_0.email=?"
2026-05-21T01:43:42.299+03:00 level=DEBUG app=workhub corr=na method=na path=na logger=org.hibernate.SQL msg="
    select
        p1_0.id,
        p1_0.created_at,
        p1_0.created_by_id,
        p1_0.description,
        p1_0.end_date,
        p1_0.name,
        p1_0.project_key,
        p1_0.start_date,
        p1_0.status,
        p1_0.tenant_id,
        p1_0.updated_at,
        p1_0.version 
    from
        projects p1_0 
    where
        p1_0.tenant_id=? 
        and p1_0.project_key=?"
2026-05-21T01:43:42.301+03:00 level=INFO  app=workhub corr=c261989d-9fb3-4e6d-9240-a72a09fc0f07 method=POST path=/api/auth/login logger=c.w.security.RequestTracingFilter msg="request-start"
2026-05-21T01:43:42.301+03:00 level=DEBUG app=workhub corr=c261989d-9fb3-4e6d-9240-a72a09fc0f07 method=POST path=/api/auth/login logger=o.s.security.web.FilterChainProxy msg="Securing POST /api/auth/login"
2026-05-21T01:43:42.301+03:00 level=DEBUG app=workhub corr=c261989d-9fb3-4e6d-9240-a72a09fc0f07 method=POST path=/api/auth/login logger=o.s.s.w.a.AnonymousAuthenticationFilter msg="Set SecurityContextHolder to anonymous SecurityContext"
2026-05-21T01:43:42.301+03:00 level=DEBUG app=workhub corr=c261989d-9fb3-4e6d-9240-a72a09fc0f07 method=POST path=/api/auth/login logger=o.s.security.web.FilterChainProxy msg="Secured POST /api/auth/login"
2026-05-21T01:43:42.302+03:00 level=INFO  app=workhub corr=c261989d-9fb3-4e6d-9240-a72a09fc0f07 method=POST path=/api/auth/login logger=c.workhub.controller.AuthController msg="Login attempt for email: phase2.admin@demo.com"
2026-05-21T01:43:42.304+03:00 level=DEBUG app=workhub corr=c261989d-9fb3-4e6d-9240-a72a09fc0f07 method=POST path=/api/auth/login logger=org.hibernate.SQL msg="
    select
        u1_0.id,
        u1_0.created_at,
        u1_0.email,
        u1_0.first_name,
        u1_0.last_login_at,
        u1_0.last_name,
        u1_0.password,
        u1_0.role,
        u1_0.status,
        u1_0.tenant_id,
        u1_0.updated_at,
        u1_0.version 
    from
        users u1_0 
    where
        u1_0.email=?"
2026-05-21T01:43:42.372+03:00 level=DEBUG app=workhub corr=c261989d-9fb3-4e6d-9240-a72a09fc0f07 method=POST path=/api/auth/login logger=o.s.s.a.d.DaoAuthenticationProvider msg="Authenticated user"
2026-05-21T01:43:42.374+03:00 level=DEBUG app=workhub corr=c261989d-9fb3-4e6d-9240-a72a09fc0f07 method=POST path=/api/auth/login logger=org.hibernate.SQL msg="
    select
        u1_0.id,
        u1_0.created_at,
        u1_0.email,
        u1_0.first_name,
        u1_0.last_login_at,
        u1_0.last_name,
        u1_0.password,
        u1_0.role,
        u1_0.status,
        u1_0.tenant_id,
        u1_0.updated_at,
        u1_0.version 
    from
        users u1_0 
    where
        u1_0.id=? 
        and u1_0.tenant_id=?"
2026-05-21T01:43:42.375+03:00 level=DEBUG app=workhub corr=c261989d-9fb3-4e6d-9240-a72a09fc0f07 method=POST path=/api/auth/login logger=org.hibernate.SQL msg="
    update
        users 
    set
        email=?,
        first_name=?,
        last_login_at=?,
        last_name=?,
        password=?,
        role=?,
        status=?,
        tenant_id=?,
        updated_at=?,
        version=? 
    where
        id=? 
        and version=?"
2026-05-21T01:43:42.377+03:00 level=INFO  app=workhub corr=c261989d-9fb3-4e6d-9240-a72a09fc0f07 method=POST path=/api/auth/login logger=c.workhub.controller.AuthController msg="Login successful for user: phase2.admin@demo.com (tenant: 2)"
2026-05-21T01:43:42.378+03:00 level=INFO  app=workhub corr=c261989d-9fb3-4e6d-9240-a72a09fc0f07 method=POST path=/api/auth/login logger=c.w.security.RequestTracingFilter msg="request-end status=200 durationMs=77"
2026-05-21T01:43:42.379+03:00 level=INFO  app=workhub corr=c6cfd97d-557a-4adb-8377-bd561b8137ed method=POST path=/api/auth/login logger=c.w.security.RequestTracingFilter msg="request-start"
2026-05-21T01:43:42.379+03:00 level=DEBUG app=workhub corr=c6cfd97d-557a-4adb-8377-bd561b8137ed method=POST path=/api/auth/login logger=o.s.security.web.FilterChainProxy msg="Securing POST /api/auth/login"
2026-05-21T01:43:42.379+03:00 level=DEBUG app=workhub corr=c6cfd97d-557a-4adb-8377-bd561b8137ed method=POST path=/api/auth/login logger=o.s.s.w.a.AnonymousAuthenticationFilter msg="Set SecurityContextHolder to anonymous SecurityContext"
2026-05-21T01:43:42.379+03:00 level=DEBUG app=workhub corr=c6cfd97d-557a-4adb-8377-bd561b8137ed method=POST path=/api/auth/login logger=o.s.security.web.FilterChainProxy msg="Secured POST /api/auth/login"
2026-05-21T01:43:42.380+03:00 level=INFO  app=workhub corr=c6cfd97d-557a-4adb-8377-bd561b8137ed method=POST path=/api/auth/login logger=c.workhub.controller.AuthController msg="Login attempt for email: phase2.user@demo.com"
2026-05-21T01:43:42.381+03:00 level=DEBUG app=workhub corr=c6cfd97d-557a-4adb-8377-bd561b8137ed method=POST path=/api/auth/login logger=org.hibernate.SQL msg="
    select
        u1_0.id,
        u1_0.created_at,
        u1_0.email,
        u1_0.first_name,
        u1_0.last_login_at,
        u1_0.last_name,
        u1_0.password,
        u1_0.role,
        u1_0.status,
        u1_0.tenant_id,
        u1_0.updated_at,
        u1_0.version 
    from
        users u1_0 
    where
        u1_0.email=?"
2026-05-21T01:43:42.444+03:00 level=DEBUG app=workhub corr=c6cfd97d-557a-4adb-8377-bd561b8137ed method=POST path=/api/auth/login logger=o.s.s.a.d.DaoAuthenticationProvider msg="Authenticated user"
2026-05-21T01:43:42.445+03:00 level=DEBUG app=workhub corr=c6cfd97d-557a-4adb-8377-bd561b8137ed method=POST path=/api/auth/login logger=org.hibernate.SQL msg="
    select
        u1_0.id,
        u1_0.created_at,
        u1_0.email,
        u1_0.first_name,
        u1_0.last_login_at,
        u1_0.last_name,
        u1_0.password,
        u1_0.role,
        u1_0.status,
        u1_0.tenant_id,
        u1_0.updated_at,
        u1_0.version 
    from
        users u1_0 
    where
        u1_0.id=? 
        and u1_0.tenant_id=?"
2026-05-21T01:43:42.447+03:00 level=DEBUG app=workhub corr=c6cfd97d-557a-4adb-8377-bd561b8137ed method=POST path=/api/auth/login logger=org.hibernate.SQL msg="
    update
        users 
    set
        email=?,
        first_name=?,
        last_login_at=?,
        last_name=?,
        password=?,
        role=?,
        status=?,
        tenant_id=?,
        updated_at=?,
        version=? 
    where
        id=? 
        and version=?"
2026-05-21T01:43:42.448+03:00 level=INFO  app=workhub corr=c6cfd97d-557a-4adb-8377-bd561b8137ed method=POST path=/api/auth/login logger=c.workhub.controller.AuthController msg="Login successful for user: phase2.user@demo.com (tenant: 2)"
2026-05-21T01:43:42.449+03:00 level=INFO  app=workhub corr=c6cfd97d-557a-4adb-8377-bd561b8137ed method=POST path=/api/auth/login logger=c.w.security.RequestTracingFilter msg="request-end status=200 durationMs=70"
2026-05-21T01:43:42.450+03:00 level=INFO  app=workhub corr=37f24c0c-ee42-46f9-ac4e-a4ac06fe40a0 method=POST path=/api/auth/login logger=c.w.security.RequestTracingFilter msg="request-start"
2026-05-21T01:43:42.450+03:00 level=DEBUG app=workhub corr=37f24c0c-ee42-46f9-ac4e-a4ac06fe40a0 method=POST path=/api/auth/login logger=o.s.security.web.FilterChainProxy msg="Securing POST /api/auth/login"
2026-05-21T01:43:42.450+03:00 level=DEBUG app=workhub corr=37f24c0c-ee42-46f9-ac4e-a4ac06fe40a0 method=POST path=/api/auth/login logger=o.s.s.w.a.AnonymousAuthenticationFilter msg="Set SecurityContextHolder to anonymous SecurityContext"
2026-05-21T01:43:42.451+03:00 level=DEBUG app=workhub corr=37f24c0c-ee42-46f9-ac4e-a4ac06fe40a0 method=POST path=/api/auth/login logger=o.s.security.web.FilterChainProxy msg="Secured POST /api/auth/login"
2026-05-21T01:43:42.452+03:00 level=INFO  app=workhub corr=37f24c0c-ee42-46f9-ac4e-a4ac06fe40a0 method=POST path=/api/auth/login logger=c.workhub.controller.AuthController msg="Login attempt for email: admin@demo.com"
2026-05-21T01:43:42.454+03:00 level=DEBUG app=workhub corr=37f24c0c-ee42-46f9-ac4e-a4ac06fe40a0 method=POST path=/api/auth/login logger=org.hibernate.SQL msg="
    select
        u1_0.id,
        u1_0.created_at,
        u1_0.email,
        u1_0.first_name,
        u1_0.last_login_at,
        u1_0.last_name,
        u1_0.password,
        u1_0.role,
        u1_0.status,
        u1_0.tenant_id,
        u1_0.updated_at,
        u1_0.version 
    from
        users u1_0 
    where
        u1_0.email=?"
2026-05-21T01:43:42.514+03:00 level=DEBUG app=workhub corr=37f24c0c-ee42-46f9-ac4e-a4ac06fe40a0 method=POST path=/api/auth/login logger=o.s.s.a.d.DaoAuthenticationProvider msg="Authenticated user"
2026-05-21T01:43:42.516+03:00 level=DEBUG app=workhub corr=37f24c0c-ee42-46f9-ac4e-a4ac06fe40a0 method=POST path=/api/auth/login logger=org.hibernate.SQL msg="
    select
        u1_0.id,
        u1_0.created_at,
        u1_0.email,
        u1_0.first_name,
        u1_0.last_login_at,
        u1_0.last_name,
        u1_0.password,
        u1_0.role,
        u1_0.status,
        u1_0.tenant_id,
        u1_0.updated_at,
        u1_0.version 
    from
        users u1_0 
    where
        u1_0.id=? 
        and u1_0.tenant_id=?"
2026-05-21T01:43:42.518+03:00 level=DEBUG app=workhub corr=37f24c0c-ee42-46f9-ac4e-a4ac06fe40a0 method=POST path=/api/auth/login logger=org.hibernate.SQL msg="
    update
        users 
    set
        email=?,
        first_name=?,
        last_login_at=?,
        last_name=?,
        password=?,
        role=?,
        status=?,
        tenant_id=?,
        updated_at=?,
        version=? 
    where
        id=? 
        and version=?"
2026-05-21T01:43:42.519+03:00 level=INFO  app=workhub corr=37f24c0c-ee42-46f9-ac4e-a4ac06fe40a0 method=POST path=/api/auth/login logger=c.workhub.controller.AuthController msg="Login successful for user: admin@demo.com (tenant: 1)"
2026-05-21T01:43:42.520+03:00 level=INFO  app=workhub corr=37f24c0c-ee42-46f9-ac4e-a4ac06fe40a0 method=POST path=/api/auth/login logger=c.w.security.RequestTracingFilter msg="request-end status=200 durationMs=69"
2026-05-21T01:43:42.521+03:00 level=INFO  app=workhub corr=200c9bd6-64d9-4d80-948b-f8592b349658 method=POST path=/api/projects logger=c.w.security.RequestTracingFilter msg="request-start"
2026-05-21T01:43:42.521+03:00 level=DEBUG app=workhub corr=200c9bd6-64d9-4d80-948b-f8592b349658 method=POST path=/api/projects logger=o.s.security.web.FilterChainProxy msg="Securing POST /api/projects"
2026-05-21T01:43:42.522+03:00 level=DEBUG app=workhub corr=200c9bd6-64d9-4d80-948b-f8592b349658 method=POST path=/api/projects logger=o.s.s.w.a.AnonymousAuthenticationFilter msg="Set SecurityContextHolder to anonymous SecurityContext"
2026-05-21T01:43:42.527+03:00 level=INFO  app=workhub corr=200c9bd6-64d9-4d80-948b-f8592b349658 method=POST path=/api/projects logger=c.w.security.RequestTracingFilter msg="request-end status=401 durationMs=6"
2026-05-21T01:43:42.534+03:00 level=DEBUG app=workhub corr=na method=na path=na logger=org.hibernate.SQL msg="
    select
        pm1_0.id,
        pm1_0.attempt_count,
        pm1_0.correlation_id,
        pm1_0.event_id,
        pm1_0.first_received_at,
        pm1_0.job_id,
        pm1_0.last_error,
        pm1_0.processed_at,
        pm1_0.project_id,
        pm1_0.status,
        pm1_0.tenant_id,
        pm1_0.updated_at,
        pm1_0.version 
    from
        processed_messages pm1_0"
2026-05-21T01:43:42.536+03:00 level=DEBUG app=workhub corr=na method=na path=na logger=org.hibernate.SQL msg="
    select
        j1_0.id,
        j1_0.correlation_id,
        j1_0.created_at,
        j1_0.error_message,
        j1_0.project_id,
        j1_0.status,
        j1_0.tenant_id,
        j1_0.updated_at 
    from
        jobs j1_0"
2026-05-21T01:43:42.537+03:00 level=DEBUG app=workhub corr=na method=na path=na logger=org.hibernate.SQL msg="
    select
        t1_0.id,
        t1_0.created_at,
        t1_0.name,
        t1_0.plan,
        t1_0.status,
        t1_0.updated_at,
        t1_0.version 
    from
        tenants t1_0 
    where
        t1_0.id=?"
2026-05-21T01:43:42.538+03:00 level=DEBUG app=workhub corr=na method=na path=na logger=org.hibernate.SQL msg="
    select
        u1_0.id,
        u1_0.created_at,
        u1_0.email,
        u1_0.first_name,
        u1_0.last_login_at,
        u1_0.last_name,
        u1_0.password,
        u1_0.role,
        u1_0.status,
        u1_0.tenant_id,
        u1_0.updated_at,
        u1_0.version 
    from
        users u1_0 
    where
        u1_0.email=?"
2026-05-21T01:43:42.539+03:00 level=DEBUG app=workhub corr=na method=na path=na logger=org.hibernate.SQL msg="
    select
        p1_0.id,
        p1_0.created_at,
        p1_0.created_by_id,
        p1_0.description,
        p1_0.end_date,
        p1_0.name,
        p1_0.project_key,
        p1_0.start_date,
        p1_0.status,
        p1_0.tenant_id,
        p1_0.updated_at,
        p1_0.version 
    from
        projects p1_0 
    where
        p1_0.tenant_id=? 
        and p1_0.project_key=?"
2026-05-21T01:43:42.541+03:00 level=DEBUG app=workhub corr=na method=na path=na logger=org.hibernate.SQL msg="
    select
        t1_0.id,
        t1_0.actual_hours,
        t1_0.assigned_to_id,
        t1_0.completed_at,
        t1_0.created_at,
        t1_0.description,
        t1_0.due_date,
        t1_0.estimated_hours,
        t1_0.priority,
        t1_0.project_id,
        t1_0.status,
        t1_0.tenant_id,
        t1_0.title,
        t1_0.updated_at,
        t1_0.version 
    from
        tasks t1_0 
    where
        t1_0.tenant_id=? 
        and lower(t1_0.title) like lower(('%'||?||'%')) escape ''"
2026-05-21T01:43:42.543+03:00 level=DEBUG app=workhub corr=na method=na path=na logger=org.hibernate.SQL msg="
    select
        t1_0.id,
        t1_0.created_at,
        t1_0.name,
        t1_0.plan,
        t1_0.status,
        t1_0.updated_at,
        t1_0.version 
    from
        tenants t1_0 
    where
        upper(t1_0.name)=upper(?)"
2026-05-21T01:43:42.545+03:00 level=DEBUG app=workhub corr=na method=na path=na logger=org.hibernate.SQL msg="
    select
        u1_0.id,
        u1_0.created_at,
        u1_0.email,
        u1_0.first_name,
        u1_0.last_login_at,
        u1_0.last_name,
        u1_0.password,
        u1_0.role,
        u1_0.status,
        u1_0.tenant_id,
        u1_0.updated_at,
        u1_0.version 
    from
        users u1_0 
    where
        u1_0.email=?"
2026-05-21T01:43:42.546+03:00 level=DEBUG app=workhub corr=na method=na path=na logger=org.hibernate.SQL msg="
    select
        u1_0.id,
        u1_0.created_at,
        u1_0.email,
        u1_0.first_name,
        u1_0.last_login_at,
        u1_0.last_name,
        u1_0.password,
        u1_0.role,
        u1_0.status,
        u1_0.tenant_id,
        u1_0.updated_at,
        u1_0.version 
    from
        users u1_0 
    where
        u1_0.email=?"
2026-05-21T01:43:42.547+03:00 level=DEBUG app=workhub corr=na method=na path=na logger=org.hibernate.SQL msg="
    select
        p1_0.id,
        p1_0.created_at,
        p1_0.created_by_id,
        p1_0.description,
        p1_0.end_date,
        p1_0.name,
        p1_0.project_key,
        p1_0.start_date,
        p1_0.status,
        p1_0.tenant_id,
        p1_0.updated_at,
        p1_0.version 
    from
        projects p1_0 
    where
        p1_0.tenant_id=? 
        and p1_0.project_key=?"
2026-05-21T01:43:42.548+03:00 level=INFO  app=workhub corr=bd1a0c93-e8ea-4765-86b6-113eb7b83e41 method=POST path=/api/auth/login logger=c.w.security.RequestTracingFilter msg="request-start"
2026-05-21T01:43:42.548+03:00 level=DEBUG app=workhub corr=bd1a0c93-e8ea-4765-86b6-113eb7b83e41 method=POST path=/api/auth/login logger=o.s.security.web.FilterChainProxy msg="Securing POST /api/auth/login"
2026-05-21T01:43:42.548+03:00 level=DEBUG app=workhub corr=bd1a0c93-e8ea-4765-86b6-113eb7b83e41 method=POST path=/api/auth/login logger=o.s.s.w.a.AnonymousAuthenticationFilter msg="Set SecurityContextHolder to anonymous SecurityContext"
2026-05-21T01:43:42.548+03:00 level=DEBUG app=workhub corr=bd1a0c93-e8ea-4765-86b6-113eb7b83e41 method=POST path=/api/auth/login logger=o.s.security.web.FilterChainProxy msg="Secured POST /api/auth/login"
2026-05-21T01:43:42.549+03:00 level=INFO  app=workhub corr=bd1a0c93-e8ea-4765-86b6-113eb7b83e41 method=POST path=/api/auth/login logger=c.workhub.controller.AuthController msg="Login attempt for email: phase2.admin@demo.com"
2026-05-21T01:43:42.551+03:00 level=DEBUG app=workhub corr=bd1a0c93-e8ea-4765-86b6-113eb7b83e41 method=POST path=/api/auth/login logger=org.hibernate.SQL msg="
    select
        u1_0.id,
        u1_0.created_at,
        u1_0.email,
        u1_0.first_name,
        u1_0.last_login_at,
        u1_0.last_name,
        u1_0.password,
        u1_0.role,
        u1_0.status,
        u1_0.tenant_id,
        u1_0.updated_at,
        u1_0.version 
    from
        users u1_0 
    where
        u1_0.email=?"
2026-05-21T01:43:42.613+03:00 level=DEBUG app=workhub corr=bd1a0c93-e8ea-4765-86b6-113eb7b83e41 method=POST path=/api/auth/login logger=o.s.s.a.d.DaoAuthenticationProvider msg="Authenticated user"
2026-05-21T01:43:42.614+03:00 level=DEBUG app=workhub corr=bd1a0c93-e8ea-4765-86b6-113eb7b83e41 method=POST path=/api/auth/login logger=org.hibernate.SQL msg="
    select
        u1_0.id,
        u1_0.created_at,
        u1_0.email,
        u1_0.first_name,
        u1_0.last_login_at,
        u1_0.last_name,
        u1_0.password,
        u1_0.role,
        u1_0.status,
        u1_0.tenant_id,
        u1_0.updated_at,
        u1_0.version 
    from
        users u1_0 
    where
        u1_0.id=? 
        and u1_0.tenant_id=?"
2026-05-21T01:43:42.616+03:00 level=DEBUG app=workhub corr=bd1a0c93-e8ea-4765-86b6-113eb7b83e41 method=POST path=/api/auth/login logger=org.hibernate.SQL msg="
    update
        users 
    set
        email=?,
        first_name=?,
        last_login_at=?,
        last_name=?,
        password=?,
        role=?,
        status=?,
        tenant_id=?,
        updated_at=?,
        version=? 
    where
        id=? 
        and version=?"
2026-05-21T01:43:42.618+03:00 level=INFO  app=workhub corr=bd1a0c93-e8ea-4765-86b6-113eb7b83e41 method=POST path=/api/auth/login logger=c.workhub.controller.AuthController msg="Login successful for user: phase2.admin@demo.com (tenant: 2)"
2026-05-21T01:43:42.620+03:00 level=INFO  app=workhub corr=bd1a0c93-e8ea-4765-86b6-113eb7b83e41 method=POST path=/api/auth/login logger=c.w.security.RequestTracingFilter msg="request-end status=200 durationMs=72"
2026-05-21T01:43:42.621+03:00 level=INFO  app=workhub corr=5564575e-64b5-4f2a-a0e5-b589a86385a0 method=POST path=/api/auth/login logger=c.w.security.RequestTracingFilter msg="request-start"
2026-05-21T01:43:42.621+03:00 level=DEBUG app=workhub corr=5564575e-64b5-4f2a-a0e5-b589a86385a0 method=POST path=/api/auth/login logger=o.s.security.web.FilterChainProxy msg="Securing POST /api/auth/login"
2026-05-21T01:43:42.622+03:00 level=DEBUG app=workhub corr=5564575e-64b5-4f2a-a0e5-b589a86385a0 method=POST path=/api/auth/login logger=o.s.s.w.a.AnonymousAuthenticationFilter msg="Set SecurityContextHolder to anonymous SecurityContext"
2026-05-21T01:43:42.622+03:00 level=DEBUG app=workhub corr=5564575e-64b5-4f2a-a0e5-b589a86385a0 method=POST path=/api/auth/login logger=o.s.security.web.FilterChainProxy msg="Secured POST /api/auth/login"
2026-05-21T01:43:42.622+03:00 level=INFO  app=workhub corr=5564575e-64b5-4f2a-a0e5-b589a86385a0 method=POST path=/api/auth/login logger=c.workhub.controller.AuthController msg="Login attempt for email: phase2.user@demo.com"
2026-05-21T01:43:42.623+03:00 level=DEBUG app=workhub corr=5564575e-64b5-4f2a-a0e5-b589a86385a0 method=POST path=/api/auth/login logger=org.hibernate.SQL msg="
    select
        u1_0.id,
        u1_0.created_at,
        u1_0.email,
        u1_0.first_name,
        u1_0.last_login_at,
        u1_0.last_name,
        u1_0.password,
        u1_0.role,
        u1_0.status,
        u1_0.tenant_id,
        u1_0.updated_at,
        u1_0.version 
    from
        users u1_0 
    where
        u1_0.email=?"
2026-05-21T01:43:42.684+03:00 level=DEBUG app=workhub corr=5564575e-64b5-4f2a-a0e5-b589a86385a0 method=POST path=/api/auth/login logger=o.s.s.a.d.DaoAuthenticationProvider msg="Authenticated user"
2026-05-21T01:43:42.685+03:00 level=DEBUG app=workhub corr=5564575e-64b5-4f2a-a0e5-b589a86385a0 method=POST path=/api/auth/login logger=org.hibernate.SQL msg="
    select
        u1_0.id,
        u1_0.created_at,
        u1_0.email,
        u1_0.first_name,
        u1_0.last_login_at,
        u1_0.last_name,
        u1_0.password,
        u1_0.role,
        u1_0.status,
        u1_0.tenant_id,
        u1_0.updated_at,
        u1_0.version 
    from
        users u1_0 
    where
        u1_0.id=? 
        and u1_0.tenant_id=?"
2026-05-21T01:43:42.686+03:00 level=DEBUG app=workhub corr=5564575e-64b5-4f2a-a0e5-b589a86385a0 method=POST path=/api/auth/login logger=org.hibernate.SQL msg="
    update
        users 
    set
        email=?,
        first_name=?,
        last_login_at=?,
        last_name=?,
        password=?,
        role=?,
        status=?,
        tenant_id=?,
        updated_at=?,
        version=? 
    where
        id=? 
        and version=?"
2026-05-21T01:43:42.688+03:00 level=INFO  app=workhub corr=5564575e-64b5-4f2a-a0e5-b589a86385a0 method=POST path=/api/auth/login logger=c.workhub.controller.AuthController msg="Login successful for user: phase2.user@demo.com (tenant: 2)"
2026-05-21T01:43:42.689+03:00 level=INFO  app=workhub corr=5564575e-64b5-4f2a-a0e5-b589a86385a0 method=POST path=/api/auth/login logger=c.w.security.RequestTracingFilter msg="request-end status=200 durationMs=68"
2026-05-21T01:43:42.690+03:00 level=INFO  app=workhub corr=b6a518b8-08cd-455f-89a6-e3dfab3510a3 method=POST path=/api/auth/login logger=c.w.security.RequestTracingFilter msg="request-start"
2026-05-21T01:43:42.690+03:00 level=DEBUG app=workhub corr=b6a518b8-08cd-455f-89a6-e3dfab3510a3 method=POST path=/api/auth/login logger=o.s.security.web.FilterChainProxy msg="Securing POST /api/auth/login"
2026-05-21T01:43:42.690+03:00 level=DEBUG app=workhub corr=b6a518b8-08cd-455f-89a6-e3dfab3510a3 method=POST path=/api/auth/login logger=o.s.s.w.a.AnonymousAuthenticationFilter msg="Set SecurityContextHolder to anonymous SecurityContext"
2026-05-21T01:43:42.690+03:00 level=DEBUG app=workhub corr=b6a518b8-08cd-455f-89a6-e3dfab3510a3 method=POST path=/api/auth/login logger=o.s.security.web.FilterChainProxy msg="Secured POST /api/auth/login"
2026-05-21T01:43:42.691+03:00 level=INFO  app=workhub corr=b6a518b8-08cd-455f-89a6-e3dfab3510a3 method=POST path=/api/auth/login logger=c.workhub.controller.AuthController msg="Login attempt for email: admin@demo.com"
2026-05-21T01:43:42.692+03:00 level=DEBUG app=workhub corr=b6a518b8-08cd-455f-89a6-e3dfab3510a3 method=POST path=/api/auth/login logger=org.hibernate.SQL msg="
    select
        u1_0.id,
        u1_0.created_at,
        u1_0.email,
        u1_0.first_name,
        u1_0.last_login_at,
        u1_0.last_name,
        u1_0.password,
        u1_0.role,
        u1_0.status,
        u1_0.tenant_id,
        u1_0.updated_at,
        u1_0.version 
    from
        users u1_0 
    where
        u1_0.email=?"
2026-05-21T01:43:42.753+03:00 level=DEBUG app=workhub corr=b6a518b8-08cd-455f-89a6-e3dfab3510a3 method=POST path=/api/auth/login logger=o.s.s.a.d.DaoAuthenticationProvider msg="Authenticated user"
2026-05-21T01:43:42.753+03:00 level=DEBUG app=workhub corr=b6a518b8-08cd-455f-89a6-e3dfab3510a3 method=POST path=/api/auth/login logger=org.hibernate.SQL msg="
    select
        u1_0.id,
        u1_0.created_at,
        u1_0.email,
        u1_0.first_name,
        u1_0.last_login_at,
        u1_0.last_name,
        u1_0.password,
        u1_0.role,
        u1_0.status,
        u1_0.tenant_id,
        u1_0.updated_at,
        u1_0.version 
    from
        users u1_0 
    where
        u1_0.id=? 
        and u1_0.tenant_id=?"
2026-05-21T01:43:42.755+03:00 level=DEBUG app=workhub corr=b6a518b8-08cd-455f-89a6-e3dfab3510a3 method=POST path=/api/auth/login logger=org.hibernate.SQL msg="
    update
        users 
    set
        email=?,
        first_name=?,
        last_login_at=?,
        last_name=?,
        password=?,
        role=?,
        status=?,
        tenant_id=?,
        updated_at=?,
        version=? 
    where
        id=? 
        and version=?"
2026-05-21T01:43:42.756+03:00 level=INFO  app=workhub corr=b6a518b8-08cd-455f-89a6-e3dfab3510a3 method=POST path=/api/auth/login logger=c.workhub.controller.AuthController msg="Login successful for user: admin@demo.com (tenant: 1)"
2026-05-21T01:43:42.757+03:00 level=INFO  app=workhub corr=b6a518b8-08cd-455f-89a6-e3dfab3510a3 method=POST path=/api/auth/login logger=c.w.security.RequestTracingFilter msg="request-end status=200 durationMs=66"
2026-05-21T01:43:42.758+03:00 level=INFO  app=workhub corr=44bea42f-9533-473d-b36d-eb229dc4c609 method=GET path=/actuator/health logger=c.w.security.RequestTracingFilter msg="request-start"
2026-05-21T01:43:42.759+03:00 level=DEBUG app=workhub corr=44bea42f-9533-473d-b36d-eb229dc4c609 method=GET path=/actuator/health logger=o.s.security.web.FilterChainProxy msg="Securing GET /actuator/health"
2026-05-21T01:43:42.759+03:00 level=DEBUG app=workhub corr=44bea42f-9533-473d-b36d-eb229dc4c609 method=GET path=/actuator/health logger=o.s.s.w.a.AnonymousAuthenticationFilter msg="Set SecurityContextHolder to anonymous SecurityContext"
2026-05-21T01:43:42.760+03:00 level=DEBUG app=workhub corr=44bea42f-9533-473d-b36d-eb229dc4c609 method=GET path=/actuator/health logger=o.s.security.web.FilterChainProxy msg="Secured GET /actuator/health"
2026-05-21T01:43:42.775+03:00 level=WARN  app=workhub corr=na method=na path=na logger=c.r.c.impl.ForgivingExceptionHandler msg="An unexpected connection driver error occurred (Exception message: Socket closed)"
2026-05-21T01:43:42.824+03:00 level=WARN  app=workhub corr=na method=na path=na logger=c.r.c.impl.ForgivingExceptionHandler msg="An unexpected connection driver error occurred (Exception message: Socket closed)"
2026-05-21T01:43:42.824+03:00 level=WARN  app=workhub corr=44bea42f-9533-473d-b36d-eb229dc4c609 method=GET path=/actuator/health logger=o.s.b.a.amqp.RabbitHealthIndicator msg="Rabbit health check failed"
org.springframework.amqp.AmqpIOException: java.io.IOException
	at org.springframework.amqp.rabbit.support.RabbitExceptionTranslator.convertRabbitAccessException(RabbitExceptionTranslator.java:70)
	at org.springframework.amqp.rabbit.connection.AbstractConnectionFactory.createBareConnection(AbstractConnectionFactory.java:622)
	at org.springframework.amqp.rabbit.connection.CachingConnectionFactory.createConnection(CachingConnectionFactory.java:726)
	at org.springframework.amqp.rabbit.connection.ConnectionFactoryUtils.createConnection(ConnectionFactoryUtils.java:257)
	at org.springframework.amqp.rabbit.core.RabbitTemplate.doExecute(RabbitTemplate.java:2249)
	at org.springframework.amqp.rabbit.core.RabbitTemplate.execute(RabbitTemplate.java:2222)
	at org.springframework.amqp.rabbit.core.RabbitTemplate.execute(RabbitTemplate.java:2202)
	at org.springframework.boot.actuate.amqp.RabbitHealthIndicator.getVersion(RabbitHealthIndicator.java:49)
	at org.springframework.boot.actuate.amqp.RabbitHealthIndicator.doHealthCheck(RabbitHealthIndicator.java:44)
	at org.springframework.boot.actuate.health.AbstractHealthIndicator.health(AbstractHealthIndicator.java:82)
	at org.springframework.boot.actuate.health.HealthIndicator.getHealth(HealthIndicator.java:37)
	at org.springframework.boot.actuate.health.HealthEndpointWebExtension.getHealth(HealthEndpointWebExtension.java:94)
	at org.springframework.boot.actuate.health.HealthEndpointWebExtension.getHealth(HealthEndpointWebExtension.java:47)
	at org.springframework.boot.actuate.health.HealthEndpointSupport.getLoggedHealth(HealthEndpointSupport.java:172)
	at org.springframework.boot.actuate.health.HealthEndpointSupport.getContribution(HealthEndpointSupport.java:145)
	at org.springframework.boot.actuate.health.HealthEndpointSupport.getAggregateContribution(HealthEndpointSupport.java:156)
	at org.springframework.boot.actuate.health.HealthEndpointSupport.getContribution(HealthEndpointSupport.java:141)
	at org.springframework.boot.actuate.health.HealthEndpointSupport.getHealth(HealthEndpointSupport.java:110)
	at org.springframework.boot.actuate.health.HealthEndpointSupport.getHealth(HealthEndpointSupport.java:81)
	at org.springframework.boot.actuate.health.HealthEndpointWebExtension.health(HealthEndpointWebExtension.java:80)
	at org.springframework.boot.actuate.health.HealthEndpointWebExtension.health(HealthEndpointWebExtension.java:69)
	at java.base/jdk.internal.reflect.DirectMethodHandleAccessor.invoke(DirectMethodHandleAccessor.java:103)
	at java.base/java.lang.reflect.Method.invoke(Method.java:580)
	at org.springframework.util.ReflectionUtils.invokeMethod(ReflectionUtils.java:281)
	at org.springframework.boot.actuate.endpoint.invoke.reflect.ReflectiveOperationInvoker.invoke(ReflectiveOperationInvoker.java:74)
	at org.springframework.boot.actuate.endpoint.annotation.AbstractDiscoveredOperation.invoke(AbstractDiscoveredOperation.java:60)
	at org.springframework.boot.actuate.endpoint.web.servlet.AbstractWebMvcEndpointHandlerMapping$ServletWebOperationAdapter.handle(AbstractWebMvcEndpointHandlerMapping.java:327)
	at org.springframework.boot.actuate.endpoint.web.servlet.AbstractWebMvcEndpointHandlerMapping$OperationHandler.handle(AbstractWebMvcEndpointHandlerMapping.java:434)
	at java.base/jdk.internal.reflect.DirectMethodHandleAccessor.invoke(DirectMethodHandleAccessor.java:103)
	at java.base/java.lang.reflect.Method.invoke(Method.java:580)
	at org.springframework.web.method.support.InvocableHandlerMethod.doInvoke(InvocableHandlerMethod.java:255)
	at org.springframework.web.method.support.InvocableHandlerMethod.invokeForRequest(InvocableHandlerMethod.java:188)
	at org.springframework.web.servlet.mvc.method.annotation.ServletInvocableHandlerMethod.invokeAndHandle(ServletInvocableHandlerMethod.java:118)
	at org.springframework.web.servlet.mvc.method.annotation.RequestMappingHandlerAdapter.invokeHandlerMethod(RequestMappingHandlerAdapter.java:926)
	at org.springframework.web.servlet.mvc.method.annotation.RequestMappingHandlerAdapter.handleInternal(RequestMappingHandlerAdapter.java:831)
	at org.springframework.web.servlet.mvc.method.AbstractHandlerMethodAdapter.handle(AbstractHandlerMethodAdapter.java:87)
	at org.springframework.web.servlet.DispatcherServlet.doDispatch(DispatcherServlet.java:1089)
	at org.springframework.web.servlet.DispatcherServlet.doService(DispatcherServlet.java:979)
	at org.springframework.web.servlet.FrameworkServlet.processRequest(FrameworkServlet.java:1014)
	at org.springframework.web.servlet.FrameworkServlet.doGet(FrameworkServlet.java:903)
	at jakarta.servlet.http.HttpServlet.service(HttpServlet.java:564)
	at org.springframework.web.servlet.FrameworkServlet.service(FrameworkServlet.java:885)
	at org.springframework.test.web.servlet.TestDispatcherServlet.service(TestDispatcherServlet.java:72)
	at jakarta.servlet.http.HttpServlet.service(HttpServlet.java:658)
	at org.springframework.mock.web.MockFilterChain$ServletFilterProxy.doFilter(MockFilterChain.java:165)
	at org.springframework.mock.web.MockFilterChain.doFilter(MockFilterChain.java:132)
	at org.springframework.web.filter.OncePerRequestFilter.doFilter(OncePerRequestFilter.java:110)
	at org.springframework.test.web.servlet.setup.MockMvcFilterDecorator.doFilter(MockMvcFilterDecorator.java:151)
	at org.springframework.mock.web.MockFilterChain.doFilter(MockFilterChain.java:132)
	at org.springframework.web.filter.CompositeFilter$VirtualFilterChain.doFilter(CompositeFilter.java:108)
	at org.springframework.security.web.FilterChainProxy.lambda$doFilterInternal$3(FilterChainProxy.java:231)
	at org.springframework.security.web.ObservationFilterChainDecorator$FilterObservation$SimpleFilterObservation.lambda$wrap$1(ObservationFilterChainDecorator.java:479)
	at org.springframework.security.web.ObservationFilterChainDecorator$AroundFilterObservation$SimpleAroundFilterObservation.lambda$wrap$1(ObservationFilterChainDecorator.java:340)
	at org.springframework.security.web.ObservationFilterChainDecorator.lambda$wrapSecured$0(ObservationFilterChainDecorator.java:82)
	at org.springframework.security.web.ObservationFilterChainDecorator$VirtualFilterChain.doFilter(ObservationFilterChainDecorator.java:128)
	at org.springframework.security.web.access.intercept.AuthorizationFilter.doFilter(AuthorizationFilter.java:100)
	at org.springframework.security.web.ObservationFilterChainDecorator$ObservationFilter.wrapFilter(ObservationFilterChainDecorator.java:240)
	at org.springframework.security.web.ObservationFilterChainDecorator$ObservationFilter.doFilter(ObservationFilterChainDecorator.java:227)
	at org.springframework.security.web.ObservationFilterChainDecorator$VirtualFilterChain.doFilter(ObservationFilterChainDecorator.java:137)
	at org.springframework.security.web.access.ExceptionTranslationFilter.doFilter(ExceptionTranslationFilter.java:126)
	at org.springframework.security.web.access.ExceptionTranslationFilter.doFilter(ExceptionTranslationFilter.java:120)
	at org.springframework.security.web.ObservationFilterChainDecorator$ObservationFilter.wrapFilter(ObservationFilterChainDecorator.java:240)
	at org.springframework.security.web.ObservationFilterChainDecorator$ObservationFilter.doFilter(ObservationFilterChainDecorator.java:227)
	at org.springframework.security.web.ObservationFilterChainDecorator$VirtualFilterChain.doFilter(ObservationFilterChainDecorator.java:137)
	at org.springframework.security.web.session.SessionManagementFilter.doFilter(SessionManagementFilter.java:131)
	at org.springframework.security.web.session.SessionManagementFilter.doFilter(SessionManagementFilter.java:85)
	at org.springframework.security.web.ObservationFilterChainDecorator$ObservationFilter.wrapFilter(ObservationFilterChainDecorator.java:240)
	at org.springframework.security.web.ObservationFilterChainDecorator$ObservationFilter.doFilter(ObservationFilterChainDecorator.java:227)
	at org.springframework.security.web.ObservationFilterChainDecorator$VirtualFilterChain.doFilter(ObservationFilterChainDecorator.java:137)
	at org.springframework.security.web.authentication.AnonymousAuthenticationFilter.doFilter(AnonymousAuthenticationFilter.java:100)
	at org.springframework.security.web.ObservationFilterChainDecorator$ObservationFilter.wrapFilter(ObservationFilterChainDecorator.java:240)
	at org.springframework.security.web.ObservationFilterChainDecorator$ObservationFilter.doFilter(ObservationFilterChainDecorator.java:227)
	at org.springframework.security.web.ObservationFilterChainDecorator$VirtualFilterChain.doFilter(ObservationFilterChainDecorator.java:137)
	at org.springframework.security.web.servletapi.SecurityContextHolderAwareRequestFilter.doFilter(SecurityContextHolderAwareRequestFilter.java:179)
	at org.springframework.security.web.ObservationFilterChainDecorator$ObservationFilter.wrapFilter(ObservationFilterChainDecorator.java:240)
	at org.springframework.security.web.ObservationFilterChainDecorator$ObservationFilter.doFilter(ObservationFilterChainDecorator.java:227)
	at org.springframework.security.web.ObservationFilterChainDecorator$VirtualFilterChain.doFilter(ObservationFilterChainDecorator.java:137)
	at org.springframework.security.web.savedrequest.RequestCacheAwareFilter.doFilter(RequestCacheAwareFilter.java:63)
	at org.springframework.security.web.ObservationFilterChainDecorator$ObservationFilter.wrapFilter(ObservationFilterChainDecorator.java:240)
	at org.springframework.security.web.ObservationFilterChainDecorator$ObservationFilter.doFilter(ObservationFilterChainDecorator.java:227)
	at org.springframework.security.web.ObservationFilterChainDecorator$VirtualFilterChain.doFilter(ObservationFilterChainDecorator.java:137)
	at com.workhub.security.JwtAuthenticationFilter.doFilterInternal(JwtAuthenticationFilter.java:44)
	at org.springframework.web.filter.OncePerRequestFilter.doFilter(OncePerRequestFilter.java:116)
	at org.springframework.security.web.ObservationFilterChainDecorator$ObservationFilter.wrapFilter(ObservationFilterChainDecorator.java:240)
	at org.springframework.security.web.ObservationFilterChainDecorator$ObservationFilter.doFilter(ObservationFilterChainDecorator.java:227)
	at org.springframework.security.web.ObservationFilterChainDecorator$VirtualFilterChain.doFilter(ObservationFilterChainDecorator.java:137)
	at org.springframework.security.web.authentication.logout.LogoutFilter.doFilter(LogoutFilter.java:107)
	at org.springframework.security.web.authentication.logout.LogoutFilter.doFilter(LogoutFilter.java:93)
	at org.springframework.security.web.ObservationFilterChainDecorator$ObservationFilter.wrapFilter(ObservationFilterChainDecorator.java:240)
	at org.springframework.security.web.ObservationFilterChainDecorator$ObservationFilter.doFilter(ObservationFilterChainDecorator.java:227)
	at org.springframework.security.web.ObservationFilterChainDecorator$VirtualFilterChain.doFilter(ObservationFilterChainDecorator.java:137)
	at org.springframework.security.web.header.HeaderWriterFilter.doHeadersAfter(HeaderWriterFilter.java:90)
	at org.springframework.security.web.header.HeaderWriterFilter.doFilterInternal(HeaderWriterFilter.java:75)
	at org.springframework.web.filter.OncePerRequestFilter.doFilter(OncePerRequestFilter.java:116)
	at org.springframework.security.web.ObservationFilterChainDecorator$ObservationFilter.wrapFilter(ObservationFilterChainDecorator.java:240)
	at org.springframework.security.web.ObservationFilterChainDecorator$ObservationFilter.doFilter(ObservationFilterChainDecorator.java:227)
	at org.springframework.security.web.ObservationFilterChainDecorator$VirtualFilterChain.doFilter(ObservationFilterChainDecorator.java:137)
	at org.springframework.security.web.context.SecurityContextHolderFilter.doFilter(SecurityContextHolderFilter.java:82)
	at org.springframework.security.web.context.SecurityContextHolderFilter.doFilter(SecurityContextHolderFilter.java:69)
	at org.springframework.security.web.ObservationFilterChainDecorator$ObservationFilter.wrapFilter(ObservationFilterChainDecorator.java:240)
	at org.springframework.security.web.ObservationFilterChainDecorator$ObservationFilter.doFilter(ObservationFilterChainDecorator.java:227)
	at org.springframework.security.web.ObservationFilterChainDecorator$VirtualFilterChain.doFilter(ObservationFilterChainDecorator.java:137)
	at org.springframework.security.web.context.request.async.WebAsyncManagerIntegrationFilter.doFilterInternal(WebAsyncManagerIntegrationFilter.java:62)
	at org.springframework.web.filter.OncePerRequestFilter.doFilter(OncePerRequestFilter.java:116)
	at org.springframework.security.web.ObservationFilterChainDecorator$ObservationFilter.wrapFilter(ObservationFilterChainDecorator.java:240)
	at org.springframework.security.web.ObservationFilterChainDecorator$ObservationFilter.doFilter(ObservationFilterChainDecorator.java:227)
	at org.springframework.security.web.ObservationFilterChainDecorator$VirtualFilterChain.doFilter(ObservationFilterChainDecorator.java:137)
	at org.springframework.security.web.session.DisableEncodeUrlFilter.doFilterInternal(DisableEncodeUrlFilter.java:42)
	at org.springframework.web.filter.OncePerRequestFilter.doFilter(OncePerRequestFilter.java:116)
	at org.springframework.security.web.ObservationFilterChainDecorator$ObservationFilter.wrapFilter(ObservationFilterChainDecorator.java:240)
	at org.springframework.security.web.ObservationFilterChainDecorator$AroundFilterObservation$SimpleAroundFilterObservation.lambda$wrap$0(ObservationFilterChainDecorator.java:323)
	at org.springframework.security.web.ObservationFilterChainDecorator$ObservationFilter.doFilter(ObservationFilterChainDecorator.java:224)
	at org.springframework.security.web.ObservationFilterChainDecorator$VirtualFilterChain.doFilter(ObservationFilterChainDecorator.java:137)
	at org.springframework.security.web.FilterChainProxy.doFilterInternal(FilterChainProxy.java:233)
	at org.springframework.security.web.FilterChainProxy.doFilter(FilterChainProxy.java:191)
	at org.springframework.web.filter.CompositeFilter$VirtualFilterChain.doFilter(CompositeFilter.java:113)
	at org.springframework.web.servlet.handler.HandlerMappingIntrospector.lambda$createCacheFilter$3(HandlerMappingIntrospector.java:195)
	at org.springframework.web.filter.CompositeFilter$VirtualFilterChain.doFilter(CompositeFilter.java:113)
	at org.springframework.web.filter.CompositeFilter.doFilter(CompositeFilter.java:74)
	at org.springframework.security.config.annotation.web.configuration.WebMvcSecurityConfiguration$CompositeFilterChainProxy.doFilter(WebMvcSecurityConfiguration.java:230)
	at org.springframework.web.filter.DelegatingFilterProxy.invokeDelegate(DelegatingFilterProxy.java:362)
	at org.springframework.web.filter.DelegatingFilterProxy.doFilter(DelegatingFilterProxy.java:278)
	at org.springframework.test.web.servlet.setup.MockMvcFilterDecorator.doFilter(MockMvcFilterDecorator.java:151)
	at org.springframework.mock.web.MockFilterChain.doFilter(MockFilterChain.java:132)
	at org.springframework.web.filter.RequestContextFilter.doFilterInternal(RequestContextFilter.java:100)
	at org.springframework.web.filter.OncePerRequestFilter.doFilter(OncePerRequestFilter.java:116)
	at org.springframework.test.web.servlet.setup.MockMvcFilterDecorator.doFilter(MockMvcFilterDecorator.java:151)
	at org.springframework.mock.web.MockFilterChain.doFilter(MockFilterChain.java:132)
	at org.springframework.web.filter.FormContentFilter.doFilterInternal(FormContentFilter.java:93)
	at org.springframework.web.filter.OncePerRequestFilter.doFilter(OncePerRequestFilter.java:116)
	at org.springframework.test.web.servlet.setup.MockMvcFilterDecorator.doFilter(MockMvcFilterDecorator.java:151)
	at org.springframework.mock.web.MockFilterChain.doFilter(MockFilterChain.java:132)
	at com.workhub.security.RequestTracingFilter.doFilterInternal(RequestTracingFilter.java:38)
	at org.springframework.web.filter.OncePerRequestFilter.doFilter(OncePerRequestFilter.java:116)
	at org.springframework.test.web.servlet.setup.MockMvcFilterDecorator.doFilter(MockMvcFilterDecorator.java:151)
	at org.springframework.mock.web.MockFilterChain.doFilter(MockFilterChain.java:132)
	at org.springframework.web.filter.ServerHttpObservationFilter.doFilterInternal(ServerHttpObservationFilter.java:113)
	at org.springframework.web.filter.OncePerRequestFilter.doFilter(OncePerRequestFilter.java:116)
	at org.springframework.test.web.servlet.setup.MockMvcFilterDecorator.doFilter(MockMvcFilterDecorator.java:151)
	at org.springframework.mock.web.MockFilterChain.doFilter(MockFilterChain.java:132)
	at org.springframework.web.filter.CharacterEncodingFilter.doFilterInternal(CharacterEncodingFilter.java:201)
	at org.springframework.web.filter.OncePerRequestFilter.doFilter(OncePerRequestFilter.java:116)
	at org.springframework.test.web.servlet.setup.MockMvcFilterDecorator.doFilter(MockMvcFilterDecorator.java:151)
	at org.springframework.mock.web.MockFilterChain.doFilter(MockFilterChain.java:132)
	at com.workhub.security.CorrelationIdFilter.doFilterInternal(CorrelationIdFilter.java:38)
	at org.springframework.web.filter.OncePerRequestFilter.doFilter(OncePerRequestFilter.java:116)
	at org.springframework.test.web.servlet.setup.MockMvcFilterDecorator.doFilter(MockMvcFilterDecorator.java:151)
	at org.springframework.mock.web.MockFilterChain.doFilter(MockFilterChain.java:132)
	at org.springframework.test.web.servlet.MockMvc.perform(MockMvc.java:201)
	at com.workhub.Phase2EnterpriseIntegrationTest.actuatorEndpointsAccessible(Phase2EnterpriseIntegrationTest.java:441)
	at java.base/jdk.internal.reflect.DirectMethodHandleAccessor.invoke(DirectMethodHandleAccessor.java:103)
	at java.base/java.lang.reflect.Method.invoke(Method.java:580)
	at org.junit.platform.commons.util.ReflectionUtils.invokeMethod(ReflectionUtils.java:728)
	at org.junit.jupiter.engine.execution.MethodInvocation.proceed(MethodInvocation.java:60)
	at org.junit.jupiter.engine.execution.InvocationInterceptorChain$ValidatingInvocation.proceed(InvocationInterceptorChain.java:131)
	at org.junit.jupiter.engine.extension.TimeoutExtension.intercept(TimeoutExtension.java:156)
	at org.junit.jupiter.engine.extension.TimeoutExtension.interceptTestableMethod(TimeoutExtension.java:147)
	at org.junit.jupiter.engine.extension.TimeoutExtension.interceptTestMethod(TimeoutExtension.java:86)
	at org.junit.jupiter.engine.execution.InterceptingExecutableInvoker$ReflectiveInterceptorCall.lambda$ofVoidMethod$0(InterceptingExecutableInvoker.java:103)
	at org.junit.jupiter.engine.execution.InterceptingExecutableInvoker.lambda$invoke$0(InterceptingExecutableInvoker.java:93)
	at org.junit.jupiter.engine.execution.InvocationInterceptorChain$InterceptedInvocation.proceed(InvocationInterceptorChain.java:106)
	at org.junit.jupiter.engine.execution.InvocationInterceptorChain.proceed(InvocationInterceptorChain.java:64)
	at org.junit.jupiter.engine.execution.InvocationInterceptorChain.chainAndInvoke(InvocationInterceptorChain.java:45)
	at org.junit.jupiter.engine.execution.InvocationInterceptorChain.invoke(InvocationInterceptorChain.java:37)
	at org.junit.jupiter.engine.execution.InterceptingExecutableInvoker.invoke(InterceptingExecutableInvoker.java:92)
	at org.junit.jupiter.engine.execution.InterceptingExecutableInvoker.invoke(InterceptingExecutableInvoker.java:86)
	at org.junit.jupiter.engine.descriptor.TestMethodTestDescriptor.lambda$invokeTestMethod$7(TestMethodTestDescriptor.java:218)
	at org.junit.platform.engine.support.hierarchical.ThrowableCollector.execute(ThrowableCollector.java:73)
	at org.junit.jupiter.engine.descriptor.TestMethodTestDescriptor.invokeTestMethod(TestMethodTestDescriptor.java:214)
	at org.junit.jupiter.engine.descriptor.TestMethodTestDescriptor.execute(TestMethodTestDescriptor.java:139)
	at org.junit.jupiter.engine.descriptor.TestMethodTestDescriptor.execute(TestMethodTestDescriptor.java:69)
	at org.junit.platform.engine.support.hierarchical.NodeTestTask.lambda$executeRecursively$6(NodeTestTask.java:156)
	at org.junit.platform.engine.support.hierarchical.ThrowableCollector.execute(ThrowableCollector.java:73)
	at org.junit.platform.engine.support.hierarchical.NodeTestTask.lambda$executeRecursively$8(NodeTestTask.java:146)
	at org.junit.platform.engine.support.hierarchical.Node.around(Node.java:137)
	at org.junit.platform.engine.support.hierarchical.NodeTestTask.lambda$executeRecursively$9(NodeTestTask.java:144)
	at org.junit.platform.engine.support.hierarchical.ThrowableCollector.execute(ThrowableCollector.java:73)
	at org.junit.platform.engine.support.hierarchical.NodeTestTask.executeRecursively(NodeTestTask.java:143)
	at org.junit.platform.engine.support.hierarchical.NodeTestTask.execute(NodeTestTask.java:100)
	at java.base/java.util.ArrayList.forEach(ArrayList.java:1596)
	at org.junit.platform.engine.support.hierarchical.SameThreadHierarchicalTestExecutorService.invokeAll(SameThreadHierarchicalTestExecutorService.java:41)
	at org.junit.platform.engine.support.hierarchical.NodeTestTask.lambda$executeRecursively$6(NodeTestTask.java:160)
	at org.junit.platform.engine.support.hierarchical.ThrowableCollector.execute(ThrowableCollector.java:73)
	at org.junit.platform.engine.support.hierarchical.NodeTestTask.lambda$executeRecursively$8(NodeTestTask.java:146)
	at org.junit.platform.engine.support.hierarchical.Node.around(Node.java:137)
	at org.junit.platform.engine.support.hierarchical.NodeTestTask.lambda$executeRecursively$9(NodeTestTask.java:144)
	at org.junit.platform.engine.support.hierarchical.ThrowableCollector.execute(ThrowableCollector.java:73)
	at org.junit.platform.engine.support.hierarchical.NodeTestTask.executeRecursively(NodeTestTask.java:143)
	at org.junit.platform.engine.support.hierarchical.NodeTestTask.execute(NodeTestTask.java:100)
	at java.base/java.util.ArrayList.forEach(ArrayList.java:1596)
	at org.junit.platform.engine.support.hierarchical.SameThreadHierarchicalTestExecutorService.invokeAll(SameThreadHierarchicalTestExecutorService.java:41)
	at org.junit.platform.engine.support.hierarchical.NodeTestTask.lambda$executeRecursively$6(NodeTestTask.java:160)
	at org.junit.platform.engine.support.hierarchical.ThrowableCollector.execute(ThrowableCollector.java:73)
	at org.junit.platform.engine.support.hierarchical.NodeTestTask.lambda$executeRecursively$8(NodeTestTask.java:146)
	at org.junit.platform.engine.support.hierarchical.Node.around(Node.java:137)
	at org.junit.platform.engine.support.hierarchical.NodeTestTask.lambda$executeRecursively$9(NodeTestTask.java:144)
	at org.junit.platform.engine.support.hierarchical.ThrowableCollector.execute(ThrowableCollector.java:73)
	at org.junit.platform.engine.support.hierarchical.NodeTestTask.executeRecursively(NodeTestTask.java:143)
	at org.junit.platform.engine.support.hierarchical.NodeTestTask.execute(NodeTestTask.java:100)
	at org.junit.platform.engine.support.hierarchical.SameThreadHierarchicalTestExecutorService.submit(SameThreadHierarchicalTestExecutorService.java:35)
	at org.junit.platform.engine.support.hierarchical.HierarchicalTestExecutor.execute(HierarchicalTestExecutor.java:57)
	at org.junit.platform.engine.support.hierarchical.HierarchicalTestEngine.execute(HierarchicalTestEngine.java:54)
	at org.junit.platform.launcher.core.EngineExecutionOrchestrator.execute(EngineExecutionOrchestrator.java:198)
	at org.junit.platform.launcher.core.EngineExecutionOrchestrator.execute(EngineExecutionOrchestrator.java:169)
	at org.junit.platform.launcher.core.EngineExecutionOrchestrator.execute(EngineExecutionOrchestrator.java:93)
	at org.junit.platform.launcher.core.EngineExecutionOrchestrator.lambda$execute$0(EngineExecutionOrchestrator.java:58)
	at org.junit.platform.launcher.core.EngineExecutionOrchestrator.withInterceptedStreams(EngineExecutionOrchestrator.java:141)
	at org.junit.platform.launcher.core.EngineExecutionOrchestrator.execute(EngineExecutionOrchestrator.java:57)
	at org.junit.platform.launcher.core.DefaultLauncher.execute(DefaultLauncher.java:103)
	at org.junit.platform.launcher.core.DefaultLauncher.execute(DefaultLauncher.java:85)
	at org.junit.platform.launcher.core.DelegatingLauncher.execute(DelegatingLauncher.java:47)
	at org.apache.maven.surefire.junitplatform.LazyLauncher.execute(LazyLauncher.java:56)
	at org.apache.maven.surefire.junitplatform.JUnitPlatformProvider.execute(JUnitPlatformProvider.java:184)
	at org.apache.maven.surefire.junitplatform.JUnitPlatformProvider.invokeAllTests(JUnitPlatformProvider.java:148)
	at org.apache.maven.surefire.junitplatform.JUnitPlatformProvider.invoke(JUnitPlatformProvider.java:120)
	at org.apache.maven.surefire.booter.ForkedBooter.runSuitesInProcess(ForkedBooter.java:385)
	at org.apache.maven.surefire.booter.ForkedBooter.execute(ForkedBooter.java:162)
	at org.apache.maven.surefire.booter.ForkedBooter.run(ForkedBooter.java:507)
	at org.apache.maven.surefire.booter.ForkedBooter.main(ForkedBooter.java:495)
Caused by: java.io.IOException: null
	at com.rabbitmq.client.impl.AMQChannel.wrap(AMQChannel.java:140)
	at com.rabbitmq.client.impl.AMQChannel.wrap(AMQChannel.java:136)
	at com.rabbitmq.client.impl.AMQChannel.exnWrappingRpc(AMQChannel.java:158)
	at com.rabbitmq.client.impl.AMQConnection.start(AMQConnection.java:454)
	at com.rabbitmq.client.ConnectionFactory.newConnection(ConnectionFactory.java:1251)
	at com.rabbitmq.client.ConnectionFactory.newConnection(ConnectionFactory.java:1198)
	at org.springframework.amqp.rabbit.connection.AbstractConnectionFactory.connectAddresses(AbstractConnectionFactory.java:668)
	at org.springframework.amqp.rabbit.connection.AbstractConnectionFactory.connect(AbstractConnectionFactory.java:637)
	at org.springframework.amqp.rabbit.connection.AbstractConnectionFactory.createBareConnection(AbstractConnectionFactory.java:584)
	... 217 common frames omitted
Caused by: com.rabbitmq.client.ShutdownSignalException: connection error; protocol method: #method<connection.close>(reply-code=530, reply-text=NOT_ALLOWED - access to vhost 'workhub' refused for user 'workhub', class-id=10, method-id=40)
	at com.rabbitmq.utility.ValueOrException.getValue(ValueOrException.java:66)
	at com.rabbitmq.utility.BlockingValueOrException.uninterruptibleGetValue(BlockingValueOrException.java:36)
	at com.rabbitmq.client.impl.AMQChannel$BlockingRpcContinuation.getReply(AMQChannel.java:552)
	at com.rabbitmq.client.impl.AMQChannel.privateRpc(AMQChannel.java:316)
	at com.rabbitmq.client.impl.AMQChannel.exnWrappingRpc(AMQChannel.java:152)
	... 223 common frames omitted
2026-05-21T01:43:42.846+03:00 level=INFO  app=workhub corr=44bea42f-9533-473d-b36d-eb229dc4c609 method=GET path=/actuator/health logger=c.w.security.RequestTracingFilter msg="request-end status=503 durationMs=87"

MockHttpServletRequest:
      HTTP Method = POST
      Request URI = /api/auth/login
       Parameters = {}
          Headers = [Content-Type:"application/json;charset=UTF-8", Content-Length:"65"]
             Body = {
  "email": "phase2.admin@demo.com",
  "password": "admin123"
}

    Session Attrs = {}

Handler:
             Type = com.workhub.controller.AuthController
           Method = com.workhub.controller.AuthController#login(LoginRequest)

Async:
    Async started = false
     Async result = null

Resolved Exception:
             Type = null

ModelAndView:
        View name = null
             View = null
            Model = null

FlashMap:
       Attributes = null

MockHttpServletResponse:
           Status = 200
    Error message = null
          Headers = [X-Correlation-Id:"bd1a0c93-e8ea-4765-86b6-113eb7b83e41", Content-Type:"application/json", X-Content-Type-Options:"nosniff", X-XSS-Protection:"0", Cache-Control:"no-cache, no-store, max-age=0, must-revalidate", Pragma:"no-cache", Expires:"0", X-Frame-Options:"DENY"]
     Content type = application/json
             Body = {"token":"eyJhbGciOiJIUzI1NiJ9.eyJyb2xlIjoiVEVOQU5UX0FETUlOIiwidGVuYW50SWQiOjIsInVzZXJJZCI6Mywic3ViIjoicGhhc2UyLmFkbWluQGRlbW8uY29tIiwiaWF0IjoxNzc5MzE3MDIyLCJleHAiOjE3Nzk0MDM0MjJ9.aNtSvfZAcfEsPU2FJX4rNHtMKrQJ2szbFWXoYkpTRbo","type":"Bearer","userId":3,"email":"phase2.admin@demo.com","tenantId":2,"role":"TENANT_ADMIN","expiresIn":86400000}
    Forwarded URL = null
   Redirected URL = null
          Cookies = []

MockHttpServletRequest:
      HTTP Method = POST
      Request URI = /api/auth/login
       Parameters = {}
          Headers = [Content-Type:"application/json;charset=UTF-8", Content-Length:"63"]
             Body = {
  "email": "phase2.user@demo.com",
  "password": "user123"
}

    Session Attrs = {}

Handler:
             Type = com.workhub.controller.AuthController
           Method = com.workhub.controller.AuthController#login(LoginRequest)

Async:
    Async started = false
     Async result = null

Resolved Exception:
             Type = null

ModelAndView:
        View name = null
             View = null
            Model = null

FlashMap:
       Attributes = null

MockHttpServletResponse:
           Status = 200
    Error message = null
          Headers = [X-Correlation-Id:"5564575e-64b5-4f2a-a0e5-b589a86385a0", Content-Type:"application/json", X-Content-Type-Options:"nosniff", X-XSS-Protection:"0", Cache-Control:"no-cache, no-store, max-age=0, must-revalidate", Pragma:"no-cache", Expires:"0", X-Frame-Options:"DENY"]
     Content type = application/json
             Body = {"token":"eyJhbGciOiJIUzI1NiJ9.eyJyb2xlIjoiVEVOQU5UX1VTRVIiLCJ0ZW5hbnRJZCI6MiwidXNlcklkIjo0LCJzdWIiOiJwaGFzZTIudXNlckBkZW1vLmNvbSIsImlhdCI6MTc3OTMxNzAyMiwiZXhwIjoxNzc5NDAzNDIyfQ.yIM6JeESOO6zMZfBiWZmhDT5BQXFQjSNcv_3r3YQdD4","type":"Bearer","userId":4,"email":"phase2.user@demo.com","tenantId":2,"role":"TENANT_USER","expiresIn":86400000}
    Forwarded URL = null
   Redirected URL = null
          Cookies = []

MockHttpServletRequest:
      HTTP Method = POST
      Request URI = /api/auth/login
       Parameters = {}
          Headers = [Content-Type:"application/json;charset=UTF-8", Content-Length:"58"]
             Body = {
  "email": "admin@demo.com",
  "password": "admin123"
}

    Session Attrs = {}

Handler:
             Type = com.workhub.controller.AuthController
           Method = com.workhub.controller.AuthController#login(LoginRequest)

Async:
    Async started = false
     Async result = null

Resolved Exception:
             Type = null

ModelAndView:
        View name = null
             View = null
            Model = null

FlashMap:
       Attributes = null

MockHttpServletResponse:
           Status = 200
    Error message = null
          Headers = [X-Correlation-Id:"b6a518b8-08cd-455f-89a6-e3dfab3510a3", Content-Type:"application/json", X-Content-Type-Options:"nosniff", X-XSS-Protection:"0", Cache-Control:"no-cache, no-store, max-age=0, must-revalidate", Pragma:"no-cache", Expires:"0", X-Frame-Options:"DENY"]
     Content type = application/json
             Body = {"token":"eyJhbGciOiJIUzI1NiJ9.eyJyb2xlIjoiVEVOQU5UX0FETUlOIiwidGVuYW50SWQiOjEsInVzZXJJZCI6MSwic3ViIjoiYWRtaW5AZGVtby5jb20iLCJpYXQiOjE3NzkzMTcwMjIsImV4cCI6MTc3OTQwMzQyMn0.OsDmBAo422eT4aP1gMYJHr1QzdJSgtGXWuOmVZYQ9ys","type":"Bearer","userId":1,"email":"admin@demo.com","tenantId":1,"role":"TENANT_ADMIN","expiresIn":86400000}
    Forwarded URL = null
   Redirected URL = null
          Cookies = []

MockHttpServletRequest:
      HTTP Method = GET
      Request URI = /actuator/health
       Parameters = {}
          Headers = []
             Body = null
    Session Attrs = {}

Handler:
             Type = org.springframework.boot.actuate.endpoint.web.servlet.AbstractWebMvcEndpointHandlerMapping$OperationHandler
           Method = Actuator web endpoint 'health'

Async:
    Async started = false
     Async result = null

Resolved Exception:
             Type = null

ModelAndView:
        View name = null
             View = null
            Model = null

FlashMap:
       Attributes = null

MockHttpServletResponse:
           Status = 503
    Error message = null
          Headers = [X-Correlation-Id:"44bea42f-9533-473d-b36d-eb229dc4c609", Content-Type:"application/vnd.spring-boot.actuator.v3+json", X-Content-Type-Options:"nosniff", X-XSS-Protection:"0", Cache-Control:"no-cache, no-store, max-age=0, must-revalidate", Pragma:"no-cache", Expires:"0", X-Frame-Options:"DENY"]
     Content type = application/vnd.spring-boot.actuator.v3+json
             Body = {"status":"DOWN","components":{"db":{"status":"UP","details":{"database":"H2","validationQuery":"isValid()"}},"diskSpace":{"status":"UP","details":{"total":998088110080,"free":39292796928,"threshold":10485760,"path":"C:\\Users\\asus\\Documents\\GitHub\\Capstone-Project\\.","exists":true}},"livenessState":{"status":"UP"},"ping":{"status":"UP"},"rabbit":{"status":"DOWN","details":{"error":"org.springframework.amqp.AmqpIOException: java.io.IOException"}},"readinessState":{"status":"UP"}},"groups":["liveness","readiness"]}
    Forwarded URL = null
   Redirected URL = null
          Cookies = []
2026-05-21T01:43:42.854+03:00 level=DEBUG app=workhub corr=na method=na path=na logger=org.hibernate.SQL msg="
    select
        pm1_0.id,
        pm1_0.attempt_count,
        pm1_0.correlation_id,
        pm1_0.event_id,
        pm1_0.first_received_at,
        pm1_0.job_id,
        pm1_0.last_error,
        pm1_0.processed_at,
        pm1_0.project_id,
        pm1_0.status,
        pm1_0.tenant_id,
        pm1_0.updated_at,
        pm1_0.version 
    from
        processed_messages pm1_0"
2026-05-21T01:43:42.857+03:00 level=DEBUG app=workhub corr=na method=na path=na logger=org.hibernate.SQL msg="
    select
        j1_0.id,
        j1_0.correlation_id,
        j1_0.created_at,
        j1_0.error_message,
        j1_0.project_id,
        j1_0.status,
        j1_0.tenant_id,
        j1_0.updated_at 
    from
        jobs j1_0"
2026-05-21T01:43:42.858+03:00 level=DEBUG app=workhub corr=na method=na path=na logger=org.hibernate.SQL msg="
    select
        t1_0.id,
        t1_0.created_at,
        t1_0.name,
        t1_0.plan,
        t1_0.status,
        t1_0.updated_at,
        t1_0.version 
    from
        tenants t1_0 
    where
        t1_0.id=?"
2026-05-21T01:43:42.860+03:00 level=DEBUG app=workhub corr=na method=na path=na logger=org.hibernate.SQL msg="
    select
        u1_0.id,
        u1_0.created_at,
        u1_0.email,
        u1_0.first_name,
        u1_0.last_login_at,
        u1_0.last_name,
        u1_0.password,
        u1_0.role,
        u1_0.status,
        u1_0.tenant_id,
        u1_0.updated_at,
        u1_0.version 
    from
        users u1_0 
    where
        u1_0.email=?"
2026-05-21T01:43:42.862+03:00 level=DEBUG app=workhub corr=na method=na path=na logger=org.hibernate.SQL msg="
    select
        p1_0.id,
        p1_0.created_at,
        p1_0.created_by_id,
        p1_0.description,
        p1_0.end_date,
        p1_0.name,
        p1_0.project_key,
        p1_0.start_date,
        p1_0.status,
        p1_0.tenant_id,
        p1_0.updated_at,
        p1_0.version 
    from
        projects p1_0 
    where
        p1_0.tenant_id=? 
        and p1_0.project_key=?"
2026-05-21T01:43:42.865+03:00 level=DEBUG app=workhub corr=na method=na path=na logger=org.hibernate.SQL msg="
    select
        t1_0.id,
        t1_0.actual_hours,
        t1_0.assigned_to_id,
        t1_0.completed_at,
        t1_0.created_at,
        t1_0.description,
        t1_0.due_date,
        t1_0.estimated_hours,
        t1_0.priority,
        t1_0.project_id,
        t1_0.status,
        t1_0.tenant_id,
        t1_0.title,
        t1_0.updated_at,
        t1_0.version 
    from
        tasks t1_0 
    where
        t1_0.tenant_id=? 
        and lower(t1_0.title) like lower(('%'||?||'%')) escape ''"
2026-05-21T01:43:42.868+03:00 level=DEBUG app=workhub corr=na method=na path=na logger=org.hibernate.SQL msg="
    select
        t1_0.id,
        t1_0.created_at,
        t1_0.name,
        t1_0.plan,
        t1_0.status,
        t1_0.updated_at,
        t1_0.version 
    from
        tenants t1_0 
    where
        upper(t1_0.name)=upper(?)"
2026-05-21T01:43:42.871+03:00 level=DEBUG app=workhub corr=na method=na path=na logger=org.hibernate.SQL msg="
    select
        u1_0.id,
        u1_0.created_at,
        u1_0.email,
        u1_0.first_name,
        u1_0.last_login_at,
        u1_0.last_name,
        u1_0.password,
        u1_0.role,
        u1_0.status,
        u1_0.tenant_id,
        u1_0.updated_at,
        u1_0.version 
    from
        users u1_0 
    where
        u1_0.email=?"
2026-05-21T01:43:42.873+03:00 level=DEBUG app=workhub corr=na method=na path=na logger=org.hibernate.SQL msg="
    select
        u1_0.id,
        u1_0.created_at,
        u1_0.email,
        u1_0.first_name,
        u1_0.last_login_at,
        u1_0.last_name,
        u1_0.password,
        u1_0.role,
        u1_0.status,
        u1_0.tenant_id,
        u1_0.updated_at,
        u1_0.version 
    from
        users u1_0 
    where
        u1_0.email=?"
2026-05-21T01:43:42.875+03:00 level=DEBUG app=workhub corr=na method=na path=na logger=org.hibernate.SQL msg="
    select
        p1_0.id,
        p1_0.created_at,
        p1_0.created_by_id,
        p1_0.description,
        p1_0.end_date,
        p1_0.name,
        p1_0.project_key,
        p1_0.start_date,
        p1_0.status,
        p1_0.tenant_id,
        p1_0.updated_at,
        p1_0.version 
    from
        projects p1_0 
    where
        p1_0.tenant_id=? 
        and p1_0.project_key=?"
2026-05-21T01:43:42.877+03:00 level=INFO  app=workhub corr=e91320f1-3dac-477e-9f0c-6de908757908 method=POST path=/api/auth/login logger=c.w.security.RequestTracingFilter msg="request-start"
2026-05-21T01:43:42.877+03:00 level=DEBUG app=workhub corr=e91320f1-3dac-477e-9f0c-6de908757908 method=POST path=/api/auth/login logger=o.s.security.web.FilterChainProxy msg="Securing POST /api/auth/login"
2026-05-21T01:43:42.878+03:00 level=DEBUG app=workhub corr=e91320f1-3dac-477e-9f0c-6de908757908 method=POST path=/api/auth/login logger=o.s.s.w.a.AnonymousAuthenticationFilter msg="Set SecurityContextHolder to anonymous SecurityContext"
2026-05-21T01:43:42.878+03:00 level=DEBUG app=workhub corr=e91320f1-3dac-477e-9f0c-6de908757908 method=POST path=/api/auth/login logger=o.s.security.web.FilterChainProxy msg="Secured POST /api/auth/login"
2026-05-21T01:43:42.879+03:00 level=INFO  app=workhub corr=e91320f1-3dac-477e-9f0c-6de908757908 method=POST path=/api/auth/login logger=c.workhub.controller.AuthController msg="Login attempt for email: phase2.admin@demo.com"
2026-05-21T01:43:42.880+03:00 level=DEBUG app=workhub corr=e91320f1-3dac-477e-9f0c-6de908757908 method=POST path=/api/auth/login logger=org.hibernate.SQL msg="
    select
        u1_0.id,
        u1_0.created_at,
        u1_0.email,
        u1_0.first_name,
        u1_0.last_login_at,
        u1_0.last_name,
        u1_0.password,
        u1_0.role,
        u1_0.status,
        u1_0.tenant_id,
        u1_0.updated_at,
        u1_0.version 
    from
        users u1_0 
    where
        u1_0.email=?"
2026-05-21T01:43:42.947+03:00 level=DEBUG app=workhub corr=e91320f1-3dac-477e-9f0c-6de908757908 method=POST path=/api/auth/login logger=o.s.s.a.d.DaoAuthenticationProvider msg="Authenticated user"
2026-05-21T01:43:42.948+03:00 level=DEBUG app=workhub corr=e91320f1-3dac-477e-9f0c-6de908757908 method=POST path=/api/auth/login logger=org.hibernate.SQL msg="
    select
        u1_0.id,
        u1_0.created_at,
        u1_0.email,
        u1_0.first_name,
        u1_0.last_login_at,
        u1_0.last_name,
        u1_0.password,
        u1_0.role,
        u1_0.status,
        u1_0.tenant_id,
        u1_0.updated_at,
        u1_0.version 
    from
        users u1_0 
    where
        u1_0.id=? 
        and u1_0.tenant_id=?"
2026-05-21T01:43:42.949+03:00 level=DEBUG app=workhub corr=e91320f1-3dac-477e-9f0c-6de908757908 method=POST path=/api/auth/login logger=org.hibernate.SQL msg="
    update
        users 
    set
        email=?,
        first_name=?,
        last_login_at=?,
        last_name=?,
        password=?,
        role=?,
        status=?,
        tenant_id=?,
        updated_at=?,
        version=? 
    where
        id=? 
        and version=?"
2026-05-21T01:43:42.951+03:00 level=INFO  app=workhub corr=e91320f1-3dac-477e-9f0c-6de908757908 method=POST path=/api/auth/login logger=c.workhub.controller.AuthController msg="Login successful for user: phase2.admin@demo.com (tenant: 2)"
2026-05-21T01:43:42.953+03:00 level=INFO  app=workhub corr=e91320f1-3dac-477e-9f0c-6de908757908 method=POST path=/api/auth/login logger=c.w.security.RequestTracingFilter msg="request-end status=200 durationMs=76"
2026-05-21T01:43:42.954+03:00 level=INFO  app=workhub corr=68f25ced-3773-4ff1-b60e-08c182b5a283 method=POST path=/api/auth/login logger=c.w.security.RequestTracingFilter msg="request-start"
2026-05-21T01:43:42.954+03:00 level=DEBUG app=workhub corr=68f25ced-3773-4ff1-b60e-08c182b5a283 method=POST path=/api/auth/login logger=o.s.security.web.FilterChainProxy msg="Securing POST /api/auth/login"
2026-05-21T01:43:42.955+03:00 level=DEBUG app=workhub corr=68f25ced-3773-4ff1-b60e-08c182b5a283 method=POST path=/api/auth/login logger=o.s.s.w.a.AnonymousAuthenticationFilter msg="Set SecurityContextHolder to anonymous SecurityContext"
2026-05-21T01:43:42.955+03:00 level=DEBUG app=workhub corr=68f25ced-3773-4ff1-b60e-08c182b5a283 method=POST path=/api/auth/login logger=o.s.security.web.FilterChainProxy msg="Secured POST /api/auth/login"
2026-05-21T01:43:42.955+03:00 level=INFO  app=workhub corr=68f25ced-3773-4ff1-b60e-08c182b5a283 method=POST path=/api/auth/login logger=c.workhub.controller.AuthController msg="Login attempt for email: phase2.user@demo.com"
2026-05-21T01:43:42.956+03:00 level=DEBUG app=workhub corr=68f25ced-3773-4ff1-b60e-08c182b5a283 method=POST path=/api/auth/login logger=org.hibernate.SQL msg="
    select
        u1_0.id,
        u1_0.created_at,
        u1_0.email,
        u1_0.first_name,
        u1_0.last_login_at,
        u1_0.last_name,
        u1_0.password,
        u1_0.role,
        u1_0.status,
        u1_0.tenant_id,
        u1_0.updated_at,
        u1_0.version 
    from
        users u1_0 
    where
        u1_0.email=?"
2026-05-21T01:43:43.021+03:00 level=DEBUG app=workhub corr=68f25ced-3773-4ff1-b60e-08c182b5a283 method=POST path=/api/auth/login logger=o.s.s.a.d.DaoAuthenticationProvider msg="Authenticated user"
2026-05-21T01:43:43.022+03:00 level=DEBUG app=workhub corr=68f25ced-3773-4ff1-b60e-08c182b5a283 method=POST path=/api/auth/login logger=org.hibernate.SQL msg="
    select
        u1_0.id,
        u1_0.created_at,
        u1_0.email,
        u1_0.first_name,
        u1_0.last_login_at,
        u1_0.last_name,
        u1_0.password,
        u1_0.role,
        u1_0.status,
        u1_0.tenant_id,
        u1_0.updated_at,
        u1_0.version 
    from
        users u1_0 
    where
        u1_0.id=? 
        and u1_0.tenant_id=?"
2026-05-21T01:43:43.023+03:00 level=DEBUG app=workhub corr=68f25ced-3773-4ff1-b60e-08c182b5a283 method=POST path=/api/auth/login logger=org.hibernate.SQL msg="
    update
        users 
    set
        email=?,
        first_name=?,
        last_login_at=?,
        last_name=?,
        password=?,
        role=?,
        status=?,
        tenant_id=?,
        updated_at=?,
        version=? 
    where
        id=? 
        and version=?"
2026-05-21T01:43:43.024+03:00 level=INFO  app=workhub corr=68f25ced-3773-4ff1-b60e-08c182b5a283 method=POST path=/api/auth/login logger=c.workhub.controller.AuthController msg="Login successful for user: phase2.user@demo.com (tenant: 2)"
2026-05-21T01:43:43.025+03:00 level=INFO  app=workhub corr=68f25ced-3773-4ff1-b60e-08c182b5a283 method=POST path=/api/auth/login logger=c.w.security.RequestTracingFilter msg="request-end status=200 durationMs=71"
2026-05-21T01:43:43.026+03:00 level=INFO  app=workhub corr=1a1ff492-de07-49c8-9a87-d190ee6fccc3 method=POST path=/api/auth/login logger=c.w.security.RequestTracingFilter msg="request-start"
2026-05-21T01:43:43.026+03:00 level=DEBUG app=workhub corr=1a1ff492-de07-49c8-9a87-d190ee6fccc3 method=POST path=/api/auth/login logger=o.s.security.web.FilterChainProxy msg="Securing POST /api/auth/login"
2026-05-21T01:43:43.026+03:00 level=DEBUG app=workhub corr=1a1ff492-de07-49c8-9a87-d190ee6fccc3 method=POST path=/api/auth/login logger=o.s.s.w.a.AnonymousAuthenticationFilter msg="Set SecurityContextHolder to anonymous SecurityContext"
2026-05-21T01:43:43.026+03:00 level=DEBUG app=workhub corr=1a1ff492-de07-49c8-9a87-d190ee6fccc3 method=POST path=/api/auth/login logger=o.s.security.web.FilterChainProxy msg="Secured POST /api/auth/login"
2026-05-21T01:43:43.027+03:00 level=INFO  app=workhub corr=1a1ff492-de07-49c8-9a87-d190ee6fccc3 method=POST path=/api/auth/login logger=c.workhub.controller.AuthController msg="Login attempt for email: admin@demo.com"
2026-05-21T01:43:43.029+03:00 level=DEBUG app=workhub corr=1a1ff492-de07-49c8-9a87-d190ee6fccc3 method=POST path=/api/auth/login logger=org.hibernate.SQL msg="
    select
        u1_0.id,
        u1_0.created_at,
        u1_0.email,
        u1_0.first_name,
        u1_0.last_login_at,
        u1_0.last_name,
        u1_0.password,
        u1_0.role,
        u1_0.status,
        u1_0.tenant_id,
        u1_0.updated_at,
        u1_0.version 
    from
        users u1_0 
    where
        u1_0.email=?"
2026-05-21T01:43:43.091+03:00 level=DEBUG app=workhub corr=1a1ff492-de07-49c8-9a87-d190ee6fccc3 method=POST path=/api/auth/login logger=o.s.s.a.d.DaoAuthenticationProvider msg="Authenticated user"
2026-05-21T01:43:43.092+03:00 level=DEBUG app=workhub corr=1a1ff492-de07-49c8-9a87-d190ee6fccc3 method=POST path=/api/auth/login logger=org.hibernate.SQL msg="
    select
        u1_0.id,
        u1_0.created_at,
        u1_0.email,
        u1_0.first_name,
        u1_0.last_login_at,
        u1_0.last_name,
        u1_0.password,
        u1_0.role,
        u1_0.status,
        u1_0.tenant_id,
        u1_0.updated_at,
        u1_0.version 
    from
        users u1_0 
    where
        u1_0.id=? 
        and u1_0.tenant_id=?"
2026-05-21T01:43:43.094+03:00 level=DEBUG app=workhub corr=1a1ff492-de07-49c8-9a87-d190ee6fccc3 method=POST path=/api/auth/login logger=org.hibernate.SQL msg="
    update
        users 
    set
        email=?,
        first_name=?,
        last_login_at=?,
        last_name=?,
        password=?,
        role=?,
        status=?,
        tenant_id=?,
        updated_at=?,
        version=? 
    where
        id=? 
        and version=?"
2026-05-21T01:43:43.095+03:00 level=INFO  app=workhub corr=1a1ff492-de07-49c8-9a87-d190ee6fccc3 method=POST path=/api/auth/login logger=c.workhub.controller.AuthController msg="Login successful for user: admin@demo.com (tenant: 1)"
2026-05-21T01:43:43.096+03:00 level=INFO  app=workhub corr=1a1ff492-de07-49c8-9a87-d190ee6fccc3 method=POST path=/api/auth/login logger=c.w.security.RequestTracingFilter msg="request-end status=200 durationMs=69"
2026-05-21T01:43:43.100+03:00 level=INFO  app=workhub corr=corr-phase2-03f0a457-2548-41b0-b89c-e9fa69bdc6ce method=GET path=/api/projects logger=c.w.security.RequestTracingFilter msg="request-start"
2026-05-21T01:43:43.100+03:00 level=DEBUG app=workhub corr=corr-phase2-03f0a457-2548-41b0-b89c-e9fa69bdc6ce method=GET path=/api/projects logger=o.s.security.web.FilterChainProxy msg="Securing GET /api/projects"
2026-05-21T01:43:43.105+03:00 level=DEBUG app=workhub corr=corr-phase2-03f0a457-2548-41b0-b89c-e9fa69bdc6ce method=GET path=/api/projects logger=org.hibernate.SQL msg="
    select
        u1_0.id,
        u1_0.created_at,
        u1_0.email,
        u1_0.first_name,
        u1_0.last_login_at,
        u1_0.last_name,
        u1_0.password,
        u1_0.role,
        u1_0.status,
        u1_0.tenant_id,
        u1_0.updated_at,
        u1_0.version 
    from
        users u1_0 
    where
        u1_0.email=?"
2026-05-21T01:43:43.109+03:00 level=DEBUG app=workhub corr=corr-phase2-03f0a457-2548-41b0-b89c-e9fa69bdc6ce method=GET path=/api/projects logger=o.s.security.web.FilterChainProxy msg="Secured GET /api/projects"
2026-05-21T01:43:43.109+03:00 level=DEBUG app=workhub corr=corr-phase2-03f0a457-2548-41b0-b89c-e9fa69bdc6ce method=GET path=/api/projects logger=o.s.s.a.m.AuthorizationManagerBeforeMethodInterceptor msg="Authorizing method invocation ReflectiveMethodInvocation: public org.springframework.http.ResponseEntity com.workhub.controller.ProjectController.getAllProjects(); target is of class [com.workhub.controller.ProjectController]"
2026-05-21T01:43:43.110+03:00 level=DEBUG app=workhub corr=corr-phase2-03f0a457-2548-41b0-b89c-e9fa69bdc6ce method=GET path=/api/projects logger=o.s.s.a.m.AuthorizationManagerBeforeMethodInterceptor msg="Authorized method invocation ReflectiveMethodInvocation: public org.springframework.http.ResponseEntity com.workhub.controller.ProjectController.getAllProjects(); target is of class [com.workhub.controller.ProjectController]"
2026-05-21T01:43:43.110+03:00 level=DEBUG app=workhub corr=corr-phase2-03f0a457-2548-41b0-b89c-e9fa69bdc6ce method=GET path=/api/projects logger=org.hibernate.SQL msg="
    select
        distinct p1_0.id,
        p1_0.created_at,
        p1_0.created_by_id,
        cb1_0.id,
        cb1_0.created_at,
        cb1_0.email,
        cb1_0.first_name,
        cb1_0.last_login_at,
        cb1_0.last_name,
        cb1_0.password,
        cb1_0.role,
        cb1_0.status,
        cb1_0.tenant_id,
        cb1_0.updated_at,
        cb1_0.version,
        p1_0.description,
        p1_0.end_date,
        p1_0.name,
        p1_0.project_key,
        p1_0.start_date,
        p1_0.status,
        t2_0.project_id,
        t2_0.id,
        t2_0.actual_hours,
        t2_0.assigned_to_id,
        t2_0.completed_at,
        t2_0.created_at,
        t2_0.description,
        t2_0.due_date,
        t2_0.estimated_hours,
        t2_0.priority,
        t2_0.status,
        t2_0.tenant_id,
        t2_0.title,
        t2_0.updated_at,
        t2_0.version,
        p1_0.tenant_id,
        t1_0.id,
        t1_0.created_at,
        t1_0.name,
        t1_0.plan,
        t1_0.status,
        t1_0.updated_at,
        t1_0.version,
        p1_0.updated_at,
        p1_0.version 
    from
        projects p1_0 
    join
        tenants t1_0 
            on t1_0.id=p1_0.tenant_id 
    join
        users cb1_0 
            on cb1_0.id=p1_0.created_by_id 
    left join
        tasks t2_0 
            on p1_0.id=t2_0.project_id 
    where
        p1_0.tenant_id=?"
2026-05-21T01:43:43.114+03:00 level=DEBUG app=workhub corr=corr-phase2-03f0a457-2548-41b0-b89c-e9fa69bdc6ce method=GET path=/api/projects logger=org.hibernate.SQL msg="
    select
        u1_0.tenant_id,
        u1_0.id,
        u1_0.created_at,
        u1_0.email,
        u1_0.first_name,
        u1_0.last_login_at,
        u1_0.last_name,
        u1_0.password,
        u1_0.role,
        u1_0.status,
        u1_0.updated_at,
        u1_0.version 
    from
        users u1_0 
    where
        u1_0.tenant_id=?"
2026-05-21T01:43:43.114+03:00 level=DEBUG app=workhub corr=corr-phase2-03f0a457-2548-41b0-b89c-e9fa69bdc6ce method=GET path=/api/projects logger=org.hibernate.SQL msg="
    select
        u1_0.tenant_id,
        u1_0.id,
        u1_0.created_at,
        u1_0.email,
        u1_0.first_name,
        u1_0.last_login_at,
        u1_0.last_name,
        u1_0.password,
        u1_0.role,
        u1_0.status,
        u1_0.updated_at,
        u1_0.version 
    from
        users u1_0 
    where
        u1_0.tenant_id=?"
2026-05-21T01:43:43.116+03:00 level=ERROR app=workhub corr=corr-phase2-03f0a457-2548-41b0-b89c-e9fa69bdc6ce method=GET path=/api/projects logger=c.w.exception.GlobalExceptionHandler msg="Unexpected error"
jakarta.servlet.ServletException: Handler dispatch failed: java.lang.AssertionError
	at org.springframework.web.servlet.DispatcherServlet.doDispatch(DispatcherServlet.java:1104)
	at org.springframework.web.servlet.DispatcherServlet.doService(DispatcherServlet.java:979)
	at org.springframework.web.servlet.FrameworkServlet.processRequest(FrameworkServlet.java:1014)
	at org.springframework.web.servlet.FrameworkServlet.doGet(FrameworkServlet.java:903)
	at jakarta.servlet.http.HttpServlet.service(HttpServlet.java:564)
	at org.springframework.web.servlet.FrameworkServlet.service(FrameworkServlet.java:885)
	at org.springframework.test.web.servlet.TestDispatcherServlet.service(TestDispatcherServlet.java:72)
	at jakarta.servlet.http.HttpServlet.service(HttpServlet.java:658)
	at org.springframework.mock.web.MockFilterChain$ServletFilterProxy.doFilter(MockFilterChain.java:165)
	at org.springframework.mock.web.MockFilterChain.doFilter(MockFilterChain.java:132)
	at org.springframework.web.filter.OncePerRequestFilter.doFilter(OncePerRequestFilter.java:110)
	at org.springframework.test.web.servlet.setup.MockMvcFilterDecorator.doFilter(MockMvcFilterDecorator.java:151)
	at org.springframework.mock.web.MockFilterChain.doFilter(MockFilterChain.java:132)
	at org.springframework.web.filter.CompositeFilter$VirtualFilterChain.doFilter(CompositeFilter.java:108)
	at org.springframework.security.web.FilterChainProxy.lambda$doFilterInternal$3(FilterChainProxy.java:231)
	at org.springframework.security.web.ObservationFilterChainDecorator$FilterObservation$SimpleFilterObservation.lambda$wrap$1(ObservationFilterChainDecorator.java:479)
	at org.springframework.security.web.ObservationFilterChainDecorator$AroundFilterObservation$SimpleAroundFilterObservation.lambda$wrap$1(ObservationFilterChainDecorator.java:340)
	at org.springframework.security.web.ObservationFilterChainDecorator.lambda$wrapSecured$0(ObservationFilterChainDecorator.java:82)
	at org.springframework.security.web.ObservationFilterChainDecorator$VirtualFilterChain.doFilter(ObservationFilterChainDecorator.java:128)
	at org.springframework.security.web.access.intercept.AuthorizationFilter.doFilter(AuthorizationFilter.java:100)
	at org.springframework.security.web.ObservationFilterChainDecorator$ObservationFilter.wrapFilter(ObservationFilterChainDecorator.java:240)
	at org.springframework.security.web.ObservationFilterChainDecorator$ObservationFilter.doFilter(ObservationFilterChainDecorator.java:227)
	at org.springframework.security.web.ObservationFilterChainDecorator$VirtualFilterChain.doFilter(ObservationFilterChainDecorator.java:137)
	at org.springframework.security.web.access.ExceptionTranslationFilter.doFilter(ExceptionTranslationFilter.java:126)
	at org.springframework.security.web.access.ExceptionTranslationFilter.doFilter(ExceptionTranslationFilter.java:120)
	at org.springframework.security.web.ObservationFilterChainDecorator$ObservationFilter.wrapFilter(ObservationFilterChainDecorator.java:240)
	at org.springframework.security.web.ObservationFilterChainDecorator$ObservationFilter.doFilter(ObservationFilterChainDecorator.java:227)
	at org.springframework.security.web.ObservationFilterChainDecorator$VirtualFilterChain.doFilter(ObservationFilterChainDecorator.java:137)
	at org.springframework.security.web.session.SessionManagementFilter.doFilter(SessionManagementFilter.java:131)
	at org.springframework.security.web.session.SessionManagementFilter.doFilter(SessionManagementFilter.java:85)
	at org.springframework.security.web.ObservationFilterChainDecorator$ObservationFilter.wrapFilter(ObservationFilterChainDecorator.java:240)
	at org.springframework.security.web.ObservationFilterChainDecorator$ObservationFilter.doFilter(ObservationFilterChainDecorator.java:227)
	at org.springframework.security.web.ObservationFilterChainDecorator$VirtualFilterChain.doFilter(ObservationFilterChainDecorator.java:137)
	at org.springframework.security.web.authentication.AnonymousAuthenticationFilter.doFilter(AnonymousAuthenticationFilter.java:100)
	at org.springframework.security.web.ObservationFilterChainDecorator$ObservationFilter.wrapFilter(ObservationFilterChainDecorator.java:240)
	at org.springframework.security.web.ObservationFilterChainDecorator$ObservationFilter.doFilter(ObservationFilterChainDecorator.java:227)
	at org.springframework.security.web.ObservationFilterChainDecorator$VirtualFilterChain.doFilter(ObservationFilterChainDecorator.java:137)
	at org.springframework.security.web.servletapi.SecurityContextHolderAwareRequestFilter.doFilter(SecurityContextHolderAwareRequestFilter.java:179)
	at org.springframework.security.web.ObservationFilterChainDecorator$ObservationFilter.wrapFilter(ObservationFilterChainDecorator.java:240)
	at org.springframework.security.web.ObservationFilterChainDecorator$ObservationFilter.doFilter(ObservationFilterChainDecorator.java:227)
	at org.springframework.security.web.ObservationFilterChainDecorator$VirtualFilterChain.doFilter(ObservationFilterChainDecorator.java:137)
	at org.springframework.security.web.savedrequest.RequestCacheAwareFilter.doFilter(RequestCacheAwareFilter.java:63)
	at org.springframework.security.web.ObservationFilterChainDecorator$ObservationFilter.wrapFilter(ObservationFilterChainDecorator.java:240)
	at org.springframework.security.web.ObservationFilterChainDecorator$ObservationFilter.doFilter(ObservationFilterChainDecorator.java:227)
	at org.springframework.security.web.ObservationFilterChainDecorator$VirtualFilterChain.doFilter(ObservationFilterChainDecorator.java:137)
	at com.workhub.security.JwtAuthenticationFilter.doFilterInternal(JwtAuthenticationFilter.java:93)
	at org.springframework.web.filter.OncePerRequestFilter.doFilter(OncePerRequestFilter.java:116)
	at org.springframework.security.web.ObservationFilterChainDecorator$ObservationFilter.wrapFilter(ObservationFilterChainDecorator.java:240)
	at org.springframework.security.web.ObservationFilterChainDecorator$ObservationFilter.doFilter(ObservationFilterChainDecorator.java:227)
	at org.springframework.security.web.ObservationFilterChainDecorator$VirtualFilterChain.doFilter(ObservationFilterChainDecorator.java:137)
	at org.springframework.security.web.authentication.logout.LogoutFilter.doFilter(LogoutFilter.java:107)
	at org.springframework.security.web.authentication.logout.LogoutFilter.doFilter(LogoutFilter.java:93)
	at org.springframework.security.web.ObservationFilterChainDecorator$ObservationFilter.wrapFilter(ObservationFilterChainDecorator.java:240)
	at org.springframework.security.web.ObservationFilterChainDecorator$ObservationFilter.doFilter(ObservationFilterChainDecorator.java:227)
	at org.springframework.security.web.ObservationFilterChainDecorator$VirtualFilterChain.doFilter(ObservationFilterChainDecorator.java:137)
	at org.springframework.security.web.header.HeaderWriterFilter.doHeadersAfter(HeaderWriterFilter.java:90)
	at org.springframework.security.web.header.HeaderWriterFilter.doFilterInternal(HeaderWriterFilter.java:75)
	at org.springframework.web.filter.OncePerRequestFilter.doFilter(OncePerRequestFilter.java:116)
	at org.springframework.security.web.ObservationFilterChainDecorator$ObservationFilter.wrapFilter(ObservationFilterChainDecorator.java:240)
	at org.springframework.security.web.ObservationFilterChainDecorator$ObservationFilter.doFilter(ObservationFilterChainDecorator.java:227)
	at org.springframework.security.web.ObservationFilterChainDecorator$VirtualFilterChain.doFilter(ObservationFilterChainDecorator.java:137)
	at org.springframework.security.web.context.SecurityContextHolderFilter.doFilter(SecurityContextHolderFilter.java:82)
	at org.springframework.security.web.context.SecurityContextHolderFilter.doFilter(SecurityContextHolderFilter.java:69)
	at org.springframework.security.web.ObservationFilterChainDecorator$ObservationFilter.wrapFilter(ObservationFilterChainDecorator.java:240)
	at org.springframework.security.web.ObservationFilterChainDecorator$ObservationFilter.doFilter(ObservationFilterChainDecorator.java:227)
	at org.springframework.security.web.ObservationFilterChainDecorator$VirtualFilterChain.doFilter(ObservationFilterChainDecorator.java:137)
	at org.springframework.security.web.context.request.async.WebAsyncManagerIntegrationFilter.doFilterInternal(WebAsyncManagerIntegrationFilter.java:62)
	at org.springframework.web.filter.OncePerRequestFilter.doFilter(OncePerRequestFilter.java:116)
	at org.springframework.security.web.ObservationFilterChainDecorator$ObservationFilter.wrapFilter(ObservationFilterChainDecorator.java:240)
	at org.springframework.security.web.ObservationFilterChainDecorator$ObservationFilter.doFilter(ObservationFilterChainDecorator.java:227)
	at org.springframework.security.web.ObservationFilterChainDecorator$VirtualFilterChain.doFilter(ObservationFilterChainDecorator.java:137)
	at org.springframework.security.web.session.DisableEncodeUrlFilter.doFilterInternal(DisableEncodeUrlFilter.java:42)
	at org.springframework.web.filter.OncePerRequestFilter.doFilter(OncePerRequestFilter.java:116)
	at org.springframework.security.web.ObservationFilterChainDecorator$ObservationFilter.wrapFilter(ObservationFilterChainDecorator.java:240)
	at org.springframework.security.web.ObservationFilterChainDecorator$AroundFilterObservation$SimpleAroundFilterObservation.lambda$wrap$0(ObservationFilterChainDecorator.java:323)
	at org.springframework.security.web.ObservationFilterChainDecorator$ObservationFilter.doFilter(ObservationFilterChainDecorator.java:224)
	at org.springframework.security.web.ObservationFilterChainDecorator$VirtualFilterChain.doFilter(ObservationFilterChainDecorator.java:137)
	at org.springframework.security.web.FilterChainProxy.doFilterInternal(FilterChainProxy.java:233)
	at org.springframework.security.web.FilterChainProxy.doFilter(FilterChainProxy.java:191)
	at org.springframework.web.filter.CompositeFilter$VirtualFilterChain.doFilter(CompositeFilter.java:113)
	at org.springframework.web.servlet.handler.HandlerMappingIntrospector.lambda$createCacheFilter$3(HandlerMappingIntrospector.java:195)
	at org.springframework.web.filter.CompositeFilter$VirtualFilterChain.doFilter(CompositeFilter.java:113)
	at org.springframework.web.filter.CompositeFilter.doFilter(CompositeFilter.java:74)
	at org.springframework.security.config.annotation.web.configuration.WebMvcSecurityConfiguration$CompositeFilterChainProxy.doFilter(WebMvcSecurityConfiguration.java:230)
	at org.springframework.web.filter.DelegatingFilterProxy.invokeDelegate(DelegatingFilterProxy.java:362)
	at org.springframework.web.filter.DelegatingFilterProxy.doFilter(DelegatingFilterProxy.java:278)
	at org.springframework.test.web.servlet.setup.MockMvcFilterDecorator.doFilter(MockMvcFilterDecorator.java:151)
	at org.springframework.mock.web.MockFilterChain.doFilter(MockFilterChain.java:132)
	at org.springframework.web.filter.RequestContextFilter.doFilterInternal(RequestContextFilter.java:100)
	at org.springframework.web.filter.OncePerRequestFilter.doFilter(OncePerRequestFilter.java:116)
	at org.springframework.test.web.servlet.setup.MockMvcFilterDecorator.doFilter(MockMvcFilterDecorator.java:151)
	at org.springframework.mock.web.MockFilterChain.doFilter(MockFilterChain.java:132)
	at org.springframework.web.filter.FormContentFilter.doFilterInternal(FormContentFilter.java:93)
	at org.springframework.web.filter.OncePerRequestFilter.doFilter(OncePerRequestFilter.java:116)
	at org.springframework.test.web.servlet.setup.MockMvcFilterDecorator.doFilter(MockMvcFilterDecorator.java:151)
	at org.springframework.mock.web.MockFilterChain.doFilter(MockFilterChain.java:132)
	at com.workhub.security.RequestTracingFilter.doFilterInternal(RequestTracingFilter.java:38)
	at org.springframework.web.filter.OncePerRequestFilter.doFilter(OncePerRequestFilter.java:116)
	at org.springframework.test.web.servlet.setup.MockMvcFilterDecorator.doFilter(MockMvcFilterDecorator.java:151)
	at org.springframework.mock.web.MockFilterChain.doFilter(MockFilterChain.java:132)
	at org.springframework.web.filter.ServerHttpObservationFilter.doFilterInternal(ServerHttpObservationFilter.java:113)
	at org.springframework.web.filter.OncePerRequestFilter.doFilter(OncePerRequestFilter.java:116)
	at org.springframework.test.web.servlet.setup.MockMvcFilterDecorator.doFilter(MockMvcFilterDecorator.java:151)
	at org.springframework.mock.web.MockFilterChain.doFilter(MockFilterChain.java:132)
	at org.springframework.web.filter.CharacterEncodingFilter.doFilterInternal(CharacterEncodingFilter.java:201)
	at org.springframework.web.filter.OncePerRequestFilter.doFilter(OncePerRequestFilter.java:116)
	at org.springframework.test.web.servlet.setup.MockMvcFilterDecorator.doFilter(MockMvcFilterDecorator.java:151)
	at org.springframework.mock.web.MockFilterChain.doFilter(MockFilterChain.java:132)
	at com.workhub.security.CorrelationIdFilter.doFilterInternal(CorrelationIdFilter.java:38)
	at org.springframework.web.filter.OncePerRequestFilter.doFilter(OncePerRequestFilter.java:116)
	at org.springframework.test.web.servlet.setup.MockMvcFilterDecorator.doFilter(MockMvcFilterDecorator.java:151)
	at org.springframework.mock.web.MockFilterChain.doFilter(MockFilterChain.java:132)
	at org.springframework.test.web.servlet.MockMvc.perform(MockMvc.java:201)
	at com.workhub.Phase2EnterpriseIntegrationTest.correlationIdsPresentInLogs(Phase2EnterpriseIntegrationTest.java:458)
	at java.base/jdk.internal.reflect.DirectMethodHandleAccessor.invoke(DirectMethodHandleAccessor.java:103)
	at java.base/java.lang.reflect.Method.invoke(Method.java:580)
	at org.junit.platform.commons.util.ReflectionUtils.invokeMethod(ReflectionUtils.java:728)
	at org.junit.jupiter.engine.execution.MethodInvocation.proceed(MethodInvocation.java:60)
	at org.junit.jupiter.engine.execution.InvocationInterceptorChain$ValidatingInvocation.proceed(InvocationInterceptorChain.java:131)
	at org.junit.jupiter.engine.extension.TimeoutExtension.intercept(TimeoutExtension.java:156)
	at org.junit.jupiter.engine.extension.TimeoutExtension.interceptTestableMethod(TimeoutExtension.java:147)
	at org.junit.jupiter.engine.extension.TimeoutExtension.interceptTestMethod(TimeoutExtension.java:86)
	at org.junit.jupiter.engine.execution.InterceptingExecutableInvoker$ReflectiveInterceptorCall.lambda$ofVoidMethod$0(InterceptingExecutableInvoker.java:103)
	at org.junit.jupiter.engine.execution.InterceptingExecutableInvoker.lambda$invoke$0(InterceptingExecutableInvoker.java:93)
	at org.junit.jupiter.engine.execution.InvocationInterceptorChain$InterceptedInvocation.proceed(InvocationInterceptorChain.java:106)
	at org.junit.jupiter.engine.execution.InvocationInterceptorChain.proceed(InvocationInterceptorChain.java:64)
	at org.junit.jupiter.engine.execution.InvocationInterceptorChain.chainAndInvoke(InvocationInterceptorChain.java:45)
	at org.junit.jupiter.engine.execution.InvocationInterceptorChain.invoke(InvocationInterceptorChain.java:37)
	at org.junit.jupiter.engine.execution.InterceptingExecutableInvoker.invoke(InterceptingExecutableInvoker.java:92)
	at org.junit.jupiter.engine.execution.InterceptingExecutableInvoker.invoke(InterceptingExecutableInvoker.java:86)
	at org.junit.jupiter.engine.descriptor.TestMethodTestDescriptor.lambda$invokeTestMethod$7(TestMethodTestDescriptor.java:218)
	at org.junit.platform.engine.support.hierarchical.ThrowableCollector.execute(ThrowableCollector.java:73)
	at org.junit.jupiter.engine.descriptor.TestMethodTestDescriptor.invokeTestMethod(TestMethodTestDescriptor.java:214)
	at org.junit.jupiter.engine.descriptor.TestMethodTestDescriptor.execute(TestMethodTestDescriptor.java:139)
	at org.junit.jupiter.engine.descriptor.TestMethodTestDescriptor.execute(TestMethodTestDescriptor.java:69)
	at org.junit.platform.engine.support.hierarchical.NodeTestTask.lambda$executeRecursively$6(NodeTestTask.java:156)
	at org.junit.platform.engine.support.hierarchical.ThrowableCollector.execute(ThrowableCollector.java:73)
	at org.junit.platform.engine.support.hierarchical.NodeTestTask.lambda$executeRecursively$8(NodeTestTask.java:146)
	at org.junit.platform.engine.support.hierarchical.Node.around(Node.java:137)
	at org.junit.platform.engine.support.hierarchical.NodeTestTask.lambda$executeRecursively$9(NodeTestTask.java:144)
	at org.junit.platform.engine.support.hierarchical.ThrowableCollector.execute(ThrowableCollector.java:73)
	at org.junit.platform.engine.support.hierarchical.NodeTestTask.executeRecursively(NodeTestTask.java:143)
	at org.junit.platform.engine.support.hierarchical.NodeTestTask.execute(NodeTestTask.java:100)
	at java.base/java.util.ArrayList.forEach(ArrayList.java:1596)
	at org.junit.platform.engine.support.hierarchical.SameThreadHierarchicalTestExecutorService.invokeAll(SameThreadHierarchicalTestExecutorService.java:41)
	at org.junit.platform.engine.support.hierarchical.NodeTestTask.lambda$executeRecursively$6(NodeTestTask.java:160)
	at org.junit.platform.engine.support.hierarchical.ThrowableCollector.execute(ThrowableCollector.java:73)
	at org.junit.platform.engine.support.hierarchical.NodeTestTask.lambda$executeRecursively$8(NodeTestTask.java:146)
	at org.junit.platform.engine.support.hierarchical.Node.around(Node.java:137)
	at org.junit.platform.engine.support.hierarchical.NodeTestTask.lambda$executeRecursively$9(NodeTestTask.java:144)
	at org.junit.platform.engine.support.hierarchical.ThrowableCollector.execute(ThrowableCollector.java:73)
	at org.junit.platform.engine.support.hierarchical.NodeTestTask.executeRecursively(NodeTestTask.java:143)
	at org.junit.platform.engine.support.hierarchical.NodeTestTask.execute(NodeTestTask.java:100)
	at java.base/java.util.ArrayList.forEach(ArrayList.java:1596)
	at org.junit.platform.engine.support.hierarchical.SameThreadHierarchicalTestExecutorService.invokeAll(SameThreadHierarchicalTestExecutorService.java:41)
	at org.junit.platform.engine.support.hierarchical.NodeTestTask.lambda$executeRecursively$6(NodeTestTask.java:160)
	at org.junit.platform.engine.support.hierarchical.ThrowableCollector.execute(ThrowableCollector.java:73)
	at org.junit.platform.engine.support.hierarchical.NodeTestTask.lambda$executeRecursively$8(NodeTestTask.java:146)
	at org.junit.platform.engine.support.hierarchical.Node.around(Node.java:137)
	at org.junit.platform.engine.support.hierarchical.NodeTestTask.lambda$executeRecursively$9(NodeTestTask.java:144)
	at org.junit.platform.engine.support.hierarchical.ThrowableCollector.execute(ThrowableCollector.java:73)
	at org.junit.platform.engine.support.hierarchical.NodeTestTask.executeRecursively(NodeTestTask.java:143)
	at org.junit.platform.engine.support.hierarchical.NodeTestTask.execute(NodeTestTask.java:100)
	at org.junit.platform.engine.support.hierarchical.SameThreadHierarchicalTestExecutorService.submit(SameThreadHierarchicalTestExecutorService.java:35)
	at org.junit.platform.engine.support.hierarchical.HierarchicalTestExecutor.execute(HierarchicalTestExecutor.java:57)
	at org.junit.platform.engine.support.hierarchical.HierarchicalTestEngine.execute(HierarchicalTestEngine.java:54)
	at org.junit.platform.launcher.core.EngineExecutionOrchestrator.execute(EngineExecutionOrchestrator.java:198)
	at org.junit.platform.launcher.core.EngineExecutionOrchestrator.execute(EngineExecutionOrchestrator.java:169)
	at org.junit.platform.launcher.core.EngineExecutionOrchestrator.execute(EngineExecutionOrchestrator.java:93)
	at org.junit.platform.launcher.core.EngineExecutionOrchestrator.lambda$execute$0(EngineExecutionOrchestrator.java:58)
	at org.junit.platform.launcher.core.EngineExecutionOrchestrator.withInterceptedStreams(EngineExecutionOrchestrator.java:141)
	at org.junit.platform.launcher.core.EngineExecutionOrchestrator.execute(EngineExecutionOrchestrator.java:57)
	at org.junit.platform.launcher.core.DefaultLauncher.execute(DefaultLauncher.java:103)
	at org.junit.platform.launcher.core.DefaultLauncher.execute(DefaultLauncher.java:85)
	at org.junit.platform.launcher.core.DelegatingLauncher.execute(DelegatingLauncher.java:47)
	at org.apache.maven.surefire.junitplatform.LazyLauncher.execute(LazyLauncher.java:56)
	at org.apache.maven.surefire.junitplatform.JUnitPlatformProvider.execute(JUnitPlatformProvider.java:184)
	at org.apache.maven.surefire.junitplatform.JUnitPlatformProvider.invokeAllTests(JUnitPlatformProvider.java:148)
	at org.apache.maven.surefire.junitplatform.JUnitPlatformProvider.invoke(JUnitPlatformProvider.java:120)
	at org.apache.maven.surefire.booter.ForkedBooter.runSuitesInProcess(ForkedBooter.java:385)
	at org.apache.maven.surefire.booter.ForkedBooter.execute(ForkedBooter.java:162)
	at org.apache.maven.surefire.booter.ForkedBooter.run(ForkedBooter.java:507)
	at org.apache.maven.surefire.booter.ForkedBooter.main(ForkedBooter.java:495)
Caused by: java.lang.AssertionError: null
	at org.hibernate.collection.spi.PersistentSet.initializeEmptyCollection(PersistentSet.java:96)
	at org.hibernate.event.internal.DefaultInitializeCollectionEventListener.handlePotentiallyEmptyCollection(DefaultInitializeCollectionEventListener.java:87)
	at org.hibernate.event.internal.DefaultInitializeCollectionEventListener.onInitializeCollection(DefaultInitializeCollectionEventListener.java:68)
	at org.hibernate.event.service.internal.EventListenerGroupImpl.fireEventOnEachListener(EventListenerGroupImpl.java:127)
	at org.hibernate.internal.SessionImpl.initializeCollection(SessionImpl.java:1720)
	at org.hibernate.collection.spi.AbstractPersistentCollection.lambda$initialize$3(AbstractPersistentCollection.java:617)
	at org.hibernate.collection.spi.AbstractPersistentCollection.withTemporarySessionIfNeeded(AbstractPersistentCollection.java:266)
	at org.hibernate.collection.spi.AbstractPersistentCollection.initialize(AbstractPersistentCollection.java:615)
	at org.hibernate.collection.spi.AbstractPersistentCollection.read(AbstractPersistentCollection.java:138)
	at org.hibernate.collection.spi.PersistentSet.hashCode(PersistentSet.java:409)
	at com.workhub.entity.Tenant.hashCode(Tenant.java:26)
	at com.workhub.entity.User.hashCode(User.java:32)
	at java.base/java.util.HashMap.hash(HashMap.java:338)
	at java.base/java.util.HashMap.put(HashMap.java:618)
	at java.base/java.util.HashSet.add(HashSet.java:229)
	at java.base/java.util.AbstractCollection.addAll(AbstractCollection.java:338)
	at org.hibernate.collection.spi.PersistentSet.injectLoadedState(PersistentSet.java:311)
	at org.hibernate.sql.results.internal.LoadingCollectionEntryImpl.finishLoading(LoadingCollectionEntryImpl.java:72)
	at org.hibernate.sql.results.jdbc.internal.JdbcValuesSourceProcessingStateStandardImpl.finishLoadingCollections(JdbcValuesSourceProcessingStateStandardImpl.java:178)
	at org.hibernate.sql.results.jdbc.internal.JdbcValuesSourceProcessingStateStandardImpl.finishUp(JdbcValuesSourceProcessingStateStandardImpl.java:149)
	at org.hibernate.sql.results.spi.ListResultsConsumer.consume(ListResultsConsumer.java:212)
	at org.hibernate.sql.results.spi.ListResultsConsumer.consume(ListResultsConsumer.java:33)
	at org.hibernate.sql.exec.internal.JdbcSelectExecutorStandardImpl.doExecuteQuery(JdbcSelectExecutorStandardImpl.java:211)
	at org.hibernate.sql.exec.internal.JdbcSelectExecutorStandardImpl.executeQuery(JdbcSelectExecutorStandardImpl.java:83)
	at org.hibernate.sql.exec.spi.JdbcSelectExecutor.list(JdbcSelectExecutor.java:76)
	at org.hibernate.sql.exec.spi.JdbcSelectExecutor.list(JdbcSelectExecutor.java:65)
	at org.hibernate.loader.ast.internal.CollectionLoaderSingleKey.load(CollectionLoaderSingleKey.java:120)
	at org.hibernate.persister.collection.AbstractCollectionPersister.initialize(AbstractCollectionPersister.java:703)
	at org.hibernate.event.internal.DefaultInitializeCollectionEventListener.onInitializeCollection(DefaultInitializeCollectionEventListener.java:67)
	at org.hibernate.event.service.internal.EventListenerGroupImpl.fireEventOnEachListener(EventListenerGroupImpl.java:127)
	at org.hibernate.internal.SessionImpl.initializeCollection(SessionImpl.java:1720)
	at org.hibernate.collection.spi.AbstractPersistentCollection.lambda$initialize$3(AbstractPersistentCollection.java:617)
	at org.hibernate.collection.spi.AbstractPersistentCollection.withTemporarySessionIfNeeded(AbstractPersistentCollection.java:266)
	at org.hibernate.collection.spi.AbstractPersistentCollection.initialize(AbstractPersistentCollection.java:615)
	at org.hibernate.collection.spi.AbstractPersistentCollection.read(AbstractPersistentCollection.java:138)
	at org.hibernate.collection.spi.PersistentSet.hashCode(PersistentSet.java:409)
	at com.workhub.entity.Tenant.hashCode(Tenant.java:26)
	at com.workhub.entity.Project.hashCode(Project.java:30)
	at com.workhub.entity.Task.hashCode(Task.java:29)
	at java.base/java.util.HashMap.hash(HashMap.java:338)
	at java.base/java.util.HashMap.put(HashMap.java:618)
	at java.base/java.util.HashSet.add(HashSet.java:229)
	at java.base/java.util.AbstractCollection.addAll(AbstractCollection.java:338)
	at org.hibernate.collection.spi.PersistentSet.injectLoadedState(PersistentSet.java:311)
	at org.hibernate.sql.results.internal.LoadingCollectionEntryImpl.finishLoading(LoadingCollectionEntryImpl.java:72)
	at org.hibernate.sql.results.jdbc.internal.JdbcValuesSourceProcessingStateStandardImpl.finishLoadingCollections(JdbcValuesSourceProcessingStateStandardImpl.java:178)
	at org.hibernate.sql.results.jdbc.internal.JdbcValuesSourceProcessingStateStandardImpl.finishUp(JdbcValuesSourceProcessingStateStandardImpl.java:149)
	at org.hibernate.sql.results.spi.ListResultsConsumer.consume(ListResultsConsumer.java:212)
	at org.hibernate.sql.results.spi.ListResultsConsumer.consume(ListResultsConsumer.java:33)
	at org.hibernate.sql.exec.internal.JdbcSelectExecutorStandardImpl.doExecuteQuery(JdbcSelectExecutorStandardImpl.java:211)
	at org.hibernate.sql.exec.internal.JdbcSelectExecutorStandardImpl.executeQuery(JdbcSelectExecutorStandardImpl.java:83)
	at org.hibernate.sql.exec.spi.JdbcSelectExecutor.list(JdbcSelectExecutor.java:76)
	at org.hibernate.sql.exec.spi.JdbcSelectExecutor.list(JdbcSelectExecutor.java:65)
	at org.hibernate.query.sqm.internal.ConcreteSqmSelectQueryPlan.lambda$new$2(ConcreteSqmSelectQueryPlan.java:139)
	at org.hibernate.query.sqm.internal.ConcreteSqmSelectQueryPlan.withCacheableSqmInterpretation(ConcreteSqmSelectQueryPlan.java:382)
	at org.hibernate.query.sqm.internal.ConcreteSqmSelectQueryPlan.performList(ConcreteSqmSelectQueryPlan.java:302)
	at org.hibernate.query.sqm.internal.QuerySqmImpl.doList(QuerySqmImpl.java:526)
	at org.hibernate.query.spi.AbstractSelectionQuery.list(AbstractSelectionQuery.java:423)
	at org.hibernate.query.Query.getResultList(Query.java:120)
	at org.springframework.data.jpa.repository.query.JpaQueryExecution$CollectionExecution.doExecute(JpaQueryExecution.java:129)
	at org.springframework.data.jpa.repository.query.JpaQueryExecution.execute(JpaQueryExecution.java:92)
	at org.springframework.data.jpa.repository.query.AbstractJpaQuery.doExecute(AbstractJpaQuery.java:152)
	at org.springframework.data.jpa.repository.query.AbstractJpaQuery.execute(AbstractJpaQuery.java:140)
	at org.springframework.data.repository.core.support.RepositoryMethodInvoker.doInvoke(RepositoryMethodInvoker.java:170)
	at org.springframework.data.repository.core.support.RepositoryMethodInvoker.invoke(RepositoryMethodInvoker.java:158)
	at org.springframework.data.repository.core.support.QueryExecutorMethodInterceptor.doInvoke(QueryExecutorMethodInterceptor.java:169)
	at org.springframework.data.repository.core.support.QueryExecutorMethodInterceptor.invoke(QueryExecutorMethodInterceptor.java:148)
	at org.springframework.aop.framework.ReflectiveMethodInvocation.proceed(ReflectiveMethodInvocation.java:184)
	at org.springframework.data.projection.DefaultMethodInvokingMethodInterceptor.invoke(DefaultMethodInvokingMethodInterceptor.java:70)
	at org.springframework.aop.framework.ReflectiveMethodInvocation.proceed(ReflectiveMethodInvocation.java:184)
	at org.springframework.transaction.interceptor.TransactionAspectSupport.invokeWithinTransaction(TransactionAspectSupport.java:379)
	at org.springframework.transaction.interceptor.TransactionInterceptor.invoke(TransactionInterceptor.java:119)
	at org.springframework.aop.framework.ReflectiveMethodInvocation.proceed(ReflectiveMethodInvocation.java:184)
	at org.springframework.dao.support.PersistenceExceptionTranslationInterceptor.invoke(PersistenceExceptionTranslationInterceptor.java:138)
	at org.springframework.aop.framework.ReflectiveMethodInvocation.proceed(ReflectiveMethodInvocation.java:184)
	at org.springframework.data.jpa.repository.support.CrudMethodMetadataPostProcessor$CrudMethodMetadataPopulatingMethodInterceptor.invoke(CrudMethodMetadataPostProcessor.java:136)
	at org.springframework.aop.framework.ReflectiveMethodInvocation.proceed(ReflectiveMethodInvocation.java:184)
	at org.springframework.aop.interceptor.ExposeInvocationInterceptor.invoke(ExposeInvocationInterceptor.java:97)
	at org.springframework.aop.framework.ReflectiveMethodInvocation.proceed(ReflectiveMethodInvocation.java:184)
	at org.springframework.aop.framework.JdkDynamicAopProxy.invoke(JdkDynamicAopProxy.java:223)
	at jdk.proxy2/jdk.proxy2.$Proxy200.findByTenantId(Unknown Source)
	at com.workhub.service.ProjectService.getAllProjects(ProjectService.java:55)
	at java.base/jdk.internal.reflect.DirectMethodHandleAccessor.invoke(DirectMethodHandleAccessor.java:103)
	at java.base/java.lang.reflect.Method.invoke(Method.java:580)
	at org.springframework.aop.support.AopUtils.invokeJoinpointUsingReflection(AopUtils.java:355)
	at org.springframework.aop.framework.ReflectiveMethodInvocation.invokeJoinpoint(ReflectiveMethodInvocation.java:196)
	at org.springframework.aop.framework.ReflectiveMethodInvocation.proceed(ReflectiveMethodInvocation.java:163)
	at org.springframework.aop.framework.CglibAopProxy$CglibMethodInvocation.proceed(CglibAopProxy.java:768)
	at org.springframework.aop.aspectj.MethodInvocationProceedingJoinPoint.proceed(MethodInvocationProceedingJoinPoint.java:89)
	at com.workhub.aspect.TenantAspect.logTenantContext(TenantAspect.java:35)
	at java.base/jdk.internal.reflect.DirectMethodHandleAccessor.invoke(DirectMethodHandleAccessor.java:103)
	at java.base/java.lang.reflect.Method.invoke(Method.java:580)
	at org.springframework.aop.aspectj.AbstractAspectJAdvice.invokeAdviceMethodWithGivenArgs(AbstractAspectJAdvice.java:637)
	at org.springframework.aop.aspectj.AbstractAspectJAdvice.invokeAdviceMethod(AbstractAspectJAdvice.java:627)
	at org.springframework.aop.aspectj.AspectJAroundAdvice.invoke(AspectJAroundAdvice.java:71)
	at org.springframework.aop.framework.ReflectiveMethodInvocation.proceed(ReflectiveMethodInvocation.java:184)
	at org.springframework.aop.framework.CglibAopProxy$CglibMethodInvocation.proceed(CglibAopProxy.java:768)
	at org.springframework.transaction.interceptor.TransactionAspectSupport.invokeWithinTransaction(TransactionAspectSupport.java:379)
	at org.springframework.transaction.interceptor.TransactionInterceptor.invoke(TransactionInterceptor.java:119)
	at org.springframework.aop.framework.ReflectiveMethodInvocation.proceed(ReflectiveMethodInvocation.java:184)
	at org.springframework.aop.framework.CglibAopProxy$CglibMethodInvocation.proceed(CglibAopProxy.java:768)
	at org.springframework.aop.interceptor.ExposeInvocationInterceptor.invoke(ExposeInvocationInterceptor.java:97)
	at org.springframework.aop.framework.ReflectiveMethodInvocation.proceed(ReflectiveMethodInvocation.java:184)
	at org.springframework.aop.framework.CglibAopProxy$CglibMethodInvocation.proceed(CglibAopProxy.java:768)
	at org.springframework.aop.framework.CglibAopProxy$DynamicAdvisedInterceptor.intercept(CglibAopProxy.java:720)
	at com.workhub.service.ProjectService$$SpringCGLIB$$0.getAllProjects(<generated>)
	at com.workhub.controller.ProjectController.getAllProjects(ProjectController.java:89)
	at java.base/jdk.internal.reflect.DirectMethodHandleAccessor.invoke(DirectMethodHandleAccessor.java:103)
	at java.base/java.lang.reflect.Method.invoke(Method.java:580)
	at org.springframework.aop.support.AopUtils.invokeJoinpointUsingReflection(AopUtils.java:355)
	at org.springframework.aop.framework.ReflectiveMethodInvocation.invokeJoinpoint(ReflectiveMethodInvocation.java:196)
	at org.springframework.aop.framework.ReflectiveMethodInvocation.proceed(ReflectiveMethodInvocation.java:163)
	at org.springframework.aop.framework.CglibAopProxy$CglibMethodInvocation.proceed(CglibAopProxy.java:768)
	at org.springframework.security.authorization.method.AuthorizationManagerBeforeMethodInterceptor.proceed(AuthorizationManagerBeforeMethodInterceptor.java:269)
	at org.springframework.security.authorization.method.AuthorizationManagerBeforeMethodInterceptor.attemptAuthorization(AuthorizationManagerBeforeMethodInterceptor.java:264)
	at org.springframework.security.authorization.method.AuthorizationManagerBeforeMethodInterceptor.invoke(AuthorizationManagerBeforeMethodInterceptor.java:197)
	at org.springframework.security.config.annotation.method.configuration.DeferringMethodInterceptor.invoke(DeferringMethodInterceptor.java:44)
	at org.springframework.aop.framework.ReflectiveMethodInvocation.proceed(ReflectiveMethodInvocation.java:184)
	at org.springframework.aop.framework.CglibAopProxy$CglibMethodInvocation.proceed(CglibAopProxy.java:768)
	at org.springframework.aop.framework.CglibAopProxy$DynamicAdvisedInterceptor.intercept(CglibAopProxy.java:720)
	at com.workhub.controller.ProjectController$$SpringCGLIB$$0.getAllProjects(<generated>)
	at java.base/jdk.internal.reflect.DirectMethodHandleAccessor.invoke(DirectMethodHandleAccessor.java:103)
	at java.base/java.lang.reflect.Method.invoke(Method.java:580)
	at org.springframework.web.method.support.InvocableHandlerMethod.doInvoke(InvocableHandlerMethod.java:255)
	at org.springframework.web.method.support.InvocableHandlerMethod.invokeForRequest(InvocableHandlerMethod.java:188)
	at org.springframework.web.servlet.mvc.method.annotation.ServletInvocableHandlerMethod.invokeAndHandle(ServletInvocableHandlerMethod.java:118)
	at org.springframework.web.servlet.mvc.method.annotation.RequestMappingHandlerAdapter.invokeHandlerMethod(RequestMappingHandlerAdapter.java:926)
	at org.springframework.web.servlet.mvc.method.annotation.RequestMappingHandlerAdapter.handleInternal(RequestMappingHandlerAdapter.java:831)
	at org.springframework.web.servlet.mvc.method.AbstractHandlerMethodAdapter.handle(AbstractHandlerMethodAdapter.java:87)
	at org.springframework.web.servlet.DispatcherServlet.doDispatch(DispatcherServlet.java:1089)
	... 182 common frames omitted
2026-05-21T01:43:43.121+03:00 level=INFO  app=workhub corr=corr-phase2-03f0a457-2548-41b0-b89c-e9fa69bdc6ce method=GET path=/api/projects logger=c.w.security.RequestTracingFilter msg="request-end status=500 durationMs=21"

MockHttpServletRequest:
      HTTP Method = POST
      Request URI = /api/auth/login
       Parameters = {}
          Headers = [Content-Type:"application/json;charset=UTF-8", Content-Length:"65"]
             Body = {
  "email": "phase2.admin@demo.com",
  "password": "admin123"
}

    Session Attrs = {}

Handler:
             Type = com.workhub.controller.AuthController
           Method = com.workhub.controller.AuthController#login(LoginRequest)

Async:
    Async started = false
     Async result = null

Resolved Exception:
             Type = null

ModelAndView:
        View name = null
             View = null
            Model = null

FlashMap:
       Attributes = null

MockHttpServletResponse:
           Status = 200
    Error message = null
          Headers = [X-Correlation-Id:"e91320f1-3dac-477e-9f0c-6de908757908", Content-Type:"application/json", X-Content-Type-Options:"nosniff", X-XSS-Protection:"0", Cache-Control:"no-cache, no-store, max-age=0, must-revalidate", Pragma:"no-cache", Expires:"0", X-Frame-Options:"DENY"]
     Content type = application/json
             Body = {"token":"eyJhbGciOiJIUzI1NiJ9.eyJyb2xlIjoiVEVOQU5UX0FETUlOIiwidGVuYW50SWQiOjIsInVzZXJJZCI6Mywic3ViIjoicGhhc2UyLmFkbWluQGRlbW8uY29tIiwiaWF0IjoxNzc5MzE3MDIyLCJleHAiOjE3Nzk0MDM0MjJ9.aNtSvfZAcfEsPU2FJX4rNHtMKrQJ2szbFWXoYkpTRbo","type":"Bearer","userId":3,"email":"phase2.admin@demo.com","tenantId":2,"role":"TENANT_ADMIN","expiresIn":86400000}
    Forwarded URL = null
   Redirected URL = null
          Cookies = []

MockHttpServletRequest:
      HTTP Method = POST
      Request URI = /api/auth/login
       Parameters = {}
          Headers = [Content-Type:"application/json;charset=UTF-8", Content-Length:"63"]
             Body = {
  "email": "phase2.user@demo.com",
  "password": "user123"
}

    Session Attrs = {}

Handler:
             Type = com.workhub.controller.AuthController
           Method = com.workhub.controller.AuthController#login(LoginRequest)

Async:
    Async started = false
     Async result = null

Resolved Exception:
             Type = null

ModelAndView:
        View name = null
             View = null
            Model = null

FlashMap:
       Attributes = null

MockHttpServletResponse:
           Status = 200
    Error message = null
          Headers = [X-Correlation-Id:"68f25ced-3773-4ff1-b60e-08c182b5a283", Content-Type:"application/json", X-Content-Type-Options:"nosniff", X-XSS-Protection:"0", Cache-Control:"no-cache, no-store, max-age=0, must-revalidate", Pragma:"no-cache", Expires:"0", X-Frame-Options:"DENY"]
     Content type = application/json
             Body = {"token":"eyJhbGciOiJIUzI1NiJ9.eyJyb2xlIjoiVEVOQU5UX1VTRVIiLCJ0ZW5hbnRJZCI6MiwidXNlcklkIjo0LCJzdWIiOiJwaGFzZTIudXNlckBkZW1vLmNvbSIsImlhdCI6MTc3OTMxNzAyMywiZXhwIjoxNzc5NDAzNDIzfQ.U-jN-VsHIaMaCfRfYAORlKWYtGDz-PVoH9D_OlMq2Nk","type":"Bearer","userId":4,"email":"phase2.user@demo.com","tenantId":2,"role":"TENANT_USER","expiresIn":86400000}
    Forwarded URL = null
   Redirected URL = null
          Cookies = []

MockHttpServletRequest:
      HTTP Method = POST
      Request URI = /api/auth/login
       Parameters = {}
          Headers = [Content-Type:"application/json;charset=UTF-8", Content-Length:"58"]
             Body = {
  "email": "admin@demo.com",
  "password": "admin123"
}

    Session Attrs = {}

Handler:
             Type = com.workhub.controller.AuthController
           Method = com.workhub.controller.AuthController#login(LoginRequest)

Async:
    Async started = false
     Async result = null

Resolved Exception:
             Type = null

ModelAndView:
        View name = null
             View = null
            Model = null

FlashMap:
       Attributes = null

MockHttpServletResponse:
           Status = 200
    Error message = null
          Headers = [X-Correlation-Id:"1a1ff492-de07-49c8-9a87-d190ee6fccc3", Content-Type:"application/json", X-Content-Type-Options:"nosniff", X-XSS-Protection:"0", Cache-Control:"no-cache, no-store, max-age=0, must-revalidate", Pragma:"no-cache", Expires:"0", X-Frame-Options:"DENY"]
     Content type = application/json
             Body = {"token":"eyJhbGciOiJIUzI1NiJ9.eyJyb2xlIjoiVEVOQU5UX0FETUlOIiwidGVuYW50SWQiOjEsInVzZXJJZCI6MSwic3ViIjoiYWRtaW5AZGVtby5jb20iLCJpYXQiOjE3NzkzMTcwMjMsImV4cCI6MTc3OTQwMzQyM30.GxKMY60-tCF8vVLKObHQI_C2f9uOD7TpvxiKy1x4T3s","type":"Bearer","userId":1,"email":"admin@demo.com","tenantId":1,"role":"TENANT_ADMIN","expiresIn":86400000}
    Forwarded URL = null
   Redirected URL = null
          Cookies = []

MockHttpServletRequest:
      HTTP Method = GET
      Request URI = /api/projects
       Parameters = {}
          Headers = [Authorization:"Bearer eyJhbGciOiJIUzI1NiJ9.eyJyb2xlIjoiVEVOQU5UX0FETUlOIiwidGVuYW50SWQiOjEsInVzZXJJZCI6MSwic3ViIjoiYWRtaW5AZGVtby5jb20iLCJpYXQiOjE3NzkzMTcwMjMsImV4cCI6MTc3OTQwMzQyM30.GxKMY60-tCF8vVLKObHQI_C2f9uOD7TpvxiKy1x4T3s", X-Correlation-Id:"corr-phase2-03f0a457-2548-41b0-b89c-e9fa69bdc6ce"]
             Body = null
    Session Attrs = {}

Handler:
             Type = com.workhub.controller.ProjectController
           Method = com.workhub.controller.ProjectController#getAllProjects()

Async:
    Async started = false
     Async result = null

Resolved Exception:
             Type = jakarta.servlet.ServletException

ModelAndView:
        View name = null
             View = null
            Model = null

FlashMap:
       Attributes = null

MockHttpServletResponse:
           Status = 500
    Error message = null
          Headers = [X-Correlation-Id:"corr-phase2-03f0a457-2548-41b0-b89c-e9fa69bdc6ce", Content-Type:"application/json", X-Content-Type-Options:"nosniff", X-XSS-Protection:"0", Cache-Control:"no-cache, no-store, max-age=0, must-revalidate", Pragma:"no-cache", Expires:"0", X-Frame-Options:"DENY"]
     Content type = application/json
             Body = {"timestamp":"2026-05-20T22:43:43.1197142Z","status":500,"error":"Internal Server Error","message":"Internal server error","path":"/api/projects","correlationId":"corr-phase2-03f0a457-2548-41b0-b89c-e9fa69bdc6ce"}
    Forwarded URL = null
   Redirected URL = null
          Cookies = []
2026-05-21T01:43:43.131+03:00 level=DEBUG app=workhub corr=na method=na path=na logger=org.hibernate.SQL msg="
    select
        pm1_0.id,
        pm1_0.attempt_count,
        pm1_0.correlation_id,
        pm1_0.event_id,
        pm1_0.first_received_at,
        pm1_0.job_id,
        pm1_0.last_error,
        pm1_0.processed_at,
        pm1_0.project_id,
        pm1_0.status,
        pm1_0.tenant_id,
        pm1_0.updated_at,
        pm1_0.version 
    from
        processed_messages pm1_0"
2026-05-21T01:43:43.132+03:00 level=DEBUG app=workhub corr=na method=na path=na logger=org.hibernate.SQL msg="
    select
        j1_0.id,
        j1_0.correlation_id,
        j1_0.created_at,
        j1_0.error_message,
        j1_0.project_id,
        j1_0.status,
        j1_0.tenant_id,
        j1_0.updated_at 
    from
        jobs j1_0"
2026-05-21T01:43:43.134+03:00 level=DEBUG app=workhub corr=na method=na path=na logger=org.hibernate.SQL msg="
    select
        t1_0.id,
        t1_0.created_at,
        t1_0.name,
        t1_0.plan,
        t1_0.status,
        t1_0.updated_at,
        t1_0.version 
    from
        tenants t1_0 
    where
        t1_0.id=?"
2026-05-21T01:43:43.136+03:00 level=DEBUG app=workhub corr=na method=na path=na logger=org.hibernate.SQL msg="
    select
        u1_0.id,
        u1_0.created_at,
        u1_0.email,
        u1_0.first_name,
        u1_0.last_login_at,
        u1_0.last_name,
        u1_0.password,
        u1_0.role,
        u1_0.status,
        u1_0.tenant_id,
        u1_0.updated_at,
        u1_0.version 
    from
        users u1_0 
    where
        u1_0.email=?"
2026-05-21T01:43:43.137+03:00 level=DEBUG app=workhub corr=na method=na path=na logger=org.hibernate.SQL msg="
    select
        p1_0.id,
        p1_0.created_at,
        p1_0.created_by_id,
        p1_0.description,
        p1_0.end_date,
        p1_0.name,
        p1_0.project_key,
        p1_0.start_date,
        p1_0.status,
        p1_0.tenant_id,
        p1_0.updated_at,
        p1_0.version 
    from
        projects p1_0 
    where
        p1_0.tenant_id=? 
        and p1_0.project_key=?"
2026-05-21T01:43:43.139+03:00 level=DEBUG app=workhub corr=na method=na path=na logger=org.hibernate.SQL msg="
    select
        t1_0.id,
        t1_0.actual_hours,
        t1_0.assigned_to_id,
        t1_0.completed_at,
        t1_0.created_at,
        t1_0.description,
        t1_0.due_date,
        t1_0.estimated_hours,
        t1_0.priority,
        t1_0.project_id,
        t1_0.status,
        t1_0.tenant_id,
        t1_0.title,
        t1_0.updated_at,
        t1_0.version 
    from
        tasks t1_0 
    where
        t1_0.tenant_id=? 
        and lower(t1_0.title) like lower(('%'||?||'%')) escape ''"
2026-05-21T01:43:43.143+03:00 level=DEBUG app=workhub corr=na method=na path=na logger=org.hibernate.SQL msg="
    select
        t1_0.id,
        t1_0.created_at,
        t1_0.name,
        t1_0.plan,
        t1_0.status,
        t1_0.updated_at,
        t1_0.version 
    from
        tenants t1_0 
    where
        upper(t1_0.name)=upper(?)"
2026-05-21T01:43:43.144+03:00 level=DEBUG app=workhub corr=na method=na path=na logger=org.hibernate.SQL msg="
    select
        u1_0.id,
        u1_0.created_at,
        u1_0.email,
        u1_0.first_name,
        u1_0.last_login_at,
        u1_0.last_name,
        u1_0.password,
        u1_0.role,
        u1_0.status,
        u1_0.tenant_id,
        u1_0.updated_at,
        u1_0.version 
    from
        users u1_0 
    where
        u1_0.email=?"
2026-05-21T01:43:43.146+03:00 level=DEBUG app=workhub corr=na method=na path=na logger=org.hibernate.SQL msg="
    select
        u1_0.id,
        u1_0.created_at,
        u1_0.email,
        u1_0.first_name,
        u1_0.last_login_at,
        u1_0.last_name,
        u1_0.password,
        u1_0.role,
        u1_0.status,
        u1_0.tenant_id,
        u1_0.updated_at,
        u1_0.version 
    from
        users u1_0 
    where
        u1_0.email=?"
2026-05-21T01:43:43.147+03:00 level=DEBUG app=workhub corr=na method=na path=na logger=org.hibernate.SQL msg="
    select
        p1_0.id,
        p1_0.created_at,
        p1_0.created_by_id,
        p1_0.description,
        p1_0.end_date,
        p1_0.name,
        p1_0.project_key,
        p1_0.start_date,
        p1_0.status,
        p1_0.tenant_id,
        p1_0.updated_at,
        p1_0.version 
    from
        projects p1_0 
    where
        p1_0.tenant_id=? 
        and p1_0.project_key=?"
2026-05-21T01:43:43.149+03:00 level=INFO  app=workhub corr=da2a8262-8a75-4656-b8ef-b00be4a66df5 method=POST path=/api/auth/login logger=c.w.security.RequestTracingFilter msg="request-start"
2026-05-21T01:43:43.149+03:00 level=DEBUG app=workhub corr=da2a8262-8a75-4656-b8ef-b00be4a66df5 method=POST path=/api/auth/login logger=o.s.security.web.FilterChainProxy msg="Securing POST /api/auth/login"
2026-05-21T01:43:43.149+03:00 level=DEBUG app=workhub corr=da2a8262-8a75-4656-b8ef-b00be4a66df5 method=POST path=/api/auth/login logger=o.s.s.w.a.AnonymousAuthenticationFilter msg="Set SecurityContextHolder to anonymous SecurityContext"
2026-05-21T01:43:43.149+03:00 level=DEBUG app=workhub corr=da2a8262-8a75-4656-b8ef-b00be4a66df5 method=POST path=/api/auth/login logger=o.s.security.web.FilterChainProxy msg="Secured POST /api/auth/login"
2026-05-21T01:43:43.150+03:00 level=INFO  app=workhub corr=da2a8262-8a75-4656-b8ef-b00be4a66df5 method=POST path=/api/auth/login logger=c.workhub.controller.AuthController msg="Login attempt for email: phase2.admin@demo.com"
2026-05-21T01:43:43.151+03:00 level=DEBUG app=workhub corr=da2a8262-8a75-4656-b8ef-b00be4a66df5 method=POST path=/api/auth/login logger=org.hibernate.SQL msg="
    select
        u1_0.id,
        u1_0.created_at,
        u1_0.email,
        u1_0.first_name,
        u1_0.last_login_at,
        u1_0.last_name,
        u1_0.password,
        u1_0.role,
        u1_0.status,
        u1_0.tenant_id,
        u1_0.updated_at,
        u1_0.version 
    from
        users u1_0 
    where
        u1_0.email=?"
2026-05-21T01:43:43.212+03:00 level=DEBUG app=workhub corr=da2a8262-8a75-4656-b8ef-b00be4a66df5 method=POST path=/api/auth/login logger=o.s.s.a.d.DaoAuthenticationProvider msg="Authenticated user"
2026-05-21T01:43:43.213+03:00 level=DEBUG app=workhub corr=da2a8262-8a75-4656-b8ef-b00be4a66df5 method=POST path=/api/auth/login logger=org.hibernate.SQL msg="
    select
        u1_0.id,
        u1_0.created_at,
        u1_0.email,
        u1_0.first_name,
        u1_0.last_login_at,
        u1_0.last_name,
        u1_0.password,
        u1_0.role,
        u1_0.status,
        u1_0.tenant_id,
        u1_0.updated_at,
        u1_0.version 
    from
        users u1_0 
    where
        u1_0.id=? 
        and u1_0.tenant_id=?"
2026-05-21T01:43:43.214+03:00 level=DEBUG app=workhub corr=da2a8262-8a75-4656-b8ef-b00be4a66df5 method=POST path=/api/auth/login logger=org.hibernate.SQL msg="
    update
        users 
    set
        email=?,
        first_name=?,
        last_login_at=?,
        last_name=?,
        password=?,
        role=?,
        status=?,
        tenant_id=?,
        updated_at=?,
        version=? 
    where
        id=? 
        and version=?"
2026-05-21T01:43:43.216+03:00 level=INFO  app=workhub corr=da2a8262-8a75-4656-b8ef-b00be4a66df5 method=POST path=/api/auth/login logger=c.workhub.controller.AuthController msg="Login successful for user: phase2.admin@demo.com (tenant: 2)"
2026-05-21T01:43:43.218+03:00 level=INFO  app=workhub corr=da2a8262-8a75-4656-b8ef-b00be4a66df5 method=POST path=/api/auth/login logger=c.w.security.RequestTracingFilter msg="request-end status=200 durationMs=69"
2026-05-21T01:43:43.218+03:00 level=INFO  app=workhub corr=69da3707-e0b2-4787-968b-5860e698efe9 method=POST path=/api/auth/login logger=c.w.security.RequestTracingFilter msg="request-start"
2026-05-21T01:43:43.219+03:00 level=DEBUG app=workhub corr=69da3707-e0b2-4787-968b-5860e698efe9 method=POST path=/api/auth/login logger=o.s.security.web.FilterChainProxy msg="Securing POST /api/auth/login"
2026-05-21T01:43:43.219+03:00 level=DEBUG app=workhub corr=69da3707-e0b2-4787-968b-5860e698efe9 method=POST path=/api/auth/login logger=o.s.s.w.a.AnonymousAuthenticationFilter msg="Set SecurityContextHolder to anonymous SecurityContext"
2026-05-21T01:43:43.219+03:00 level=DEBUG app=workhub corr=69da3707-e0b2-4787-968b-5860e698efe9 method=POST path=/api/auth/login logger=o.s.security.web.FilterChainProxy msg="Secured POST /api/auth/login"
2026-05-21T01:43:43.220+03:00 level=INFO  app=workhub corr=69da3707-e0b2-4787-968b-5860e698efe9 method=POST path=/api/auth/login logger=c.workhub.controller.AuthController msg="Login attempt for email: phase2.user@demo.com"
2026-05-21T01:43:43.220+03:00 level=DEBUG app=workhub corr=69da3707-e0b2-4787-968b-5860e698efe9 method=POST path=/api/auth/login logger=org.hibernate.SQL msg="
    select
        u1_0.id,
        u1_0.created_at,
        u1_0.email,
        u1_0.first_name,
        u1_0.last_login_at,
        u1_0.last_name,
        u1_0.password,
        u1_0.role,
        u1_0.status,
        u1_0.tenant_id,
        u1_0.updated_at,
        u1_0.version 
    from
        users u1_0 
    where
        u1_0.email=?"
2026-05-21T01:43:43.281+03:00 level=DEBUG app=workhub corr=69da3707-e0b2-4787-968b-5860e698efe9 method=POST path=/api/auth/login logger=o.s.s.a.d.DaoAuthenticationProvider msg="Authenticated user"
2026-05-21T01:43:43.282+03:00 level=DEBUG app=workhub corr=69da3707-e0b2-4787-968b-5860e698efe9 method=POST path=/api/auth/login logger=org.hibernate.SQL msg="
    select
        u1_0.id,
        u1_0.created_at,
        u1_0.email,
        u1_0.first_name,
        u1_0.last_login_at,
        u1_0.last_name,
        u1_0.password,
        u1_0.role,
        u1_0.status,
        u1_0.tenant_id,
        u1_0.updated_at,
        u1_0.version 
    from
        users u1_0 
    where
        u1_0.id=? 
        and u1_0.tenant_id=?"
2026-05-21T01:43:43.283+03:00 level=DEBUG app=workhub corr=69da3707-e0b2-4787-968b-5860e698efe9 method=POST path=/api/auth/login logger=org.hibernate.SQL msg="
    update
        users 
    set
        email=?,
        first_name=?,
        last_login_at=?,
        last_name=?,
        password=?,
        role=?,
        status=?,
        tenant_id=?,
        updated_at=?,
        version=? 
    where
        id=? 
        and version=?"
2026-05-21T01:43:43.284+03:00 level=INFO  app=workhub corr=69da3707-e0b2-4787-968b-5860e698efe9 method=POST path=/api/auth/login logger=c.workhub.controller.AuthController msg="Login successful for user: phase2.user@demo.com (tenant: 2)"
2026-05-21T01:43:43.285+03:00 level=INFO  app=workhub corr=69da3707-e0b2-4787-968b-5860e698efe9 method=POST path=/api/auth/login logger=c.w.security.RequestTracingFilter msg="request-end status=200 durationMs=67"
2026-05-21T01:43:43.287+03:00 level=INFO  app=workhub corr=8a870562-f584-4a18-b214-a4818d9d4aec method=POST path=/api/auth/login logger=c.w.security.RequestTracingFilter msg="request-start"
2026-05-21T01:43:43.287+03:00 level=DEBUG app=workhub corr=8a870562-f584-4a18-b214-a4818d9d4aec method=POST path=/api/auth/login logger=o.s.security.web.FilterChainProxy msg="Securing POST /api/auth/login"
2026-05-21T01:43:43.288+03:00 level=DEBUG app=workhub corr=8a870562-f584-4a18-b214-a4818d9d4aec method=POST path=/api/auth/login logger=o.s.s.w.a.AnonymousAuthenticationFilter msg="Set SecurityContextHolder to anonymous SecurityContext"
2026-05-21T01:43:43.288+03:00 level=DEBUG app=workhub corr=8a870562-f584-4a18-b214-a4818d9d4aec method=POST path=/api/auth/login logger=o.s.security.web.FilterChainProxy msg="Secured POST /api/auth/login"
2026-05-21T01:43:43.289+03:00 level=INFO  app=workhub corr=8a870562-f584-4a18-b214-a4818d9d4aec method=POST path=/api/auth/login logger=c.workhub.controller.AuthController msg="Login attempt for email: admin@demo.com"
2026-05-21T01:43:43.290+03:00 level=DEBUG app=workhub corr=8a870562-f584-4a18-b214-a4818d9d4aec method=POST path=/api/auth/login logger=org.hibernate.SQL msg="
    select
        u1_0.id,
        u1_0.created_at,
        u1_0.email,
        u1_0.first_name,
        u1_0.last_login_at,
        u1_0.last_name,
        u1_0.password,
        u1_0.role,
        u1_0.status,
        u1_0.tenant_id,
        u1_0.updated_at,
        u1_0.version 
    from
        users u1_0 
    where
        u1_0.email=?"
2026-05-21T01:43:43.351+03:00 level=DEBUG app=workhub corr=8a870562-f584-4a18-b214-a4818d9d4aec method=POST path=/api/auth/login logger=o.s.s.a.d.DaoAuthenticationProvider msg="Authenticated user"
2026-05-21T01:43:43.352+03:00 level=DEBUG app=workhub corr=8a870562-f584-4a18-b214-a4818d9d4aec method=POST path=/api/auth/login logger=org.hibernate.SQL msg="
    select
        u1_0.id,
        u1_0.created_at,
        u1_0.email,
        u1_0.first_name,
        u1_0.last_login_at,
        u1_0.last_name,
        u1_0.password,
        u1_0.role,
        u1_0.status,
        u1_0.tenant_id,
        u1_0.updated_at,
        u1_0.version 
    from
        users u1_0 
    where
        u1_0.id=? 
        and u1_0.tenant_id=?"
2026-05-21T01:43:43.353+03:00 level=DEBUG app=workhub corr=8a870562-f584-4a18-b214-a4818d9d4aec method=POST path=/api/auth/login logger=org.hibernate.SQL msg="
    update
        users 
    set
        email=?,
        first_name=?,
        last_login_at=?,
        last_name=?,
        password=?,
        role=?,
        status=?,
        tenant_id=?,
        updated_at=?,
        version=? 
    where
        id=? 
        and version=?"
2026-05-21T01:43:43.355+03:00 level=INFO  app=workhub corr=8a870562-f584-4a18-b214-a4818d9d4aec method=POST path=/api/auth/login logger=c.workhub.controller.AuthController msg="Login successful for user: admin@demo.com (tenant: 1)"
2026-05-21T01:43:43.356+03:00 level=INFO  app=workhub corr=8a870562-f584-4a18-b214-a4818d9d4aec method=POST path=/api/auth/login logger=c.w.security.RequestTracingFilter msg="request-end status=200 durationMs=69"
2026-05-21T01:43:43.357+03:00 level=INFO  app=workhub corr=3932a867-ed15-4920-a712-27583ab78c13 method=GET path=/actuator/metrics logger=c.w.security.RequestTracingFilter msg="request-start"
2026-05-21T01:43:43.358+03:00 level=DEBUG app=workhub corr=3932a867-ed15-4920-a712-27583ab78c13 method=GET path=/actuator/metrics logger=o.s.security.web.FilterChainProxy msg="Securing GET /actuator/metrics"
2026-05-21T01:43:43.358+03:00 level=DEBUG app=workhub corr=3932a867-ed15-4920-a712-27583ab78c13 method=GET path=/actuator/metrics logger=o.s.s.w.a.AnonymousAuthenticationFilter msg="Set SecurityContextHolder to anonymous SecurityContext"
2026-05-21T01:43:43.359+03:00 level=INFO  app=workhub corr=3932a867-ed15-4920-a712-27583ab78c13 method=GET path=/actuator/metrics logger=c.w.security.RequestTracingFilter msg="request-end status=401 durationMs=1"
2026-05-21T01:43:43.365+03:00 level=DEBUG app=workhub corr=na method=na path=na logger=org.hibernate.SQL msg="
    select
        pm1_0.id,
        pm1_0.attempt_count,
        pm1_0.correlation_id,
        pm1_0.event_id,
        pm1_0.first_received_at,
        pm1_0.job_id,
        pm1_0.last_error,
        pm1_0.processed_at,
        pm1_0.project_id,
        pm1_0.status,
        pm1_0.tenant_id,
        pm1_0.updated_at,
        pm1_0.version 
    from
        processed_messages pm1_0"
2026-05-21T01:43:43.367+03:00 level=DEBUG app=workhub corr=na method=na path=na logger=org.hibernate.SQL msg="
    select
        j1_0.id,
        j1_0.correlation_id,
        j1_0.created_at,
        j1_0.error_message,
        j1_0.project_id,
        j1_0.status,
        j1_0.tenant_id,
        j1_0.updated_at 
    from
        jobs j1_0"
2026-05-21T01:43:43.367+03:00 level=DEBUG app=workhub corr=na method=na path=na logger=org.hibernate.SQL msg="
    select
        t1_0.id,
        t1_0.created_at,
        t1_0.name,
        t1_0.plan,
        t1_0.status,
        t1_0.updated_at,
        t1_0.version 
    from
        tenants t1_0 
    where
        t1_0.id=?"
2026-05-21T01:43:43.369+03:00 level=DEBUG app=workhub corr=na method=na path=na logger=org.hibernate.SQL msg="
    select
        u1_0.id,
        u1_0.created_at,
        u1_0.email,
        u1_0.first_name,
        u1_0.last_login_at,
        u1_0.last_name,
        u1_0.password,
        u1_0.role,
        u1_0.status,
        u1_0.tenant_id,
        u1_0.updated_at,
        u1_0.version 
    from
        users u1_0 
    where
        u1_0.email=?"
2026-05-21T01:43:43.370+03:00 level=DEBUG app=workhub corr=na method=na path=na logger=org.hibernate.SQL msg="
    select
        p1_0.id,
        p1_0.created_at,
        p1_0.created_by_id,
        p1_0.description,
        p1_0.end_date,
        p1_0.name,
        p1_0.project_key,
        p1_0.start_date,
        p1_0.status,
        p1_0.tenant_id,
        p1_0.updated_at,
        p1_0.version 
    from
        projects p1_0 
    where
        p1_0.tenant_id=? 
        and p1_0.project_key=?"
2026-05-21T01:43:43.372+03:00 level=DEBUG app=workhub corr=na method=na path=na logger=org.hibernate.SQL msg="
    select
        t1_0.id,
        t1_0.actual_hours,
        t1_0.assigned_to_id,
        t1_0.completed_at,
        t1_0.created_at,
        t1_0.description,
        t1_0.due_date,
        t1_0.estimated_hours,
        t1_0.priority,
        t1_0.project_id,
        t1_0.status,
        t1_0.tenant_id,
        t1_0.title,
        t1_0.updated_at,
        t1_0.version 
    from
        tasks t1_0 
    where
        t1_0.tenant_id=? 
        and lower(t1_0.title) like lower(('%'||?||'%')) escape ''"
2026-05-21T01:43:43.374+03:00 level=DEBUG app=workhub corr=na method=na path=na logger=org.hibernate.SQL msg="
    select
        t1_0.id,
        t1_0.created_at,
        t1_0.name,
        t1_0.plan,
        t1_0.status,
        t1_0.updated_at,
        t1_0.version 
    from
        tenants t1_0 
    where
        upper(t1_0.name)=upper(?)"
2026-05-21T01:43:43.376+03:00 level=DEBUG app=workhub corr=na method=na path=na logger=org.hibernate.SQL msg="
    select
        u1_0.id,
        u1_0.created_at,
        u1_0.email,
        u1_0.first_name,
        u1_0.last_login_at,
        u1_0.last_name,
        u1_0.password,
        u1_0.role,
        u1_0.status,
        u1_0.tenant_id,
        u1_0.updated_at,
        u1_0.version 
    from
        users u1_0 
    where
        u1_0.email=?"
2026-05-21T01:43:43.379+03:00 level=DEBUG app=workhub corr=na method=na path=na logger=org.hibernate.SQL msg="
    select
        u1_0.id,
        u1_0.created_at,
        u1_0.email,
        u1_0.first_name,
        u1_0.last_login_at,
        u1_0.last_name,
        u1_0.password,
        u1_0.role,
        u1_0.status,
        u1_0.tenant_id,
        u1_0.updated_at,
        u1_0.version 
    from
        users u1_0 
    where
        u1_0.email=?"
2026-05-21T01:43:43.380+03:00 level=DEBUG app=workhub corr=na method=na path=na logger=org.hibernate.SQL msg="
    select
        p1_0.id,
        p1_0.created_at,
        p1_0.created_by_id,
        p1_0.description,
        p1_0.end_date,
        p1_0.name,
        p1_0.project_key,
        p1_0.start_date,
        p1_0.status,
        p1_0.tenant_id,
        p1_0.updated_at,
        p1_0.version 
    from
        projects p1_0 
    where
        p1_0.tenant_id=? 
        and p1_0.project_key=?"
2026-05-21T01:43:43.381+03:00 level=INFO  app=workhub corr=40999517-5a8a-4550-976e-1d1e55efec3e method=POST path=/api/auth/login logger=c.w.security.RequestTracingFilter msg="request-start"
2026-05-21T01:43:43.382+03:00 level=DEBUG app=workhub corr=40999517-5a8a-4550-976e-1d1e55efec3e method=POST path=/api/auth/login logger=o.s.security.web.FilterChainProxy msg="Securing POST /api/auth/login"
2026-05-21T01:43:43.382+03:00 level=DEBUG app=workhub corr=40999517-5a8a-4550-976e-1d1e55efec3e method=POST path=/api/auth/login logger=o.s.s.w.a.AnonymousAuthenticationFilter msg="Set SecurityContextHolder to anonymous SecurityContext"
2026-05-21T01:43:43.382+03:00 level=DEBUG app=workhub corr=40999517-5a8a-4550-976e-1d1e55efec3e method=POST path=/api/auth/login logger=o.s.security.web.FilterChainProxy msg="Secured POST /api/auth/login"
2026-05-21T01:43:43.383+03:00 level=INFO  app=workhub corr=40999517-5a8a-4550-976e-1d1e55efec3e method=POST path=/api/auth/login logger=c.workhub.controller.AuthController msg="Login attempt for email: phase2.admin@demo.com"
2026-05-21T01:43:43.385+03:00 level=DEBUG app=workhub corr=40999517-5a8a-4550-976e-1d1e55efec3e method=POST path=/api/auth/login logger=org.hibernate.SQL msg="
    select
        u1_0.id,
        u1_0.created_at,
        u1_0.email,
        u1_0.first_name,
        u1_0.last_login_at,
        u1_0.last_name,
        u1_0.password,
        u1_0.role,
        u1_0.status,
        u1_0.tenant_id,
        u1_0.updated_at,
        u1_0.version 
    from
        users u1_0 
    where
        u1_0.email=?"
2026-05-21T01:43:43.446+03:00 level=DEBUG app=workhub corr=40999517-5a8a-4550-976e-1d1e55efec3e method=POST path=/api/auth/login logger=o.s.s.a.d.DaoAuthenticationProvider msg="Authenticated user"
2026-05-21T01:43:43.447+03:00 level=DEBUG app=workhub corr=40999517-5a8a-4550-976e-1d1e55efec3e method=POST path=/api/auth/login logger=org.hibernate.SQL msg="
    select
        u1_0.id,
        u1_0.created_at,
        u1_0.email,
        u1_0.first_name,
        u1_0.last_login_at,
        u1_0.last_name,
        u1_0.password,
        u1_0.role,
        u1_0.status,
        u1_0.tenant_id,
        u1_0.updated_at,
        u1_0.version 
    from
        users u1_0 
    where
        u1_0.id=? 
        and u1_0.tenant_id=?"
2026-05-21T01:43:43.448+03:00 level=DEBUG app=workhub corr=40999517-5a8a-4550-976e-1d1e55efec3e method=POST path=/api/auth/login logger=org.hibernate.SQL msg="
    update
        users 
    set
        email=?,
        first_name=?,
        last_login_at=?,
        last_name=?,
        password=?,
        role=?,
        status=?,
        tenant_id=?,
        updated_at=?,
        version=? 
    where
        id=? 
        and version=?"
2026-05-21T01:43:43.450+03:00 level=INFO  app=workhub corr=40999517-5a8a-4550-976e-1d1e55efec3e method=POST path=/api/auth/login logger=c.workhub.controller.AuthController msg="Login successful for user: phase2.admin@demo.com (tenant: 2)"
2026-05-21T01:43:43.450+03:00 level=INFO  app=workhub corr=40999517-5a8a-4550-976e-1d1e55efec3e method=POST path=/api/auth/login logger=c.w.security.RequestTracingFilter msg="request-end status=200 durationMs=69"
2026-05-21T01:43:43.451+03:00 level=INFO  app=workhub corr=89ebc71d-1e31-4ad6-b742-c8a78cf13443 method=POST path=/api/auth/login logger=c.w.security.RequestTracingFilter msg="request-start"
2026-05-21T01:43:43.451+03:00 level=DEBUG app=workhub corr=89ebc71d-1e31-4ad6-b742-c8a78cf13443 method=POST path=/api/auth/login logger=o.s.security.web.FilterChainProxy msg="Securing POST /api/auth/login"
2026-05-21T01:43:43.451+03:00 level=DEBUG app=workhub corr=89ebc71d-1e31-4ad6-b742-c8a78cf13443 method=POST path=/api/auth/login logger=o.s.s.w.a.AnonymousAuthenticationFilter msg="Set SecurityContextHolder to anonymous SecurityContext"
2026-05-21T01:43:43.452+03:00 level=DEBUG app=workhub corr=89ebc71d-1e31-4ad6-b742-c8a78cf13443 method=POST path=/api/auth/login logger=o.s.security.web.FilterChainProxy msg="Secured POST /api/auth/login"
2026-05-21T01:43:43.453+03:00 level=INFO  app=workhub corr=89ebc71d-1e31-4ad6-b742-c8a78cf13443 method=POST path=/api/auth/login logger=c.workhub.controller.AuthController msg="Login attempt for email: phase2.user@demo.com"
2026-05-21T01:43:43.454+03:00 level=DEBUG app=workhub corr=89ebc71d-1e31-4ad6-b742-c8a78cf13443 method=POST path=/api/auth/login logger=org.hibernate.SQL msg="
    select
        u1_0.id,
        u1_0.created_at,
        u1_0.email,
        u1_0.first_name,
        u1_0.last_login_at,
        u1_0.last_name,
        u1_0.password,
        u1_0.role,
        u1_0.status,
        u1_0.tenant_id,
        u1_0.updated_at,
        u1_0.version 
    from
        users u1_0 
    where
        u1_0.email=?"
2026-05-21T01:43:43.515+03:00 level=DEBUG app=workhub corr=89ebc71d-1e31-4ad6-b742-c8a78cf13443 method=POST path=/api/auth/login logger=o.s.s.a.d.DaoAuthenticationProvider msg="Authenticated user"
2026-05-21T01:43:43.516+03:00 level=DEBUG app=workhub corr=89ebc71d-1e31-4ad6-b742-c8a78cf13443 method=POST path=/api/auth/login logger=org.hibernate.SQL msg="
    select
        u1_0.id,
        u1_0.created_at,
        u1_0.email,
        u1_0.first_name,
        u1_0.last_login_at,
        u1_0.last_name,
        u1_0.password,
        u1_0.role,
        u1_0.status,
        u1_0.tenant_id,
        u1_0.updated_at,
        u1_0.version 
    from
        users u1_0 
    where
        u1_0.id=? 
        and u1_0.tenant_id=?"
2026-05-21T01:43:43.518+03:00 level=DEBUG app=workhub corr=89ebc71d-1e31-4ad6-b742-c8a78cf13443 method=POST path=/api/auth/login logger=org.hibernate.SQL msg="
    update
        users 
    set
        email=?,
        first_name=?,
        last_login_at=?,
        last_name=?,
        password=?,
        role=?,
        status=?,
        tenant_id=?,
        updated_at=?,
        version=? 
    where
        id=? 
        and version=?"
2026-05-21T01:43:43.519+03:00 level=INFO  app=workhub corr=89ebc71d-1e31-4ad6-b742-c8a78cf13443 method=POST path=/api/auth/login logger=c.workhub.controller.AuthController msg="Login successful for user: phase2.user@demo.com (tenant: 2)"
2026-05-21T01:43:43.520+03:00 level=INFO  app=workhub corr=89ebc71d-1e31-4ad6-b742-c8a78cf13443 method=POST path=/api/auth/login logger=c.w.security.RequestTracingFilter msg="request-end status=200 durationMs=68"
2026-05-21T01:43:43.520+03:00 level=INFO  app=workhub corr=fd86fbee-056c-4781-8c74-3d0494873f9c method=POST path=/api/auth/login logger=c.w.security.RequestTracingFilter msg="request-start"
2026-05-21T01:43:43.521+03:00 level=DEBUG app=workhub corr=fd86fbee-056c-4781-8c74-3d0494873f9c method=POST path=/api/auth/login logger=o.s.security.web.FilterChainProxy msg="Securing POST /api/auth/login"
2026-05-21T01:43:43.521+03:00 level=DEBUG app=workhub corr=fd86fbee-056c-4781-8c74-3d0494873f9c method=POST path=/api/auth/login logger=o.s.s.w.a.AnonymousAuthenticationFilter msg="Set SecurityContextHolder to anonymous SecurityContext"
2026-05-21T01:43:43.521+03:00 level=DEBUG app=workhub corr=fd86fbee-056c-4781-8c74-3d0494873f9c method=POST path=/api/auth/login logger=o.s.security.web.FilterChainProxy msg="Secured POST /api/auth/login"
2026-05-21T01:43:43.522+03:00 level=INFO  app=workhub corr=fd86fbee-056c-4781-8c74-3d0494873f9c method=POST path=/api/auth/login logger=c.workhub.controller.AuthController msg="Login attempt for email: admin@demo.com"
2026-05-21T01:43:43.524+03:00 level=DEBUG app=workhub corr=fd86fbee-056c-4781-8c74-3d0494873f9c method=POST path=/api/auth/login logger=org.hibernate.SQL msg="
    select
        u1_0.id,
        u1_0.created_at,
        u1_0.email,
        u1_0.first_name,
        u1_0.last_login_at,
        u1_0.last_name,
        u1_0.password,
        u1_0.role,
        u1_0.status,
        u1_0.tenant_id,
        u1_0.updated_at,
        u1_0.version 
    from
        users u1_0 
    where
        u1_0.email=?"
2026-05-21T01:43:43.585+03:00 level=DEBUG app=workhub corr=fd86fbee-056c-4781-8c74-3d0494873f9c method=POST path=/api/auth/login logger=o.s.s.a.d.DaoAuthenticationProvider msg="Authenticated user"
2026-05-21T01:43:43.586+03:00 level=DEBUG app=workhub corr=fd86fbee-056c-4781-8c74-3d0494873f9c method=POST path=/api/auth/login logger=org.hibernate.SQL msg="
    select
        u1_0.id,
        u1_0.created_at,
        u1_0.email,
        u1_0.first_name,
        u1_0.last_login_at,
        u1_0.last_name,
        u1_0.password,
        u1_0.role,
        u1_0.status,
        u1_0.tenant_id,
        u1_0.updated_at,
        u1_0.version 
    from
        users u1_0 
    where
        u1_0.id=? 
        and u1_0.tenant_id=?"
2026-05-21T01:43:43.587+03:00 level=DEBUG app=workhub corr=fd86fbee-056c-4781-8c74-3d0494873f9c method=POST path=/api/auth/login logger=org.hibernate.SQL msg="
    update
        users 
    set
        email=?,
        first_name=?,
        last_login_at=?,
        last_name=?,
        password=?,
        role=?,
        status=?,
        tenant_id=?,
        updated_at=?,
        version=? 
    where
        id=? 
        and version=?"
2026-05-21T01:43:43.588+03:00 level=INFO  app=workhub corr=fd86fbee-056c-4781-8c74-3d0494873f9c method=POST path=/api/auth/login logger=c.workhub.controller.AuthController msg="Login successful for user: admin@demo.com (tenant: 1)"
2026-05-21T01:43:43.589+03:00 level=INFO  app=workhub corr=fd86fbee-056c-4781-8c74-3d0494873f9c method=POST path=/api/auth/login logger=c.w.security.RequestTracingFilter msg="request-end status=200 durationMs=68"
2026-05-21T01:43:43.590+03:00 level=INFO  app=workhub corr=98939321-2b71-4c6a-80d0-3738588bfea6 method=POST path=/api/projects/1/generate-report logger=c.w.security.RequestTracingFilter msg="request-start"
2026-05-21T01:43:43.590+03:00 level=DEBUG app=workhub corr=98939321-2b71-4c6a-80d0-3738588bfea6 method=POST path=/api/projects/1/generate-report logger=o.s.security.web.FilterChainProxy msg="Securing POST /api/projects/1/generate-report"
2026-05-21T01:43:43.596+03:00 level=DEBUG app=workhub corr=98939321-2b71-4c6a-80d0-3738588bfea6 method=POST path=/api/projects/1/generate-report logger=org.hibernate.SQL msg="
    select
        u1_0.id,
        u1_0.created_at,
        u1_0.email,
        u1_0.first_name,
        u1_0.last_login_at,
        u1_0.last_name,
        u1_0.password,
        u1_0.role,
        u1_0.status,
        u1_0.tenant_id,
        u1_0.updated_at,
        u1_0.version 
    from
        users u1_0 
    where
        u1_0.email=?"
2026-05-21T01:43:43.601+03:00 level=DEBUG app=workhub corr=98939321-2b71-4c6a-80d0-3738588bfea6 method=POST path=/api/projects/1/generate-report logger=o.s.security.web.FilterChainProxy msg="Secured POST /api/projects/1/generate-report"
2026-05-21T01:43:43.601+03:00 level=DEBUG app=workhub corr=98939321-2b71-4c6a-80d0-3738588bfea6 method=POST path=/api/projects/1/generate-report logger=o.s.s.a.m.AuthorizationManagerBeforeMethodInterceptor msg="Authorizing method invocation ReflectiveMethodInvocation: public org.springframework.http.ResponseEntity com.workhub.controller.ProjectController.generateReport(java.lang.Long); target is of class [com.workhub.controller.ProjectController]"
2026-05-21T01:43:43.601+03:00 level=DEBUG app=workhub corr=98939321-2b71-4c6a-80d0-3738588bfea6 method=POST path=/api/projects/1/generate-report logger=o.s.s.a.m.AuthorizationManagerBeforeMethodInterceptor msg="Authorized method invocation ReflectiveMethodInvocation: public org.springframework.http.ResponseEntity com.workhub.controller.ProjectController.generateReport(java.lang.Long); target is of class [com.workhub.controller.ProjectController]"
2026-05-21T01:43:43.602+03:00 level=DEBUG app=workhub corr=98939321-2b71-4c6a-80d0-3738588bfea6 method=POST path=/api/projects/1/generate-report logger=org.hibernate.SQL msg="
    select
        case 
            when count(p1_0.id)>0 
                then true 
            else false 
    end 
from
    projects p1_0 
where
    p1_0.id=? 
    and p1_0.tenant_id=?"
2026-05-21T01:43:43.603+03:00 level=DEBUG app=workhub corr=98939321-2b71-4c6a-80d0-3738588bfea6 method=POST path=/api/projects/1/generate-report logger=org.hibernate.SQL msg="
    insert 
    into
        jobs
        (correlation_id, created_at, error_message, project_id, status, tenant_id, updated_at, id) 
    values
        (?, ?, ?, ?, ?, ?, ?, default)"
2026-05-21T01:43:43.604+03:00 level=INFO  app=workhub corr=98939321-2b71-4c6a-80d0-3738588bfea6 method=POST path=/api/projects/1/generate-report logger=c.w.s.i.ReportGenerationServiceImpl msg="Queued report generation jobId=5 tenantId=1 projectId=1 correlationId=98939321-2b71-4c6a-80d0-3738588bfea6"
2026-05-21T01:43:43.614+03:00 level=WARN  app=workhub corr=na method=na path=na logger=c.r.c.impl.ForgivingExceptionHandler msg="An unexpected connection driver error occurred (Exception message: Socket closed)"
2026-05-21T01:43:43.664+03:00 level=ERROR app=workhub corr=98939321-2b71-4c6a-80d0-3738588bfea6 method=POST path=/api/projects/1/generate-report logger=c.w.s.i.ReportGenerationProducerServiceImpl msg="Failed to publish ReportGenerationEvent eventId=24a6ac7f-4aaf-480e-924b-7901f61564bd jobId=5 tenantId=1 reason=java.io.IOException"
2026-05-21T01:43:43.664+03:00 level=WARN  app=workhub corr=na method=na path=na logger=c.r.c.impl.ForgivingExceptionHandler msg="An unexpected connection driver error occurred (Exception message: Socket closed)"
2026-05-21T01:43:43.664+03:00 level=ERROR app=workhub corr=98939321-2b71-4c6a-80d0-3738588bfea6 method=POST path=/api/projects/1/generate-report logger=c.w.s.i.ReportGenerationServiceImpl msg="Post-commit publish failed jobId=5 tenantId=1 correlationId=98939321-2b71-4c6a-80d0-3738588bfea6 reason=Failed to publish report generation event"
2026-05-21T01:43:43.665+03:00 level=DEBUG app=workhub corr=98939321-2b71-4c6a-80d0-3738588bfea6 method=POST path=/api/projects/1/generate-report logger=org.hibernate.SQL msg="
    select
        j1_0.id,
        j1_0.correlation_id,
        j1_0.created_at,
        j1_0.error_message,
        j1_0.project_id,
        j1_0.status,
        j1_0.tenant_id,
        j1_0.updated_at 
    from
        jobs j1_0 
    where
        j1_0.id=? 
        and j1_0.tenant_id=?"
2026-05-21T01:43:43.666+03:00 level=DEBUG app=workhub corr=98939321-2b71-4c6a-80d0-3738588bfea6 method=POST path=/api/projects/1/generate-report logger=org.hibernate.SQL msg="
    select
        p1_0.id,
        p1_0.created_at,
        p1_0.created_by_id,
        p1_0.description,
        p1_0.end_date,
        p1_0.name,
        p1_0.project_key,
        p1_0.start_date,
        p1_0.status,
        p1_0.tenant_id,
        p1_0.updated_at,
        p1_0.version 
    from
        projects p1_0 
    where
        p1_0.id=?"
2026-05-21T01:43:43.666+03:00 level=DEBUG app=workhub corr=98939321-2b71-4c6a-80d0-3738588bfea6 method=POST path=/api/projects/1/generate-report logger=org.hibernate.SQL msg="
    select
        t1_0.id,
        t1_0.created_at,
        t1_0.name,
        t1_0.plan,
        t1_0.status,
        t1_0.updated_at,
        t1_0.version 
    from
        tenants t1_0 
    where
        t1_0.id=?"
2026-05-21T01:43:43.666+03:00 level=INFO  app=workhub corr=98939321-2b71-4c6a-80d0-3738588bfea6 method=POST path=/api/projects/1/generate-report logger=c.w.s.i.ReportGenerationServiceImpl msg="Marked job as FAILED after publish failure jobId=5 tenantId=1"
2026-05-21T01:43:43.667+03:00 level=DEBUG app=workhub corr=98939321-2b71-4c6a-80d0-3738588bfea6 method=POST path=/api/projects/1/generate-report logger=org.hibernate.SQL msg="
    update
        jobs 
    set
        correlation_id=?,
        error_message=?,
        project_id=?,
        status=?,
        tenant_id=?,
        updated_at=? 
    where
        id=?"
2026-05-21T01:43:43.668+03:00 level=INFO  app=workhub corr=98939321-2b71-4c6a-80d0-3738588bfea6 method=POST path=/api/projects/1/generate-report logger=c.w.security.RequestTracingFilter msg="request-end status=202 durationMs=77"
2026-05-21T01:43:43.785+03:00 level=DEBUG app=workhub corr=na method=na path=na logger=org.hibernate.SQL msg="
    select
        pm1_0.id,
        pm1_0.attempt_count,
        pm1_0.correlation_id,
        pm1_0.event_id,
        pm1_0.first_received_at,
        pm1_0.job_id,
        pm1_0.last_error,
        pm1_0.processed_at,
        pm1_0.project_id,
        pm1_0.status,
        pm1_0.tenant_id,
        pm1_0.updated_at,
        pm1_0.version 
    from
        processed_messages pm1_0 
    where
        pm1_0.job_id=? 
    order by
        pm1_0.first_received_at desc 
    fetch
        first ? rows only"
2026-05-21T01:43:43.891+03:00 level=DEBUG app=workhub corr=na method=na path=na logger=org.hibernate.SQL msg="
    select
        pm1_0.id,
        pm1_0.attempt_count,
        pm1_0.correlation_id,
        pm1_0.event_id,
        pm1_0.first_received_at,
        pm1_0.job_id,
        pm1_0.last_error,
        pm1_0.processed_at,
        pm1_0.project_id,
        pm1_0.status,
        pm1_0.tenant_id,
        pm1_0.updated_at,
        pm1_0.version 
    from
        processed_messages pm1_0 
    where
        pm1_0.job_id=? 
    order by
        pm1_0.first_received_at desc 
    fetch
        first ? rows only"
2026-05-21T01:43:43.999+03:00 level=DEBUG app=workhub corr=na method=na path=na logger=org.hibernate.SQL msg="
    select
        pm1_0.id,
        pm1_0.attempt_count,
        pm1_0.correlation_id,
        pm1_0.event_id,
        pm1_0.first_received_at,
        pm1_0.job_id,
        pm1_0.last_error,
        pm1_0.processed_at,
        pm1_0.project_id,
        pm1_0.status,
        pm1_0.tenant_id,
        pm1_0.updated_at,
        pm1_0.version 
    from
        processed_messages pm1_0 
    where
        pm1_0.job_id=? 
    order by
        pm1_0.first_received_at desc 
    fetch
        first ? rows only"
2026-05-21T01:43:44.023+03:00 level=WARN  app=workhub corr=na method=na path=na logger=c.r.c.impl.ForgivingExceptionHandler msg="An unexpected connection driver error occurred (Exception message: Socket closed)"
2026-05-21T01:43:44.078+03:00 level=ERROR app=workhub corr=na method=na path=na logger=o.s.a.r.l.SimpleMessageListenerContainer msg="Failed to check/redeclare auto-delete queue(s)."
2026-05-21T01:43:44.078+03:00 level=WARN  app=workhub corr=na method=na path=na logger=c.r.c.impl.ForgivingExceptionHandler msg="An unexpected connection driver error occurred (Exception message: Socket closed)"
2026-05-21T01:43:44.086+03:00 level=WARN  app=workhub corr=na method=na path=na logger=c.r.c.impl.ForgivingExceptionHandler msg="An unexpected connection driver error occurred (Exception message: Socket closed)"
2026-05-21T01:43:44.107+03:00 level=DEBUG app=workhub corr=na method=na path=na logger=org.hibernate.SQL msg="
    select
        pm1_0.id,
        pm1_0.attempt_count,
        pm1_0.correlation_id,
        pm1_0.event_id,
        pm1_0.first_received_at,
        pm1_0.job_id,
        pm1_0.last_error,
        pm1_0.processed_at,
        pm1_0.project_id,
        pm1_0.status,
        pm1_0.tenant_id,
        pm1_0.updated_at,
        pm1_0.version 
    from
        processed_messages pm1_0 
    where
        pm1_0.job_id=? 
    order by
        pm1_0.first_received_at desc 
    fetch
        first ? rows only"
2026-05-21T01:43:44.137+03:00 level=WARN  app=workhub corr=na method=na path=na logger=c.r.c.impl.ForgivingExceptionHandler msg="An unexpected connection driver error occurred (Exception message: Socket closed)"
2026-05-21T01:43:44.214+03:00 level=DEBUG app=workhub corr=na method=na path=na logger=org.hibernate.SQL msg="
    select
        pm1_0.id,
        pm1_0.attempt_count,
        pm1_0.correlation_id,
        pm1_0.event_id,
        pm1_0.first_received_at,
        pm1_0.job_id,
        pm1_0.last_error,
        pm1_0.processed_at,
        pm1_0.project_id,
        pm1_0.status,
        pm1_0.tenant_id,
        pm1_0.updated_at,
        pm1_0.version 
    from
        processed_messages pm1_0 
    where
        pm1_0.job_id=? 
    order by
        pm1_0.first_received_at desc 
    fetch
        first ? rows only"
2026-05-21T01:43:44.322+03:00 level=DEBUG app=workhub corr=na method=na path=na logger=org.hibernate.SQL msg="
    select
        pm1_0.id,
        pm1_0.attempt_count,
        pm1_0.correlation_id,
        pm1_0.event_id,
        pm1_0.first_received_at,
        pm1_0.job_id,
        pm1_0.last_error,
        pm1_0.processed_at,
        pm1_0.project_id,
        pm1_0.status,
        pm1_0.tenant_id,
        pm1_0.updated_at,
        pm1_0.version 
    from
        processed_messages pm1_0 
    where
        pm1_0.job_id=? 
    order by
        pm1_0.first_received_at desc 
    fetch
        first ? rows only"
2026-05-21T01:43:44.431+03:00 level=DEBUG app=workhub corr=na method=na path=na logger=org.hibernate.SQL msg="
    select
        pm1_0.id,
        pm1_0.attempt_count,
        pm1_0.correlation_id,
        pm1_0.event_id,
        pm1_0.first_received_at,
        pm1_0.job_id,
        pm1_0.last_error,
        pm1_0.processed_at,
        pm1_0.project_id,
        pm1_0.status,
        pm1_0.tenant_id,
        pm1_0.updated_at,
        pm1_0.version 
    from
        processed_messages pm1_0 
    where
        pm1_0.job_id=? 
    order by
        pm1_0.first_received_at desc 
    fetch
        first ? rows only"
2026-05-21T01:43:44.538+03:00 level=DEBUG app=workhub corr=na method=na path=na logger=org.hibernate.SQL msg="
    select
        pm1_0.id,
        pm1_0.attempt_count,
        pm1_0.correlation_id,
        pm1_0.event_id,
        pm1_0.first_received_at,
        pm1_0.job_id,
        pm1_0.last_error,
        pm1_0.processed_at,
        pm1_0.project_id,
        pm1_0.status,
        pm1_0.tenant_id,
        pm1_0.updated_at,
        pm1_0.version 
    from
        processed_messages pm1_0 
    where
        pm1_0.job_id=? 
    order by
        pm1_0.first_received_at desc 
    fetch
        first ? rows only"
2026-05-21T01:43:44.648+03:00 level=DEBUG app=workhub corr=na method=na path=na logger=org.hibernate.SQL msg="
    select
        pm1_0.id,
        pm1_0.attempt_count,
        pm1_0.correlation_id,
        pm1_0.event_id,
        pm1_0.first_received_at,
        pm1_0.job_id,
        pm1_0.last_error,
        pm1_0.processed_at,
        pm1_0.project_id,
        pm1_0.status,
        pm1_0.tenant_id,
        pm1_0.updated_at,
        pm1_0.version 
    from
        processed_messages pm1_0 
    where
        pm1_0.job_id=? 
    order by
        pm1_0.first_received_at desc 
    fetch
        first ? rows only"
2026-05-21T01:43:44.756+03:00 level=DEBUG app=workhub corr=na method=na path=na logger=org.hibernate.SQL msg="
    select
        pm1_0.id,
        pm1_0.attempt_count,
        pm1_0.correlation_id,
        pm1_0.event_id,
        pm1_0.first_received_at,
        pm1_0.job_id,
        pm1_0.last_error,
        pm1_0.processed_at,
        pm1_0.project_id,
        pm1_0.status,
        pm1_0.tenant_id,
        pm1_0.updated_at,
        pm1_0.version 
    from
        processed_messages pm1_0 
    where
        pm1_0.job_id=? 
    order by
        pm1_0.first_received_at desc 
    fetch
        first ? rows only"
2026-05-21T01:43:44.865+03:00 level=DEBUG app=workhub corr=na method=na path=na logger=org.hibernate.SQL msg="
    select
        pm1_0.id,
        pm1_0.attempt_count,
        pm1_0.correlation_id,
        pm1_0.event_id,
        pm1_0.first_received_at,
        pm1_0.job_id,
        pm1_0.last_error,
        pm1_0.processed_at,
        pm1_0.project_id,
        pm1_0.status,
        pm1_0.tenant_id,
        pm1_0.updated_at,
        pm1_0.version 
    from
        processed_messages pm1_0 
    where
        pm1_0.job_id=? 
    order by
        pm1_0.first_received_at desc 
    fetch
        first ? rows only"
2026-05-21T01:43:44.974+03:00 level=DEBUG app=workhub corr=na method=na path=na logger=org.hibernate.SQL msg="
    select
        pm1_0.id,
        pm1_0.attempt_count,
        pm1_0.correlation_id,
        pm1_0.event_id,
        pm1_0.first_received_at,
        pm1_0.job_id,
        pm1_0.last_error,
        pm1_0.processed_at,
        pm1_0.project_id,
        pm1_0.status,
        pm1_0.tenant_id,
        pm1_0.updated_at,
        pm1_0.version 
    from
        processed_messages pm1_0 
    where
        pm1_0.job_id=? 
    order by
        pm1_0.first_received_at desc 
    fetch
        first ? rows only"
2026-05-21T01:43:45.082+03:00 level=DEBUG app=workhub corr=na method=na path=na logger=org.hibernate.SQL msg="
    select
        pm1_0.id,
        pm1_0.attempt_count,
        pm1_0.correlation_id,
        pm1_0.event_id,
        pm1_0.first_received_at,
        pm1_0.job_id,
        pm1_0.last_error,
        pm1_0.processed_at,
        pm1_0.project_id,
        pm1_0.status,
        pm1_0.tenant_id,
        pm1_0.updated_at,
        pm1_0.version 
    from
        processed_messages pm1_0 
    where
        pm1_0.job_id=? 
    order by
        pm1_0.first_received_at desc 
    fetch
        first ? rows only"
2026-05-21T01:43:45.190+03:00 level=DEBUG app=workhub corr=na method=na path=na logger=org.hibernate.SQL msg="
    select
        pm1_0.id,
        pm1_0.attempt_count,
        pm1_0.correlation_id,
        pm1_0.event_id,
        pm1_0.first_received_at,
        pm1_0.job_id,
        pm1_0.last_error,
        pm1_0.processed_at,
        pm1_0.project_id,
        pm1_0.status,
        pm1_0.tenant_id,
        pm1_0.updated_at,
        pm1_0.version 
    from
        processed_messages pm1_0 
    where
        pm1_0.job_id=? 
    order by
        pm1_0.first_received_at desc 
    fetch
        first ? rows only"
2026-05-21T01:43:45.298+03:00 level=DEBUG app=workhub corr=na method=na path=na logger=org.hibernate.SQL msg="
    select
        pm1_0.id,
        pm1_0.attempt_count,
        pm1_0.correlation_id,
        pm1_0.event_id,
        pm1_0.first_received_at,
        pm1_0.job_id,
        pm1_0.last_error,
        pm1_0.processed_at,
        pm1_0.project_id,
        pm1_0.status,
        pm1_0.tenant_id,
        pm1_0.updated_at,
        pm1_0.version 
    from
        processed_messages pm1_0 
    where
        pm1_0.job_id=? 
    order by
        pm1_0.first_received_at desc 
    fetch
        first ? rows only"
2026-05-21T01:43:45.406+03:00 level=DEBUG app=workhub corr=na method=na path=na logger=org.hibernate.SQL msg="
    select
        pm1_0.id,
        pm1_0.attempt_count,
        pm1_0.correlation_id,
        pm1_0.event_id,
        pm1_0.first_received_at,
        pm1_0.job_id,
        pm1_0.last_error,
        pm1_0.processed_at,
        pm1_0.project_id,
        pm1_0.status,
        pm1_0.tenant_id,
        pm1_0.updated_at,
        pm1_0.version 
    from
        processed_messages pm1_0 
    where
        pm1_0.job_id=? 
    order by
        pm1_0.first_received_at desc 
    fetch
        first ? rows only"
2026-05-21T01:43:45.514+03:00 level=DEBUG app=workhub corr=na method=na path=na logger=org.hibernate.SQL msg="
    select
        pm1_0.id,
        pm1_0.attempt_count,
        pm1_0.correlation_id,
        pm1_0.event_id,
        pm1_0.first_received_at,
        pm1_0.job_id,
        pm1_0.last_error,
        pm1_0.processed_at,
        pm1_0.project_id,
        pm1_0.status,
        pm1_0.tenant_id,
        pm1_0.updated_at,
        pm1_0.version 
    from
        processed_messages pm1_0 
    where
        pm1_0.job_id=? 
    order by
        pm1_0.first_received_at desc 
    fetch
        first ? rows only"
2026-05-21T01:43:45.623+03:00 level=DEBUG app=workhub corr=na method=na path=na logger=org.hibernate.SQL msg="
    select
        pm1_0.id,
        pm1_0.attempt_count,
        pm1_0.correlation_id,
        pm1_0.event_id,
        pm1_0.first_received_at,
        pm1_0.job_id,
        pm1_0.last_error,
        pm1_0.processed_at,
        pm1_0.project_id,
        pm1_0.status,
        pm1_0.tenant_id,
        pm1_0.updated_at,
        pm1_0.version 
    from
        processed_messages pm1_0 
    where
        pm1_0.job_id=? 
    order by
        pm1_0.first_received_at desc 
    fetch
        first ? rows only"
2026-05-21T01:43:45.732+03:00 level=DEBUG app=workhub corr=na method=na path=na logger=org.hibernate.SQL msg="
    select
        pm1_0.id,
        pm1_0.attempt_count,
        pm1_0.correlation_id,
        pm1_0.event_id,
        pm1_0.first_received_at,
        pm1_0.job_id,
        pm1_0.last_error,
        pm1_0.processed_at,
        pm1_0.project_id,
        pm1_0.status,
        pm1_0.tenant_id,
        pm1_0.updated_at,
        pm1_0.version 
    from
        processed_messages pm1_0 
    where
        pm1_0.job_id=? 
    order by
        pm1_0.first_received_at desc 
    fetch
        first ? rows only"
2026-05-21T01:43:45.842+03:00 level=DEBUG app=workhub corr=na method=na path=na logger=org.hibernate.SQL msg="
    select
        pm1_0.id,
        pm1_0.attempt_count,
        pm1_0.correlation_id,
        pm1_0.event_id,
        pm1_0.first_received_at,
        pm1_0.job_id,
        pm1_0.last_error,
        pm1_0.processed_at,
        pm1_0.project_id,
        pm1_0.status,
        pm1_0.tenant_id,
        pm1_0.updated_at,
        pm1_0.version 
    from
        processed_messages pm1_0 
    where
        pm1_0.job_id=? 
    order by
        pm1_0.first_received_at desc 
    fetch
        first ? rows only"
2026-05-21T01:43:45.949+03:00 level=DEBUG app=workhub corr=na method=na path=na logger=org.hibernate.SQL msg="
    select
        pm1_0.id,
        pm1_0.attempt_count,
        pm1_0.correlation_id,
        pm1_0.event_id,
        pm1_0.first_received_at,
        pm1_0.job_id,
        pm1_0.last_error,
        pm1_0.processed_at,
        pm1_0.project_id,
        pm1_0.status,
        pm1_0.tenant_id,
        pm1_0.updated_at,
        pm1_0.version 
    from
        processed_messages pm1_0 
    where
        pm1_0.job_id=? 
    order by
        pm1_0.first_received_at desc 
    fetch
        first ? rows only"
2026-05-21T01:43:46.057+03:00 level=DEBUG app=workhub corr=na method=na path=na logger=org.hibernate.SQL msg="
    select
        pm1_0.id,
        pm1_0.attempt_count,
        pm1_0.correlation_id,
        pm1_0.event_id,
        pm1_0.first_received_at,
        pm1_0.job_id,
        pm1_0.last_error,
        pm1_0.processed_at,
        pm1_0.project_id,
        pm1_0.status,
        pm1_0.tenant_id,
        pm1_0.updated_at,
        pm1_0.version 
    from
        processed_messages pm1_0 
    where
        pm1_0.job_id=? 
    order by
        pm1_0.first_received_at desc 
    fetch
        first ? rows only"
2026-05-21T01:43:46.166+03:00 level=DEBUG app=workhub corr=na method=na path=na logger=org.hibernate.SQL msg="
    select
        pm1_0.id,
        pm1_0.attempt_count,
        pm1_0.correlation_id,
        pm1_0.event_id,
        pm1_0.first_received_at,
        pm1_0.job_id,
        pm1_0.last_error,
        pm1_0.processed_at,
        pm1_0.project_id,
        pm1_0.status,
        pm1_0.tenant_id,
        pm1_0.updated_at,
        pm1_0.version 
    from
        processed_messages pm1_0 
    where
        pm1_0.job_id=? 
    order by
        pm1_0.first_received_at desc 
    fetch
        first ? rows only"
2026-05-21T01:43:46.275+03:00 level=DEBUG app=workhub corr=na method=na path=na logger=org.hibernate.SQL msg="
    select
        pm1_0.id,
        pm1_0.attempt_count,
        pm1_0.correlation_id,
        pm1_0.event_id,
        pm1_0.first_received_at,
        pm1_0.job_id,
        pm1_0.last_error,
        pm1_0.processed_at,
        pm1_0.project_id,
        pm1_0.status,
        pm1_0.tenant_id,
        pm1_0.updated_at,
        pm1_0.version 
    from
        processed_messages pm1_0 
    where
        pm1_0.job_id=? 
    order by
        pm1_0.first_received_at desc 
    fetch
        first ? rows only"
2026-05-21T01:43:46.384+03:00 level=DEBUG app=workhub corr=na method=na path=na logger=org.hibernate.SQL msg="
    select
        pm1_0.id,
        pm1_0.attempt_count,
        pm1_0.correlation_id,
        pm1_0.event_id,
        pm1_0.first_received_at,
        pm1_0.job_id,
        pm1_0.last_error,
        pm1_0.processed_at,
        pm1_0.project_id,
        pm1_0.status,
        pm1_0.tenant_id,
        pm1_0.updated_at,
        pm1_0.version 
    from
        processed_messages pm1_0 
    where
        pm1_0.job_id=? 
    order by
        pm1_0.first_received_at desc 
    fetch
        first ? rows only"
2026-05-21T01:43:46.493+03:00 level=DEBUG app=workhub corr=na method=na path=na logger=org.hibernate.SQL msg="
    select
        pm1_0.id,
        pm1_0.attempt_count,
        pm1_0.correlation_id,
        pm1_0.event_id,
        pm1_0.first_received_at,
        pm1_0.job_id,
        pm1_0.last_error,
        pm1_0.processed_at,
        pm1_0.project_id,
        pm1_0.status,
        pm1_0.tenant_id,
        pm1_0.updated_at,
        pm1_0.version 
    from
        processed_messages pm1_0 
    where
        pm1_0.job_id=? 
    order by
        pm1_0.first_received_at desc 
    fetch
        first ? rows only"
2026-05-21T01:43:46.601+03:00 level=DEBUG app=workhub corr=na method=na path=na logger=org.hibernate.SQL msg="
    select
        pm1_0.id,
        pm1_0.attempt_count,
        pm1_0.correlation_id,
        pm1_0.event_id,
        pm1_0.first_received_at,
        pm1_0.job_id,
        pm1_0.last_error,
        pm1_0.processed_at,
        pm1_0.project_id,
        pm1_0.status,
        pm1_0.tenant_id,
        pm1_0.updated_at,
        pm1_0.version 
    from
        processed_messages pm1_0 
    where
        pm1_0.job_id=? 
    order by
        pm1_0.first_received_at desc 
    fetch
        first ? rows only"
2026-05-21T01:43:46.711+03:00 level=DEBUG app=workhub corr=na method=na path=na logger=org.hibernate.SQL msg="
    select
        pm1_0.id,
        pm1_0.attempt_count,
        pm1_0.correlation_id,
        pm1_0.event_id,
        pm1_0.first_received_at,
        pm1_0.job_id,
        pm1_0.last_error,
        pm1_0.processed_at,
        pm1_0.project_id,
        pm1_0.status,
        pm1_0.tenant_id,
        pm1_0.updated_at,
        pm1_0.version 
    from
        processed_messages pm1_0 
    where
        pm1_0.job_id=? 
    order by
        pm1_0.first_received_at desc 
    fetch
        first ? rows only"
2026-05-21T01:43:46.819+03:00 level=DEBUG app=workhub corr=na method=na path=na logger=org.hibernate.SQL msg="
    select
        pm1_0.id,
        pm1_0.attempt_count,
        pm1_0.correlation_id,
        pm1_0.event_id,
        pm1_0.first_received_at,
        pm1_0.job_id,
        pm1_0.last_error,
        pm1_0.processed_at,
        pm1_0.project_id,
        pm1_0.status,
        pm1_0.tenant_id,
        pm1_0.updated_at,
        pm1_0.version 
    from
        processed_messages pm1_0 
    where
        pm1_0.job_id=? 
    order by
        pm1_0.first_received_at desc 
    fetch
        first ? rows only"
2026-05-21T01:43:46.929+03:00 level=DEBUG app=workhub corr=na method=na path=na logger=org.hibernate.SQL msg="
    select
        pm1_0.id,
        pm1_0.attempt_count,
        pm1_0.correlation_id,
        pm1_0.event_id,
        pm1_0.first_received_at,
        pm1_0.job_id,
        pm1_0.last_error,
        pm1_0.processed_at,
        pm1_0.project_id,
        pm1_0.status,
        pm1_0.tenant_id,
        pm1_0.updated_at,
        pm1_0.version 
    from
        processed_messages pm1_0 
    where
        pm1_0.job_id=? 
    order by
        pm1_0.first_received_at desc 
    fetch
        first ? rows only"
2026-05-21T01:43:47.039+03:00 level=DEBUG app=workhub corr=na method=na path=na logger=org.hibernate.SQL msg="
    select
        pm1_0.id,
        pm1_0.attempt_count,
        pm1_0.correlation_id,
        pm1_0.event_id,
        pm1_0.first_received_at,
        pm1_0.job_id,
        pm1_0.last_error,
        pm1_0.processed_at,
        pm1_0.project_id,
        pm1_0.status,
        pm1_0.tenant_id,
        pm1_0.updated_at,
        pm1_0.version 
    from
        processed_messages pm1_0 
    where
        pm1_0.job_id=? 
    order by
        pm1_0.first_received_at desc 
    fetch
        first ? rows only"
2026-05-21T01:43:47.147+03:00 level=DEBUG app=workhub corr=na method=na path=na logger=org.hibernate.SQL msg="
    select
        pm1_0.id,
        pm1_0.attempt_count,
        pm1_0.correlation_id,
        pm1_0.event_id,
        pm1_0.first_received_at,
        pm1_0.job_id,
        pm1_0.last_error,
        pm1_0.processed_at,
        pm1_0.project_id,
        pm1_0.status,
        pm1_0.tenant_id,
        pm1_0.updated_at,
        pm1_0.version 
    from
        processed_messages pm1_0 
    where
        pm1_0.job_id=? 
    order by
        pm1_0.first_received_at desc 
    fetch
        first ? rows only"
2026-05-21T01:43:47.256+03:00 level=DEBUG app=workhub corr=na method=na path=na logger=org.hibernate.SQL msg="
    select
        pm1_0.id,
        pm1_0.attempt_count,
        pm1_0.correlation_id,
        pm1_0.event_id,
        pm1_0.first_received_at,
        pm1_0.job_id,
        pm1_0.last_error,
        pm1_0.processed_at,
        pm1_0.project_id,
        pm1_0.status,
        pm1_0.tenant_id,
        pm1_0.updated_at,
        pm1_0.version 
    from
        processed_messages pm1_0 
    where
        pm1_0.job_id=? 
    order by
        pm1_0.first_received_at desc 
    fetch
        first ? rows only"
2026-05-21T01:43:47.366+03:00 level=DEBUG app=workhub corr=na method=na path=na logger=org.hibernate.SQL msg="
    select
        pm1_0.id,
        pm1_0.attempt_count,
        pm1_0.correlation_id,
        pm1_0.event_id,
        pm1_0.first_received_at,
        pm1_0.job_id,
        pm1_0.last_error,
        pm1_0.processed_at,
        pm1_0.project_id,
        pm1_0.status,
        pm1_0.tenant_id,
        pm1_0.updated_at,
        pm1_0.version 
    from
        processed_messages pm1_0 
    where
        pm1_0.job_id=? 
    order by
        pm1_0.first_received_at desc 
    fetch
        first ? rows only"
2026-05-21T01:43:47.474+03:00 level=DEBUG app=workhub corr=na method=na path=na logger=org.hibernate.SQL msg="
    select
        pm1_0.id,
        pm1_0.attempt_count,
        pm1_0.correlation_id,
        pm1_0.event_id,
        pm1_0.first_received_at,
        pm1_0.job_id,
        pm1_0.last_error,
        pm1_0.processed_at,
        pm1_0.project_id,
        pm1_0.status,
        pm1_0.tenant_id,
        pm1_0.updated_at,
        pm1_0.version 
    from
        processed_messages pm1_0 
    where
        pm1_0.job_id=? 
    order by
        pm1_0.first_received_at desc 
    fetch
        first ? rows only"
2026-05-21T01:43:47.583+03:00 level=DEBUG app=workhub corr=na method=na path=na logger=org.hibernate.SQL msg="
    select
        pm1_0.id,
        pm1_0.attempt_count,
        pm1_0.correlation_id,
        pm1_0.event_id,
        pm1_0.first_received_at,
        pm1_0.job_id,
        pm1_0.last_error,
        pm1_0.processed_at,
        pm1_0.project_id,
        pm1_0.status,
        pm1_0.tenant_id,
        pm1_0.updated_at,
        pm1_0.version 
    from
        processed_messages pm1_0 
    where
        pm1_0.job_id=? 
    order by
        pm1_0.first_received_at desc 
    fetch
        first ? rows only"
2026-05-21T01:43:47.691+03:00 level=DEBUG app=workhub corr=na method=na path=na logger=org.hibernate.SQL msg="
    select
        pm1_0.id,
        pm1_0.attempt_count,
        pm1_0.correlation_id,
        pm1_0.event_id,
        pm1_0.first_received_at,
        pm1_0.job_id,
        pm1_0.last_error,
        pm1_0.processed_at,
        pm1_0.project_id,
        pm1_0.status,
        pm1_0.tenant_id,
        pm1_0.updated_at,
        pm1_0.version 
    from
        processed_messages pm1_0 
    where
        pm1_0.job_id=? 
    order by
        pm1_0.first_received_at desc 
    fetch
        first ? rows only"
2026-05-21T01:43:47.798+03:00 level=DEBUG app=workhub corr=na method=na path=na logger=org.hibernate.SQL msg="
    select
        pm1_0.id,
        pm1_0.attempt_count,
        pm1_0.correlation_id,
        pm1_0.event_id,
        pm1_0.first_received_at,
        pm1_0.job_id,
        pm1_0.last_error,
        pm1_0.processed_at,
        pm1_0.project_id,
        pm1_0.status,
        pm1_0.tenant_id,
        pm1_0.updated_at,
        pm1_0.version 
    from
        processed_messages pm1_0 
    where
        pm1_0.job_id=? 
    order by
        pm1_0.first_received_at desc 
    fetch
        first ? rows only"
2026-05-21T01:43:47.907+03:00 level=DEBUG app=workhub corr=na method=na path=na logger=org.hibernate.SQL msg="
    select
        pm1_0.id,
        pm1_0.attempt_count,
        pm1_0.correlation_id,
        pm1_0.event_id,
        pm1_0.first_received_at,
        pm1_0.job_id,
        pm1_0.last_error,
        pm1_0.processed_at,
        pm1_0.project_id,
        pm1_0.status,
        pm1_0.tenant_id,
        pm1_0.updated_at,
        pm1_0.version 
    from
        processed_messages pm1_0 
    where
        pm1_0.job_id=? 
    order by
        pm1_0.first_received_at desc 
    fetch
        first ? rows only"
2026-05-21T01:43:48.016+03:00 level=DEBUG app=workhub corr=na method=na path=na logger=org.hibernate.SQL msg="
    select
        pm1_0.id,
        pm1_0.attempt_count,
        pm1_0.correlation_id,
        pm1_0.event_id,
        pm1_0.first_received_at,
        pm1_0.job_id,
        pm1_0.last_error,
        pm1_0.processed_at,
        pm1_0.project_id,
        pm1_0.status,
        pm1_0.tenant_id,
        pm1_0.updated_at,
        pm1_0.version 
    from
        processed_messages pm1_0 
    where
        pm1_0.job_id=? 
    order by
        pm1_0.first_received_at desc 
    fetch
        first ? rows only"
2026-05-21T01:43:48.124+03:00 level=DEBUG app=workhub corr=na method=na path=na logger=org.hibernate.SQL msg="
    select
        pm1_0.id,
        pm1_0.attempt_count,
        pm1_0.correlation_id,
        pm1_0.event_id,
        pm1_0.first_received_at,
        pm1_0.job_id,
        pm1_0.last_error,
        pm1_0.processed_at,
        pm1_0.project_id,
        pm1_0.status,
        pm1_0.tenant_id,
        pm1_0.updated_at,
        pm1_0.version 
    from
        processed_messages pm1_0 
    where
        pm1_0.job_id=? 
    order by
        pm1_0.first_received_at desc 
    fetch
        first ? rows only"
2026-05-21T01:43:48.232+03:00 level=DEBUG app=workhub corr=na method=na path=na logger=org.hibernate.SQL msg="
    select
        pm1_0.id,
        pm1_0.attempt_count,
        pm1_0.correlation_id,
        pm1_0.event_id,
        pm1_0.first_received_at,
        pm1_0.job_id,
        pm1_0.last_error,
        pm1_0.processed_at,
        pm1_0.project_id,
        pm1_0.status,
        pm1_0.tenant_id,
        pm1_0.updated_at,
        pm1_0.version 
    from
        processed_messages pm1_0 
    where
        pm1_0.job_id=? 
    order by
        pm1_0.first_received_at desc 
    fetch
        first ? rows only"
2026-05-21T01:43:48.342+03:00 level=DEBUG app=workhub corr=na method=na path=na logger=org.hibernate.SQL msg="
    select
        pm1_0.id,
        pm1_0.attempt_count,
        pm1_0.correlation_id,
        pm1_0.event_id,
        pm1_0.first_received_at,
        pm1_0.job_id,
        pm1_0.last_error,
        pm1_0.processed_at,
        pm1_0.project_id,
        pm1_0.status,
        pm1_0.tenant_id,
        pm1_0.updated_at,
        pm1_0.version 
    from
        processed_messages pm1_0 
    where
        pm1_0.job_id=? 
    order by
        pm1_0.first_received_at desc 
    fetch
        first ? rows only"
2026-05-21T01:43:48.453+03:00 level=DEBUG app=workhub corr=na method=na path=na logger=org.hibernate.SQL msg="
    select
        pm1_0.id,
        pm1_0.attempt_count,
        pm1_0.correlation_id,
        pm1_0.event_id,
        pm1_0.first_received_at,
        pm1_0.job_id,
        pm1_0.last_error,
        pm1_0.processed_at,
        pm1_0.project_id,
        pm1_0.status,
        pm1_0.tenant_id,
        pm1_0.updated_at,
        pm1_0.version 
    from
        processed_messages pm1_0 
    where
        pm1_0.job_id=? 
    order by
        pm1_0.first_received_at desc 
    fetch
        first ? rows only"
2026-05-21T01:43:48.561+03:00 level=DEBUG app=workhub corr=na method=na path=na logger=org.hibernate.SQL msg="
    select
        pm1_0.id,
        pm1_0.attempt_count,
        pm1_0.correlation_id,
        pm1_0.event_id,
        pm1_0.first_received_at,
        pm1_0.job_id,
        pm1_0.last_error,
        pm1_0.processed_at,
        pm1_0.project_id,
        pm1_0.status,
        pm1_0.tenant_id,
        pm1_0.updated_at,
        pm1_0.version 
    from
        processed_messages pm1_0 
    where
        pm1_0.job_id=? 
    order by
        pm1_0.first_received_at desc 
    fetch
        first ? rows only"
2026-05-21T01:43:48.670+03:00 level=DEBUG app=workhub corr=na method=na path=na logger=org.hibernate.SQL msg="
    select
        pm1_0.id,
        pm1_0.attempt_count,
        pm1_0.correlation_id,
        pm1_0.event_id,
        pm1_0.first_received_at,
        pm1_0.job_id,
        pm1_0.last_error,
        pm1_0.processed_at,
        pm1_0.project_id,
        pm1_0.status,
        pm1_0.tenant_id,
        pm1_0.updated_at,
        pm1_0.version 
    from
        processed_messages pm1_0 
    where
        pm1_0.job_id=? 
    order by
        pm1_0.first_received_at desc 
    fetch
        first ? rows only"
2026-05-21T01:43:48.780+03:00 level=DEBUG app=workhub corr=na method=na path=na logger=org.hibernate.SQL msg="
    select
        pm1_0.id,
        pm1_0.attempt_count,
        pm1_0.correlation_id,
        pm1_0.event_id,
        pm1_0.first_received_at,
        pm1_0.job_id,
        pm1_0.last_error,
        pm1_0.processed_at,
        pm1_0.project_id,
        pm1_0.status,
        pm1_0.tenant_id,
        pm1_0.updated_at,
        pm1_0.version 
    from
        processed_messages pm1_0 
    where
        pm1_0.job_id=? 
    order by
        pm1_0.first_received_at desc 
    fetch
        first ? rows only"
2026-05-21T01:43:48.890+03:00 level=DEBUG app=workhub corr=na method=na path=na logger=org.hibernate.SQL msg="
    select
        pm1_0.id,
        pm1_0.attempt_count,
        pm1_0.correlation_id,
        pm1_0.event_id,
        pm1_0.first_received_at,
        pm1_0.job_id,
        pm1_0.last_error,
        pm1_0.processed_at,
        pm1_0.project_id,
        pm1_0.status,
        pm1_0.tenant_id,
        pm1_0.updated_at,
        pm1_0.version 
    from
        processed_messages pm1_0 
    where
        pm1_0.job_id=? 
    order by
        pm1_0.first_received_at desc 
    fetch
        first ? rows only"
2026-05-21T01:43:48.997+03:00 level=DEBUG app=workhub corr=na method=na path=na logger=org.hibernate.SQL msg="
    select
        pm1_0.id,
        pm1_0.attempt_count,
        pm1_0.correlation_id,
        pm1_0.event_id,
        pm1_0.first_received_at,
        pm1_0.job_id,
        pm1_0.last_error,
        pm1_0.processed_at,
        pm1_0.project_id,
        pm1_0.status,
        pm1_0.tenant_id,
        pm1_0.updated_at,
        pm1_0.version 
    from
        processed_messages pm1_0 
    where
        pm1_0.job_id=? 
    order by
        pm1_0.first_received_at desc 
    fetch
        first ? rows only"
2026-05-21T01:43:49.104+03:00 level=DEBUG app=workhub corr=na method=na path=na logger=org.hibernate.SQL msg="
    select
        pm1_0.id,
        pm1_0.attempt_count,
        pm1_0.correlation_id,
        pm1_0.event_id,
        pm1_0.first_received_at,
        pm1_0.job_id,
        pm1_0.last_error,
        pm1_0.processed_at,
        pm1_0.project_id,
        pm1_0.status,
        pm1_0.tenant_id,
        pm1_0.updated_at,
        pm1_0.version 
    from
        processed_messages pm1_0 
    where
        pm1_0.job_id=? 
    order by
        pm1_0.first_received_at desc 
    fetch
        first ? rows only"
2026-05-21T01:43:49.212+03:00 level=DEBUG app=workhub corr=na method=na path=na logger=org.hibernate.SQL msg="
    select
        pm1_0.id,
        pm1_0.attempt_count,
        pm1_0.correlation_id,
        pm1_0.event_id,
        pm1_0.first_received_at,
        pm1_0.job_id,
        pm1_0.last_error,
        pm1_0.processed_at,
        pm1_0.project_id,
        pm1_0.status,
        pm1_0.tenant_id,
        pm1_0.updated_at,
        pm1_0.version 
    from
        processed_messages pm1_0 
    where
        pm1_0.job_id=? 
    order by
        pm1_0.first_received_at desc 
    fetch
        first ? rows only"
2026-05-21T01:43:49.220+03:00 level=WARN  app=workhub corr=na method=na path=na logger=c.r.c.impl.ForgivingExceptionHandler msg="An unexpected connection driver error occurred (Exception message: Socket closed)"
2026-05-21T01:43:49.268+03:00 level=ERROR app=workhub corr=na method=na path=na logger=o.s.a.r.l.SimpleMessageListenerContainer msg="Failed to check/redeclare auto-delete queue(s)."
2026-05-21T01:43:49.268+03:00 level=WARN  app=workhub corr=na method=na path=na logger=c.r.c.impl.ForgivingExceptionHandler msg="An unexpected connection driver error occurred (Exception message: Socket closed)"
2026-05-21T01:43:49.276+03:00 level=WARN  app=workhub corr=na method=na path=na logger=c.r.c.impl.ForgivingExceptionHandler msg="An unexpected connection driver error occurred (Exception message: Socket closed)"
2026-05-21T01:43:49.322+03:00 level=DEBUG app=workhub corr=na method=na path=na logger=org.hibernate.SQL msg="
    select
        pm1_0.id,
        pm1_0.attempt_count,
        pm1_0.correlation_id,
        pm1_0.event_id,
        pm1_0.first_received_at,
        pm1_0.job_id,
        pm1_0.last_error,
        pm1_0.processed_at,
        pm1_0.project_id,
        pm1_0.status,
        pm1_0.tenant_id,
        pm1_0.updated_at,
        pm1_0.version 
    from
        processed_messages pm1_0 
    where
        pm1_0.job_id=? 
    order by
        pm1_0.first_received_at desc 
    fetch
        first ? rows only"
2026-05-21T01:43:49.328+03:00 level=WARN  app=workhub corr=na method=na path=na logger=c.r.c.impl.ForgivingExceptionHandler msg="An unexpected connection driver error occurred (Exception message: Socket closed)"
2026-05-21T01:43:49.430+03:00 level=DEBUG app=workhub corr=na method=na path=na logger=org.hibernate.SQL msg="
    select
        pm1_0.id,
        pm1_0.attempt_count,
        pm1_0.correlation_id,
        pm1_0.event_id,
        pm1_0.first_received_at,
        pm1_0.job_id,
        pm1_0.last_error,
        pm1_0.processed_at,
        pm1_0.project_id,
        pm1_0.status,
        pm1_0.tenant_id,
        pm1_0.updated_at,
        pm1_0.version 
    from
        processed_messages pm1_0 
    where
        pm1_0.job_id=? 
    order by
        pm1_0.first_received_at desc 
    fetch
        first ? rows only"
2026-05-21T01:43:49.539+03:00 level=DEBUG app=workhub corr=na method=na path=na logger=org.hibernate.SQL msg="
    select
        pm1_0.id,
        pm1_0.attempt_count,
        pm1_0.correlation_id,
        pm1_0.event_id,
        pm1_0.first_received_at,
        pm1_0.job_id,
        pm1_0.last_error,
        pm1_0.processed_at,
        pm1_0.project_id,
        pm1_0.status,
        pm1_0.tenant_id,
        pm1_0.updated_at,
        pm1_0.version 
    from
        processed_messages pm1_0 
    where
        pm1_0.job_id=? 
    order by
        pm1_0.first_received_at desc 
    fetch
        first ? rows only"
2026-05-21T01:43:49.647+03:00 level=DEBUG app=workhub corr=na method=na path=na logger=org.hibernate.SQL msg="
    select
        pm1_0.id,
        pm1_0.attempt_count,
        pm1_0.correlation_id,
        pm1_0.event_id,
        pm1_0.first_received_at,
        pm1_0.job_id,
        pm1_0.last_error,
        pm1_0.processed_at,
        pm1_0.project_id,
        pm1_0.status,
        pm1_0.tenant_id,
        pm1_0.updated_at,
        pm1_0.version 
    from
        processed_messages pm1_0 
    where
        pm1_0.job_id=? 
    order by
        pm1_0.first_received_at desc 
    fetch
        first ? rows only"
2026-05-21T01:43:49.754+03:00 level=DEBUG app=workhub corr=na method=na path=na logger=org.hibernate.SQL msg="
    select
        pm1_0.id,
        pm1_0.attempt_count,
        pm1_0.correlation_id,
        pm1_0.event_id,
        pm1_0.first_received_at,
        pm1_0.job_id,
        pm1_0.last_error,
        pm1_0.processed_at,
        pm1_0.project_id,
        pm1_0.status,
        pm1_0.tenant_id,
        pm1_0.updated_at,
        pm1_0.version 
    from
        processed_messages pm1_0 
    where
        pm1_0.job_id=? 
    order by
        pm1_0.first_received_at desc 
    fetch
        first ? rows only"
2026-05-21T01:43:49.866+03:00 level=DEBUG app=workhub corr=na method=na path=na logger=org.hibernate.SQL msg="
    select
        pm1_0.id,
        pm1_0.attempt_count,
        pm1_0.correlation_id,
        pm1_0.event_id,
        pm1_0.first_received_at,
        pm1_0.job_id,
        pm1_0.last_error,
        pm1_0.processed_at,
        pm1_0.project_id,
        pm1_0.status,
        pm1_0.tenant_id,
        pm1_0.updated_at,
        pm1_0.version 
    from
        processed_messages pm1_0 
    where
        pm1_0.job_id=? 
    order by
        pm1_0.first_received_at desc 
    fetch
        first ? rows only"
2026-05-21T01:43:49.974+03:00 level=DEBUG app=workhub corr=na method=na path=na logger=org.hibernate.SQL msg="
    select
        pm1_0.id,
        pm1_0.attempt_count,
        pm1_0.correlation_id,
        pm1_0.event_id,
        pm1_0.first_received_at,
        pm1_0.job_id,
        pm1_0.last_error,
        pm1_0.processed_at,
        pm1_0.project_id,
        pm1_0.status,
        pm1_0.tenant_id,
        pm1_0.updated_at,
        pm1_0.version 
    from
        processed_messages pm1_0 
    where
        pm1_0.job_id=? 
    order by
        pm1_0.first_received_at desc 
    fetch
        first ? rows only"
2026-05-21T01:43:50.083+03:00 level=DEBUG app=workhub corr=na method=na path=na logger=org.hibernate.SQL msg="
    select
        pm1_0.id,
        pm1_0.attempt_count,
        pm1_0.correlation_id,
        pm1_0.event_id,
        pm1_0.first_received_at,
        pm1_0.job_id,
        pm1_0.last_error,
        pm1_0.processed_at,
        pm1_0.project_id,
        pm1_0.status,
        pm1_0.tenant_id,
        pm1_0.updated_at,
        pm1_0.version 
    from
        processed_messages pm1_0 
    where
        pm1_0.job_id=? 
    order by
        pm1_0.first_received_at desc 
    fetch
        first ? rows only"
2026-05-21T01:43:50.192+03:00 level=DEBUG app=workhub corr=na method=na path=na logger=org.hibernate.SQL msg="
    select
        pm1_0.id,
        pm1_0.attempt_count,
        pm1_0.correlation_id,
        pm1_0.event_id,
        pm1_0.first_received_at,
        pm1_0.job_id,
        pm1_0.last_error,
        pm1_0.processed_at,
        pm1_0.project_id,
        pm1_0.status,
        pm1_0.tenant_id,
        pm1_0.updated_at,
        pm1_0.version 
    from
        processed_messages pm1_0 
    where
        pm1_0.job_id=? 
    order by
        pm1_0.first_received_at desc 
    fetch
        first ? rows only"
2026-05-21T01:43:50.302+03:00 level=DEBUG app=workhub corr=na method=na path=na logger=org.hibernate.SQL msg="
    select
        pm1_0.id,
        pm1_0.attempt_count,
        pm1_0.correlation_id,
        pm1_0.event_id,
        pm1_0.first_received_at,
        pm1_0.job_id,
        pm1_0.last_error,
        pm1_0.processed_at,
        pm1_0.project_id,
        pm1_0.status,
        pm1_0.tenant_id,
        pm1_0.updated_at,
        pm1_0.version 
    from
        processed_messages pm1_0 
    where
        pm1_0.job_id=? 
    order by
        pm1_0.first_received_at desc 
    fetch
        first ? rows only"
2026-05-21T01:43:50.410+03:00 level=DEBUG app=workhub corr=na method=na path=na logger=org.hibernate.SQL msg="
    select
        pm1_0.id,
        pm1_0.attempt_count,
        pm1_0.correlation_id,
        pm1_0.event_id,
        pm1_0.first_received_at,
        pm1_0.job_id,
        pm1_0.last_error,
        pm1_0.processed_at,
        pm1_0.project_id,
        pm1_0.status,
        pm1_0.tenant_id,
        pm1_0.updated_at,
        pm1_0.version 
    from
        processed_messages pm1_0 
    where
        pm1_0.job_id=? 
    order by
        pm1_0.first_received_at desc 
    fetch
        first ? rows only"
2026-05-21T01:43:50.518+03:00 level=DEBUG app=workhub corr=na method=na path=na logger=org.hibernate.SQL msg="
    select
        pm1_0.id,
        pm1_0.attempt_count,
        pm1_0.correlation_id,
        pm1_0.event_id,
        pm1_0.first_received_at,
        pm1_0.job_id,
        pm1_0.last_error,
        pm1_0.processed_at,
        pm1_0.project_id,
        pm1_0.status,
        pm1_0.tenant_id,
        pm1_0.updated_at,
        pm1_0.version 
    from
        processed_messages pm1_0 
    where
        pm1_0.job_id=? 
    order by
        pm1_0.first_received_at desc 
    fetch
        first ? rows only"
2026-05-21T01:43:50.627+03:00 level=DEBUG app=workhub corr=na method=na path=na logger=org.hibernate.SQL msg="
    select
        pm1_0.id,
        pm1_0.attempt_count,
        pm1_0.correlation_id,
        pm1_0.event_id,
        pm1_0.first_received_at,
        pm1_0.job_id,
        pm1_0.last_error,
        pm1_0.processed_at,
        pm1_0.project_id,
        pm1_0.status,
        pm1_0.tenant_id,
        pm1_0.updated_at,
        pm1_0.version 
    from
        processed_messages pm1_0 
    where
        pm1_0.job_id=? 
    order by
        pm1_0.first_received_at desc 
    fetch
        first ? rows only"
2026-05-21T01:43:50.734+03:00 level=DEBUG app=workhub corr=na method=na path=na logger=org.hibernate.SQL msg="
    select
        pm1_0.id,
        pm1_0.attempt_count,
        pm1_0.correlation_id,
        pm1_0.event_id,
        pm1_0.first_received_at,
        pm1_0.job_id,
        pm1_0.last_error,
        pm1_0.processed_at,
        pm1_0.project_id,
        pm1_0.status,
        pm1_0.tenant_id,
        pm1_0.updated_at,
        pm1_0.version 
    from
        processed_messages pm1_0 
    where
        pm1_0.job_id=? 
    order by
        pm1_0.first_received_at desc 
    fetch
        first ? rows only"
2026-05-21T01:43:50.845+03:00 level=DEBUG app=workhub corr=na method=na path=na logger=org.hibernate.SQL msg="
    select
        pm1_0.id,
        pm1_0.attempt_count,
        pm1_0.correlation_id,
        pm1_0.event_id,
        pm1_0.first_received_at,
        pm1_0.job_id,
        pm1_0.last_error,
        pm1_0.processed_at,
        pm1_0.project_id,
        pm1_0.status,
        pm1_0.tenant_id,
        pm1_0.updated_at,
        pm1_0.version 
    from
        processed_messages pm1_0 
    where
        pm1_0.job_id=? 
    order by
        pm1_0.first_received_at desc 
    fetch
        first ? rows only"
2026-05-21T01:43:50.954+03:00 level=DEBUG app=workhub corr=na method=na path=na logger=org.hibernate.SQL msg="
    select
        pm1_0.id,
        pm1_0.attempt_count,
        pm1_0.correlation_id,
        pm1_0.event_id,
        pm1_0.first_received_at,
        pm1_0.job_id,
        pm1_0.last_error,
        pm1_0.processed_at,
        pm1_0.project_id,
        pm1_0.status,
        pm1_0.tenant_id,
        pm1_0.updated_at,
        pm1_0.version 
    from
        processed_messages pm1_0 
    where
        pm1_0.job_id=? 
    order by
        pm1_0.first_received_at desc 
    fetch
        first ? rows only"
2026-05-21T01:43:51.061+03:00 level=DEBUG app=workhub corr=na method=na path=na logger=org.hibernate.SQL msg="
    select
        pm1_0.id,
        pm1_0.attempt_count,
        pm1_0.correlation_id,
        pm1_0.event_id,
        pm1_0.first_received_at,
        pm1_0.job_id,
        pm1_0.last_error,
        pm1_0.processed_at,
        pm1_0.project_id,
        pm1_0.status,
        pm1_0.tenant_id,
        pm1_0.updated_at,
        pm1_0.version 
    from
        processed_messages pm1_0 
    where
        pm1_0.job_id=? 
    order by
        pm1_0.first_received_at desc 
    fetch
        first ? rows only"
2026-05-21T01:43:51.169+03:00 level=DEBUG app=workhub corr=na method=na path=na logger=org.hibernate.SQL msg="
    select
        pm1_0.id,
        pm1_0.attempt_count,
        pm1_0.correlation_id,
        pm1_0.event_id,
        pm1_0.first_received_at,
        pm1_0.job_id,
        pm1_0.last_error,
        pm1_0.processed_at,
        pm1_0.project_id,
        pm1_0.status,
        pm1_0.tenant_id,
        pm1_0.updated_at,
        pm1_0.version 
    from
        processed_messages pm1_0 
    where
        pm1_0.job_id=? 
    order by
        pm1_0.first_received_at desc 
    fetch
        first ? rows only"
2026-05-21T01:43:51.276+03:00 level=DEBUG app=workhub corr=na method=na path=na logger=org.hibernate.SQL msg="
    select
        pm1_0.id,
        pm1_0.attempt_count,
        pm1_0.correlation_id,
        pm1_0.event_id,
        pm1_0.first_received_at,
        pm1_0.job_id,
        pm1_0.last_error,
        pm1_0.processed_at,
        pm1_0.project_id,
        pm1_0.status,
        pm1_0.tenant_id,
        pm1_0.updated_at,
        pm1_0.version 
    from
        processed_messages pm1_0 
    where
        pm1_0.job_id=? 
    order by
        pm1_0.first_received_at desc 
    fetch
        first ? rows only"
2026-05-21T01:43:51.384+03:00 level=DEBUG app=workhub corr=na method=na path=na logger=org.hibernate.SQL msg="
    select
        pm1_0.id,
        pm1_0.attempt_count,
        pm1_0.correlation_id,
        pm1_0.event_id,
        pm1_0.first_received_at,
        pm1_0.job_id,
        pm1_0.last_error,
        pm1_0.processed_at,
        pm1_0.project_id,
        pm1_0.status,
        pm1_0.tenant_id,
        pm1_0.updated_at,
        pm1_0.version 
    from
        processed_messages pm1_0 
    where
        pm1_0.job_id=? 
    order by
        pm1_0.first_received_at desc 
    fetch
        first ? rows only"
2026-05-21T01:43:51.491+03:00 level=DEBUG app=workhub corr=na method=na path=na logger=org.hibernate.SQL msg="
    select
        pm1_0.id,
        pm1_0.attempt_count,
        pm1_0.correlation_id,
        pm1_0.event_id,
        pm1_0.first_received_at,
        pm1_0.job_id,
        pm1_0.last_error,
        pm1_0.processed_at,
        pm1_0.project_id,
        pm1_0.status,
        pm1_0.tenant_id,
        pm1_0.updated_at,
        pm1_0.version 
    from
        processed_messages pm1_0 
    where
        pm1_0.job_id=? 
    order by
        pm1_0.first_received_at desc 
    fetch
        first ? rows only"
2026-05-21T01:43:51.599+03:00 level=DEBUG app=workhub corr=na method=na path=na logger=org.hibernate.SQL msg="
    select
        pm1_0.id,
        pm1_0.attempt_count,
        pm1_0.correlation_id,
        pm1_0.event_id,
        pm1_0.first_received_at,
        pm1_0.job_id,
        pm1_0.last_error,
        pm1_0.processed_at,
        pm1_0.project_id,
        pm1_0.status,
        pm1_0.tenant_id,
        pm1_0.updated_at,
        pm1_0.version 
    from
        processed_messages pm1_0 
    where
        pm1_0.job_id=? 
    order by
        pm1_0.first_received_at desc 
    fetch
        first ? rows only"
2026-05-21T01:43:51.708+03:00 level=DEBUG app=workhub corr=na method=na path=na logger=org.hibernate.SQL msg="
    select
        pm1_0.id,
        pm1_0.attempt_count,
        pm1_0.correlation_id,
        pm1_0.event_id,
        pm1_0.first_received_at,
        pm1_0.job_id,
        pm1_0.last_error,
        pm1_0.processed_at,
        pm1_0.project_id,
        pm1_0.status,
        pm1_0.tenant_id,
        pm1_0.updated_at,
        pm1_0.version 
    from
        processed_messages pm1_0 
    where
        pm1_0.job_id=? 
    order by
        pm1_0.first_received_at desc 
    fetch
        first ? rows only"
2026-05-21T01:43:51.817+03:00 level=DEBUG app=workhub corr=na method=na path=na logger=org.hibernate.SQL msg="
    select
        pm1_0.id,
        pm1_0.attempt_count,
        pm1_0.correlation_id,
        pm1_0.event_id,
        pm1_0.first_received_at,
        pm1_0.job_id,
        pm1_0.last_error,
        pm1_0.processed_at,
        pm1_0.project_id,
        pm1_0.status,
        pm1_0.tenant_id,
        pm1_0.updated_at,
        pm1_0.version 
    from
        processed_messages pm1_0 
    where
        pm1_0.job_id=? 
    order by
        pm1_0.first_received_at desc 
    fetch
        first ? rows only"
2026-05-21T01:43:51.925+03:00 level=DEBUG app=workhub corr=na method=na path=na logger=org.hibernate.SQL msg="
    select
        pm1_0.id,
        pm1_0.attempt_count,
        pm1_0.correlation_id,
        pm1_0.event_id,
        pm1_0.first_received_at,
        pm1_0.job_id,
        pm1_0.last_error,
        pm1_0.processed_at,
        pm1_0.project_id,
        pm1_0.status,
        pm1_0.tenant_id,
        pm1_0.updated_at,
        pm1_0.version 
    from
        processed_messages pm1_0 
    where
        pm1_0.job_id=? 
    order by
        pm1_0.first_received_at desc 
    fetch
        first ? rows only"
2026-05-21T01:43:52.035+03:00 level=DEBUG app=workhub corr=na method=na path=na logger=org.hibernate.SQL msg="
    select
        pm1_0.id,
        pm1_0.attempt_count,
        pm1_0.correlation_id,
        pm1_0.event_id,
        pm1_0.first_received_at,
        pm1_0.job_id,
        pm1_0.last_error,
        pm1_0.processed_at,
        pm1_0.project_id,
        pm1_0.status,
        pm1_0.tenant_id,
        pm1_0.updated_at,
        pm1_0.version 
    from
        processed_messages pm1_0 
    where
        pm1_0.job_id=? 
    order by
        pm1_0.first_received_at desc 
    fetch
        first ? rows only"
2026-05-21T01:43:52.144+03:00 level=DEBUG app=workhub corr=na method=na path=na logger=org.hibernate.SQL msg="
    select
        pm1_0.id,
        pm1_0.attempt_count,
        pm1_0.correlation_id,
        pm1_0.event_id,
        pm1_0.first_received_at,
        pm1_0.job_id,
        pm1_0.last_error,
        pm1_0.processed_at,
        pm1_0.project_id,
        pm1_0.status,
        pm1_0.tenant_id,
        pm1_0.updated_at,
        pm1_0.version 
    from
        processed_messages pm1_0 
    where
        pm1_0.job_id=? 
    order by
        pm1_0.first_received_at desc 
    fetch
        first ? rows only"
2026-05-21T01:43:52.253+03:00 level=DEBUG app=workhub corr=na method=na path=na logger=org.hibernate.SQL msg="
    select
        pm1_0.id,
        pm1_0.attempt_count,
        pm1_0.correlation_id,
        pm1_0.event_id,
        pm1_0.first_received_at,
        pm1_0.job_id,
        pm1_0.last_error,
        pm1_0.processed_at,
        pm1_0.project_id,
        pm1_0.status,
        pm1_0.tenant_id,
        pm1_0.updated_at,
        pm1_0.version 
    from
        processed_messages pm1_0 
    where
        pm1_0.job_id=? 
    order by
        pm1_0.first_received_at desc 
    fetch
        first ? rows only"
2026-05-21T01:43:52.363+03:00 level=DEBUG app=workhub corr=na method=na path=na logger=org.hibernate.SQL msg="
    select
        pm1_0.id,
        pm1_0.attempt_count,
        pm1_0.correlation_id,
        pm1_0.event_id,
        pm1_0.first_received_at,
        pm1_0.job_id,
        pm1_0.last_error,
        pm1_0.processed_at,
        pm1_0.project_id,
        pm1_0.status,
        pm1_0.tenant_id,
        pm1_0.updated_at,
        pm1_0.version 
    from
        processed_messages pm1_0 
    where
        pm1_0.job_id=? 
    order by
        pm1_0.first_received_at desc 
    fetch
        first ? rows only"
2026-05-21T01:43:52.472+03:00 level=DEBUG app=workhub corr=na method=na path=na logger=org.hibernate.SQL msg="
    select
        pm1_0.id,
        pm1_0.attempt_count,
        pm1_0.correlation_id,
        pm1_0.event_id,
        pm1_0.first_received_at,
        pm1_0.job_id,
        pm1_0.last_error,
        pm1_0.processed_at,
        pm1_0.project_id,
        pm1_0.status,
        pm1_0.tenant_id,
        pm1_0.updated_at,
        pm1_0.version 
    from
        processed_messages pm1_0 
    where
        pm1_0.job_id=? 
    order by
        pm1_0.first_received_at desc 
    fetch
        first ? rows only"
2026-05-21T01:43:52.581+03:00 level=DEBUG app=workhub corr=na method=na path=na logger=org.hibernate.SQL msg="
    select
        pm1_0.id,
        pm1_0.attempt_count,
        pm1_0.correlation_id,
        pm1_0.event_id,
        pm1_0.first_received_at,
        pm1_0.job_id,
        pm1_0.last_error,
        pm1_0.processed_at,
        pm1_0.project_id,
        pm1_0.status,
        pm1_0.tenant_id,
        pm1_0.updated_at,
        pm1_0.version 
    from
        processed_messages pm1_0 
    where
        pm1_0.job_id=? 
    order by
        pm1_0.first_received_at desc 
    fetch
        first ? rows only"
2026-05-21T01:43:52.689+03:00 level=DEBUG app=workhub corr=na method=na path=na logger=org.hibernate.SQL msg="
    select
        pm1_0.id,
        pm1_0.attempt_count,
        pm1_0.correlation_id,
        pm1_0.event_id,
        pm1_0.first_received_at,
        pm1_0.job_id,
        pm1_0.last_error,
        pm1_0.processed_at,
        pm1_0.project_id,
        pm1_0.status,
        pm1_0.tenant_id,
        pm1_0.updated_at,
        pm1_0.version 
    from
        processed_messages pm1_0 
    where
        pm1_0.job_id=? 
    order by
        pm1_0.first_received_at desc 
    fetch
        first ? rows only"
2026-05-21T01:43:52.796+03:00 level=DEBUG app=workhub corr=na method=na path=na logger=org.hibernate.SQL msg="
    select
        pm1_0.id,
        pm1_0.attempt_count,
        pm1_0.correlation_id,
        pm1_0.event_id,
        pm1_0.first_received_at,
        pm1_0.job_id,
        pm1_0.last_error,
        pm1_0.processed_at,
        pm1_0.project_id,
        pm1_0.status,
        pm1_0.tenant_id,
        pm1_0.updated_at,
        pm1_0.version 
    from
        processed_messages pm1_0 
    where
        pm1_0.job_id=? 
    order by
        pm1_0.first_received_at desc 
    fetch
        first ? rows only"
2026-05-21T01:43:52.906+03:00 level=DEBUG app=workhub corr=na method=na path=na logger=org.hibernate.SQL msg="
    select
        pm1_0.id,
        pm1_0.attempt_count,
        pm1_0.correlation_id,
        pm1_0.event_id,
        pm1_0.first_received_at,
        pm1_0.job_id,
        pm1_0.last_error,
        pm1_0.processed_at,
        pm1_0.project_id,
        pm1_0.status,
        pm1_0.tenant_id,
        pm1_0.updated_at,
        pm1_0.version 
    from
        processed_messages pm1_0 
    where
        pm1_0.job_id=? 
    order by
        pm1_0.first_received_at desc 
    fetch
        first ? rows only"
2026-05-21T01:43:53.015+03:00 level=DEBUG app=workhub corr=na method=na path=na logger=org.hibernate.SQL msg="
    select
        pm1_0.id,
        pm1_0.attempt_count,
        pm1_0.correlation_id,
        pm1_0.event_id,
        pm1_0.first_received_at,
        pm1_0.job_id,
        pm1_0.last_error,
        pm1_0.processed_at,
        pm1_0.project_id,
        pm1_0.status,
        pm1_0.tenant_id,
        pm1_0.updated_at,
        pm1_0.version 
    from
        processed_messages pm1_0 
    where
        pm1_0.job_id=? 
    order by
        pm1_0.first_received_at desc 
    fetch
        first ? rows only"
2026-05-21T01:43:53.126+03:00 level=DEBUG app=workhub corr=na method=na path=na logger=org.hibernate.SQL msg="
    select
        pm1_0.id,
        pm1_0.attempt_count,
        pm1_0.correlation_id,
        pm1_0.event_id,
        pm1_0.first_received_at,
        pm1_0.job_id,
        pm1_0.last_error,
        pm1_0.processed_at,
        pm1_0.project_id,
        pm1_0.status,
        pm1_0.tenant_id,
        pm1_0.updated_at,
        pm1_0.version 
    from
        processed_messages pm1_0 
    where
        pm1_0.job_id=? 
    order by
        pm1_0.first_received_at desc 
    fetch
        first ? rows only"
2026-05-21T01:43:53.234+03:00 level=DEBUG app=workhub corr=na method=na path=na logger=org.hibernate.SQL msg="
    select
        pm1_0.id,
        pm1_0.attempt_count,
        pm1_0.correlation_id,
        pm1_0.event_id,
        pm1_0.first_received_at,
        pm1_0.job_id,
        pm1_0.last_error,
        pm1_0.processed_at,
        pm1_0.project_id,
        pm1_0.status,
        pm1_0.tenant_id,
        pm1_0.updated_at,
        pm1_0.version 
    from
        processed_messages pm1_0 
    where
        pm1_0.job_id=? 
    order by
        pm1_0.first_received_at desc 
    fetch
        first ? rows only"
2026-05-21T01:43:53.344+03:00 level=DEBUG app=workhub corr=na method=na path=na logger=org.hibernate.SQL msg="
    select
        pm1_0.id,
        pm1_0.attempt_count,
        pm1_0.correlation_id,
        pm1_0.event_id,
        pm1_0.first_received_at,
        pm1_0.job_id,
        pm1_0.last_error,
        pm1_0.processed_at,
        pm1_0.project_id,
        pm1_0.status,
        pm1_0.tenant_id,
        pm1_0.updated_at,
        pm1_0.version 
    from
        processed_messages pm1_0 
    where
        pm1_0.job_id=? 
    order by
        pm1_0.first_received_at desc 
    fetch
        first ? rows only"
2026-05-21T01:43:53.451+03:00 level=DEBUG app=workhub corr=na method=na path=na logger=org.hibernate.SQL msg="
    select
        pm1_0.id,
        pm1_0.attempt_count,
        pm1_0.correlation_id,
        pm1_0.event_id,
        pm1_0.first_received_at,
        pm1_0.job_id,
        pm1_0.last_error,
        pm1_0.processed_at,
        pm1_0.project_id,
        pm1_0.status,
        pm1_0.tenant_id,
        pm1_0.updated_at,
        pm1_0.version 
    from
        processed_messages pm1_0 
    where
        pm1_0.job_id=? 
    order by
        pm1_0.first_received_at desc 
    fetch
        first ? rows only"
2026-05-21T01:43:53.558+03:00 level=DEBUG app=workhub corr=na method=na path=na logger=org.hibernate.SQL msg="
    select
        pm1_0.id,
        pm1_0.attempt_count,
        pm1_0.correlation_id,
        pm1_0.event_id,
        pm1_0.first_received_at,
        pm1_0.job_id,
        pm1_0.last_error,
        pm1_0.processed_at,
        pm1_0.project_id,
        pm1_0.status,
        pm1_0.tenant_id,
        pm1_0.updated_at,
        pm1_0.version 
    from
        processed_messages pm1_0 
    where
        pm1_0.job_id=? 
    order by
        pm1_0.first_received_at desc 
    fetch
        first ? rows only"
2026-05-21T01:43:53.667+03:00 level=DEBUG app=workhub corr=na method=na path=na logger=org.hibernate.SQL msg="
    select
        pm1_0.id,
        pm1_0.attempt_count,
        pm1_0.correlation_id,
        pm1_0.event_id,
        pm1_0.first_received_at,
        pm1_0.job_id,
        pm1_0.last_error,
        pm1_0.processed_at,
        pm1_0.project_id,
        pm1_0.status,
        pm1_0.tenant_id,
        pm1_0.updated_at,
        pm1_0.version 
    from
        processed_messages pm1_0 
    where
        pm1_0.job_id=? 
    order by
        pm1_0.first_received_at desc 
    fetch
        first ? rows only"

MockHttpServletRequest:
      HTTP Method = POST
      Request URI = /api/auth/login
       Parameters = {}
          Headers = [Content-Type:"application/json;charset=UTF-8", Content-Length:"65"]
             Body = {
  "email": "phase2.admin@demo.com",
  "password": "admin123"
}

    Session Attrs = {}

Handler:
             Type = com.workhub.controller.AuthController
           Method = com.workhub.controller.AuthController#login(LoginRequest)

Async:
    Async started = false
     Async result = null

Resolved Exception:
             Type = null

ModelAndView:
        View name = null
             View = null
            Model = null

FlashMap:
       Attributes = null

MockHttpServletResponse:
           Status = 200
    Error message = null
          Headers = [X-Correlation-Id:"40999517-5a8a-4550-976e-1d1e55efec3e", Content-Type:"application/json", X-Content-Type-Options:"nosniff", X-XSS-Protection:"0", Cache-Control:"no-cache, no-store, max-age=0, must-revalidate", Pragma:"no-cache", Expires:"0", X-Frame-Options:"DENY"]
     Content type = application/json
             Body = {"token":"eyJhbGciOiJIUzI1NiJ9.eyJyb2xlIjoiVEVOQU5UX0FETUlOIiwidGVuYW50SWQiOjIsInVzZXJJZCI6Mywic3ViIjoicGhhc2UyLmFkbWluQGRlbW8uY29tIiwiaWF0IjoxNzc5MzE3MDIzLCJleHAiOjE3Nzk0MDM0MjN9.E9h5AmG9vZVRmOMvvnuBXh4Xqbfh9I6Z2vd4Ot4rYDU","type":"Bearer","userId":3,"email":"phase2.admin@demo.com","tenantId":2,"role":"TENANT_ADMIN","expiresIn":86400000}
    Forwarded URL = null
   Redirected URL = null
          Cookies = []

MockHttpServletRequest:
      HTTP Method = POST
      Request URI = /api/auth/login
       Parameters = {}
          Headers = [Content-Type:"application/json;charset=UTF-8", Content-Length:"63"]
             Body = {
  "email": "phase2.user@demo.com",
  "password": "user123"
}

    Session Attrs = {}

Handler:
             Type = com.workhub.controller.AuthController
           Method = com.workhub.controller.AuthController#login(LoginRequest)

Async:
    Async started = false
     Async result = null

Resolved Exception:
             Type = null

ModelAndView:
        View name = null
             View = null
            Model = null

FlashMap:
       Attributes = null

MockHttpServletResponse:
           Status = 200
    Error message = null
          Headers = [X-Correlation-Id:"89ebc71d-1e31-4ad6-b742-c8a78cf13443", Content-Type:"application/json", X-Content-Type-Options:"nosniff", X-XSS-Protection:"0", Cache-Control:"no-cache, no-store, max-age=0, must-revalidate", Pragma:"no-cache", Expires:"0", X-Frame-Options:"DENY"]
     Content type = application/json
             Body = {"token":"eyJhbGciOiJIUzI1NiJ9.eyJyb2xlIjoiVEVOQU5UX1VTRVIiLCJ0ZW5hbnRJZCI6MiwidXNlcklkIjo0LCJzdWIiOiJwaGFzZTIudXNlckBkZW1vLmNvbSIsImlhdCI6MTc3OTMxNzAyMywiZXhwIjoxNzc5NDAzNDIzfQ.U-jN-VsHIaMaCfRfYAORlKWYtGDz-PVoH9D_OlMq2Nk","type":"Bearer","userId":4,"email":"phase2.user@demo.com","tenantId":2,"role":"TENANT_USER","expiresIn":86400000}
    Forwarded URL = null
   Redirected URL = null
          Cookies = []

MockHttpServletRequest:
      HTTP Method = POST
      Request URI = /api/auth/login
       Parameters = {}
          Headers = [Content-Type:"application/json;charset=UTF-8", Content-Length:"58"]
             Body = {
  "email": "admin@demo.com",
  "password": "admin123"
}

    Session Attrs = {}

Handler:
             Type = com.workhub.controller.AuthController
           Method = com.workhub.controller.AuthController#login(LoginRequest)

Async:
    Async started = false
     Async result = null

Resolved Exception:
             Type = null

ModelAndView:
        View name = null
             View = null
            Model = null

FlashMap:
       Attributes = null

MockHttpServletResponse:
           Status = 200
    Error message = null
          Headers = [X-Correlation-Id:"fd86fbee-056c-4781-8c74-3d0494873f9c", Content-Type:"application/json", X-Content-Type-Options:"nosniff", X-XSS-Protection:"0", Cache-Control:"no-cache, no-store, max-age=0, must-revalidate", Pragma:"no-cache", Expires:"0", X-Frame-Options:"DENY"]
     Content type = application/json
             Body = {"token":"eyJhbGciOiJIUzI1NiJ9.eyJyb2xlIjoiVEVOQU5UX0FETUlOIiwidGVuYW50SWQiOjEsInVzZXJJZCI6MSwic3ViIjoiYWRtaW5AZGVtby5jb20iLCJpYXQiOjE3NzkzMTcwMjMsImV4cCI6MTc3OTQwMzQyM30.GxKMY60-tCF8vVLKObHQI_C2f9uOD7TpvxiKy1x4T3s","type":"Bearer","userId":1,"email":"admin@demo.com","tenantId":1,"role":"TENANT_ADMIN","expiresIn":86400000}
    Forwarded URL = null
   Redirected URL = null
          Cookies = []

MockHttpServletRequest:
      HTTP Method = POST
      Request URI = /api/projects/1/generate-report
       Parameters = {}
          Headers = [Authorization:"Bearer eyJhbGciOiJIUzI1NiJ9.eyJyb2xlIjoiVEVOQU5UX0FETUlOIiwidGVuYW50SWQiOjEsInVzZXJJZCI6MSwic3ViIjoiYWRtaW5AZGVtby5jb20iLCJpYXQiOjE3NzkzMTcwMjMsImV4cCI6MTc3OTQwMzQyM30.GxKMY60-tCF8vVLKObHQI_C2f9uOD7TpvxiKy1x4T3s"]
             Body = null
    Session Attrs = {}

Handler:
             Type = com.workhub.controller.ProjectController
           Method = com.workhub.controller.ProjectController#generateReport(Long)

Async:
    Async started = false
     Async result = null

Resolved Exception:
             Type = null

ModelAndView:
        View name = null
             View = null
            Model = null

FlashMap:
       Attributes = null

MockHttpServletResponse:
           Status = 202
    Error message = null
          Headers = [X-Correlation-Id:"98939321-2b71-4c6a-80d0-3738588bfea6", Content-Type:"application/json", X-Content-Type-Options:"nosniff", X-XSS-Protection:"0", Cache-Control:"no-cache, no-store, max-age=0, must-revalidate", Pragma:"no-cache", Expires:"0", X-Frame-Options:"DENY"]
     Content type = application/json
             Body = {"id":5,"tenantId":1,"projectId":1,"status":"PENDING","createdAt":"2026-05-21T01:43:43.603713","updatedAt":"2026-05-21T01:43:43.603713","correlationId":"98939321-2b71-4c6a-80d0-3738588bfea6","errorMessage":null}
    Forwarded URL = null
   Redirected URL = null
          Cookies = []
2026-05-21T01:43:53.783+03:00 level=DEBUG app=workhub corr=na method=na path=na logger=org.hibernate.SQL msg="
    select
        pm1_0.id,
        pm1_0.attempt_count,
        pm1_0.correlation_id,
        pm1_0.event_id,
        pm1_0.first_received_at,
        pm1_0.job_id,
        pm1_0.last_error,
        pm1_0.processed_at,
        pm1_0.project_id,
        pm1_0.status,
        pm1_0.tenant_id,
        pm1_0.updated_at,
        pm1_0.version 
    from
        processed_messages pm1_0"
2026-05-21T01:43:53.785+03:00 level=DEBUG app=workhub corr=na method=na path=na logger=org.hibernate.SQL msg="
    select
        j1_0.id,
        j1_0.correlation_id,
        j1_0.created_at,
        j1_0.error_message,
        j1_0.project_id,
        j1_0.status,
        j1_0.tenant_id,
        j1_0.updated_at 
    from
        jobs j1_0"
2026-05-21T01:43:53.785+03:00 level=DEBUG app=workhub corr=na method=na path=na logger=org.hibernate.SQL msg="
    select
        p1_0.id,
        p1_0.created_at,
        p1_0.created_by_id,
        p1_0.description,
        p1_0.end_date,
        p1_0.name,
        p1_0.project_key,
        p1_0.start_date,
        p1_0.status,
        p1_0.tenant_id,
        p1_0.updated_at,
        p1_0.version 
    from
        projects p1_0 
    where
        p1_0.id=?"
2026-05-21T01:43:53.786+03:00 level=DEBUG app=workhub corr=na method=na path=na logger=org.hibernate.SQL msg="
    select
        t1_0.id,
        t1_0.created_at,
        t1_0.name,
        t1_0.plan,
        t1_0.status,
        t1_0.updated_at,
        t1_0.version 
    from
        tenants t1_0 
    where
        t1_0.id=?"
2026-05-21T01:43:53.787+03:00 level=DEBUG app=workhub corr=na method=na path=na logger=org.hibernate.SQL msg="
    delete 
    from
        jobs 
    where
        id=?"
2026-05-21T01:43:53.788+03:00 level=DEBUG app=workhub corr=na method=na path=na logger=org.hibernate.SQL msg="
    select
        t1_0.id,
        t1_0.created_at,
        t1_0.name,
        t1_0.plan,
        t1_0.status,
        t1_0.updated_at,
        t1_0.version 
    from
        tenants t1_0 
    where
        t1_0.id=?"
2026-05-21T01:43:53.789+03:00 level=DEBUG app=workhub corr=na method=na path=na logger=org.hibernate.SQL msg="
    select
        u1_0.id,
        u1_0.created_at,
        u1_0.email,
        u1_0.first_name,
        u1_0.last_login_at,
        u1_0.last_name,
        u1_0.password,
        u1_0.role,
        u1_0.status,
        u1_0.tenant_id,
        u1_0.updated_at,
        u1_0.version 
    from
        users u1_0 
    where
        u1_0.email=?"
2026-05-21T01:43:53.790+03:00 level=DEBUG app=workhub corr=na method=na path=na logger=org.hibernate.SQL msg="
    select
        p1_0.id,
        p1_0.created_at,
        p1_0.created_by_id,
        p1_0.description,
        p1_0.end_date,
        p1_0.name,
        p1_0.project_key,
        p1_0.start_date,
        p1_0.status,
        p1_0.tenant_id,
        p1_0.updated_at,
        p1_0.version 
    from
        projects p1_0 
    where
        p1_0.tenant_id=? 
        and p1_0.project_key=?"
2026-05-21T01:43:53.792+03:00 level=DEBUG app=workhub corr=na method=na path=na logger=org.hibernate.SQL msg="
    select
        t1_0.id,
        t1_0.actual_hours,
        t1_0.assigned_to_id,
        t1_0.completed_at,
        t1_0.created_at,
        t1_0.description,
        t1_0.due_date,
        t1_0.estimated_hours,
        t1_0.priority,
        t1_0.project_id,
        t1_0.status,
        t1_0.tenant_id,
        t1_0.title,
        t1_0.updated_at,
        t1_0.version 
    from
        tasks t1_0 
    where
        t1_0.tenant_id=? 
        and lower(t1_0.title) like lower(('%'||?||'%')) escape ''"
2026-05-21T01:43:53.795+03:00 level=DEBUG app=workhub corr=na method=na path=na logger=org.hibernate.SQL msg="
    select
        t1_0.id,
        t1_0.created_at,
        t1_0.name,
        t1_0.plan,
        t1_0.status,
        t1_0.updated_at,
        t1_0.version 
    from
        tenants t1_0 
    where
        upper(t1_0.name)=upper(?)"
2026-05-21T01:43:53.797+03:00 level=DEBUG app=workhub corr=na method=na path=na logger=org.hibernate.SQL msg="
    select
        u1_0.id,
        u1_0.created_at,
        u1_0.email,
        u1_0.first_name,
        u1_0.last_login_at,
        u1_0.last_name,
        u1_0.password,
        u1_0.role,
        u1_0.status,
        u1_0.tenant_id,
        u1_0.updated_at,
        u1_0.version 
    from
        users u1_0 
    where
        u1_0.email=?"
2026-05-21T01:43:53.798+03:00 level=DEBUG app=workhub corr=na method=na path=na logger=org.hibernate.SQL msg="
    select
        u1_0.id,
        u1_0.created_at,
        u1_0.email,
        u1_0.first_name,
        u1_0.last_login_at,
        u1_0.last_name,
        u1_0.password,
        u1_0.role,
        u1_0.status,
        u1_0.tenant_id,
        u1_0.updated_at,
        u1_0.version 
    from
        users u1_0 
    where
        u1_0.email=?"
2026-05-21T01:43:53.799+03:00 level=DEBUG app=workhub corr=na method=na path=na logger=org.hibernate.SQL msg="
    select
        p1_0.id,
        p1_0.created_at,
        p1_0.created_by_id,
        p1_0.description,
        p1_0.end_date,
        p1_0.name,
        p1_0.project_key,
        p1_0.start_date,
        p1_0.status,
        p1_0.tenant_id,
        p1_0.updated_at,
        p1_0.version 
    from
        projects p1_0 
    where
        p1_0.tenant_id=? 
        and p1_0.project_key=?"
2026-05-21T01:43:53.801+03:00 level=INFO  app=workhub corr=60826156-c11f-43e9-bd69-2ae5a4e80a2f method=POST path=/api/auth/login logger=c.w.security.RequestTracingFilter msg="request-start"
2026-05-21T01:43:53.801+03:00 level=DEBUG app=workhub corr=60826156-c11f-43e9-bd69-2ae5a4e80a2f method=POST path=/api/auth/login logger=o.s.security.web.FilterChainProxy msg="Securing POST /api/auth/login"
2026-05-21T01:43:53.802+03:00 level=DEBUG app=workhub corr=60826156-c11f-43e9-bd69-2ae5a4e80a2f method=POST path=/api/auth/login logger=o.s.s.w.a.AnonymousAuthenticationFilter msg="Set SecurityContextHolder to anonymous SecurityContext"
2026-05-21T01:43:53.802+03:00 level=DEBUG app=workhub corr=60826156-c11f-43e9-bd69-2ae5a4e80a2f method=POST path=/api/auth/login logger=o.s.security.web.FilterChainProxy msg="Secured POST /api/auth/login"
2026-05-21T01:43:53.803+03:00 level=INFO  app=workhub corr=60826156-c11f-43e9-bd69-2ae5a4e80a2f method=POST path=/api/auth/login logger=c.workhub.controller.AuthController msg="Login attempt for email: phase2.admin@demo.com"
2026-05-21T01:43:53.804+03:00 level=DEBUG app=workhub corr=60826156-c11f-43e9-bd69-2ae5a4e80a2f method=POST path=/api/auth/login logger=org.hibernate.SQL msg="
    select
        u1_0.id,
        u1_0.created_at,
        u1_0.email,
        u1_0.first_name,
        u1_0.last_login_at,
        u1_0.last_name,
        u1_0.password,
        u1_0.role,
        u1_0.status,
        u1_0.tenant_id,
        u1_0.updated_at,
        u1_0.version 
    from
        users u1_0 
    where
        u1_0.email=?"
2026-05-21T01:43:53.869+03:00 level=DEBUG app=workhub corr=60826156-c11f-43e9-bd69-2ae5a4e80a2f method=POST path=/api/auth/login logger=o.s.s.a.d.DaoAuthenticationProvider msg="Authenticated user"
2026-05-21T01:43:53.870+03:00 level=DEBUG app=workhub corr=60826156-c11f-43e9-bd69-2ae5a4e80a2f method=POST path=/api/auth/login logger=org.hibernate.SQL msg="
    select
        u1_0.id,
        u1_0.created_at,
        u1_0.email,
        u1_0.first_name,
        u1_0.last_login_at,
        u1_0.last_name,
        u1_0.password,
        u1_0.role,
        u1_0.status,
        u1_0.tenant_id,
        u1_0.updated_at,
        u1_0.version 
    from
        users u1_0 
    where
        u1_0.id=? 
        and u1_0.tenant_id=?"
2026-05-21T01:43:53.871+03:00 level=DEBUG app=workhub corr=60826156-c11f-43e9-bd69-2ae5a4e80a2f method=POST path=/api/auth/login logger=org.hibernate.SQL msg="
    update
        users 
    set
        email=?,
        first_name=?,
        last_login_at=?,
        last_name=?,
        password=?,
        role=?,
        status=?,
        tenant_id=?,
        updated_at=?,
        version=? 
    where
        id=? 
        and version=?"
2026-05-21T01:43:53.874+03:00 level=INFO  app=workhub corr=60826156-c11f-43e9-bd69-2ae5a4e80a2f method=POST path=/api/auth/login logger=c.workhub.controller.AuthController msg="Login successful for user: phase2.admin@demo.com (tenant: 2)"
2026-05-21T01:43:53.875+03:00 level=INFO  app=workhub corr=60826156-c11f-43e9-bd69-2ae5a4e80a2f method=POST path=/api/auth/login logger=c.w.security.RequestTracingFilter msg="request-end status=200 durationMs=73"
2026-05-21T01:43:53.876+03:00 level=INFO  app=workhub corr=5bbc75aa-f9bd-4303-8314-e702a82a4235 method=POST path=/api/auth/login logger=c.w.security.RequestTracingFilter msg="request-start"
2026-05-21T01:43:53.876+03:00 level=DEBUG app=workhub corr=5bbc75aa-f9bd-4303-8314-e702a82a4235 method=POST path=/api/auth/login logger=o.s.security.web.FilterChainProxy msg="Securing POST /api/auth/login"
2026-05-21T01:43:53.876+03:00 level=DEBUG app=workhub corr=5bbc75aa-f9bd-4303-8314-e702a82a4235 method=POST path=/api/auth/login logger=o.s.s.w.a.AnonymousAuthenticationFilter msg="Set SecurityContextHolder to anonymous SecurityContext"
2026-05-21T01:43:53.877+03:00 level=DEBUG app=workhub corr=5bbc75aa-f9bd-4303-8314-e702a82a4235 method=POST path=/api/auth/login logger=o.s.security.web.FilterChainProxy msg="Secured POST /api/auth/login"
2026-05-21T01:43:53.877+03:00 level=INFO  app=workhub corr=5bbc75aa-f9bd-4303-8314-e702a82a4235 method=POST path=/api/auth/login logger=c.workhub.controller.AuthController msg="Login attempt for email: phase2.user@demo.com"
2026-05-21T01:43:53.878+03:00 level=DEBUG app=workhub corr=5bbc75aa-f9bd-4303-8314-e702a82a4235 method=POST path=/api/auth/login logger=org.hibernate.SQL msg="
    select
        u1_0.id,
        u1_0.created_at,
        u1_0.email,
        u1_0.first_name,
        u1_0.last_login_at,
        u1_0.last_name,
        u1_0.password,
        u1_0.role,
        u1_0.status,
        u1_0.tenant_id,
        u1_0.updated_at,
        u1_0.version 
    from
        users u1_0 
    where
        u1_0.email=?"
2026-05-21T01:43:53.944+03:00 level=DEBUG app=workhub corr=5bbc75aa-f9bd-4303-8314-e702a82a4235 method=POST path=/api/auth/login logger=o.s.s.a.d.DaoAuthenticationProvider msg="Authenticated user"
2026-05-21T01:43:53.945+03:00 level=DEBUG app=workhub corr=5bbc75aa-f9bd-4303-8314-e702a82a4235 method=POST path=/api/auth/login logger=org.hibernate.SQL msg="
    select
        u1_0.id,
        u1_0.created_at,
        u1_0.email,
        u1_0.first_name,
        u1_0.last_login_at,
        u1_0.last_name,
        u1_0.password,
        u1_0.role,
        u1_0.status,
        u1_0.tenant_id,
        u1_0.updated_at,
        u1_0.version 
    from
        users u1_0 
    where
        u1_0.id=? 
        and u1_0.tenant_id=?"
2026-05-21T01:43:53.947+03:00 level=DEBUG app=workhub corr=5bbc75aa-f9bd-4303-8314-e702a82a4235 method=POST path=/api/auth/login logger=org.hibernate.SQL msg="
    update
        users 
    set
        email=?,
        first_name=?,
        last_login_at=?,
        last_name=?,
        password=?,
        role=?,
        status=?,
        tenant_id=?,
        updated_at=?,
        version=? 
    where
        id=? 
        and version=?"
2026-05-21T01:43:53.950+03:00 level=INFO  app=workhub corr=5bbc75aa-f9bd-4303-8314-e702a82a4235 method=POST path=/api/auth/login logger=c.workhub.controller.AuthController msg="Login successful for user: phase2.user@demo.com (tenant: 2)"
2026-05-21T01:43:53.951+03:00 level=INFO  app=workhub corr=5bbc75aa-f9bd-4303-8314-e702a82a4235 method=POST path=/api/auth/login logger=c.w.security.RequestTracingFilter msg="request-end status=200 durationMs=74"
2026-05-21T01:43:53.952+03:00 level=INFO  app=workhub corr=7abb582f-12ea-4857-a3c8-effba02afe91 method=POST path=/api/auth/login logger=c.w.security.RequestTracingFilter msg="request-start"
2026-05-21T01:43:53.953+03:00 level=DEBUG app=workhub corr=7abb582f-12ea-4857-a3c8-effba02afe91 method=POST path=/api/auth/login logger=o.s.security.web.FilterChainProxy msg="Securing POST /api/auth/login"
2026-05-21T01:43:53.953+03:00 level=DEBUG app=workhub corr=7abb582f-12ea-4857-a3c8-effba02afe91 method=POST path=/api/auth/login logger=o.s.s.w.a.AnonymousAuthenticationFilter msg="Set SecurityContextHolder to anonymous SecurityContext"
2026-05-21T01:43:53.953+03:00 level=DEBUG app=workhub corr=7abb582f-12ea-4857-a3c8-effba02afe91 method=POST path=/api/auth/login logger=o.s.security.web.FilterChainProxy msg="Secured POST /api/auth/login"
2026-05-21T01:43:53.954+03:00 level=INFO  app=workhub corr=7abb582f-12ea-4857-a3c8-effba02afe91 method=POST path=/api/auth/login logger=c.workhub.controller.AuthController msg="Login attempt for email: admin@demo.com"
2026-05-21T01:43:53.955+03:00 level=DEBUG app=workhub corr=7abb582f-12ea-4857-a3c8-effba02afe91 method=POST path=/api/auth/login logger=org.hibernate.SQL msg="
    select
        u1_0.id,
        u1_0.created_at,
        u1_0.email,
        u1_0.first_name,
        u1_0.last_login_at,
        u1_0.last_name,
        u1_0.password,
        u1_0.role,
        u1_0.status,
        u1_0.tenant_id,
        u1_0.updated_at,
        u1_0.version 
    from
        users u1_0 
    where
        u1_0.email=?"
2026-05-21T01:43:54.019+03:00 level=DEBUG app=workhub corr=7abb582f-12ea-4857-a3c8-effba02afe91 method=POST path=/api/auth/login logger=o.s.s.a.d.DaoAuthenticationProvider msg="Authenticated user"
2026-05-21T01:43:54.019+03:00 level=DEBUG app=workhub corr=7abb582f-12ea-4857-a3c8-effba02afe91 method=POST path=/api/auth/login logger=org.hibernate.SQL msg="
    select
        u1_0.id,
        u1_0.created_at,
        u1_0.email,
        u1_0.first_name,
        u1_0.last_login_at,
        u1_0.last_name,
        u1_0.password,
        u1_0.role,
        u1_0.status,
        u1_0.tenant_id,
        u1_0.updated_at,
        u1_0.version 
    from
        users u1_0 
    where
        u1_0.id=? 
        and u1_0.tenant_id=?"
2026-05-21T01:43:54.020+03:00 level=DEBUG app=workhub corr=7abb582f-12ea-4857-a3c8-effba02afe91 method=POST path=/api/auth/login logger=org.hibernate.SQL msg="
    update
        users 
    set
        email=?,
        first_name=?,
        last_login_at=?,
        last_name=?,
        password=?,
        role=?,
        status=?,
        tenant_id=?,
        updated_at=?,
        version=? 
    where
        id=? 
        and version=?"
2026-05-21T01:43:54.022+03:00 level=INFO  app=workhub corr=7abb582f-12ea-4857-a3c8-effba02afe91 method=POST path=/api/auth/login logger=c.workhub.controller.AuthController msg="Login successful for user: admin@demo.com (tenant: 1)"
2026-05-21T01:43:54.023+03:00 level=INFO  app=workhub corr=7abb582f-12ea-4857-a3c8-effba02afe91 method=POST path=/api/auth/login logger=c.w.security.RequestTracingFilter msg="request-end status=200 durationMs=71"
2026-05-21T01:43:54.024+03:00 level=INFO  app=workhub corr=a49938b9-acc8-4225-a94c-4cca621fc409 method=POST path=/api/projects/1/generate-report logger=c.w.security.RequestTracingFilter msg="request-start"
2026-05-21T01:43:54.025+03:00 level=DEBUG app=workhub corr=a49938b9-acc8-4225-a94c-4cca621fc409 method=POST path=/api/projects/1/generate-report logger=o.s.security.web.FilterChainProxy msg="Securing POST /api/projects/1/generate-report"
2026-05-21T01:43:54.030+03:00 level=DEBUG app=workhub corr=a49938b9-acc8-4225-a94c-4cca621fc409 method=POST path=/api/projects/1/generate-report logger=org.hibernate.SQL msg="
    select
        u1_0.id,
        u1_0.created_at,
        u1_0.email,
        u1_0.first_name,
        u1_0.last_login_at,
        u1_0.last_name,
        u1_0.password,
        u1_0.role,
        u1_0.status,
        u1_0.tenant_id,
        u1_0.updated_at,
        u1_0.version 
    from
        users u1_0 
    where
        u1_0.email=?"
2026-05-21T01:43:54.035+03:00 level=DEBUG app=workhub corr=a49938b9-acc8-4225-a94c-4cca621fc409 method=POST path=/api/projects/1/generate-report logger=o.s.security.web.FilterChainProxy msg="Secured POST /api/projects/1/generate-report"
2026-05-21T01:43:54.036+03:00 level=DEBUG app=workhub corr=a49938b9-acc8-4225-a94c-4cca621fc409 method=POST path=/api/projects/1/generate-report logger=o.s.s.a.m.AuthorizationManagerBeforeMethodInterceptor msg="Authorizing method invocation ReflectiveMethodInvocation: public org.springframework.http.ResponseEntity com.workhub.controller.ProjectController.generateReport(java.lang.Long); target is of class [com.workhub.controller.ProjectController]"
2026-05-21T01:43:54.036+03:00 level=DEBUG app=workhub corr=a49938b9-acc8-4225-a94c-4cca621fc409 method=POST path=/api/projects/1/generate-report logger=o.s.s.a.m.AuthorizationManagerBeforeMethodInterceptor msg="Authorized method invocation ReflectiveMethodInvocation: public org.springframework.http.ResponseEntity com.workhub.controller.ProjectController.generateReport(java.lang.Long); target is of class [com.workhub.controller.ProjectController]"
2026-05-21T01:43:54.037+03:00 level=DEBUG app=workhub corr=a49938b9-acc8-4225-a94c-4cca621fc409 method=POST path=/api/projects/1/generate-report logger=org.hibernate.SQL msg="
    select
        case 
            when count(p1_0.id)>0 
                then true 
            else false 
    end 
from
    projects p1_0 
where
    p1_0.id=? 
    and p1_0.tenant_id=?"
2026-05-21T01:43:54.038+03:00 level=DEBUG app=workhub corr=a49938b9-acc8-4225-a94c-4cca621fc409 method=POST path=/api/projects/1/generate-report logger=org.hibernate.SQL msg="
    insert 
    into
        jobs
        (correlation_id, created_at, error_message, project_id, status, tenant_id, updated_at, id) 
    values
        (?, ?, ?, ?, ?, ?, ?, default)"
2026-05-21T01:43:54.039+03:00 level=INFO  app=workhub corr=a49938b9-acc8-4225-a94c-4cca621fc409 method=POST path=/api/projects/1/generate-report logger=c.w.s.i.ReportGenerationServiceImpl msg="Queued report generation jobId=6 tenantId=1 projectId=1 correlationId=a49938b9-acc8-4225-a94c-4cca621fc409"
2026-05-21T01:43:54.048+03:00 level=WARN  app=workhub corr=na method=na path=na logger=c.r.c.impl.ForgivingExceptionHandler msg="An unexpected connection driver error occurred (Exception message: Socket closed)"
2026-05-21T01:43:54.099+03:00 level=WARN  app=workhub corr=na method=na path=na logger=c.r.c.impl.ForgivingExceptionHandler msg="An unexpected connection driver error occurred (Exception message: Socket closed)"
2026-05-21T01:43:54.098+03:00 level=ERROR app=workhub corr=a49938b9-acc8-4225-a94c-4cca621fc409 method=POST path=/api/projects/1/generate-report logger=c.w.s.i.ReportGenerationProducerServiceImpl msg="Failed to publish ReportGenerationEvent eventId=ecd985cc-8630-4b2b-849b-5cc5a15dbdd7 jobId=6 tenantId=1 reason=java.io.IOException"
2026-05-21T01:43:54.099+03:00 level=ERROR app=workhub corr=a49938b9-acc8-4225-a94c-4cca621fc409 method=POST path=/api/projects/1/generate-report logger=c.w.s.i.ReportGenerationServiceImpl msg="Post-commit publish failed jobId=6 tenantId=1 correlationId=a49938b9-acc8-4225-a94c-4cca621fc409 reason=Failed to publish report generation event"
2026-05-21T01:43:54.100+03:00 level=DEBUG app=workhub corr=a49938b9-acc8-4225-a94c-4cca621fc409 method=POST path=/api/projects/1/generate-report logger=org.hibernate.SQL msg="
    select
        j1_0.id,
        j1_0.correlation_id,
        j1_0.created_at,
        j1_0.error_message,
        j1_0.project_id,
        j1_0.status,
        j1_0.tenant_id,
        j1_0.updated_at 
    from
        jobs j1_0 
    where
        j1_0.id=? 
        and j1_0.tenant_id=?"
2026-05-21T01:43:54.100+03:00 level=DEBUG app=workhub corr=a49938b9-acc8-4225-a94c-4cca621fc409 method=POST path=/api/projects/1/generate-report logger=org.hibernate.SQL msg="
    select
        p1_0.id,
        p1_0.created_at,
        p1_0.created_by_id,
        p1_0.description,
        p1_0.end_date,
        p1_0.name,
        p1_0.project_key,
        p1_0.start_date,
        p1_0.status,
        p1_0.tenant_id,
        p1_0.updated_at,
        p1_0.version 
    from
        projects p1_0 
    where
        p1_0.id=?"
2026-05-21T01:43:54.101+03:00 level=DEBUG app=workhub corr=a49938b9-acc8-4225-a94c-4cca621fc409 method=POST path=/api/projects/1/generate-report logger=org.hibernate.SQL msg="
    select
        t1_0.id,
        t1_0.created_at,
        t1_0.name,
        t1_0.plan,
        t1_0.status,
        t1_0.updated_at,
        t1_0.version 
    from
        tenants t1_0 
    where
        t1_0.id=?"
2026-05-21T01:43:54.101+03:00 level=INFO  app=workhub corr=a49938b9-acc8-4225-a94c-4cca621fc409 method=POST path=/api/projects/1/generate-report logger=c.w.s.i.ReportGenerationServiceImpl msg="Marked job as FAILED after publish failure jobId=6 tenantId=1"
2026-05-21T01:43:54.102+03:00 level=DEBUG app=workhub corr=a49938b9-acc8-4225-a94c-4cca621fc409 method=POST path=/api/projects/1/generate-report logger=org.hibernate.SQL msg="
    update
        jobs 
    set
        correlation_id=?,
        error_message=?,
        project_id=?,
        status=?,
        tenant_id=?,
        updated_at=? 
    where
        id=?"
2026-05-21T01:43:54.104+03:00 level=INFO  app=workhub corr=a49938b9-acc8-4225-a94c-4cca621fc409 method=POST path=/api/projects/1/generate-report logger=c.w.security.RequestTracingFilter msg="request-end status=202 durationMs=79"
2026-05-21T01:43:54.212+03:00 level=DEBUG app=workhub corr=na method=na path=na logger=org.hibernate.SQL msg="
    select
        j1_0.id,
        j1_0.correlation_id,
        j1_0.created_at,
        j1_0.error_message,
        j1_0.project_id,
        j1_0.status,
        j1_0.tenant_id,
        j1_0.updated_at 
    from
        jobs j1_0 
    where
        j1_0.id=? 
        and j1_0.tenant_id=?"
2026-05-21T01:43:54.212+03:00 level=DEBUG app=workhub corr=na method=na path=na logger=org.hibernate.SQL msg="
    select
        p1_0.id,
        p1_0.created_at,
        p1_0.created_by_id,
        p1_0.description,
        p1_0.end_date,
        p1_0.name,
        p1_0.project_key,
        p1_0.start_date,
        p1_0.status,
        p1_0.tenant_id,
        p1_0.updated_at,
        p1_0.version 
    from
        projects p1_0 
    where
        p1_0.id=?"
2026-05-21T01:43:54.213+03:00 level=DEBUG app=workhub corr=na method=na path=na logger=org.hibernate.SQL msg="
    select
        t1_0.id,
        t1_0.created_at,
        t1_0.name,
        t1_0.plan,
        t1_0.status,
        t1_0.updated_at,
        t1_0.version 
    from
        tenants t1_0 
    where
        t1_0.id=?"
2026-05-21T01:43:54.322+03:00 level=DEBUG app=workhub corr=na method=na path=na logger=org.hibernate.SQL msg="
    select
        j1_0.id,
        j1_0.correlation_id,
        j1_0.created_at,
        j1_0.error_message,
        j1_0.project_id,
        j1_0.status,
        j1_0.tenant_id,
        j1_0.updated_at 
    from
        jobs j1_0 
    where
        j1_0.id=? 
        and j1_0.tenant_id=?"
2026-05-21T01:43:54.322+03:00 level=DEBUG app=workhub corr=na method=na path=na logger=org.hibernate.SQL msg="
    select
        p1_0.id,
        p1_0.created_at,
        p1_0.created_by_id,
        p1_0.description,
        p1_0.end_date,
        p1_0.name,
        p1_0.project_key,
        p1_0.start_date,
        p1_0.status,
        p1_0.tenant_id,
        p1_0.updated_at,
        p1_0.version 
    from
        projects p1_0 
    where
        p1_0.id=?"
2026-05-21T01:43:54.322+03:00 level=DEBUG app=workhub corr=na method=na path=na logger=org.hibernate.SQL msg="
    select
        t1_0.id,
        t1_0.created_at,
        t1_0.name,
        t1_0.plan,
        t1_0.status,
        t1_0.updated_at,
        t1_0.version 
    from
        tenants t1_0 
    where
        t1_0.id=?"
2026-05-21T01:43:54.430+03:00 level=DEBUG app=workhub corr=na method=na path=na logger=org.hibernate.SQL msg="
    select
        j1_0.id,
        j1_0.correlation_id,
        j1_0.created_at,
        j1_0.error_message,
        j1_0.project_id,
        j1_0.status,
        j1_0.tenant_id,
        j1_0.updated_at 
    from
        jobs j1_0 
    where
        j1_0.id=? 
        and j1_0.tenant_id=?"
2026-05-21T01:43:54.431+03:00 level=DEBUG app=workhub corr=na method=na path=na logger=org.hibernate.SQL msg="
    select
        p1_0.id,
        p1_0.created_at,
        p1_0.created_by_id,
        p1_0.description,
        p1_0.end_date,
        p1_0.name,
        p1_0.project_key,
        p1_0.start_date,
        p1_0.status,
        p1_0.tenant_id,
        p1_0.updated_at,
        p1_0.version 
    from
        projects p1_0 
    where
        p1_0.id=?"
2026-05-21T01:43:54.432+03:00 level=DEBUG app=workhub corr=na method=na path=na logger=org.hibernate.SQL msg="
    select
        t1_0.id,
        t1_0.created_at,
        t1_0.name,
        t1_0.plan,
        t1_0.status,
        t1_0.updated_at,
        t1_0.version 
    from
        tenants t1_0 
    where
        t1_0.id=?"
2026-05-21T01:43:54.440+03:00 level=WARN  app=workhub corr=na method=na path=na logger=c.r.c.impl.ForgivingExceptionHandler msg="An unexpected connection driver error occurred (Exception message: Socket closed)"
2026-05-21T01:43:54.492+03:00 level=WARN  app=workhub corr=na method=na path=na logger=c.r.c.impl.ForgivingExceptionHandler msg="An unexpected connection driver error occurred (Exception message: Socket closed)"
2026-05-21T01:43:54.492+03:00 level=ERROR app=workhub corr=na method=na path=na logger=o.s.a.r.l.SimpleMessageListenerContainer msg="Failed to check/redeclare auto-delete queue(s)."
2026-05-21T01:43:54.500+03:00 level=WARN  app=workhub corr=na method=na path=na logger=c.r.c.impl.ForgivingExceptionHandler msg="An unexpected connection driver error occurred (Exception message: Socket closed)"
2026-05-21T01:43:54.538+03:00 level=DEBUG app=workhub corr=na method=na path=na logger=org.hibernate.SQL msg="
    select
        j1_0.id,
        j1_0.correlation_id,
        j1_0.created_at,
        j1_0.error_message,
        j1_0.project_id,
        j1_0.status,
        j1_0.tenant_id,
        j1_0.updated_at 
    from
        jobs j1_0 
    where
        j1_0.id=? 
        and j1_0.tenant_id=?"
2026-05-21T01:43:54.538+03:00 level=DEBUG app=workhub corr=na method=na path=na logger=org.hibernate.SQL msg="
    select
        p1_0.id,
        p1_0.created_at,
        p1_0.created_by_id,
        p1_0.description,
        p1_0.end_date,
        p1_0.name,
        p1_0.project_key,
        p1_0.start_date,
        p1_0.status,
        p1_0.tenant_id,
        p1_0.updated_at,
        p1_0.version 
    from
        projects p1_0 
    where
        p1_0.id=?"
2026-05-21T01:43:54.539+03:00 level=DEBUG app=workhub corr=na method=na path=na logger=org.hibernate.SQL msg="
    select
        t1_0.id,
        t1_0.created_at,
        t1_0.name,
        t1_0.plan,
        t1_0.status,
        t1_0.updated_at,
        t1_0.version 
    from
        tenants t1_0 
    where
        t1_0.id=?"
2026-05-21T01:43:54.551+03:00 level=WARN  app=workhub corr=na method=na path=na logger=c.r.c.impl.ForgivingExceptionHandler msg="An unexpected connection driver error occurred (Exception message: Socket closed)"
2026-05-21T01:43:54.647+03:00 level=DEBUG app=workhub corr=na method=na path=na logger=org.hibernate.SQL msg="
    select
        j1_0.id,
        j1_0.correlation_id,
        j1_0.created_at,
        j1_0.error_message,
        j1_0.project_id,
        j1_0.status,
        j1_0.tenant_id,
        j1_0.updated_at 
    from
        jobs j1_0 
    where
        j1_0.id=? 
        and j1_0.tenant_id=?"
2026-05-21T01:43:54.647+03:00 level=DEBUG app=workhub corr=na method=na path=na logger=org.hibernate.SQL msg="
    select
        p1_0.id,
        p1_0.created_at,
        p1_0.created_by_id,
        p1_0.description,
        p1_0.end_date,
        p1_0.name,
        p1_0.project_key,
        p1_0.start_date,
        p1_0.status,
        p1_0.tenant_id,
        p1_0.updated_at,
        p1_0.version 
    from
        projects p1_0 
    where
        p1_0.id=?"
2026-05-21T01:43:54.648+03:00 level=DEBUG app=workhub corr=na method=na path=na logger=org.hibernate.SQL msg="
    select
        t1_0.id,
        t1_0.created_at,
        t1_0.name,
        t1_0.plan,
        t1_0.status,
        t1_0.updated_at,
        t1_0.version 
    from
        tenants t1_0 
    where
        t1_0.id=?"
2026-05-21T01:43:54.756+03:00 level=DEBUG app=workhub corr=na method=na path=na logger=org.hibernate.SQL msg="
    select
        j1_0.id,
        j1_0.correlation_id,
        j1_0.created_at,
        j1_0.error_message,
        j1_0.project_id,
        j1_0.status,
        j1_0.tenant_id,
        j1_0.updated_at 
    from
        jobs j1_0 
    where
        j1_0.id=? 
        and j1_0.tenant_id=?"
2026-05-21T01:43:54.756+03:00 level=DEBUG app=workhub corr=na method=na path=na logger=org.hibernate.SQL msg="
    select
        p1_0.id,
        p1_0.created_at,
        p1_0.created_by_id,
        p1_0.description,
        p1_0.end_date,
        p1_0.name,
        p1_0.project_key,
        p1_0.start_date,
        p1_0.status,
        p1_0.tenant_id,
        p1_0.updated_at,
        p1_0.version 
    from
        projects p1_0 
    where
        p1_0.id=?"
2026-05-21T01:43:54.756+03:00 level=DEBUG app=workhub corr=na method=na path=na logger=org.hibernate.SQL msg="
    select
        t1_0.id,
        t1_0.created_at,
        t1_0.name,
        t1_0.plan,
        t1_0.status,
        t1_0.updated_at,
        t1_0.version 
    from
        tenants t1_0 
    where
        t1_0.id=?"
2026-05-21T01:43:54.865+03:00 level=DEBUG app=workhub corr=na method=na path=na logger=org.hibernate.SQL msg="
    select
        j1_0.id,
        j1_0.correlation_id,
        j1_0.created_at,
        j1_0.error_message,
        j1_0.project_id,
        j1_0.status,
        j1_0.tenant_id,
        j1_0.updated_at 
    from
        jobs j1_0 
    where
        j1_0.id=? 
        and j1_0.tenant_id=?"
2026-05-21T01:43:54.865+03:00 level=DEBUG app=workhub corr=na method=na path=na logger=org.hibernate.SQL msg="
    select
        p1_0.id,
        p1_0.created_at,
        p1_0.created_by_id,
        p1_0.description,
        p1_0.end_date,
        p1_0.name,
        p1_0.project_key,
        p1_0.start_date,
        p1_0.status,
        p1_0.tenant_id,
        p1_0.updated_at,
        p1_0.version 
    from
        projects p1_0 
    where
        p1_0.id=?"
2026-05-21T01:43:54.865+03:00 level=DEBUG app=workhub corr=na method=na path=na logger=org.hibernate.SQL msg="
    select
        t1_0.id,
        t1_0.created_at,
        t1_0.name,
        t1_0.plan,
        t1_0.status,
        t1_0.updated_at,
        t1_0.version 
    from
        tenants t1_0 
    where
        t1_0.id=?"
2026-05-21T01:43:54.972+03:00 level=DEBUG app=workhub corr=na method=na path=na logger=org.hibernate.SQL msg="
    select
        j1_0.id,
        j1_0.correlation_id,
        j1_0.created_at,
        j1_0.error_message,
        j1_0.project_id,
        j1_0.status,
        j1_0.tenant_id,
        j1_0.updated_at 
    from
        jobs j1_0 
    where
        j1_0.id=? 
        and j1_0.tenant_id=?"
2026-05-21T01:43:54.973+03:00 level=DEBUG app=workhub corr=na method=na path=na logger=org.hibernate.SQL msg="
    select
        p1_0.id,
        p1_0.created_at,
        p1_0.created_by_id,
        p1_0.description,
        p1_0.end_date,
        p1_0.name,
        p1_0.project_key,
        p1_0.start_date,
        p1_0.status,
        p1_0.tenant_id,
        p1_0.updated_at,
        p1_0.version 
    from
        projects p1_0 
    where
        p1_0.id=?"
2026-05-21T01:43:54.973+03:00 level=DEBUG app=workhub corr=na method=na path=na logger=org.hibernate.SQL msg="
    select
        t1_0.id,
        t1_0.created_at,
        t1_0.name,
        t1_0.plan,
        t1_0.status,
        t1_0.updated_at,
        t1_0.version 
    from
        tenants t1_0 
    where
        t1_0.id=?"
2026-05-21T01:43:55.079+03:00 level=DEBUG app=workhub corr=na method=na path=na logger=org.hibernate.SQL msg="
    select
        j1_0.id,
        j1_0.correlation_id,
        j1_0.created_at,
        j1_0.error_message,
        j1_0.project_id,
        j1_0.status,
        j1_0.tenant_id,
        j1_0.updated_at 
    from
        jobs j1_0 
    where
        j1_0.id=? 
        and j1_0.tenant_id=?"
2026-05-21T01:43:55.079+03:00 level=DEBUG app=workhub corr=na method=na path=na logger=org.hibernate.SQL msg="
    select
        p1_0.id,
        p1_0.created_at,
        p1_0.created_by_id,
        p1_0.description,
        p1_0.end_date,
        p1_0.name,
        p1_0.project_key,
        p1_0.start_date,
        p1_0.status,
        p1_0.tenant_id,
        p1_0.updated_at,
        p1_0.version 
    from
        projects p1_0 
    where
        p1_0.id=?"
2026-05-21T01:43:55.079+03:00 level=DEBUG app=workhub corr=na method=na path=na logger=org.hibernate.SQL msg="
    select
        t1_0.id,
        t1_0.created_at,
        t1_0.name,
        t1_0.plan,
        t1_0.status,
        t1_0.updated_at,
        t1_0.version 
    from
        tenants t1_0 
    where
        t1_0.id=?"
2026-05-21T01:43:55.188+03:00 level=DEBUG app=workhub corr=na method=na path=na logger=org.hibernate.SQL msg="
    select
        j1_0.id,
        j1_0.correlation_id,
        j1_0.created_at,
        j1_0.error_message,
        j1_0.project_id,
        j1_0.status,
        j1_0.tenant_id,
        j1_0.updated_at 
    from
        jobs j1_0 
    where
        j1_0.id=? 
        and j1_0.tenant_id=?"
2026-05-21T01:43:55.188+03:00 level=DEBUG app=workhub corr=na method=na path=na logger=org.hibernate.SQL msg="
    select
        p1_0.id,
        p1_0.created_at,
        p1_0.created_by_id,
        p1_0.description,
        p1_0.end_date,
        p1_0.name,
        p1_0.project_key,
        p1_0.start_date,
        p1_0.status,
        p1_0.tenant_id,
        p1_0.updated_at,
        p1_0.version 
    from
        projects p1_0 
    where
        p1_0.id=?"
2026-05-21T01:43:55.188+03:00 level=DEBUG app=workhub corr=na method=na path=na logger=org.hibernate.SQL msg="
    select
        t1_0.id,
        t1_0.created_at,
        t1_0.name,
        t1_0.plan,
        t1_0.status,
        t1_0.updated_at,
        t1_0.version 
    from
        tenants t1_0 
    where
        t1_0.id=?"
2026-05-21T01:43:55.296+03:00 level=DEBUG app=workhub corr=na method=na path=na logger=org.hibernate.SQL msg="
    select
        j1_0.id,
        j1_0.correlation_id,
        j1_0.created_at,
        j1_0.error_message,
        j1_0.project_id,
        j1_0.status,
        j1_0.tenant_id,
        j1_0.updated_at 
    from
        jobs j1_0 
    where
        j1_0.id=? 
        and j1_0.tenant_id=?"
2026-05-21T01:43:55.296+03:00 level=DEBUG app=workhub corr=na method=na path=na logger=org.hibernate.SQL msg="
    select
        p1_0.id,
        p1_0.created_at,
        p1_0.created_by_id,
        p1_0.description,
        p1_0.end_date,
        p1_0.name,
        p1_0.project_key,
        p1_0.start_date,
        p1_0.status,
        p1_0.tenant_id,
        p1_0.updated_at,
        p1_0.version 
    from
        projects p1_0 
    where
        p1_0.id=?"
2026-05-21T01:43:55.296+03:00 level=DEBUG app=workhub corr=na method=na path=na logger=org.hibernate.SQL msg="
    select
        t1_0.id,
        t1_0.created_at,
        t1_0.name,
        t1_0.plan,
        t1_0.status,
        t1_0.updated_at,
        t1_0.version 
    from
        tenants t1_0 
    where
        t1_0.id=?"
2026-05-21T01:43:55.406+03:00 level=DEBUG app=workhub corr=na method=na path=na logger=org.hibernate.SQL msg="
    select
        j1_0.id,
        j1_0.correlation_id,
        j1_0.created_at,
        j1_0.error_message,
        j1_0.project_id,
        j1_0.status,
        j1_0.tenant_id,
        j1_0.updated_at 
    from
        jobs j1_0 
    where
        j1_0.id=? 
        and j1_0.tenant_id=?"
2026-05-21T01:43:55.407+03:00 level=DEBUG app=workhub corr=na method=na path=na logger=org.hibernate.SQL msg="
    select
        p1_0.id,
        p1_0.created_at,
        p1_0.created_by_id,
        p1_0.description,
        p1_0.end_date,
        p1_0.name,
        p1_0.project_key,
        p1_0.start_date,
        p1_0.status,
        p1_0.tenant_id,
        p1_0.updated_at,
        p1_0.version 
    from
        projects p1_0 
    where
        p1_0.id=?"
2026-05-21T01:43:55.407+03:00 level=DEBUG app=workhub corr=na method=na path=na logger=org.hibernate.SQL msg="
    select
        t1_0.id,
        t1_0.created_at,
        t1_0.name,
        t1_0.plan,
        t1_0.status,
        t1_0.updated_at,
        t1_0.version 
    from
        tenants t1_0 
    where
        t1_0.id=?"
2026-05-21T01:43:55.515+03:00 level=DEBUG app=workhub corr=na method=na path=na logger=org.hibernate.SQL msg="
    select
        j1_0.id,
        j1_0.correlation_id,
        j1_0.created_at,
        j1_0.error_message,
        j1_0.project_id,
        j1_0.status,
        j1_0.tenant_id,
        j1_0.updated_at 
    from
        jobs j1_0 
    where
        j1_0.id=? 
        and j1_0.tenant_id=?"
2026-05-21T01:43:55.516+03:00 level=DEBUG app=workhub corr=na method=na path=na logger=org.hibernate.SQL msg="
    select
        p1_0.id,
        p1_0.created_at,
        p1_0.created_by_id,
        p1_0.description,
        p1_0.end_date,
        p1_0.name,
        p1_0.project_key,
        p1_0.start_date,
        p1_0.status,
        p1_0.tenant_id,
        p1_0.updated_at,
        p1_0.version 
    from
        projects p1_0 
    where
        p1_0.id=?"
2026-05-21T01:43:55.516+03:00 level=DEBUG app=workhub corr=na method=na path=na logger=org.hibernate.SQL msg="
    select
        t1_0.id,
        t1_0.created_at,
        t1_0.name,
        t1_0.plan,
        t1_0.status,
        t1_0.updated_at,
        t1_0.version 
    from
        tenants t1_0 
    where
        t1_0.id=?"
2026-05-21T01:43:55.624+03:00 level=DEBUG app=workhub corr=na method=na path=na logger=org.hibernate.SQL msg="
    select
        j1_0.id,
        j1_0.correlation_id,
        j1_0.created_at,
        j1_0.error_message,
        j1_0.project_id,
        j1_0.status,
        j1_0.tenant_id,
        j1_0.updated_at 
    from
        jobs j1_0 
    where
        j1_0.id=? 
        and j1_0.tenant_id=?"
2026-05-21T01:43:55.625+03:00 level=DEBUG app=workhub corr=na method=na path=na logger=org.hibernate.SQL msg="
    select
        p1_0.id,
        p1_0.created_at,
        p1_0.created_by_id,
        p1_0.description,
        p1_0.end_date,
        p1_0.name,
        p1_0.project_key,
        p1_0.start_date,
        p1_0.status,
        p1_0.tenant_id,
        p1_0.updated_at,
        p1_0.version 
    from
        projects p1_0 
    where
        p1_0.id=?"
2026-05-21T01:43:55.625+03:00 level=DEBUG app=workhub corr=na method=na path=na logger=org.hibernate.SQL msg="
    select
        t1_0.id,
        t1_0.created_at,
        t1_0.name,
        t1_0.plan,
        t1_0.status,
        t1_0.updated_at,
        t1_0.version 
    from
        tenants t1_0 
    where
        t1_0.id=?"
2026-05-21T01:43:55.734+03:00 level=DEBUG app=workhub corr=na method=na path=na logger=org.hibernate.SQL msg="
    select
        j1_0.id,
        j1_0.correlation_id,
        j1_0.created_at,
        j1_0.error_message,
        j1_0.project_id,
        j1_0.status,
        j1_0.tenant_id,
        j1_0.updated_at 
    from
        jobs j1_0 
    where
        j1_0.id=? 
        and j1_0.tenant_id=?"
2026-05-21T01:43:55.734+03:00 level=DEBUG app=workhub corr=na method=na path=na logger=org.hibernate.SQL msg="
    select
        p1_0.id,
        p1_0.created_at,
        p1_0.created_by_id,
        p1_0.description,
        p1_0.end_date,
        p1_0.name,
        p1_0.project_key,
        p1_0.start_date,
        p1_0.status,
        p1_0.tenant_id,
        p1_0.updated_at,
        p1_0.version 
    from
        projects p1_0 
    where
        p1_0.id=?"
2026-05-21T01:43:55.734+03:00 level=DEBUG app=workhub corr=na method=na path=na logger=org.hibernate.SQL msg="
    select
        t1_0.id,
        t1_0.created_at,
        t1_0.name,
        t1_0.plan,
        t1_0.status,
        t1_0.updated_at,
        t1_0.version 
    from
        tenants t1_0 
    where
        t1_0.id=?"
2026-05-21T01:43:55.841+03:00 level=DEBUG app=workhub corr=na method=na path=na logger=org.hibernate.SQL msg="
    select
        j1_0.id,
        j1_0.correlation_id,
        j1_0.created_at,
        j1_0.error_message,
        j1_0.project_id,
        j1_0.status,
        j1_0.tenant_id,
        j1_0.updated_at 
    from
        jobs j1_0 
    where
        j1_0.id=? 
        and j1_0.tenant_id=?"
2026-05-21T01:43:55.841+03:00 level=DEBUG app=workhub corr=na method=na path=na logger=org.hibernate.SQL msg="
    select
        p1_0.id,
        p1_0.created_at,
        p1_0.created_by_id,
        p1_0.description,
        p1_0.end_date,
        p1_0.name,
        p1_0.project_key,
        p1_0.start_date,
        p1_0.status,
        p1_0.tenant_id,
        p1_0.updated_at,
        p1_0.version 
    from
        projects p1_0 
    where
        p1_0.id=?"
2026-05-21T01:43:55.842+03:00 level=DEBUG app=workhub corr=na method=na path=na logger=org.hibernate.SQL msg="
    select
        t1_0.id,
        t1_0.created_at,
        t1_0.name,
        t1_0.plan,
        t1_0.status,
        t1_0.updated_at,
        t1_0.version 
    from
        tenants t1_0 
    where
        t1_0.id=?"
2026-05-21T01:43:55.952+03:00 level=DEBUG app=workhub corr=na method=na path=na logger=org.hibernate.SQL msg="
    select
        j1_0.id,
        j1_0.correlation_id,
        j1_0.created_at,
        j1_0.error_message,
        j1_0.project_id,
        j1_0.status,
        j1_0.tenant_id,
        j1_0.updated_at 
    from
        jobs j1_0 
    where
        j1_0.id=? 
        and j1_0.tenant_id=?"
2026-05-21T01:43:55.952+03:00 level=DEBUG app=workhub corr=na method=na path=na logger=org.hibernate.SQL msg="
    select
        p1_0.id,
        p1_0.created_at,
        p1_0.created_by_id,
        p1_0.description,
        p1_0.end_date,
        p1_0.name,
        p1_0.project_key,
        p1_0.start_date,
        p1_0.status,
        p1_0.tenant_id,
        p1_0.updated_at,
        p1_0.version 
    from
        projects p1_0 
    where
        p1_0.id=?"
2026-05-21T01:43:55.952+03:00 level=DEBUG app=workhub corr=na method=na path=na logger=org.hibernate.SQL msg="
    select
        t1_0.id,
        t1_0.created_at,
        t1_0.name,
        t1_0.plan,
        t1_0.status,
        t1_0.updated_at,
        t1_0.version 
    from
        tenants t1_0 
    where
        t1_0.id=?"
2026-05-21T01:43:56.060+03:00 level=DEBUG app=workhub corr=na method=na path=na logger=org.hibernate.SQL msg="
    select
        j1_0.id,
        j1_0.correlation_id,
        j1_0.created_at,
        j1_0.error_message,
        j1_0.project_id,
        j1_0.status,
        j1_0.tenant_id,
        j1_0.updated_at 
    from
        jobs j1_0 
    where
        j1_0.id=? 
        and j1_0.tenant_id=?"
2026-05-21T01:43:56.060+03:00 level=DEBUG app=workhub corr=na method=na path=na logger=org.hibernate.SQL msg="
    select
        p1_0.id,
        p1_0.created_at,
        p1_0.created_by_id,
        p1_0.description,
        p1_0.end_date,
        p1_0.name,
        p1_0.project_key,
        p1_0.start_date,
        p1_0.status,
        p1_0.tenant_id,
        p1_0.updated_at,
        p1_0.version 
    from
        projects p1_0 
    where
        p1_0.id=?"
2026-05-21T01:43:56.060+03:00 level=DEBUG app=workhub corr=na method=na path=na logger=org.hibernate.SQL msg="
    select
        t1_0.id,
        t1_0.created_at,
        t1_0.name,
        t1_0.plan,
        t1_0.status,
        t1_0.updated_at,
        t1_0.version 
    from
        tenants t1_0 
    where
        t1_0.id=?"
2026-05-21T01:43:56.170+03:00 level=DEBUG app=workhub corr=na method=na path=na logger=org.hibernate.SQL msg="
    select
        j1_0.id,
        j1_0.correlation_id,
        j1_0.created_at,
        j1_0.error_message,
        j1_0.project_id,
        j1_0.status,
        j1_0.tenant_id,
        j1_0.updated_at 
    from
        jobs j1_0 
    where
        j1_0.id=? 
        and j1_0.tenant_id=?"
2026-05-21T01:43:56.170+03:00 level=DEBUG app=workhub corr=na method=na path=na logger=org.hibernate.SQL msg="
    select
        p1_0.id,
        p1_0.created_at,
        p1_0.created_by_id,
        p1_0.description,
        p1_0.end_date,
        p1_0.name,
        p1_0.project_key,
        p1_0.start_date,
        p1_0.status,
        p1_0.tenant_id,
        p1_0.updated_at,
        p1_0.version 
    from
        projects p1_0 
    where
        p1_0.id=?"
2026-05-21T01:43:56.170+03:00 level=DEBUG app=workhub corr=na method=na path=na logger=org.hibernate.SQL msg="
    select
        t1_0.id,
        t1_0.created_at,
        t1_0.name,
        t1_0.plan,
        t1_0.status,
        t1_0.updated_at,
        t1_0.version 
    from
        tenants t1_0 
    where
        t1_0.id=?"
2026-05-21T01:43:56.279+03:00 level=DEBUG app=workhub corr=na method=na path=na logger=org.hibernate.SQL msg="
    select
        j1_0.id,
        j1_0.correlation_id,
        j1_0.created_at,
        j1_0.error_message,
        j1_0.project_id,
        j1_0.status,
        j1_0.tenant_id,
        j1_0.updated_at 
    from
        jobs j1_0 
    where
        j1_0.id=? 
        and j1_0.tenant_id=?"
2026-05-21T01:43:56.280+03:00 level=DEBUG app=workhub corr=na method=na path=na logger=org.hibernate.SQL msg="
    select
        p1_0.id,
        p1_0.created_at,
        p1_0.created_by_id,
        p1_0.description,
        p1_0.end_date,
        p1_0.name,
        p1_0.project_key,
        p1_0.start_date,
        p1_0.status,
        p1_0.tenant_id,
        p1_0.updated_at,
        p1_0.version 
    from
        projects p1_0 
    where
        p1_0.id=?"
2026-05-21T01:43:56.280+03:00 level=DEBUG app=workhub corr=na method=na path=na logger=org.hibernate.SQL msg="
    select
        t1_0.id,
        t1_0.created_at,
        t1_0.name,
        t1_0.plan,
        t1_0.status,
        t1_0.updated_at,
        t1_0.version 
    from
        tenants t1_0 
    where
        t1_0.id=?"
2026-05-21T01:43:56.389+03:00 level=DEBUG app=workhub corr=na method=na path=na logger=org.hibernate.SQL msg="
    select
        j1_0.id,
        j1_0.correlation_id,
        j1_0.created_at,
        j1_0.error_message,
        j1_0.project_id,
        j1_0.status,
        j1_0.tenant_id,
        j1_0.updated_at 
    from
        jobs j1_0 
    where
        j1_0.id=? 
        and j1_0.tenant_id=?"
2026-05-21T01:43:56.390+03:00 level=DEBUG app=workhub corr=na method=na path=na logger=org.hibernate.SQL msg="
    select
        p1_0.id,
        p1_0.created_at,
        p1_0.created_by_id,
        p1_0.description,
        p1_0.end_date,
        p1_0.name,
        p1_0.project_key,
        p1_0.start_date,
        p1_0.status,
        p1_0.tenant_id,
        p1_0.updated_at,
        p1_0.version 
    from
        projects p1_0 
    where
        p1_0.id=?"
2026-05-21T01:43:56.390+03:00 level=DEBUG app=workhub corr=na method=na path=na logger=org.hibernate.SQL msg="
    select
        t1_0.id,
        t1_0.created_at,
        t1_0.name,
        t1_0.plan,
        t1_0.status,
        t1_0.updated_at,
        t1_0.version 
    from
        tenants t1_0 
    where
        t1_0.id=?"
2026-05-21T01:43:56.498+03:00 level=DEBUG app=workhub corr=na method=na path=na logger=org.hibernate.SQL msg="
    select
        j1_0.id,
        j1_0.correlation_id,
        j1_0.created_at,
        j1_0.error_message,
        j1_0.project_id,
        j1_0.status,
        j1_0.tenant_id,
        j1_0.updated_at 
    from
        jobs j1_0 
    where
        j1_0.id=? 
        and j1_0.tenant_id=?"
2026-05-21T01:43:56.498+03:00 level=DEBUG app=workhub corr=na method=na path=na logger=org.hibernate.SQL msg="
    select
        p1_0.id,
        p1_0.created_at,
        p1_0.created_by_id,
        p1_0.description,
        p1_0.end_date,
        p1_0.name,
        p1_0.project_key,
        p1_0.start_date,
        p1_0.status,
        p1_0.tenant_id,
        p1_0.updated_at,
        p1_0.version 
    from
        projects p1_0 
    where
        p1_0.id=?"
2026-05-21T01:43:56.498+03:00 level=DEBUG app=workhub corr=na method=na path=na logger=org.hibernate.SQL msg="
    select
        t1_0.id,
        t1_0.created_at,
        t1_0.name,
        t1_0.plan,
        t1_0.status,
        t1_0.updated_at,
        t1_0.version 
    from
        tenants t1_0 
    where
        t1_0.id=?"
2026-05-21T01:43:56.606+03:00 level=DEBUG app=workhub corr=na method=na path=na logger=org.hibernate.SQL msg="
    select
        j1_0.id,
        j1_0.correlation_id,
        j1_0.created_at,
        j1_0.error_message,
        j1_0.project_id,
        j1_0.status,
        j1_0.tenant_id,
        j1_0.updated_at 
    from
        jobs j1_0 
    where
        j1_0.id=? 
        and j1_0.tenant_id=?"
2026-05-21T01:43:56.607+03:00 level=DEBUG app=workhub corr=na method=na path=na logger=org.hibernate.SQL msg="
    select
        p1_0.id,
        p1_0.created_at,
        p1_0.created_by_id,
        p1_0.description,
        p1_0.end_date,
        p1_0.name,
        p1_0.project_key,
        p1_0.start_date,
        p1_0.status,
        p1_0.tenant_id,
        p1_0.updated_at,
        p1_0.version 
    from
        projects p1_0 
    where
        p1_0.id=?"
2026-05-21T01:43:56.607+03:00 level=DEBUG app=workhub corr=na method=na path=na logger=org.hibernate.SQL msg="
    select
        t1_0.id,
        t1_0.created_at,
        t1_0.name,
        t1_0.plan,
        t1_0.status,
        t1_0.updated_at,
        t1_0.version 
    from
        tenants t1_0 
    where
        t1_0.id=?"
2026-05-21T01:43:56.714+03:00 level=DEBUG app=workhub corr=na method=na path=na logger=org.hibernate.SQL msg="
    select
        j1_0.id,
        j1_0.correlation_id,
        j1_0.created_at,
        j1_0.error_message,
        j1_0.project_id,
        j1_0.status,
        j1_0.tenant_id,
        j1_0.updated_at 
    from
        jobs j1_0 
    where
        j1_0.id=? 
        and j1_0.tenant_id=?"
2026-05-21T01:43:56.715+03:00 level=DEBUG app=workhub corr=na method=na path=na logger=org.hibernate.SQL msg="
    select
        p1_0.id,
        p1_0.created_at,
        p1_0.created_by_id,
        p1_0.description,
        p1_0.end_date,
        p1_0.name,
        p1_0.project_key,
        p1_0.start_date,
        p1_0.status,
        p1_0.tenant_id,
        p1_0.updated_at,
        p1_0.version 
    from
        projects p1_0 
    where
        p1_0.id=?"
2026-05-21T01:43:56.716+03:00 level=DEBUG app=workhub corr=na method=na path=na logger=org.hibernate.SQL msg="
    select
        t1_0.id,
        t1_0.created_at,
        t1_0.name,
        t1_0.plan,
        t1_0.status,
        t1_0.updated_at,
        t1_0.version 
    from
        tenants t1_0 
    where
        t1_0.id=?"
2026-05-21T01:43:56.822+03:00 level=DEBUG app=workhub corr=na method=na path=na logger=org.hibernate.SQL msg="
    select
        j1_0.id,
        j1_0.correlation_id,
        j1_0.created_at,
        j1_0.error_message,
        j1_0.project_id,
        j1_0.status,
        j1_0.tenant_id,
        j1_0.updated_at 
    from
        jobs j1_0 
    where
        j1_0.id=? 
        and j1_0.tenant_id=?"
2026-05-21T01:43:56.822+03:00 level=DEBUG app=workhub corr=na method=na path=na logger=org.hibernate.SQL msg="
    select
        p1_0.id,
        p1_0.created_at,
        p1_0.created_by_id,
        p1_0.description,
        p1_0.end_date,
        p1_0.name,
        p1_0.project_key,
        p1_0.start_date,
        p1_0.status,
        p1_0.tenant_id,
        p1_0.updated_at,
        p1_0.version 
    from
        projects p1_0 
    where
        p1_0.id=?"
2026-05-21T01:43:56.822+03:00 level=DEBUG app=workhub corr=na method=na path=na logger=org.hibernate.SQL msg="
    select
        t1_0.id,
        t1_0.created_at,
        t1_0.name,
        t1_0.plan,
        t1_0.status,
        t1_0.updated_at,
        t1_0.version 
    from
        tenants t1_0 
    where
        t1_0.id=?"
2026-05-21T01:43:56.931+03:00 level=DEBUG app=workhub corr=na method=na path=na logger=org.hibernate.SQL msg="
    select
        j1_0.id,
        j1_0.correlation_id,
        j1_0.created_at,
        j1_0.error_message,
        j1_0.project_id,
        j1_0.status,
        j1_0.tenant_id,
        j1_0.updated_at 
    from
        jobs j1_0 
    where
        j1_0.id=? 
        and j1_0.tenant_id=?"
2026-05-21T01:43:56.931+03:00 level=DEBUG app=workhub corr=na method=na path=na logger=org.hibernate.SQL msg="
    select
        p1_0.id,
        p1_0.created_at,
        p1_0.created_by_id,
        p1_0.description,
        p1_0.end_date,
        p1_0.name,
        p1_0.project_key,
        p1_0.start_date,
        p1_0.status,
        p1_0.tenant_id,
        p1_0.updated_at,
        p1_0.version 
    from
        projects p1_0 
    where
        p1_0.id=?"
2026-05-21T01:43:56.932+03:00 level=DEBUG app=workhub corr=na method=na path=na logger=org.hibernate.SQL msg="
    select
        t1_0.id,
        t1_0.created_at,
        t1_0.name,
        t1_0.plan,
        t1_0.status,
        t1_0.updated_at,
        t1_0.version 
    from
        tenants t1_0 
    where
        t1_0.id=?"
2026-05-21T01:43:57.039+03:00 level=DEBUG app=workhub corr=na method=na path=na logger=org.hibernate.SQL msg="
    select
        j1_0.id,
        j1_0.correlation_id,
        j1_0.created_at,
        j1_0.error_message,
        j1_0.project_id,
        j1_0.status,
        j1_0.tenant_id,
        j1_0.updated_at 
    from
        jobs j1_0 
    where
        j1_0.id=? 
        and j1_0.tenant_id=?"
2026-05-21T01:43:57.039+03:00 level=DEBUG app=workhub corr=na method=na path=na logger=org.hibernate.SQL msg="
    select
        p1_0.id,
        p1_0.created_at,
        p1_0.created_by_id,
        p1_0.description,
        p1_0.end_date,
        p1_0.name,
        p1_0.project_key,
        p1_0.start_date,
        p1_0.status,
        p1_0.tenant_id,
        p1_0.updated_at,
        p1_0.version 
    from
        projects p1_0 
    where
        p1_0.id=?"
2026-05-21T01:43:57.039+03:00 level=DEBUG app=workhub corr=na method=na path=na logger=org.hibernate.SQL msg="
    select
        t1_0.id,
        t1_0.created_at,
        t1_0.name,
        t1_0.plan,
        t1_0.status,
        t1_0.updated_at,
        t1_0.version 
    from
        tenants t1_0 
    where
        t1_0.id=?"
2026-05-21T01:43:57.148+03:00 level=DEBUG app=workhub corr=na method=na path=na logger=org.hibernate.SQL msg="
    select
        j1_0.id,
        j1_0.correlation_id,
        j1_0.created_at,
        j1_0.error_message,
        j1_0.project_id,
        j1_0.status,
        j1_0.tenant_id,
        j1_0.updated_at 
    from
        jobs j1_0 
    where
        j1_0.id=? 
        and j1_0.tenant_id=?"
2026-05-21T01:43:57.148+03:00 level=DEBUG app=workhub corr=na method=na path=na logger=org.hibernate.SQL msg="
    select
        p1_0.id,
        p1_0.created_at,
        p1_0.created_by_id,
        p1_0.description,
        p1_0.end_date,
        p1_0.name,
        p1_0.project_key,
        p1_0.start_date,
        p1_0.status,
        p1_0.tenant_id,
        p1_0.updated_at,
        p1_0.version 
    from
        projects p1_0 
    where
        p1_0.id=?"
2026-05-21T01:43:57.149+03:00 level=DEBUG app=workhub corr=na method=na path=na logger=org.hibernate.SQL msg="
    select
        t1_0.id,
        t1_0.created_at,
        t1_0.name,
        t1_0.plan,
        t1_0.status,
        t1_0.updated_at,
        t1_0.version 
    from
        tenants t1_0 
    where
        t1_0.id=?"
2026-05-21T01:43:57.257+03:00 level=DEBUG app=workhub corr=na method=na path=na logger=org.hibernate.SQL msg="
    select
        j1_0.id,
        j1_0.correlation_id,
        j1_0.created_at,
        j1_0.error_message,
        j1_0.project_id,
        j1_0.status,
        j1_0.tenant_id,
        j1_0.updated_at 
    from
        jobs j1_0 
    where
        j1_0.id=? 
        and j1_0.tenant_id=?"
2026-05-21T01:43:57.257+03:00 level=DEBUG app=workhub corr=na method=na path=na logger=org.hibernate.SQL msg="
    select
        p1_0.id,
        p1_0.created_at,
        p1_0.created_by_id,
        p1_0.description,
        p1_0.end_date,
        p1_0.name,
        p1_0.project_key,
        p1_0.start_date,
        p1_0.status,
        p1_0.tenant_id,
        p1_0.updated_at,
        p1_0.version 
    from
        projects p1_0 
    where
        p1_0.id=?"
2026-05-21T01:43:57.258+03:00 level=DEBUG app=workhub corr=na method=na path=na logger=org.hibernate.SQL msg="
    select
        t1_0.id,
        t1_0.created_at,
        t1_0.name,
        t1_0.plan,
        t1_0.status,
        t1_0.updated_at,
        t1_0.version 
    from
        tenants t1_0 
    where
        t1_0.id=?"
2026-05-21T01:43:57.365+03:00 level=DEBUG app=workhub corr=na method=na path=na logger=org.hibernate.SQL msg="
    select
        j1_0.id,
        j1_0.correlation_id,
        j1_0.created_at,
        j1_0.error_message,
        j1_0.project_id,
        j1_0.status,
        j1_0.tenant_id,
        j1_0.updated_at 
    from
        jobs j1_0 
    where
        j1_0.id=? 
        and j1_0.tenant_id=?"
2026-05-21T01:43:57.365+03:00 level=DEBUG app=workhub corr=na method=na path=na logger=org.hibernate.SQL msg="
    select
        p1_0.id,
        p1_0.created_at,
        p1_0.created_by_id,
        p1_0.description,
        p1_0.end_date,
        p1_0.name,
        p1_0.project_key,
        p1_0.start_date,
        p1_0.status,
        p1_0.tenant_id,
        p1_0.updated_at,
        p1_0.version 
    from
        projects p1_0 
    where
        p1_0.id=?"
2026-05-21T01:43:57.365+03:00 level=DEBUG app=workhub corr=na method=na path=na logger=org.hibernate.SQL msg="
    select
        t1_0.id,
        t1_0.created_at,
        t1_0.name,
        t1_0.plan,
        t1_0.status,
        t1_0.updated_at,
        t1_0.version 
    from
        tenants t1_0 
    where
        t1_0.id=?"
2026-05-21T01:43:57.474+03:00 level=DEBUG app=workhub corr=na method=na path=na logger=org.hibernate.SQL msg="
    select
        j1_0.id,
        j1_0.correlation_id,
        j1_0.created_at,
        j1_0.error_message,
        j1_0.project_id,
        j1_0.status,
        j1_0.tenant_id,
        j1_0.updated_at 
    from
        jobs j1_0 
    where
        j1_0.id=? 
        and j1_0.tenant_id=?"
2026-05-21T01:43:57.474+03:00 level=DEBUG app=workhub corr=na method=na path=na logger=org.hibernate.SQL msg="
    select
        p1_0.id,
        p1_0.created_at,
        p1_0.created_by_id,
        p1_0.description,
        p1_0.end_date,
        p1_0.name,
        p1_0.project_key,
        p1_0.start_date,
        p1_0.status,
        p1_0.tenant_id,
        p1_0.updated_at,
        p1_0.version 
    from
        projects p1_0 
    where
        p1_0.id=?"
2026-05-21T01:43:57.475+03:00 level=DEBUG app=workhub corr=na method=na path=na logger=org.hibernate.SQL msg="
    select
        t1_0.id,
        t1_0.created_at,
        t1_0.name,
        t1_0.plan,
        t1_0.status,
        t1_0.updated_at,
        t1_0.version 
    from
        tenants t1_0 
    where
        t1_0.id=?"
2026-05-21T01:43:57.582+03:00 level=DEBUG app=workhub corr=na method=na path=na logger=org.hibernate.SQL msg="
    select
        j1_0.id,
        j1_0.correlation_id,
        j1_0.created_at,
        j1_0.error_message,
        j1_0.project_id,
        j1_0.status,
        j1_0.tenant_id,
        j1_0.updated_at 
    from
        jobs j1_0 
    where
        j1_0.id=? 
        and j1_0.tenant_id=?"
2026-05-21T01:43:57.582+03:00 level=DEBUG app=workhub corr=na method=na path=na logger=org.hibernate.SQL msg="
    select
        p1_0.id,
        p1_0.created_at,
        p1_0.created_by_id,
        p1_0.description,
        p1_0.end_date,
        p1_0.name,
        p1_0.project_key,
        p1_0.start_date,
        p1_0.status,
        p1_0.tenant_id,
        p1_0.updated_at,
        p1_0.version 
    from
        projects p1_0 
    where
        p1_0.id=?"
2026-05-21T01:43:57.583+03:00 level=DEBUG app=workhub corr=na method=na path=na logger=org.hibernate.SQL msg="
    select
        t1_0.id,
        t1_0.created_at,
        t1_0.name,
        t1_0.plan,
        t1_0.status,
        t1_0.updated_at,
        t1_0.version 
    from
        tenants t1_0 
    where
        t1_0.id=?"
2026-05-21T01:43:57.689+03:00 level=DEBUG app=workhub corr=na method=na path=na logger=org.hibernate.SQL msg="
    select
        j1_0.id,
        j1_0.correlation_id,
        j1_0.created_at,
        j1_0.error_message,
        j1_0.project_id,
        j1_0.status,
        j1_0.tenant_id,
        j1_0.updated_at 
    from
        jobs j1_0 
    where
        j1_0.id=? 
        and j1_0.tenant_id=?"
2026-05-21T01:43:57.689+03:00 level=DEBUG app=workhub corr=na method=na path=na logger=org.hibernate.SQL msg="
    select
        p1_0.id,
        p1_0.created_at,
        p1_0.created_by_id,
        p1_0.description,
        p1_0.end_date,
        p1_0.name,
        p1_0.project_key,
        p1_0.start_date,
        p1_0.status,
        p1_0.tenant_id,
        p1_0.updated_at,
        p1_0.version 
    from
        projects p1_0 
    where
        p1_0.id=?"
2026-05-21T01:43:57.689+03:00 level=DEBUG app=workhub corr=na method=na path=na logger=org.hibernate.SQL msg="
    select
        t1_0.id,
        t1_0.created_at,
        t1_0.name,
        t1_0.plan,
        t1_0.status,
        t1_0.updated_at,
        t1_0.version 
    from
        tenants t1_0 
    where
        t1_0.id=?"
2026-05-21T01:43:57.798+03:00 level=DEBUG app=workhub corr=na method=na path=na logger=org.hibernate.SQL msg="
    select
        j1_0.id,
        j1_0.correlation_id,
        j1_0.created_at,
        j1_0.error_message,
        j1_0.project_id,
        j1_0.status,
        j1_0.tenant_id,
        j1_0.updated_at 
    from
        jobs j1_0 
    where
        j1_0.id=? 
        and j1_0.tenant_id=?"
2026-05-21T01:43:57.799+03:00 level=DEBUG app=workhub corr=na method=na path=na logger=org.hibernate.SQL msg="
    select
        p1_0.id,
        p1_0.created_at,
        p1_0.created_by_id,
        p1_0.description,
        p1_0.end_date,
        p1_0.name,
        p1_0.project_key,
        p1_0.start_date,
        p1_0.status,
        p1_0.tenant_id,
        p1_0.updated_at,
        p1_0.version 
    from
        projects p1_0 
    where
        p1_0.id=?"
2026-05-21T01:43:57.799+03:00 level=DEBUG app=workhub corr=na method=na path=na logger=org.hibernate.SQL msg="
    select
        t1_0.id,
        t1_0.created_at,
        t1_0.name,
        t1_0.plan,
        t1_0.status,
        t1_0.updated_at,
        t1_0.version 
    from
        tenants t1_0 
    where
        t1_0.id=?"
2026-05-21T01:43:57.907+03:00 level=DEBUG app=workhub corr=na method=na path=na logger=org.hibernate.SQL msg="
    select
        j1_0.id,
        j1_0.correlation_id,
        j1_0.created_at,
        j1_0.error_message,
        j1_0.project_id,
        j1_0.status,
        j1_0.tenant_id,
        j1_0.updated_at 
    from
        jobs j1_0 
    where
        j1_0.id=? 
        and j1_0.tenant_id=?"
2026-05-21T01:43:57.907+03:00 level=DEBUG app=workhub corr=na method=na path=na logger=org.hibernate.SQL msg="
    select
        p1_0.id,
        p1_0.created_at,
        p1_0.created_by_id,
        p1_0.description,
        p1_0.end_date,
        p1_0.name,
        p1_0.project_key,
        p1_0.start_date,
        p1_0.status,
        p1_0.tenant_id,
        p1_0.updated_at,
        p1_0.version 
    from
        projects p1_0 
    where
        p1_0.id=?"
2026-05-21T01:43:57.907+03:00 level=DEBUG app=workhub corr=na method=na path=na logger=org.hibernate.SQL msg="
    select
        t1_0.id,
        t1_0.created_at,
        t1_0.name,
        t1_0.plan,
        t1_0.status,
        t1_0.updated_at,
        t1_0.version 
    from
        tenants t1_0 
    where
        t1_0.id=?"
2026-05-21T01:43:58.016+03:00 level=DEBUG app=workhub corr=na method=na path=na logger=org.hibernate.SQL msg="
    select
        j1_0.id,
        j1_0.correlation_id,
        j1_0.created_at,
        j1_0.error_message,
        j1_0.project_id,
        j1_0.status,
        j1_0.tenant_id,
        j1_0.updated_at 
    from
        jobs j1_0 
    where
        j1_0.id=? 
        and j1_0.tenant_id=?"
2026-05-21T01:43:58.017+03:00 level=DEBUG app=workhub corr=na method=na path=na logger=org.hibernate.SQL msg="
    select
        p1_0.id,
        p1_0.created_at,
        p1_0.created_by_id,
        p1_0.description,
        p1_0.end_date,
        p1_0.name,
        p1_0.project_key,
        p1_0.start_date,
        p1_0.status,
        p1_0.tenant_id,
        p1_0.updated_at,
        p1_0.version 
    from
        projects p1_0 
    where
        p1_0.id=?"
2026-05-21T01:43:58.017+03:00 level=DEBUG app=workhub corr=na method=na path=na logger=org.hibernate.SQL msg="
    select
        t1_0.id,
        t1_0.created_at,
        t1_0.name,
        t1_0.plan,
        t1_0.status,
        t1_0.updated_at,
        t1_0.version 
    from
        tenants t1_0 
    where
        t1_0.id=?"
2026-05-21T01:43:58.124+03:00 level=DEBUG app=workhub corr=na method=na path=na logger=org.hibernate.SQL msg="
    select
        j1_0.id,
        j1_0.correlation_id,
        j1_0.created_at,
        j1_0.error_message,
        j1_0.project_id,
        j1_0.status,
        j1_0.tenant_id,
        j1_0.updated_at 
    from
        jobs j1_0 
    where
        j1_0.id=? 
        and j1_0.tenant_id=?"
2026-05-21T01:43:58.124+03:00 level=DEBUG app=workhub corr=na method=na path=na logger=org.hibernate.SQL msg="
    select
        p1_0.id,
        p1_0.created_at,
        p1_0.created_by_id,
        p1_0.description,
        p1_0.end_date,
        p1_0.name,
        p1_0.project_key,
        p1_0.start_date,
        p1_0.status,
        p1_0.tenant_id,
        p1_0.updated_at,
        p1_0.version 
    from
        projects p1_0 
    where
        p1_0.id=?"
2026-05-21T01:43:58.125+03:00 level=DEBUG app=workhub corr=na method=na path=na logger=org.hibernate.SQL msg="
    select
        t1_0.id,
        t1_0.created_at,
        t1_0.name,
        t1_0.plan,
        t1_0.status,
        t1_0.updated_at,
        t1_0.version 
    from
        tenants t1_0 
    where
        t1_0.id=?"
2026-05-21T01:43:58.232+03:00 level=DEBUG app=workhub corr=na method=na path=na logger=org.hibernate.SQL msg="
    select
        j1_0.id,
        j1_0.correlation_id,
        j1_0.created_at,
        j1_0.error_message,
        j1_0.project_id,
        j1_0.status,
        j1_0.tenant_id,
        j1_0.updated_at 
    from
        jobs j1_0 
    where
        j1_0.id=? 
        and j1_0.tenant_id=?"
2026-05-21T01:43:58.232+03:00 level=DEBUG app=workhub corr=na method=na path=na logger=org.hibernate.SQL msg="
    select
        p1_0.id,
        p1_0.created_at,
        p1_0.created_by_id,
        p1_0.description,
        p1_0.end_date,
        p1_0.name,
        p1_0.project_key,
        p1_0.start_date,
        p1_0.status,
        p1_0.tenant_id,
        p1_0.updated_at,
        p1_0.version 
    from
        projects p1_0 
    where
        p1_0.id=?"
2026-05-21T01:43:58.232+03:00 level=DEBUG app=workhub corr=na method=na path=na logger=org.hibernate.SQL msg="
    select
        t1_0.id,
        t1_0.created_at,
        t1_0.name,
        t1_0.plan,
        t1_0.status,
        t1_0.updated_at,
        t1_0.version 
    from
        tenants t1_0 
    where
        t1_0.id=?"
2026-05-21T01:43:58.340+03:00 level=DEBUG app=workhub corr=na method=na path=na logger=org.hibernate.SQL msg="
    select
        j1_0.id,
        j1_0.correlation_id,
        j1_0.created_at,
        j1_0.error_message,
        j1_0.project_id,
        j1_0.status,
        j1_0.tenant_id,
        j1_0.updated_at 
    from
        jobs j1_0 
    where
        j1_0.id=? 
        and j1_0.tenant_id=?"
2026-05-21T01:43:58.341+03:00 level=DEBUG app=workhub corr=na method=na path=na logger=org.hibernate.SQL msg="
    select
        p1_0.id,
        p1_0.created_at,
        p1_0.created_by_id,
        p1_0.description,
        p1_0.end_date,
        p1_0.name,
        p1_0.project_key,
        p1_0.start_date,
        p1_0.status,
        p1_0.tenant_id,
        p1_0.updated_at,
        p1_0.version 
    from
        projects p1_0 
    where
        p1_0.id=?"
2026-05-21T01:43:58.341+03:00 level=DEBUG app=workhub corr=na method=na path=na logger=org.hibernate.SQL msg="
    select
        t1_0.id,
        t1_0.created_at,
        t1_0.name,
        t1_0.plan,
        t1_0.status,
        t1_0.updated_at,
        t1_0.version 
    from
        tenants t1_0 
    where
        t1_0.id=?"
2026-05-21T01:43:58.449+03:00 level=DEBUG app=workhub corr=na method=na path=na logger=org.hibernate.SQL msg="
    select
        j1_0.id,
        j1_0.correlation_id,
        j1_0.created_at,
        j1_0.error_message,
        j1_0.project_id,
        j1_0.status,
        j1_0.tenant_id,
        j1_0.updated_at 
    from
        jobs j1_0 
    where
        j1_0.id=? 
        and j1_0.tenant_id=?"
2026-05-21T01:43:58.449+03:00 level=DEBUG app=workhub corr=na method=na path=na logger=org.hibernate.SQL msg="
    select
        p1_0.id,
        p1_0.created_at,
        p1_0.created_by_id,
        p1_0.description,
        p1_0.end_date,
        p1_0.name,
        p1_0.project_key,
        p1_0.start_date,
        p1_0.status,
        p1_0.tenant_id,
        p1_0.updated_at,
        p1_0.version 
    from
        projects p1_0 
    where
        p1_0.id=?"
2026-05-21T01:43:58.449+03:00 level=DEBUG app=workhub corr=na method=na path=na logger=org.hibernate.SQL msg="
    select
        t1_0.id,
        t1_0.created_at,
        t1_0.name,
        t1_0.plan,
        t1_0.status,
        t1_0.updated_at,
        t1_0.version 
    from
        tenants t1_0 
    where
        t1_0.id=?"
2026-05-21T01:43:58.556+03:00 level=DEBUG app=workhub corr=na method=na path=na logger=org.hibernate.SQL msg="
    select
        j1_0.id,
        j1_0.correlation_id,
        j1_0.created_at,
        j1_0.error_message,
        j1_0.project_id,
        j1_0.status,
        j1_0.tenant_id,
        j1_0.updated_at 
    from
        jobs j1_0 
    where
        j1_0.id=? 
        and j1_0.tenant_id=?"
2026-05-21T01:43:58.557+03:00 level=DEBUG app=workhub corr=na method=na path=na logger=org.hibernate.SQL msg="
    select
        p1_0.id,
        p1_0.created_at,
        p1_0.created_by_id,
        p1_0.description,
        p1_0.end_date,
        p1_0.name,
        p1_0.project_key,
        p1_0.start_date,
        p1_0.status,
        p1_0.tenant_id,
        p1_0.updated_at,
        p1_0.version 
    from
        projects p1_0 
    where
        p1_0.id=?"
2026-05-21T01:43:58.557+03:00 level=DEBUG app=workhub corr=na method=na path=na logger=org.hibernate.SQL msg="
    select
        t1_0.id,
        t1_0.created_at,
        t1_0.name,
        t1_0.plan,
        t1_0.status,
        t1_0.updated_at,
        t1_0.version 
    from
        tenants t1_0 
    where
        t1_0.id=?"
2026-05-21T01:43:58.664+03:00 level=DEBUG app=workhub corr=na method=na path=na logger=org.hibernate.SQL msg="
    select
        j1_0.id,
        j1_0.correlation_id,
        j1_0.created_at,
        j1_0.error_message,
        j1_0.project_id,
        j1_0.status,
        j1_0.tenant_id,
        j1_0.updated_at 
    from
        jobs j1_0 
    where
        j1_0.id=? 
        and j1_0.tenant_id=?"
2026-05-21T01:43:58.664+03:00 level=DEBUG app=workhub corr=na method=na path=na logger=org.hibernate.SQL msg="
    select
        p1_0.id,
        p1_0.created_at,
        p1_0.created_by_id,
        p1_0.description,
        p1_0.end_date,
        p1_0.name,
        p1_0.project_key,
        p1_0.start_date,
        p1_0.status,
        p1_0.tenant_id,
        p1_0.updated_at,
        p1_0.version 
    from
        projects p1_0 
    where
        p1_0.id=?"
2026-05-21T01:43:58.664+03:00 level=DEBUG app=workhub corr=na method=na path=na logger=org.hibernate.SQL msg="
    select
        t1_0.id,
        t1_0.created_at,
        t1_0.name,
        t1_0.plan,
        t1_0.status,
        t1_0.updated_at,
        t1_0.version 
    from
        tenants t1_0 
    where
        t1_0.id=?"
2026-05-21T01:43:58.772+03:00 level=DEBUG app=workhub corr=na method=na path=na logger=org.hibernate.SQL msg="
    select
        j1_0.id,
        j1_0.correlation_id,
        j1_0.created_at,
        j1_0.error_message,
        j1_0.project_id,
        j1_0.status,
        j1_0.tenant_id,
        j1_0.updated_at 
    from
        jobs j1_0 
    where
        j1_0.id=? 
        and j1_0.tenant_id=?"
2026-05-21T01:43:58.773+03:00 level=DEBUG app=workhub corr=na method=na path=na logger=org.hibernate.SQL msg="
    select
        p1_0.id,
        p1_0.created_at,
        p1_0.created_by_id,
        p1_0.description,
        p1_0.end_date,
        p1_0.name,
        p1_0.project_key,
        p1_0.start_date,
        p1_0.status,
        p1_0.tenant_id,
        p1_0.updated_at,
        p1_0.version 
    from
        projects p1_0 
    where
        p1_0.id=?"
2026-05-21T01:43:58.773+03:00 level=DEBUG app=workhub corr=na method=na path=na logger=org.hibernate.SQL msg="
    select
        t1_0.id,
        t1_0.created_at,
        t1_0.name,
        t1_0.plan,
        t1_0.status,
        t1_0.updated_at,
        t1_0.version 
    from
        tenants t1_0 
    where
        t1_0.id=?"
2026-05-21T01:43:58.884+03:00 level=DEBUG app=workhub corr=na method=na path=na logger=org.hibernate.SQL msg="
    select
        j1_0.id,
        j1_0.correlation_id,
        j1_0.created_at,
        j1_0.error_message,
        j1_0.project_id,
        j1_0.status,
        j1_0.tenant_id,
        j1_0.updated_at 
    from
        jobs j1_0 
    where
        j1_0.id=? 
        and j1_0.tenant_id=?"
2026-05-21T01:43:58.885+03:00 level=DEBUG app=workhub corr=na method=na path=na logger=org.hibernate.SQL msg="
    select
        p1_0.id,
        p1_0.created_at,
        p1_0.created_by_id,
        p1_0.description,
        p1_0.end_date,
        p1_0.name,
        p1_0.project_key,
        p1_0.start_date,
        p1_0.status,
        p1_0.tenant_id,
        p1_0.updated_at,
        p1_0.version 
    from
        projects p1_0 
    where
        p1_0.id=?"
2026-05-21T01:43:58.886+03:00 level=DEBUG app=workhub corr=na method=na path=na logger=org.hibernate.SQL msg="
    select
        t1_0.id,
        t1_0.created_at,
        t1_0.name,
        t1_0.plan,
        t1_0.status,
        t1_0.updated_at,
        t1_0.version 
    from
        tenants t1_0 
    where
        t1_0.id=?"
2026-05-21T01:43:59.001+03:00 level=DEBUG app=workhub corr=na method=na path=na logger=org.hibernate.SQL msg="
    select
        j1_0.id,
        j1_0.correlation_id,
        j1_0.created_at,
        j1_0.error_message,
        j1_0.project_id,
        j1_0.status,
        j1_0.tenant_id,
        j1_0.updated_at 
    from
        jobs j1_0 
    where
        j1_0.id=? 
        and j1_0.tenant_id=?"
2026-05-21T01:43:59.001+03:00 level=DEBUG app=workhub corr=na method=na path=na logger=org.hibernate.SQL msg="
    select
        p1_0.id,
        p1_0.created_at,
        p1_0.created_by_id,
        p1_0.description,
        p1_0.end_date,
        p1_0.name,
        p1_0.project_key,
        p1_0.start_date,
        p1_0.status,
        p1_0.tenant_id,
        p1_0.updated_at,
        p1_0.version 
    from
        projects p1_0 
    where
        p1_0.id=?"
2026-05-21T01:43:59.001+03:00 level=DEBUG app=workhub corr=na method=na path=na logger=org.hibernate.SQL msg="
    select
        t1_0.id,
        t1_0.created_at,
        t1_0.name,
        t1_0.plan,
        t1_0.status,
        t1_0.updated_at,
        t1_0.version 
    from
        tenants t1_0 
    where
        t1_0.id=?"
2026-05-21T01:43:59.109+03:00 level=DEBUG app=workhub corr=na method=na path=na logger=org.hibernate.SQL msg="
    select
        j1_0.id,
        j1_0.correlation_id,
        j1_0.created_at,
        j1_0.error_message,
        j1_0.project_id,
        j1_0.status,
        j1_0.tenant_id,
        j1_0.updated_at 
    from
        jobs j1_0 
    where
        j1_0.id=? 
        and j1_0.tenant_id=?"
2026-05-21T01:43:59.109+03:00 level=DEBUG app=workhub corr=na method=na path=na logger=org.hibernate.SQL msg="
    select
        p1_0.id,
        p1_0.created_at,
        p1_0.created_by_id,
        p1_0.description,
        p1_0.end_date,
        p1_0.name,
        p1_0.project_key,
        p1_0.start_date,
        p1_0.status,
        p1_0.tenant_id,
        p1_0.updated_at,
        p1_0.version 
    from
        projects p1_0 
    where
        p1_0.id=?"
2026-05-21T01:43:59.110+03:00 level=DEBUG app=workhub corr=na method=na path=na logger=org.hibernate.SQL msg="
    select
        t1_0.id,
        t1_0.created_at,
        t1_0.name,
        t1_0.plan,
        t1_0.status,
        t1_0.updated_at,
        t1_0.version 
    from
        tenants t1_0 
    where
        t1_0.id=?"
2026-05-21T01:43:59.216+03:00 level=DEBUG app=workhub corr=na method=na path=na logger=org.hibernate.SQL msg="
    select
        j1_0.id,
        j1_0.correlation_id,
        j1_0.created_at,
        j1_0.error_message,
        j1_0.project_id,
        j1_0.status,
        j1_0.tenant_id,
        j1_0.updated_at 
    from
        jobs j1_0 
    where
        j1_0.id=? 
        and j1_0.tenant_id=?"
2026-05-21T01:43:59.216+03:00 level=DEBUG app=workhub corr=na method=na path=na logger=org.hibernate.SQL msg="
    select
        p1_0.id,
        p1_0.created_at,
        p1_0.created_by_id,
        p1_0.description,
        p1_0.end_date,
        p1_0.name,
        p1_0.project_key,
        p1_0.start_date,
        p1_0.status,
        p1_0.tenant_id,
        p1_0.updated_at,
        p1_0.version 
    from
        projects p1_0 
    where
        p1_0.id=?"
2026-05-21T01:43:59.217+03:00 level=DEBUG app=workhub corr=na method=na path=na logger=org.hibernate.SQL msg="
    select
        t1_0.id,
        t1_0.created_at,
        t1_0.name,
        t1_0.plan,
        t1_0.status,
        t1_0.updated_at,
        t1_0.version 
    from
        tenants t1_0 
    where
        t1_0.id=?"
2026-05-21T01:43:59.326+03:00 level=DEBUG app=workhub corr=na method=na path=na logger=org.hibernate.SQL msg="
    select
        j1_0.id,
        j1_0.correlation_id,
        j1_0.created_at,
        j1_0.error_message,
        j1_0.project_id,
        j1_0.status,
        j1_0.tenant_id,
        j1_0.updated_at 
    from
        jobs j1_0 
    where
        j1_0.id=? 
        and j1_0.tenant_id=?"
2026-05-21T01:43:59.326+03:00 level=DEBUG app=workhub corr=na method=na path=na logger=org.hibernate.SQL msg="
    select
        p1_0.id,
        p1_0.created_at,
        p1_0.created_by_id,
        p1_0.description,
        p1_0.end_date,
        p1_0.name,
        p1_0.project_key,
        p1_0.start_date,
        p1_0.status,
        p1_0.tenant_id,
        p1_0.updated_at,
        p1_0.version 
    from
        projects p1_0 
    where
        p1_0.id=?"
2026-05-21T01:43:59.327+03:00 level=DEBUG app=workhub corr=na method=na path=na logger=org.hibernate.SQL msg="
    select
        t1_0.id,
        t1_0.created_at,
        t1_0.name,
        t1_0.plan,
        t1_0.status,
        t1_0.updated_at,
        t1_0.version 
    from
        tenants t1_0 
    where
        t1_0.id=?"
2026-05-21T01:43:59.433+03:00 level=DEBUG app=workhub corr=na method=na path=na logger=org.hibernate.SQL msg="
    select
        j1_0.id,
        j1_0.correlation_id,
        j1_0.created_at,
        j1_0.error_message,
        j1_0.project_id,
        j1_0.status,
        j1_0.tenant_id,
        j1_0.updated_at 
    from
        jobs j1_0 
    where
        j1_0.id=? 
        and j1_0.tenant_id=?"
2026-05-21T01:43:59.433+03:00 level=DEBUG app=workhub corr=na method=na path=na logger=org.hibernate.SQL msg="
    select
        p1_0.id,
        p1_0.created_at,
        p1_0.created_by_id,
        p1_0.description,
        p1_0.end_date,
        p1_0.name,
        p1_0.project_key,
        p1_0.start_date,
        p1_0.status,
        p1_0.tenant_id,
        p1_0.updated_at,
        p1_0.version 
    from
        projects p1_0 
    where
        p1_0.id=?"
2026-05-21T01:43:59.433+03:00 level=DEBUG app=workhub corr=na method=na path=na logger=org.hibernate.SQL msg="
    select
        t1_0.id,
        t1_0.created_at,
        t1_0.name,
        t1_0.plan,
        t1_0.status,
        t1_0.updated_at,
        t1_0.version 
    from
        tenants t1_0 
    where
        t1_0.id=?"
2026-05-21T01:43:59.543+03:00 level=DEBUG app=workhub corr=na method=na path=na logger=org.hibernate.SQL msg="
    select
        j1_0.id,
        j1_0.correlation_id,
        j1_0.created_at,
        j1_0.error_message,
        j1_0.project_id,
        j1_0.status,
        j1_0.tenant_id,
        j1_0.updated_at 
    from
        jobs j1_0 
    where
        j1_0.id=? 
        and j1_0.tenant_id=?"
2026-05-21T01:43:59.543+03:00 level=DEBUG app=workhub corr=na method=na path=na logger=org.hibernate.SQL msg="
    select
        p1_0.id,
        p1_0.created_at,
        p1_0.created_by_id,
        p1_0.description,
        p1_0.end_date,
        p1_0.name,
        p1_0.project_key,
        p1_0.start_date,
        p1_0.status,
        p1_0.tenant_id,
        p1_0.updated_at,
        p1_0.version 
    from
        projects p1_0 
    where
        p1_0.id=?"
2026-05-21T01:43:59.543+03:00 level=DEBUG app=workhub corr=na method=na path=na logger=org.hibernate.SQL msg="
    select
        t1_0.id,
        t1_0.created_at,
        t1_0.name,
        t1_0.plan,
        t1_0.status,
        t1_0.updated_at,
        t1_0.version 
    from
        tenants t1_0 
    where
        t1_0.id=?"
2026-05-21T01:43:59.628+03:00 level=WARN  app=workhub corr=na method=na path=na logger=c.r.c.impl.ForgivingExceptionHandler msg="An unexpected connection driver error occurred (Exception message: Socket closed)"
2026-05-21T01:43:59.650+03:00 level=DEBUG app=workhub corr=na method=na path=na logger=org.hibernate.SQL msg="
    select
        j1_0.id,
        j1_0.correlation_id,
        j1_0.created_at,
        j1_0.error_message,
        j1_0.project_id,
        j1_0.status,
        j1_0.tenant_id,
        j1_0.updated_at 
    from
        jobs j1_0 
    where
        j1_0.id=? 
        and j1_0.tenant_id=?"
2026-05-21T01:43:59.650+03:00 level=DEBUG app=workhub corr=na method=na path=na logger=org.hibernate.SQL msg="
    select
        p1_0.id,
        p1_0.created_at,
        p1_0.created_by_id,
        p1_0.description,
        p1_0.end_date,
        p1_0.name,
        p1_0.project_key,
        p1_0.start_date,
        p1_0.status,
        p1_0.tenant_id,
        p1_0.updated_at,
        p1_0.version 
    from
        projects p1_0 
    where
        p1_0.id=?"
2026-05-21T01:43:59.651+03:00 level=DEBUG app=workhub corr=na method=na path=na logger=org.hibernate.SQL msg="
    select
        t1_0.id,
        t1_0.created_at,
        t1_0.name,
        t1_0.plan,
        t1_0.status,
        t1_0.updated_at,
        t1_0.version 
    from
        tenants t1_0 
    where
        t1_0.id=?"
2026-05-21T01:43:59.685+03:00 level=WARN  app=workhub corr=na method=na path=na logger=c.r.c.impl.ForgivingExceptionHandler msg="An unexpected connection driver error occurred (Exception message: Socket closed)"
2026-05-21T01:43:59.685+03:00 level=ERROR app=workhub corr=na method=na path=na logger=o.s.a.r.l.SimpleMessageListenerContainer msg="Failed to check/redeclare auto-delete queue(s)."
2026-05-21T01:43:59.692+03:00 level=WARN  app=workhub corr=na method=na path=na logger=c.r.c.impl.ForgivingExceptionHandler msg="An unexpected connection driver error occurred (Exception message: Socket closed)"
2026-05-21T01:43:59.753+03:00 level=WARN  app=workhub corr=na method=na path=na logger=c.r.c.impl.ForgivingExceptionHandler msg="An unexpected connection driver error occurred (Exception message: Socket closed)"
2026-05-21T01:43:59.758+03:00 level=DEBUG app=workhub corr=na method=na path=na logger=org.hibernate.SQL msg="
    select
        j1_0.id,
        j1_0.correlation_id,
        j1_0.created_at,
        j1_0.error_message,
        j1_0.project_id,
        j1_0.status,
        j1_0.tenant_id,
        j1_0.updated_at 
    from
        jobs j1_0 
    where
        j1_0.id=? 
        and j1_0.tenant_id=?"
2026-05-21T01:43:59.759+03:00 level=DEBUG app=workhub corr=na method=na path=na logger=org.hibernate.SQL msg="
    select
        p1_0.id,
        p1_0.created_at,
        p1_0.created_by_id,
        p1_0.description,
        p1_0.end_date,
        p1_0.name,
        p1_0.project_key,
        p1_0.start_date,
        p1_0.status,
        p1_0.tenant_id,
        p1_0.updated_at,
        p1_0.version 
    from
        projects p1_0 
    where
        p1_0.id=?"
2026-05-21T01:43:59.759+03:00 level=DEBUG app=workhub corr=na method=na path=na logger=org.hibernate.SQL msg="
    select
        t1_0.id,
        t1_0.created_at,
        t1_0.name,
        t1_0.plan,
        t1_0.status,
        t1_0.updated_at,
        t1_0.version 
    from
        tenants t1_0 
    where
        t1_0.id=?"
2026-05-21T01:43:59.871+03:00 level=DEBUG app=workhub corr=na method=na path=na logger=org.hibernate.SQL msg="
    select
        j1_0.id,
        j1_0.correlation_id,
        j1_0.created_at,
        j1_0.error_message,
        j1_0.project_id,
        j1_0.status,
        j1_0.tenant_id,
        j1_0.updated_at 
    from
        jobs j1_0 
    where
        j1_0.id=? 
        and j1_0.tenant_id=?"
2026-05-21T01:43:59.871+03:00 level=DEBUG app=workhub corr=na method=na path=na logger=org.hibernate.SQL msg="
    select
        p1_0.id,
        p1_0.created_at,
        p1_0.created_by_id,
        p1_0.description,
        p1_0.end_date,
        p1_0.name,
        p1_0.project_key,
        p1_0.start_date,
        p1_0.status,
        p1_0.tenant_id,
        p1_0.updated_at,
        p1_0.version 
    from
        projects p1_0 
    where
        p1_0.id=?"
2026-05-21T01:43:59.872+03:00 level=DEBUG app=workhub corr=na method=na path=na logger=org.hibernate.SQL msg="
    select
        t1_0.id,
        t1_0.created_at,
        t1_0.name,
        t1_0.plan,
        t1_0.status,
        t1_0.updated_at,
        t1_0.version 
    from
        tenants t1_0 
    where
        t1_0.id=?"
2026-05-21T01:43:59.977+03:00 level=DEBUG app=workhub corr=na method=na path=na logger=org.hibernate.SQL msg="
    select
        j1_0.id,
        j1_0.correlation_id,
        j1_0.created_at,
        j1_0.error_message,
        j1_0.project_id,
        j1_0.status,
        j1_0.tenant_id,
        j1_0.updated_at 
    from
        jobs j1_0 
    where
        j1_0.id=? 
        and j1_0.tenant_id=?"
2026-05-21T01:43:59.977+03:00 level=DEBUG app=workhub corr=na method=na path=na logger=org.hibernate.SQL msg="
    select
        p1_0.id,
        p1_0.created_at,
        p1_0.created_by_id,
        p1_0.description,
        p1_0.end_date,
        p1_0.name,
        p1_0.project_key,
        p1_0.start_date,
        p1_0.status,
        p1_0.tenant_id,
        p1_0.updated_at,
        p1_0.version 
    from
        projects p1_0 
    where
        p1_0.id=?"
2026-05-21T01:43:59.977+03:00 level=DEBUG app=workhub corr=na method=na path=na logger=org.hibernate.SQL msg="
    select
        t1_0.id,
        t1_0.created_at,
        t1_0.name,
        t1_0.plan,
        t1_0.status,
        t1_0.updated_at,
        t1_0.version 
    from
        tenants t1_0 
    where
        t1_0.id=?"
2026-05-21T01:44:00.086+03:00 level=DEBUG app=workhub corr=na method=na path=na logger=org.hibernate.SQL msg="
    select
        j1_0.id,
        j1_0.correlation_id,
        j1_0.created_at,
        j1_0.error_message,
        j1_0.project_id,
        j1_0.status,
        j1_0.tenant_id,
        j1_0.updated_at 
    from
        jobs j1_0 
    where
        j1_0.id=? 
        and j1_0.tenant_id=?"
2026-05-21T01:44:00.088+03:00 level=DEBUG app=workhub corr=na method=na path=na logger=org.hibernate.SQL msg="
    select
        p1_0.id,
        p1_0.created_at,
        p1_0.created_by_id,
        p1_0.description,
        p1_0.end_date,
        p1_0.name,
        p1_0.project_key,
        p1_0.start_date,
        p1_0.status,
        p1_0.tenant_id,
        p1_0.updated_at,
        p1_0.version 
    from
        projects p1_0 
    where
        p1_0.id=?"
2026-05-21T01:44:00.088+03:00 level=DEBUG app=workhub corr=na method=na path=na logger=org.hibernate.SQL msg="
    select
        t1_0.id,
        t1_0.created_at,
        t1_0.name,
        t1_0.plan,
        t1_0.status,
        t1_0.updated_at,
        t1_0.version 
    from
        tenants t1_0 
    where
        t1_0.id=?"
2026-05-21T01:44:00.195+03:00 level=DEBUG app=workhub corr=na method=na path=na logger=org.hibernate.SQL msg="
    select
        j1_0.id,
        j1_0.correlation_id,
        j1_0.created_at,
        j1_0.error_message,
        j1_0.project_id,
        j1_0.status,
        j1_0.tenant_id,
        j1_0.updated_at 
    from
        jobs j1_0 
    where
        j1_0.id=? 
        and j1_0.tenant_id=?"
2026-05-21T01:44:00.196+03:00 level=DEBUG app=workhub corr=na method=na path=na logger=org.hibernate.SQL msg="
    select
        p1_0.id,
        p1_0.created_at,
        p1_0.created_by_id,
        p1_0.description,
        p1_0.end_date,
        p1_0.name,
        p1_0.project_key,
        p1_0.start_date,
        p1_0.status,
        p1_0.tenant_id,
        p1_0.updated_at,
        p1_0.version 
    from
        projects p1_0 
    where
        p1_0.id=?"
2026-05-21T01:44:00.196+03:00 level=DEBUG app=workhub corr=na method=na path=na logger=org.hibernate.SQL msg="
    select
        t1_0.id,
        t1_0.created_at,
        t1_0.name,
        t1_0.plan,
        t1_0.status,
        t1_0.updated_at,
        t1_0.version 
    from
        tenants t1_0 
    where
        t1_0.id=?"
2026-05-21T01:44:00.305+03:00 level=DEBUG app=workhub corr=na method=na path=na logger=org.hibernate.SQL msg="
    select
        j1_0.id,
        j1_0.correlation_id,
        j1_0.created_at,
        j1_0.error_message,
        j1_0.project_id,
        j1_0.status,
        j1_0.tenant_id,
        j1_0.updated_at 
    from
        jobs j1_0 
    where
        j1_0.id=? 
        and j1_0.tenant_id=?"
2026-05-21T01:44:00.306+03:00 level=DEBUG app=workhub corr=na method=na path=na logger=org.hibernate.SQL msg="
    select
        p1_0.id,
        p1_0.created_at,
        p1_0.created_by_id,
        p1_0.description,
        p1_0.end_date,
        p1_0.name,
        p1_0.project_key,
        p1_0.start_date,
        p1_0.status,
        p1_0.tenant_id,
        p1_0.updated_at,
        p1_0.version 
    from
        projects p1_0 
    where
        p1_0.id=?"
2026-05-21T01:44:00.306+03:00 level=DEBUG app=workhub corr=na method=na path=na logger=org.hibernate.SQL msg="
    select
        t1_0.id,
        t1_0.created_at,
        t1_0.name,
        t1_0.plan,
        t1_0.status,
        t1_0.updated_at,
        t1_0.version 
    from
        tenants t1_0 
    where
        t1_0.id=?"
2026-05-21T01:44:00.414+03:00 level=DEBUG app=workhub corr=na method=na path=na logger=org.hibernate.SQL msg="
    select
        j1_0.id,
        j1_0.correlation_id,
        j1_0.created_at,
        j1_0.error_message,
        j1_0.project_id,
        j1_0.status,
        j1_0.tenant_id,
        j1_0.updated_at 
    from
        jobs j1_0 
    where
        j1_0.id=? 
        and j1_0.tenant_id=?"
2026-05-21T01:44:00.414+03:00 level=DEBUG app=workhub corr=na method=na path=na logger=org.hibernate.SQL msg="
    select
        p1_0.id,
        p1_0.created_at,
        p1_0.created_by_id,
        p1_0.description,
        p1_0.end_date,
        p1_0.name,
        p1_0.project_key,
        p1_0.start_date,
        p1_0.status,
        p1_0.tenant_id,
        p1_0.updated_at,
        p1_0.version 
    from
        projects p1_0 
    where
        p1_0.id=?"
2026-05-21T01:44:00.415+03:00 level=DEBUG app=workhub corr=na method=na path=na logger=org.hibernate.SQL msg="
    select
        t1_0.id,
        t1_0.created_at,
        t1_0.name,
        t1_0.plan,
        t1_0.status,
        t1_0.updated_at,
        t1_0.version 
    from
        tenants t1_0 
    where
        t1_0.id=?"
2026-05-21T01:44:00.523+03:00 level=DEBUG app=workhub corr=na method=na path=na logger=org.hibernate.SQL msg="
    select
        j1_0.id,
        j1_0.correlation_id,
        j1_0.created_at,
        j1_0.error_message,
        j1_0.project_id,
        j1_0.status,
        j1_0.tenant_id,
        j1_0.updated_at 
    from
        jobs j1_0 
    where
        j1_0.id=? 
        and j1_0.tenant_id=?"
2026-05-21T01:44:00.523+03:00 level=DEBUG app=workhub corr=na method=na path=na logger=org.hibernate.SQL msg="
    select
        p1_0.id,
        p1_0.created_at,
        p1_0.created_by_id,
        p1_0.description,
        p1_0.end_date,
        p1_0.name,
        p1_0.project_key,
        p1_0.start_date,
        p1_0.status,
        p1_0.tenant_id,
        p1_0.updated_at,
        p1_0.version 
    from
        projects p1_0 
    where
        p1_0.id=?"
2026-05-21T01:44:00.523+03:00 level=DEBUG app=workhub corr=na method=na path=na logger=org.hibernate.SQL msg="
    select
        t1_0.id,
        t1_0.created_at,
        t1_0.name,
        t1_0.plan,
        t1_0.status,
        t1_0.updated_at,
        t1_0.version 
    from
        tenants t1_0 
    where
        t1_0.id=?"
2026-05-21T01:44:00.633+03:00 level=DEBUG app=workhub corr=na method=na path=na logger=org.hibernate.SQL msg="
    select
        j1_0.id,
        j1_0.correlation_id,
        j1_0.created_at,
        j1_0.error_message,
        j1_0.project_id,
        j1_0.status,
        j1_0.tenant_id,
        j1_0.updated_at 
    from
        jobs j1_0 
    where
        j1_0.id=? 
        and j1_0.tenant_id=?"
2026-05-21T01:44:00.633+03:00 level=DEBUG app=workhub corr=na method=na path=na logger=org.hibernate.SQL msg="
    select
        p1_0.id,
        p1_0.created_at,
        p1_0.created_by_id,
        p1_0.description,
        p1_0.end_date,
        p1_0.name,
        p1_0.project_key,
        p1_0.start_date,
        p1_0.status,
        p1_0.tenant_id,
        p1_0.updated_at,
        p1_0.version 
    from
        projects p1_0 
    where
        p1_0.id=?"
2026-05-21T01:44:00.633+03:00 level=DEBUG app=workhub corr=na method=na path=na logger=org.hibernate.SQL msg="
    select
        t1_0.id,
        t1_0.created_at,
        t1_0.name,
        t1_0.plan,
        t1_0.status,
        t1_0.updated_at,
        t1_0.version 
    from
        tenants t1_0 
    where
        t1_0.id=?"
2026-05-21T01:44:00.743+03:00 level=DEBUG app=workhub corr=na method=na path=na logger=org.hibernate.SQL msg="
    select
        j1_0.id,
        j1_0.correlation_id,
        j1_0.created_at,
        j1_0.error_message,
        j1_0.project_id,
        j1_0.status,
        j1_0.tenant_id,
        j1_0.updated_at 
    from
        jobs j1_0 
    where
        j1_0.id=? 
        and j1_0.tenant_id=?"
2026-05-21T01:44:00.743+03:00 level=DEBUG app=workhub corr=na method=na path=na logger=org.hibernate.SQL msg="
    select
        p1_0.id,
        p1_0.created_at,
        p1_0.created_by_id,
        p1_0.description,
        p1_0.end_date,
        p1_0.name,
        p1_0.project_key,
        p1_0.start_date,
        p1_0.status,
        p1_0.tenant_id,
        p1_0.updated_at,
        p1_0.version 
    from
        projects p1_0 
    where
        p1_0.id=?"
2026-05-21T01:44:00.743+03:00 level=DEBUG app=workhub corr=na method=na path=na logger=org.hibernate.SQL msg="
    select
        t1_0.id,
        t1_0.created_at,
        t1_0.name,
        t1_0.plan,
        t1_0.status,
        t1_0.updated_at,
        t1_0.version 
    from
        tenants t1_0 
    where
        t1_0.id=?"
2026-05-21T01:44:00.851+03:00 level=DEBUG app=workhub corr=na method=na path=na logger=org.hibernate.SQL msg="
    select
        j1_0.id,
        j1_0.correlation_id,
        j1_0.created_at,
        j1_0.error_message,
        j1_0.project_id,
        j1_0.status,
        j1_0.tenant_id,
        j1_0.updated_at 
    from
        jobs j1_0 
    where
        j1_0.id=? 
        and j1_0.tenant_id=?"
2026-05-21T01:44:00.851+03:00 level=DEBUG app=workhub corr=na method=na path=na logger=org.hibernate.SQL msg="
    select
        p1_0.id,
        p1_0.created_at,
        p1_0.created_by_id,
        p1_0.description,
        p1_0.end_date,
        p1_0.name,
        p1_0.project_key,
        p1_0.start_date,
        p1_0.status,
        p1_0.tenant_id,
        p1_0.updated_at,
        p1_0.version 
    from
        projects p1_0 
    where
        p1_0.id=?"
2026-05-21T01:44:00.851+03:00 level=DEBUG app=workhub corr=na method=na path=na logger=org.hibernate.SQL msg="
    select
        t1_0.id,
        t1_0.created_at,
        t1_0.name,
        t1_0.plan,
        t1_0.status,
        t1_0.updated_at,
        t1_0.version 
    from
        tenants t1_0 
    where
        t1_0.id=?"
2026-05-21T01:44:00.959+03:00 level=DEBUG app=workhub corr=na method=na path=na logger=org.hibernate.SQL msg="
    select
        j1_0.id,
        j1_0.correlation_id,
        j1_0.created_at,
        j1_0.error_message,
        j1_0.project_id,
        j1_0.status,
        j1_0.tenant_id,
        j1_0.updated_at 
    from
        jobs j1_0 
    where
        j1_0.id=? 
        and j1_0.tenant_id=?"
2026-05-21T01:44:00.959+03:00 level=DEBUG app=workhub corr=na method=na path=na logger=org.hibernate.SQL msg="
    select
        p1_0.id,
        p1_0.created_at,
        p1_0.created_by_id,
        p1_0.description,
        p1_0.end_date,
        p1_0.name,
        p1_0.project_key,
        p1_0.start_date,
        p1_0.status,
        p1_0.tenant_id,
        p1_0.updated_at,
        p1_0.version 
    from
        projects p1_0 
    where
        p1_0.id=?"
2026-05-21T01:44:00.959+03:00 level=DEBUG app=workhub corr=na method=na path=na logger=org.hibernate.SQL msg="
    select
        t1_0.id,
        t1_0.created_at,
        t1_0.name,
        t1_0.plan,
        t1_0.status,
        t1_0.updated_at,
        t1_0.version 
    from
        tenants t1_0 
    where
        t1_0.id=?"
2026-05-21T01:44:01.067+03:00 level=DEBUG app=workhub corr=na method=na path=na logger=org.hibernate.SQL msg="
    select
        j1_0.id,
        j1_0.correlation_id,
        j1_0.created_at,
        j1_0.error_message,
        j1_0.project_id,
        j1_0.status,
        j1_0.tenant_id,
        j1_0.updated_at 
    from
        jobs j1_0 
    where
        j1_0.id=? 
        and j1_0.tenant_id=?"
2026-05-21T01:44:01.067+03:00 level=DEBUG app=workhub corr=na method=na path=na logger=org.hibernate.SQL msg="
    select
        p1_0.id,
        p1_0.created_at,
        p1_0.created_by_id,
        p1_0.description,
        p1_0.end_date,
        p1_0.name,
        p1_0.project_key,
        p1_0.start_date,
        p1_0.status,
        p1_0.tenant_id,
        p1_0.updated_at,
        p1_0.version 
    from
        projects p1_0 
    where
        p1_0.id=?"
2026-05-21T01:44:01.068+03:00 level=DEBUG app=workhub corr=na method=na path=na logger=org.hibernate.SQL msg="
    select
        t1_0.id,
        t1_0.created_at,
        t1_0.name,
        t1_0.plan,
        t1_0.status,
        t1_0.updated_at,
        t1_0.version 
    from
        tenants t1_0 
    where
        t1_0.id=?"
2026-05-21T01:44:01.176+03:00 level=DEBUG app=workhub corr=na method=na path=na logger=org.hibernate.SQL msg="
    select
        j1_0.id,
        j1_0.correlation_id,
        j1_0.created_at,
        j1_0.error_message,
        j1_0.project_id,
        j1_0.status,
        j1_0.tenant_id,
        j1_0.updated_at 
    from
        jobs j1_0 
    where
        j1_0.id=? 
        and j1_0.tenant_id=?"
2026-05-21T01:44:01.176+03:00 level=DEBUG app=workhub corr=na method=na path=na logger=org.hibernate.SQL msg="
    select
        p1_0.id,
        p1_0.created_at,
        p1_0.created_by_id,
        p1_0.description,
        p1_0.end_date,
        p1_0.name,
        p1_0.project_key,
        p1_0.start_date,
        p1_0.status,
        p1_0.tenant_id,
        p1_0.updated_at,
        p1_0.version 
    from
        projects p1_0 
    where
        p1_0.id=?"
2026-05-21T01:44:01.176+03:00 level=DEBUG app=workhub corr=na method=na path=na logger=org.hibernate.SQL msg="
    select
        t1_0.id,
        t1_0.created_at,
        t1_0.name,
        t1_0.plan,
        t1_0.status,
        t1_0.updated_at,
        t1_0.version 
    from
        tenants t1_0 
    where
        t1_0.id=?"
2026-05-21T01:44:01.284+03:00 level=DEBUG app=workhub corr=na method=na path=na logger=org.hibernate.SQL msg="
    select
        j1_0.id,
        j1_0.correlation_id,
        j1_0.created_at,
        j1_0.error_message,
        j1_0.project_id,
        j1_0.status,
        j1_0.tenant_id,
        j1_0.updated_at 
    from
        jobs j1_0 
    where
        j1_0.id=? 
        and j1_0.tenant_id=?"
2026-05-21T01:44:01.285+03:00 level=DEBUG app=workhub corr=na method=na path=na logger=org.hibernate.SQL msg="
    select
        p1_0.id,
        p1_0.created_at,
        p1_0.created_by_id,
        p1_0.description,
        p1_0.end_date,
        p1_0.name,
        p1_0.project_key,
        p1_0.start_date,
        p1_0.status,
        p1_0.tenant_id,
        p1_0.updated_at,
        p1_0.version 
    from
        projects p1_0 
    where
        p1_0.id=?"
2026-05-21T01:44:01.285+03:00 level=DEBUG app=workhub corr=na method=na path=na logger=org.hibernate.SQL msg="
    select
        t1_0.id,
        t1_0.created_at,
        t1_0.name,
        t1_0.plan,
        t1_0.status,
        t1_0.updated_at,
        t1_0.version 
    from
        tenants t1_0 
    where
        t1_0.id=?"
2026-05-21T01:44:01.393+03:00 level=DEBUG app=workhub corr=na method=na path=na logger=org.hibernate.SQL msg="
    select
        j1_0.id,
        j1_0.correlation_id,
        j1_0.created_at,
        j1_0.error_message,
        j1_0.project_id,
        j1_0.status,
        j1_0.tenant_id,
        j1_0.updated_at 
    from
        jobs j1_0 
    where
        j1_0.id=? 
        and j1_0.tenant_id=?"
2026-05-21T01:44:01.393+03:00 level=DEBUG app=workhub corr=na method=na path=na logger=org.hibernate.SQL msg="
    select
        p1_0.id,
        p1_0.created_at,
        p1_0.created_by_id,
        p1_0.description,
        p1_0.end_date,
        p1_0.name,
        p1_0.project_key,
        p1_0.start_date,
        p1_0.status,
        p1_0.tenant_id,
        p1_0.updated_at,
        p1_0.version 
    from
        projects p1_0 
    where
        p1_0.id=?"
2026-05-21T01:44:01.394+03:00 level=DEBUG app=workhub corr=na method=na path=na logger=org.hibernate.SQL msg="
    select
        t1_0.id,
        t1_0.created_at,
        t1_0.name,
        t1_0.plan,
        t1_0.status,
        t1_0.updated_at,
        t1_0.version 
    from
        tenants t1_0 
    where
        t1_0.id=?"
2026-05-21T01:44:01.503+03:00 level=DEBUG app=workhub corr=na method=na path=na logger=org.hibernate.SQL msg="
    select
        j1_0.id,
        j1_0.correlation_id,
        j1_0.created_at,
        j1_0.error_message,
        j1_0.project_id,
        j1_0.status,
        j1_0.tenant_id,
        j1_0.updated_at 
    from
        jobs j1_0 
    where
        j1_0.id=? 
        and j1_0.tenant_id=?"
2026-05-21T01:44:01.503+03:00 level=DEBUG app=workhub corr=na method=na path=na logger=org.hibernate.SQL msg="
    select
        p1_0.id,
        p1_0.created_at,
        p1_0.created_by_id,
        p1_0.description,
        p1_0.end_date,
        p1_0.name,
        p1_0.project_key,
        p1_0.start_date,
        p1_0.status,
        p1_0.tenant_id,
        p1_0.updated_at,
        p1_0.version 
    from
        projects p1_0 
    where
        p1_0.id=?"
2026-05-21T01:44:01.504+03:00 level=DEBUG app=workhub corr=na method=na path=na logger=org.hibernate.SQL msg="
    select
        t1_0.id,
        t1_0.created_at,
        t1_0.name,
        t1_0.plan,
        t1_0.status,
        t1_0.updated_at,
        t1_0.version 
    from
        tenants t1_0 
    where
        t1_0.id=?"
2026-05-21T01:44:01.612+03:00 level=DEBUG app=workhub corr=na method=na path=na logger=org.hibernate.SQL msg="
    select
        j1_0.id,
        j1_0.correlation_id,
        j1_0.created_at,
        j1_0.error_message,
        j1_0.project_id,
        j1_0.status,
        j1_0.tenant_id,
        j1_0.updated_at 
    from
        jobs j1_0 
    where
        j1_0.id=? 
        and j1_0.tenant_id=?"
2026-05-21T01:44:01.612+03:00 level=DEBUG app=workhub corr=na method=na path=na logger=org.hibernate.SQL msg="
    select
        p1_0.id,
        p1_0.created_at,
        p1_0.created_by_id,
        p1_0.description,
        p1_0.end_date,
        p1_0.name,
        p1_0.project_key,
        p1_0.start_date,
        p1_0.status,
        p1_0.tenant_id,
        p1_0.updated_at,
        p1_0.version 
    from
        projects p1_0 
    where
        p1_0.id=?"
2026-05-21T01:44:01.613+03:00 level=DEBUG app=workhub corr=na method=na path=na logger=org.hibernate.SQL msg="
    select
        t1_0.id,
        t1_0.created_at,
        t1_0.name,
        t1_0.plan,
        t1_0.status,
        t1_0.updated_at,
        t1_0.version 
    from
        tenants t1_0 
    where
        t1_0.id=?"
2026-05-21T01:44:01.721+03:00 level=DEBUG app=workhub corr=na method=na path=na logger=org.hibernate.SQL msg="
    select
        j1_0.id,
        j1_0.correlation_id,
        j1_0.created_at,
        j1_0.error_message,
        j1_0.project_id,
        j1_0.status,
        j1_0.tenant_id,
        j1_0.updated_at 
    from
        jobs j1_0 
    where
        j1_0.id=? 
        and j1_0.tenant_id=?"
2026-05-21T01:44:01.721+03:00 level=DEBUG app=workhub corr=na method=na path=na logger=org.hibernate.SQL msg="
    select
        p1_0.id,
        p1_0.created_at,
        p1_0.created_by_id,
        p1_0.description,
        p1_0.end_date,
        p1_0.name,
        p1_0.project_key,
        p1_0.start_date,
        p1_0.status,
        p1_0.tenant_id,
        p1_0.updated_at,
        p1_0.version 
    from
        projects p1_0 
    where
        p1_0.id=?"
2026-05-21T01:44:01.722+03:00 level=DEBUG app=workhub corr=na method=na path=na logger=org.hibernate.SQL msg="
    select
        t1_0.id,
        t1_0.created_at,
        t1_0.name,
        t1_0.plan,
        t1_0.status,
        t1_0.updated_at,
        t1_0.version 
    from
        tenants t1_0 
    where
        t1_0.id=?"
2026-05-21T01:44:01.830+03:00 level=DEBUG app=workhub corr=na method=na path=na logger=org.hibernate.SQL msg="
    select
        j1_0.id,
        j1_0.correlation_id,
        j1_0.created_at,
        j1_0.error_message,
        j1_0.project_id,
        j1_0.status,
        j1_0.tenant_id,
        j1_0.updated_at 
    from
        jobs j1_0 
    where
        j1_0.id=? 
        and j1_0.tenant_id=?"
2026-05-21T01:44:01.830+03:00 level=DEBUG app=workhub corr=na method=na path=na logger=org.hibernate.SQL msg="
    select
        p1_0.id,
        p1_0.created_at,
        p1_0.created_by_id,
        p1_0.description,
        p1_0.end_date,
        p1_0.name,
        p1_0.project_key,
        p1_0.start_date,
        p1_0.status,
        p1_0.tenant_id,
        p1_0.updated_at,
        p1_0.version 
    from
        projects p1_0 
    where
        p1_0.id=?"
2026-05-21T01:44:01.830+03:00 level=DEBUG app=workhub corr=na method=na path=na logger=org.hibernate.SQL msg="
    select
        t1_0.id,
        t1_0.created_at,
        t1_0.name,
        t1_0.plan,
        t1_0.status,
        t1_0.updated_at,
        t1_0.version 
    from
        tenants t1_0 
    where
        t1_0.id=?"
2026-05-21T01:44:01.938+03:00 level=DEBUG app=workhub corr=na method=na path=na logger=org.hibernate.SQL msg="
    select
        j1_0.id,
        j1_0.correlation_id,
        j1_0.created_at,
        j1_0.error_message,
        j1_0.project_id,
        j1_0.status,
        j1_0.tenant_id,
        j1_0.updated_at 
    from
        jobs j1_0 
    where
        j1_0.id=? 
        and j1_0.tenant_id=?"
2026-05-21T01:44:01.938+03:00 level=DEBUG app=workhub corr=na method=na path=na logger=org.hibernate.SQL msg="
    select
        p1_0.id,
        p1_0.created_at,
        p1_0.created_by_id,
        p1_0.description,
        p1_0.end_date,
        p1_0.name,
        p1_0.project_key,
        p1_0.start_date,
        p1_0.status,
        p1_0.tenant_id,
        p1_0.updated_at,
        p1_0.version 
    from
        projects p1_0 
    where
        p1_0.id=?"
2026-05-21T01:44:01.938+03:00 level=DEBUG app=workhub corr=na method=na path=na logger=org.hibernate.SQL msg="
    select
        t1_0.id,
        t1_0.created_at,
        t1_0.name,
        t1_0.plan,
        t1_0.status,
        t1_0.updated_at,
        t1_0.version 
    from
        tenants t1_0 
    where
        t1_0.id=?"
2026-05-21T01:44:02.048+03:00 level=DEBUG app=workhub corr=na method=na path=na logger=org.hibernate.SQL msg="
    select
        j1_0.id,
        j1_0.correlation_id,
        j1_0.created_at,
        j1_0.error_message,
        j1_0.project_id,
        j1_0.status,
        j1_0.tenant_id,
        j1_0.updated_at 
    from
        jobs j1_0 
    where
        j1_0.id=? 
        and j1_0.tenant_id=?"
2026-05-21T01:44:02.049+03:00 level=DEBUG app=workhub corr=na method=na path=na logger=org.hibernate.SQL msg="
    select
        p1_0.id,
        p1_0.created_at,
        p1_0.created_by_id,
        p1_0.description,
        p1_0.end_date,
        p1_0.name,
        p1_0.project_key,
        p1_0.start_date,
        p1_0.status,
        p1_0.tenant_id,
        p1_0.updated_at,
        p1_0.version 
    from
        projects p1_0 
    where
        p1_0.id=?"
2026-05-21T01:44:02.049+03:00 level=DEBUG app=workhub corr=na method=na path=na logger=org.hibernate.SQL msg="
    select
        t1_0.id,
        t1_0.created_at,
        t1_0.name,
        t1_0.plan,
        t1_0.status,
        t1_0.updated_at,
        t1_0.version 
    from
        tenants t1_0 
    where
        t1_0.id=?"
2026-05-21T01:44:02.155+03:00 level=DEBUG app=workhub corr=na method=na path=na logger=org.hibernate.SQL msg="
    select
        j1_0.id,
        j1_0.correlation_id,
        j1_0.created_at,
        j1_0.error_message,
        j1_0.project_id,
        j1_0.status,
        j1_0.tenant_id,
        j1_0.updated_at 
    from
        jobs j1_0 
    where
        j1_0.id=? 
        and j1_0.tenant_id=?"
2026-05-21T01:44:02.155+03:00 level=DEBUG app=workhub corr=na method=na path=na logger=org.hibernate.SQL msg="
    select
        p1_0.id,
        p1_0.created_at,
        p1_0.created_by_id,
        p1_0.description,
        p1_0.end_date,
        p1_0.name,
        p1_0.project_key,
        p1_0.start_date,
        p1_0.status,
        p1_0.tenant_id,
        p1_0.updated_at,
        p1_0.version 
    from
        projects p1_0 
    where
        p1_0.id=?"
2026-05-21T01:44:02.156+03:00 level=DEBUG app=workhub corr=na method=na path=na logger=org.hibernate.SQL msg="
    select
        t1_0.id,
        t1_0.created_at,
        t1_0.name,
        t1_0.plan,
        t1_0.status,
        t1_0.updated_at,
        t1_0.version 
    from
        tenants t1_0 
    where
        t1_0.id=?"
2026-05-21T01:44:02.264+03:00 level=DEBUG app=workhub corr=na method=na path=na logger=org.hibernate.SQL msg="
    select
        j1_0.id,
        j1_0.correlation_id,
        j1_0.created_at,
        j1_0.error_message,
        j1_0.project_id,
        j1_0.status,
        j1_0.tenant_id,
        j1_0.updated_at 
    from
        jobs j1_0 
    where
        j1_0.id=? 
        and j1_0.tenant_id=?"
2026-05-21T01:44:02.264+03:00 level=DEBUG app=workhub corr=na method=na path=na logger=org.hibernate.SQL msg="
    select
        p1_0.id,
        p1_0.created_at,
        p1_0.created_by_id,
        p1_0.description,
        p1_0.end_date,
        p1_0.name,
        p1_0.project_key,
        p1_0.start_date,
        p1_0.status,
        p1_0.tenant_id,
        p1_0.updated_at,
        p1_0.version 
    from
        projects p1_0 
    where
        p1_0.id=?"
2026-05-21T01:44:02.265+03:00 level=DEBUG app=workhub corr=na method=na path=na logger=org.hibernate.SQL msg="
    select
        t1_0.id,
        t1_0.created_at,
        t1_0.name,
        t1_0.plan,
        t1_0.status,
        t1_0.updated_at,
        t1_0.version 
    from
        tenants t1_0 
    where
        t1_0.id=?"
2026-05-21T01:44:02.373+03:00 level=DEBUG app=workhub corr=na method=na path=na logger=org.hibernate.SQL msg="
    select
        j1_0.id,
        j1_0.correlation_id,
        j1_0.created_at,
        j1_0.error_message,
        j1_0.project_id,
        j1_0.status,
        j1_0.tenant_id,
        j1_0.updated_at 
    from
        jobs j1_0 
    where
        j1_0.id=? 
        and j1_0.tenant_id=?"
2026-05-21T01:44:02.373+03:00 level=DEBUG app=workhub corr=na method=na path=na logger=org.hibernate.SQL msg="
    select
        p1_0.id,
        p1_0.created_at,
        p1_0.created_by_id,
        p1_0.description,
        p1_0.end_date,
        p1_0.name,
        p1_0.project_key,
        p1_0.start_date,
        p1_0.status,
        p1_0.tenant_id,
        p1_0.updated_at,
        p1_0.version 
    from
        projects p1_0 
    where
        p1_0.id=?"
2026-05-21T01:44:02.374+03:00 level=DEBUG app=workhub corr=na method=na path=na logger=org.hibernate.SQL msg="
    select
        t1_0.id,
        t1_0.created_at,
        t1_0.name,
        t1_0.plan,
        t1_0.status,
        t1_0.updated_at,
        t1_0.version 
    from
        tenants t1_0 
    where
        t1_0.id=?"
2026-05-21T01:44:02.482+03:00 level=DEBUG app=workhub corr=na method=na path=na logger=org.hibernate.SQL msg="
    select
        j1_0.id,
        j1_0.correlation_id,
        j1_0.created_at,
        j1_0.error_message,
        j1_0.project_id,
        j1_0.status,
        j1_0.tenant_id,
        j1_0.updated_at 
    from
        jobs j1_0 
    where
        j1_0.id=? 
        and j1_0.tenant_id=?"
2026-05-21T01:44:02.483+03:00 level=DEBUG app=workhub corr=na method=na path=na logger=org.hibernate.SQL msg="
    select
        p1_0.id,
        p1_0.created_at,
        p1_0.created_by_id,
        p1_0.description,
        p1_0.end_date,
        p1_0.name,
        p1_0.project_key,
        p1_0.start_date,
        p1_0.status,
        p1_0.tenant_id,
        p1_0.updated_at,
        p1_0.version 
    from
        projects p1_0 
    where
        p1_0.id=?"
2026-05-21T01:44:02.483+03:00 level=DEBUG app=workhub corr=na method=na path=na logger=org.hibernate.SQL msg="
    select
        t1_0.id,
        t1_0.created_at,
        t1_0.name,
        t1_0.plan,
        t1_0.status,
        t1_0.updated_at,
        t1_0.version 
    from
        tenants t1_0 
    where
        t1_0.id=?"
2026-05-21T01:44:02.591+03:00 level=DEBUG app=workhub corr=na method=na path=na logger=org.hibernate.SQL msg="
    select
        j1_0.id,
        j1_0.correlation_id,
        j1_0.created_at,
        j1_0.error_message,
        j1_0.project_id,
        j1_0.status,
        j1_0.tenant_id,
        j1_0.updated_at 
    from
        jobs j1_0 
    where
        j1_0.id=? 
        and j1_0.tenant_id=?"
2026-05-21T01:44:02.591+03:00 level=DEBUG app=workhub corr=na method=na path=na logger=org.hibernate.SQL msg="
    select
        p1_0.id,
        p1_0.created_at,
        p1_0.created_by_id,
        p1_0.description,
        p1_0.end_date,
        p1_0.name,
        p1_0.project_key,
        p1_0.start_date,
        p1_0.status,
        p1_0.tenant_id,
        p1_0.updated_at,
        p1_0.version 
    from
        projects p1_0 
    where
        p1_0.id=?"
2026-05-21T01:44:02.592+03:00 level=DEBUG app=workhub corr=na method=na path=na logger=org.hibernate.SQL msg="
    select
        t1_0.id,
        t1_0.created_at,
        t1_0.name,
        t1_0.plan,
        t1_0.status,
        t1_0.updated_at,
        t1_0.version 
    from
        tenants t1_0 
    where
        t1_0.id=?"
2026-05-21T01:44:02.700+03:00 level=DEBUG app=workhub corr=na method=na path=na logger=org.hibernate.SQL msg="
    select
        j1_0.id,
        j1_0.correlation_id,
        j1_0.created_at,
        j1_0.error_message,
        j1_0.project_id,
        j1_0.status,
        j1_0.tenant_id,
        j1_0.updated_at 
    from
        jobs j1_0 
    where
        j1_0.id=? 
        and j1_0.tenant_id=?"
2026-05-21T01:44:02.700+03:00 level=DEBUG app=workhub corr=na method=na path=na logger=org.hibernate.SQL msg="
    select
        p1_0.id,
        p1_0.created_at,
        p1_0.created_by_id,
        p1_0.description,
        p1_0.end_date,
        p1_0.name,
        p1_0.project_key,
        p1_0.start_date,
        p1_0.status,
        p1_0.tenant_id,
        p1_0.updated_at,
        p1_0.version 
    from
        projects p1_0 
    where
        p1_0.id=?"
2026-05-21T01:44:02.701+03:00 level=DEBUG app=workhub corr=na method=na path=na logger=org.hibernate.SQL msg="
    select
        t1_0.id,
        t1_0.created_at,
        t1_0.name,
        t1_0.plan,
        t1_0.status,
        t1_0.updated_at,
        t1_0.version 
    from
        tenants t1_0 
    where
        t1_0.id=?"
2026-05-21T01:44:02.810+03:00 level=DEBUG app=workhub corr=na method=na path=na logger=org.hibernate.SQL msg="
    select
        j1_0.id,
        j1_0.correlation_id,
        j1_0.created_at,
        j1_0.error_message,
        j1_0.project_id,
        j1_0.status,
        j1_0.tenant_id,
        j1_0.updated_at 
    from
        jobs j1_0 
    where
        j1_0.id=? 
        and j1_0.tenant_id=?"
2026-05-21T01:44:02.810+03:00 level=DEBUG app=workhub corr=na method=na path=na logger=org.hibernate.SQL msg="
    select
        p1_0.id,
        p1_0.created_at,
        p1_0.created_by_id,
        p1_0.description,
        p1_0.end_date,
        p1_0.name,
        p1_0.project_key,
        p1_0.start_date,
        p1_0.status,
        p1_0.tenant_id,
        p1_0.updated_at,
        p1_0.version 
    from
        projects p1_0 
    where
        p1_0.id=?"
2026-05-21T01:44:02.810+03:00 level=DEBUG app=workhub corr=na method=na path=na logger=org.hibernate.SQL msg="
    select
        t1_0.id,
        t1_0.created_at,
        t1_0.name,
        t1_0.plan,
        t1_0.status,
        t1_0.updated_at,
        t1_0.version 
    from
        tenants t1_0 
    where
        t1_0.id=?"
2026-05-21T01:44:02.919+03:00 level=DEBUG app=workhub corr=na method=na path=na logger=org.hibernate.SQL msg="
    select
        j1_0.id,
        j1_0.correlation_id,
        j1_0.created_at,
        j1_0.error_message,
        j1_0.project_id,
        j1_0.status,
        j1_0.tenant_id,
        j1_0.updated_at 
    from
        jobs j1_0 
    where
        j1_0.id=? 
        and j1_0.tenant_id=?"
2026-05-21T01:44:02.919+03:00 level=DEBUG app=workhub corr=na method=na path=na logger=org.hibernate.SQL msg="
    select
        p1_0.id,
        p1_0.created_at,
        p1_0.created_by_id,
        p1_0.description,
        p1_0.end_date,
        p1_0.name,
        p1_0.project_key,
        p1_0.start_date,
        p1_0.status,
        p1_0.tenant_id,
        p1_0.updated_at,
        p1_0.version 
    from
        projects p1_0 
    where
        p1_0.id=?"
2026-05-21T01:44:02.919+03:00 level=DEBUG app=workhub corr=na method=na path=na logger=org.hibernate.SQL msg="
    select
        t1_0.id,
        t1_0.created_at,
        t1_0.name,
        t1_0.plan,
        t1_0.status,
        t1_0.updated_at,
        t1_0.version 
    from
        tenants t1_0 
    where
        t1_0.id=?"
2026-05-21T01:44:03.025+03:00 level=DEBUG app=workhub corr=na method=na path=na logger=org.hibernate.SQL msg="
    select
        j1_0.id,
        j1_0.correlation_id,
        j1_0.created_at,
        j1_0.error_message,
        j1_0.project_id,
        j1_0.status,
        j1_0.tenant_id,
        j1_0.updated_at 
    from
        jobs j1_0 
    where
        j1_0.id=? 
        and j1_0.tenant_id=?"
2026-05-21T01:44:03.025+03:00 level=DEBUG app=workhub corr=na method=na path=na logger=org.hibernate.SQL msg="
    select
        p1_0.id,
        p1_0.created_at,
        p1_0.created_by_id,
        p1_0.description,
        p1_0.end_date,
        p1_0.name,
        p1_0.project_key,
        p1_0.start_date,
        p1_0.status,
        p1_0.tenant_id,
        p1_0.updated_at,
        p1_0.version 
    from
        projects p1_0 
    where
        p1_0.id=?"
2026-05-21T01:44:03.025+03:00 level=DEBUG app=workhub corr=na method=na path=na logger=org.hibernate.SQL msg="
    select
        t1_0.id,
        t1_0.created_at,
        t1_0.name,
        t1_0.plan,
        t1_0.status,
        t1_0.updated_at,
        t1_0.version 
    from
        tenants t1_0 
    where
        t1_0.id=?"
2026-05-21T01:44:03.133+03:00 level=DEBUG app=workhub corr=na method=na path=na logger=org.hibernate.SQL msg="
    select
        j1_0.id,
        j1_0.correlation_id,
        j1_0.created_at,
        j1_0.error_message,
        j1_0.project_id,
        j1_0.status,
        j1_0.tenant_id,
        j1_0.updated_at 
    from
        jobs j1_0 
    where
        j1_0.id=? 
        and j1_0.tenant_id=?"
2026-05-21T01:44:03.133+03:00 level=DEBUG app=workhub corr=na method=na path=na logger=org.hibernate.SQL msg="
    select
        p1_0.id,
        p1_0.created_at,
        p1_0.created_by_id,
        p1_0.description,
        p1_0.end_date,
        p1_0.name,
        p1_0.project_key,
        p1_0.start_date,
        p1_0.status,
        p1_0.tenant_id,
        p1_0.updated_at,
        p1_0.version 
    from
        projects p1_0 
    where
        p1_0.id=?"
2026-05-21T01:44:03.133+03:00 level=DEBUG app=workhub corr=na method=na path=na logger=org.hibernate.SQL msg="
    select
        t1_0.id,
        t1_0.created_at,
        t1_0.name,
        t1_0.plan,
        t1_0.status,
        t1_0.updated_at,
        t1_0.version 
    from
        tenants t1_0 
    where
        t1_0.id=?"
2026-05-21T01:44:03.240+03:00 level=DEBUG app=workhub corr=na method=na path=na logger=org.hibernate.SQL msg="
    select
        j1_0.id,
        j1_0.correlation_id,
        j1_0.created_at,
        j1_0.error_message,
        j1_0.project_id,
        j1_0.status,
        j1_0.tenant_id,
        j1_0.updated_at 
    from
        jobs j1_0 
    where
        j1_0.id=? 
        and j1_0.tenant_id=?"
2026-05-21T01:44:03.240+03:00 level=DEBUG app=workhub corr=na method=na path=na logger=org.hibernate.SQL msg="
    select
        p1_0.id,
        p1_0.created_at,
        p1_0.created_by_id,
        p1_0.description,
        p1_0.end_date,
        p1_0.name,
        p1_0.project_key,
        p1_0.start_date,
        p1_0.status,
        p1_0.tenant_id,
        p1_0.updated_at,
        p1_0.version 
    from
        projects p1_0 
    where
        p1_0.id=?"
2026-05-21T01:44:03.240+03:00 level=DEBUG app=workhub corr=na method=na path=na logger=org.hibernate.SQL msg="
    select
        t1_0.id,
        t1_0.created_at,
        t1_0.name,
        t1_0.plan,
        t1_0.status,
        t1_0.updated_at,
        t1_0.version 
    from
        tenants t1_0 
    where
        t1_0.id=?"
2026-05-21T01:44:03.350+03:00 level=DEBUG app=workhub corr=na method=na path=na logger=org.hibernate.SQL msg="
    select
        j1_0.id,
        j1_0.correlation_id,
        j1_0.created_at,
        j1_0.error_message,
        j1_0.project_id,
        j1_0.status,
        j1_0.tenant_id,
        j1_0.updated_at 
    from
        jobs j1_0 
    where
        j1_0.id=? 
        and j1_0.tenant_id=?"
2026-05-21T01:44:03.350+03:00 level=DEBUG app=workhub corr=na method=na path=na logger=org.hibernate.SQL msg="
    select
        p1_0.id,
        p1_0.created_at,
        p1_0.created_by_id,
        p1_0.description,
        p1_0.end_date,
        p1_0.name,
        p1_0.project_key,
        p1_0.start_date,
        p1_0.status,
        p1_0.tenant_id,
        p1_0.updated_at,
        p1_0.version 
    from
        projects p1_0 
    where
        p1_0.id=?"
2026-05-21T01:44:03.350+03:00 level=DEBUG app=workhub corr=na method=na path=na logger=org.hibernate.SQL msg="
    select
        t1_0.id,
        t1_0.created_at,
        t1_0.name,
        t1_0.plan,
        t1_0.status,
        t1_0.updated_at,
        t1_0.version 
    from
        tenants t1_0 
    where
        t1_0.id=?"
2026-05-21T01:44:03.458+03:00 level=DEBUG app=workhub corr=na method=na path=na logger=org.hibernate.SQL msg="
    select
        j1_0.id,
        j1_0.correlation_id,
        j1_0.created_at,
        j1_0.error_message,
        j1_0.project_id,
        j1_0.status,
        j1_0.tenant_id,
        j1_0.updated_at 
    from
        jobs j1_0 
    where
        j1_0.id=? 
        and j1_0.tenant_id=?"
2026-05-21T01:44:03.458+03:00 level=DEBUG app=workhub corr=na method=na path=na logger=org.hibernate.SQL msg="
    select
        p1_0.id,
        p1_0.created_at,
        p1_0.created_by_id,
        p1_0.description,
        p1_0.end_date,
        p1_0.name,
        p1_0.project_key,
        p1_0.start_date,
        p1_0.status,
        p1_0.tenant_id,
        p1_0.updated_at,
        p1_0.version 
    from
        projects p1_0 
    where
        p1_0.id=?"
2026-05-21T01:44:03.459+03:00 level=DEBUG app=workhub corr=na method=na path=na logger=org.hibernate.SQL msg="
    select
        t1_0.id,
        t1_0.created_at,
        t1_0.name,
        t1_0.plan,
        t1_0.status,
        t1_0.updated_at,
        t1_0.version 
    from
        tenants t1_0 
    where
        t1_0.id=?"
2026-05-21T01:44:03.565+03:00 level=DEBUG app=workhub corr=na method=na path=na logger=org.hibernate.SQL msg="
    select
        j1_0.id,
        j1_0.correlation_id,
        j1_0.created_at,
        j1_0.error_message,
        j1_0.project_id,
        j1_0.status,
        j1_0.tenant_id,
        j1_0.updated_at 
    from
        jobs j1_0 
    where
        j1_0.id=? 
        and j1_0.tenant_id=?"
2026-05-21T01:44:03.566+03:00 level=DEBUG app=workhub corr=na method=na path=na logger=org.hibernate.SQL msg="
    select
        p1_0.id,
        p1_0.created_at,
        p1_0.created_by_id,
        p1_0.description,
        p1_0.end_date,
        p1_0.name,
        p1_0.project_key,
        p1_0.start_date,
        p1_0.status,
        p1_0.tenant_id,
        p1_0.updated_at,
        p1_0.version 
    from
        projects p1_0 
    where
        p1_0.id=?"
2026-05-21T01:44:03.566+03:00 level=DEBUG app=workhub corr=na method=na path=na logger=org.hibernate.SQL msg="
    select
        t1_0.id,
        t1_0.created_at,
        t1_0.name,
        t1_0.plan,
        t1_0.status,
        t1_0.updated_at,
        t1_0.version 
    from
        tenants t1_0 
    where
        t1_0.id=?"
2026-05-21T01:44:03.673+03:00 level=DEBUG app=workhub corr=na method=na path=na logger=org.hibernate.SQL msg="
    select
        j1_0.id,
        j1_0.correlation_id,
        j1_0.created_at,
        j1_0.error_message,
        j1_0.project_id,
        j1_0.status,
        j1_0.tenant_id,
        j1_0.updated_at 
    from
        jobs j1_0 
    where
        j1_0.id=? 
        and j1_0.tenant_id=?"
2026-05-21T01:44:03.674+03:00 level=DEBUG app=workhub corr=na method=na path=na logger=org.hibernate.SQL msg="
    select
        p1_0.id,
        p1_0.created_at,
        p1_0.created_by_id,
        p1_0.description,
        p1_0.end_date,
        p1_0.name,
        p1_0.project_key,
        p1_0.start_date,
        p1_0.status,
        p1_0.tenant_id,
        p1_0.updated_at,
        p1_0.version 
    from
        projects p1_0 
    where
        p1_0.id=?"
2026-05-21T01:44:03.674+03:00 level=DEBUG app=workhub corr=na method=na path=na logger=org.hibernate.SQL msg="
    select
        t1_0.id,
        t1_0.created_at,
        t1_0.name,
        t1_0.plan,
        t1_0.status,
        t1_0.updated_at,
        t1_0.version 
    from
        tenants t1_0 
    where
        t1_0.id=?"
2026-05-21T01:44:03.782+03:00 level=DEBUG app=workhub corr=na method=na path=na logger=org.hibernate.SQL msg="
    select
        j1_0.id,
        j1_0.correlation_id,
        j1_0.created_at,
        j1_0.error_message,
        j1_0.project_id,
        j1_0.status,
        j1_0.tenant_id,
        j1_0.updated_at 
    from
        jobs j1_0 
    where
        j1_0.id=? 
        and j1_0.tenant_id=?"
2026-05-21T01:44:03.783+03:00 level=DEBUG app=workhub corr=na method=na path=na logger=org.hibernate.SQL msg="
    select
        p1_0.id,
        p1_0.created_at,
        p1_0.created_by_id,
        p1_0.description,
        p1_0.end_date,
        p1_0.name,
        p1_0.project_key,
        p1_0.start_date,
        p1_0.status,
        p1_0.tenant_id,
        p1_0.updated_at,
        p1_0.version 
    from
        projects p1_0 
    where
        p1_0.id=?"
2026-05-21T01:44:03.783+03:00 level=DEBUG app=workhub corr=na method=na path=na logger=org.hibernate.SQL msg="
    select
        t1_0.id,
        t1_0.created_at,
        t1_0.name,
        t1_0.plan,
        t1_0.status,
        t1_0.updated_at,
        t1_0.version 
    from
        tenants t1_0 
    where
        t1_0.id=?"
2026-05-21T01:44:03.890+03:00 level=DEBUG app=workhub corr=na method=na path=na logger=org.hibernate.SQL msg="
    select
        j1_0.id,
        j1_0.correlation_id,
        j1_0.created_at,
        j1_0.error_message,
        j1_0.project_id,
        j1_0.status,
        j1_0.tenant_id,
        j1_0.updated_at 
    from
        jobs j1_0 
    where
        j1_0.id=? 
        and j1_0.tenant_id=?"
2026-05-21T01:44:03.890+03:00 level=DEBUG app=workhub corr=na method=na path=na logger=org.hibernate.SQL msg="
    select
        p1_0.id,
        p1_0.created_at,
        p1_0.created_by_id,
        p1_0.description,
        p1_0.end_date,
        p1_0.name,
        p1_0.project_key,
        p1_0.start_date,
        p1_0.status,
        p1_0.tenant_id,
        p1_0.updated_at,
        p1_0.version 
    from
        projects p1_0 
    where
        p1_0.id=?"
2026-05-21T01:44:03.890+03:00 level=DEBUG app=workhub corr=na method=na path=na logger=org.hibernate.SQL msg="
    select
        t1_0.id,
        t1_0.created_at,
        t1_0.name,
        t1_0.plan,
        t1_0.status,
        t1_0.updated_at,
        t1_0.version 
    from
        tenants t1_0 
    where
        t1_0.id=?"
2026-05-21T01:44:04.000+03:00 level=DEBUG app=workhub corr=na method=na path=na logger=org.hibernate.SQL msg="
    select
        j1_0.id,
        j1_0.correlation_id,
        j1_0.created_at,
        j1_0.error_message,
        j1_0.project_id,
        j1_0.status,
        j1_0.tenant_id,
        j1_0.updated_at 
    from
        jobs j1_0 
    where
        j1_0.id=? 
        and j1_0.tenant_id=?"
2026-05-21T01:44:04.000+03:00 level=DEBUG app=workhub corr=na method=na path=na logger=org.hibernate.SQL msg="
    select
        p1_0.id,
        p1_0.created_at,
        p1_0.created_by_id,
        p1_0.description,
        p1_0.end_date,
        p1_0.name,
        p1_0.project_key,
        p1_0.start_date,
        p1_0.status,
        p1_0.tenant_id,
        p1_0.updated_at,
        p1_0.version 
    from
        projects p1_0 
    where
        p1_0.id=?"
2026-05-21T01:44:04.001+03:00 level=DEBUG app=workhub corr=na method=na path=na logger=org.hibernate.SQL msg="
    select
        t1_0.id,
        t1_0.created_at,
        t1_0.name,
        t1_0.plan,
        t1_0.status,
        t1_0.updated_at,
        t1_0.version 
    from
        tenants t1_0 
    where
        t1_0.id=?"

MockHttpServletRequest:
      HTTP Method = POST
      Request URI = /api/auth/login
       Parameters = {}
          Headers = [Content-Type:"application/json;charset=UTF-8", Content-Length:"65"]
             Body = {
  "email": "phase2.admin@demo.com",
  "password": "admin123"
}

    Session Attrs = {}

Handler:
             Type = com.workhub.controller.AuthController
           Method = com.workhub.controller.AuthController#login(LoginRequest)

Async:
    Async started = false
     Async result = null

Resolved Exception:
             Type = null

ModelAndView:
        View name = null
             View = null
            Model = null

FlashMap:
       Attributes = null

MockHttpServletResponse:
           Status = 200
    Error message = null
          Headers = [X-Correlation-Id:"60826156-c11f-43e9-bd69-2ae5a4e80a2f", Content-Type:"application/json", X-Content-Type-Options:"nosniff", X-XSS-Protection:"0", Cache-Control:"no-cache, no-store, max-age=0, must-revalidate", Pragma:"no-cache", Expires:"0", X-Frame-Options:"DENY"]
     Content type = application/json
             Body = {"token":"eyJhbGciOiJIUzI1NiJ9.eyJyb2xlIjoiVEVOQU5UX0FETUlOIiwidGVuYW50SWQiOjIsInVzZXJJZCI6Mywic3ViIjoicGhhc2UyLmFkbWluQGRlbW8uY29tIiwiaWF0IjoxNzc5MzE3MDMzLCJleHAiOjE3Nzk0MDM0MzN9.0wsH6TGomq9C1d9AtDd45wfSd_FfSox1BcLE3pXzDZM","type":"Bearer","userId":3,"email":"phase2.admin@demo.com","tenantId":2,"role":"TENANT_ADMIN","expiresIn":86400000}
    Forwarded URL = null
   Redirected URL = null
          Cookies = []

MockHttpServletRequest:
      HTTP Method = POST
      Request URI = /api/auth/login
       Parameters = {}
          Headers = [Content-Type:"application/json;charset=UTF-8", Content-Length:"63"]
             Body = {
  "email": "phase2.user@demo.com",
  "password": "user123"
}

    Session Attrs = {}

Handler:
             Type = com.workhub.controller.AuthController
           Method = com.workhub.controller.AuthController#login(LoginRequest)

Async:
    Async started = false
     Async result = null

Resolved Exception:
             Type = null

ModelAndView:
        View name = null
             View = null
            Model = null

FlashMap:
       Attributes = null

MockHttpServletResponse:
           Status = 200
    Error message = null
          Headers = [X-Correlation-Id:"5bbc75aa-f9bd-4303-8314-e702a82a4235", Content-Type:"application/json", X-Content-Type-Options:"nosniff", X-XSS-Protection:"0", Cache-Control:"no-cache, no-store, max-age=0, must-revalidate", Pragma:"no-cache", Expires:"0", X-Frame-Options:"DENY"]
     Content type = application/json
             Body = {"token":"eyJhbGciOiJIUzI1NiJ9.eyJyb2xlIjoiVEVOQU5UX1VTRVIiLCJ0ZW5hbnRJZCI6MiwidXNlcklkIjo0LCJzdWIiOiJwaGFzZTIudXNlckBkZW1vLmNvbSIsImlhdCI6MTc3OTMxNzAzMywiZXhwIjoxNzc5NDAzNDMzfQ.duvBJWemQ3VRkiQtnAj4ginabZmIeOLjDYklpMVfNkw","type":"Bearer","userId":4,"email":"phase2.user@demo.com","tenantId":2,"role":"TENANT_USER","expiresIn":86400000}
    Forwarded URL = null
   Redirected URL = null
          Cookies = []

MockHttpServletRequest:
      HTTP Method = POST
      Request URI = /api/auth/login
       Parameters = {}
          Headers = [Content-Type:"application/json;charset=UTF-8", Content-Length:"58"]
             Body = {
  "email": "admin@demo.com",
  "password": "admin123"
}

    Session Attrs = {}

Handler:
             Type = com.workhub.controller.AuthController
           Method = com.workhub.controller.AuthController#login(LoginRequest)

Async:
    Async started = false
     Async result = null

Resolved Exception:
             Type = null

ModelAndView:
        View name = null
             View = null
            Model = null

FlashMap:
       Attributes = null

MockHttpServletResponse:
           Status = 200
    Error message = null
          Headers = [X-Correlation-Id:"7abb582f-12ea-4857-a3c8-effba02afe91", Content-Type:"application/json", X-Content-Type-Options:"nosniff", X-XSS-Protection:"0", Cache-Control:"no-cache, no-store, max-age=0, must-revalidate", Pragma:"no-cache", Expires:"0", X-Frame-Options:"DENY"]
     Content type = application/json
             Body = {"token":"eyJhbGciOiJIUzI1NiJ9.eyJyb2xlIjoiVEVOQU5UX0FETUlOIiwidGVuYW50SWQiOjEsInVzZXJJZCI6MSwic3ViIjoiYWRtaW5AZGVtby5jb20iLCJpYXQiOjE3NzkzMTcwMzQsImV4cCI6MTc3OTQwMzQzNH0.VQ3EfsL_33mE1X3X1p91QSdH7sLpy8WHyx36dUFYKv8","type":"Bearer","userId":1,"email":"admin@demo.com","tenantId":1,"role":"TENANT_ADMIN","expiresIn":86400000}
    Forwarded URL = null
   Redirected URL = null
          Cookies = []

MockHttpServletRequest:
      HTTP Method = POST
      Request URI = /api/projects/1/generate-report
       Parameters = {}
          Headers = [Authorization:"Bearer eyJhbGciOiJIUzI1NiJ9.eyJyb2xlIjoiVEVOQU5UX0FETUlOIiwidGVuYW50SWQiOjEsInVzZXJJZCI6MSwic3ViIjoiYWRtaW5AZGVtby5jb20iLCJpYXQiOjE3NzkzMTcwMzQsImV4cCI6MTc3OTQwMzQzNH0.VQ3EfsL_33mE1X3X1p91QSdH7sLpy8WHyx36dUFYKv8"]
             Body = null
    Session Attrs = {}

Handler:
             Type = com.workhub.controller.ProjectController
           Method = com.workhub.controller.ProjectController#generateReport(Long)

Async:
    Async started = false
     Async result = null

Resolved Exception:
             Type = null

ModelAndView:
        View name = null
             View = null
            Model = null

FlashMap:
       Attributes = null

MockHttpServletResponse:
           Status = 202
    Error message = null
          Headers = [X-Correlation-Id:"a49938b9-acc8-4225-a94c-4cca621fc409", Content-Type:"application/json", X-Content-Type-Options:"nosniff", X-XSS-Protection:"0", Cache-Control:"no-cache, no-store, max-age=0, must-revalidate", Pragma:"no-cache", Expires:"0", X-Frame-Options:"DENY"]
     Content type = application/json
             Body = {"id":6,"tenantId":1,"projectId":1,"status":"PENDING","createdAt":"2026-05-21T01:43:54.038136","updatedAt":"2026-05-21T01:43:54.038136","correlationId":"a49938b9-acc8-4225-a94c-4cca621fc409","errorMessage":null}
    Forwarded URL = null
   Redirected URL = null
          Cookies = []
2026-05-21T01:44:04.115+03:00 level=DEBUG app=workhub corr=na method=na path=na logger=org.hibernate.SQL msg="
    select
        pm1_0.id,
        pm1_0.attempt_count,
        pm1_0.correlation_id,
        pm1_0.event_id,
        pm1_0.first_received_at,
        pm1_0.job_id,
        pm1_0.last_error,
        pm1_0.processed_at,
        pm1_0.project_id,
        pm1_0.status,
        pm1_0.tenant_id,
        pm1_0.updated_at,
        pm1_0.version 
    from
        processed_messages pm1_0"
2026-05-21T01:44:04.117+03:00 level=DEBUG app=workhub corr=na method=na path=na logger=org.hibernate.SQL msg="
    select
        j1_0.id,
        j1_0.correlation_id,
        j1_0.created_at,
        j1_0.error_message,
        j1_0.project_id,
        j1_0.status,
        j1_0.tenant_id,
        j1_0.updated_at 
    from
        jobs j1_0"
2026-05-21T01:44:04.118+03:00 level=DEBUG app=workhub corr=na method=na path=na logger=org.hibernate.SQL msg="
    select
        p1_0.id,
        p1_0.created_at,
        p1_0.created_by_id,
        p1_0.description,
        p1_0.end_date,
        p1_0.name,
        p1_0.project_key,
        p1_0.start_date,
        p1_0.status,
        p1_0.tenant_id,
        p1_0.updated_at,
        p1_0.version 
    from
        projects p1_0 
    where
        p1_0.id=?"
2026-05-21T01:44:04.118+03:00 level=DEBUG app=workhub corr=na method=na path=na logger=org.hibernate.SQL msg="
    select
        t1_0.id,
        t1_0.created_at,
        t1_0.name,
        t1_0.plan,
        t1_0.status,
        t1_0.updated_at,
        t1_0.version 
    from
        tenants t1_0 
    where
        t1_0.id=?"
2026-05-21T01:44:04.120+03:00 level=DEBUG app=workhub corr=na method=na path=na logger=org.hibernate.SQL msg="
    delete 
    from
        jobs 
    where
        id=?"
2026-05-21T01:44:04.120+03:00 level=DEBUG app=workhub corr=na method=na path=na logger=org.hibernate.SQL msg="
    select
        t1_0.id,
        t1_0.created_at,
        t1_0.name,
        t1_0.plan,
        t1_0.status,
        t1_0.updated_at,
        t1_0.version 
    from
        tenants t1_0 
    where
        t1_0.id=?"
2026-05-21T01:44:04.121+03:00 level=DEBUG app=workhub corr=na method=na path=na logger=org.hibernate.SQL msg="
    select
        u1_0.id,
        u1_0.created_at,
        u1_0.email,
        u1_0.first_name,
        u1_0.last_login_at,
        u1_0.last_name,
        u1_0.password,
        u1_0.role,
        u1_0.status,
        u1_0.tenant_id,
        u1_0.updated_at,
        u1_0.version 
    from
        users u1_0 
    where
        u1_0.email=?"
2026-05-21T01:44:04.123+03:00 level=DEBUG app=workhub corr=na method=na path=na logger=org.hibernate.SQL msg="
    select
        p1_0.id,
        p1_0.created_at,
        p1_0.created_by_id,
        p1_0.description,
        p1_0.end_date,
        p1_0.name,
        p1_0.project_key,
        p1_0.start_date,
        p1_0.status,
        p1_0.tenant_id,
        p1_0.updated_at,
        p1_0.version 
    from
        projects p1_0 
    where
        p1_0.tenant_id=? 
        and p1_0.project_key=?"
2026-05-21T01:44:04.125+03:00 level=DEBUG app=workhub corr=na method=na path=na logger=org.hibernate.SQL msg="
    select
        t1_0.id,
        t1_0.actual_hours,
        t1_0.assigned_to_id,
        t1_0.completed_at,
        t1_0.created_at,
        t1_0.description,
        t1_0.due_date,
        t1_0.estimated_hours,
        t1_0.priority,
        t1_0.project_id,
        t1_0.status,
        t1_0.tenant_id,
        t1_0.title,
        t1_0.updated_at,
        t1_0.version 
    from
        tasks t1_0 
    where
        t1_0.tenant_id=? 
        and lower(t1_0.title) like lower(('%'||?||'%')) escape ''"
2026-05-21T01:44:04.126+03:00 level=DEBUG app=workhub corr=na method=na path=na logger=org.hibernate.SQL msg="
    select
        t1_0.id,
        t1_0.created_at,
        t1_0.name,
        t1_0.plan,
        t1_0.status,
        t1_0.updated_at,
        t1_0.version 
    from
        tenants t1_0 
    where
        upper(t1_0.name)=upper(?)"
2026-05-21T01:44:04.128+03:00 level=DEBUG app=workhub corr=na method=na path=na logger=org.hibernate.SQL msg="
    select
        u1_0.id,
        u1_0.created_at,
        u1_0.email,
        u1_0.first_name,
        u1_0.last_login_at,
        u1_0.last_name,
        u1_0.password,
        u1_0.role,
        u1_0.status,
        u1_0.tenant_id,
        u1_0.updated_at,
        u1_0.version 
    from
        users u1_0 
    where
        u1_0.email=?"
2026-05-21T01:44:04.129+03:00 level=DEBUG app=workhub corr=na method=na path=na logger=org.hibernate.SQL msg="
    select
        u1_0.id,
        u1_0.created_at,
        u1_0.email,
        u1_0.first_name,
        u1_0.last_login_at,
        u1_0.last_name,
        u1_0.password,
        u1_0.role,
        u1_0.status,
        u1_0.tenant_id,
        u1_0.updated_at,
        u1_0.version 
    from
        users u1_0 
    where
        u1_0.email=?"
2026-05-21T01:44:04.129+03:00 level=DEBUG app=workhub corr=na method=na path=na logger=org.hibernate.SQL msg="
    select
        p1_0.id,
        p1_0.created_at,
        p1_0.created_by_id,
        p1_0.description,
        p1_0.end_date,
        p1_0.name,
        p1_0.project_key,
        p1_0.start_date,
        p1_0.status,
        p1_0.tenant_id,
        p1_0.updated_at,
        p1_0.version 
    from
        projects p1_0 
    where
        p1_0.tenant_id=? 
        and p1_0.project_key=?"
2026-05-21T01:44:04.129+03:00 level=INFO  app=workhub corr=7d2a51b4-b166-4eba-9a3d-742dc590fd14 method=POST path=/api/auth/login logger=c.w.security.RequestTracingFilter msg="request-start"
2026-05-21T01:44:04.129+03:00 level=DEBUG app=workhub corr=7d2a51b4-b166-4eba-9a3d-742dc590fd14 method=POST path=/api/auth/login logger=o.s.security.web.FilterChainProxy msg="Securing POST /api/auth/login"
2026-05-21T01:44:04.129+03:00 level=DEBUG app=workhub corr=7d2a51b4-b166-4eba-9a3d-742dc590fd14 method=POST path=/api/auth/login logger=o.s.s.w.a.AnonymousAuthenticationFilter msg="Set SecurityContextHolder to anonymous SecurityContext"
2026-05-21T01:44:04.130+03:00 level=DEBUG app=workhub corr=7d2a51b4-b166-4eba-9a3d-742dc590fd14 method=POST path=/api/auth/login logger=o.s.security.web.FilterChainProxy msg="Secured POST /api/auth/login"
2026-05-21T01:44:04.131+03:00 level=INFO  app=workhub corr=7d2a51b4-b166-4eba-9a3d-742dc590fd14 method=POST path=/api/auth/login logger=c.workhub.controller.AuthController msg="Login attempt for email: phase2.admin@demo.com"
2026-05-21T01:44:04.132+03:00 level=DEBUG app=workhub corr=7d2a51b4-b166-4eba-9a3d-742dc590fd14 method=POST path=/api/auth/login logger=org.hibernate.SQL msg="
    select
        u1_0.id,
        u1_0.created_at,
        u1_0.email,
        u1_0.first_name,
        u1_0.last_login_at,
        u1_0.last_name,
        u1_0.password,
        u1_0.role,
        u1_0.status,
        u1_0.tenant_id,
        u1_0.updated_at,
        u1_0.version 
    from
        users u1_0 
    where
        u1_0.email=?"
2026-05-21T01:44:04.195+03:00 level=DEBUG app=workhub corr=7d2a51b4-b166-4eba-9a3d-742dc590fd14 method=POST path=/api/auth/login logger=o.s.s.a.d.DaoAuthenticationProvider msg="Authenticated user"
2026-05-21T01:44:04.196+03:00 level=DEBUG app=workhub corr=7d2a51b4-b166-4eba-9a3d-742dc590fd14 method=POST path=/api/auth/login logger=org.hibernate.SQL msg="
    select
        u1_0.id,
        u1_0.created_at,
        u1_0.email,
        u1_0.first_name,
        u1_0.last_login_at,
        u1_0.last_name,
        u1_0.password,
        u1_0.role,
        u1_0.status,
        u1_0.tenant_id,
        u1_0.updated_at,
        u1_0.version 
    from
        users u1_0 
    where
        u1_0.id=? 
        and u1_0.tenant_id=?"
2026-05-21T01:44:04.197+03:00 level=DEBUG app=workhub corr=7d2a51b4-b166-4eba-9a3d-742dc590fd14 method=POST path=/api/auth/login logger=org.hibernate.SQL msg="
    update
        users 
    set
        email=?,
        first_name=?,
        last_login_at=?,
        last_name=?,
        password=?,
        role=?,
        status=?,
        tenant_id=?,
        updated_at=?,
        version=? 
    where
        id=? 
        and version=?"
2026-05-21T01:44:04.199+03:00 level=INFO  app=workhub corr=7d2a51b4-b166-4eba-9a3d-742dc590fd14 method=POST path=/api/auth/login logger=c.workhub.controller.AuthController msg="Login successful for user: phase2.admin@demo.com (tenant: 2)"
2026-05-21T01:44:04.199+03:00 level=INFO  app=workhub corr=7d2a51b4-b166-4eba-9a3d-742dc590fd14 method=POST path=/api/auth/login logger=c.w.security.RequestTracingFilter msg="request-end status=200 durationMs=69"
2026-05-21T01:44:04.200+03:00 level=INFO  app=workhub corr=6ded80b9-e882-4227-8e74-634829c2f287 method=POST path=/api/auth/login logger=c.w.security.RequestTracingFilter msg="request-start"
2026-05-21T01:44:04.201+03:00 level=DEBUG app=workhub corr=6ded80b9-e882-4227-8e74-634829c2f287 method=POST path=/api/auth/login logger=o.s.security.web.FilterChainProxy msg="Securing POST /api/auth/login"
2026-05-21T01:44:04.201+03:00 level=DEBUG app=workhub corr=6ded80b9-e882-4227-8e74-634829c2f287 method=POST path=/api/auth/login logger=o.s.s.w.a.AnonymousAuthenticationFilter msg="Set SecurityContextHolder to anonymous SecurityContext"
2026-05-21T01:44:04.202+03:00 level=DEBUG app=workhub corr=6ded80b9-e882-4227-8e74-634829c2f287 method=POST path=/api/auth/login logger=o.s.security.web.FilterChainProxy msg="Secured POST /api/auth/login"
2026-05-21T01:44:04.203+03:00 level=INFO  app=workhub corr=6ded80b9-e882-4227-8e74-634829c2f287 method=POST path=/api/auth/login logger=c.workhub.controller.AuthController msg="Login attempt for email: phase2.user@demo.com"
2026-05-21T01:44:04.204+03:00 level=DEBUG app=workhub corr=6ded80b9-e882-4227-8e74-634829c2f287 method=POST path=/api/auth/login logger=org.hibernate.SQL msg="
    select
        u1_0.id,
        u1_0.created_at,
        u1_0.email,
        u1_0.first_name,
        u1_0.last_login_at,
        u1_0.last_name,
        u1_0.password,
        u1_0.role,
        u1_0.status,
        u1_0.tenant_id,
        u1_0.updated_at,
        u1_0.version 
    from
        users u1_0 
    where
        u1_0.email=?"
2026-05-21T01:44:04.266+03:00 level=DEBUG app=workhub corr=6ded80b9-e882-4227-8e74-634829c2f287 method=POST path=/api/auth/login logger=o.s.s.a.d.DaoAuthenticationProvider msg="Authenticated user"
2026-05-21T01:44:04.266+03:00 level=DEBUG app=workhub corr=6ded80b9-e882-4227-8e74-634829c2f287 method=POST path=/api/auth/login logger=org.hibernate.SQL msg="
    select
        u1_0.id,
        u1_0.created_at,
        u1_0.email,
        u1_0.first_name,
        u1_0.last_login_at,
        u1_0.last_name,
        u1_0.password,
        u1_0.role,
        u1_0.status,
        u1_0.tenant_id,
        u1_0.updated_at,
        u1_0.version 
    from
        users u1_0 
    where
        u1_0.id=? 
        and u1_0.tenant_id=?"
2026-05-21T01:44:04.268+03:00 level=DEBUG app=workhub corr=6ded80b9-e882-4227-8e74-634829c2f287 method=POST path=/api/auth/login logger=org.hibernate.SQL msg="
    update
        users 
    set
        email=?,
        first_name=?,
        last_login_at=?,
        last_name=?,
        password=?,
        role=?,
        status=?,
        tenant_id=?,
        updated_at=?,
        version=? 
    where
        id=? 
        and version=?"
2026-05-21T01:44:04.270+03:00 level=INFO  app=workhub corr=6ded80b9-e882-4227-8e74-634829c2f287 method=POST path=/api/auth/login logger=c.workhub.controller.AuthController msg="Login successful for user: phase2.user@demo.com (tenant: 2)"
2026-05-21T01:44:04.271+03:00 level=INFO  app=workhub corr=6ded80b9-e882-4227-8e74-634829c2f287 method=POST path=/api/auth/login logger=c.w.security.RequestTracingFilter msg="request-end status=200 durationMs=70"
2026-05-21T01:44:04.272+03:00 level=INFO  app=workhub corr=edd907a8-1c53-4b40-aa37-7dd3ae819615 method=POST path=/api/auth/login logger=c.w.security.RequestTracingFilter msg="request-start"
2026-05-21T01:44:04.272+03:00 level=DEBUG app=workhub corr=edd907a8-1c53-4b40-aa37-7dd3ae819615 method=POST path=/api/auth/login logger=o.s.security.web.FilterChainProxy msg="Securing POST /api/auth/login"
2026-05-21T01:44:04.273+03:00 level=DEBUG app=workhub corr=edd907a8-1c53-4b40-aa37-7dd3ae819615 method=POST path=/api/auth/login logger=o.s.s.w.a.AnonymousAuthenticationFilter msg="Set SecurityContextHolder to anonymous SecurityContext"
2026-05-21T01:44:04.273+03:00 level=DEBUG app=workhub corr=edd907a8-1c53-4b40-aa37-7dd3ae819615 method=POST path=/api/auth/login logger=o.s.security.web.FilterChainProxy msg="Secured POST /api/auth/login"
2026-05-21T01:44:04.273+03:00 level=INFO  app=workhub corr=edd907a8-1c53-4b40-aa37-7dd3ae819615 method=POST path=/api/auth/login logger=c.workhub.controller.AuthController msg="Login attempt for email: admin@demo.com"
2026-05-21T01:44:04.274+03:00 level=DEBUG app=workhub corr=edd907a8-1c53-4b40-aa37-7dd3ae819615 method=POST path=/api/auth/login logger=org.hibernate.SQL msg="
    select
        u1_0.id,
        u1_0.created_at,
        u1_0.email,
        u1_0.first_name,
        u1_0.last_login_at,
        u1_0.last_name,
        u1_0.password,
        u1_0.role,
        u1_0.status,
        u1_0.tenant_id,
        u1_0.updated_at,
        u1_0.version 
    from
        users u1_0 
    where
        u1_0.email=?"
2026-05-21T01:44:04.334+03:00 level=DEBUG app=workhub corr=edd907a8-1c53-4b40-aa37-7dd3ae819615 method=POST path=/api/auth/login logger=o.s.s.a.d.DaoAuthenticationProvider msg="Authenticated user"
2026-05-21T01:44:04.335+03:00 level=DEBUG app=workhub corr=edd907a8-1c53-4b40-aa37-7dd3ae819615 method=POST path=/api/auth/login logger=org.hibernate.SQL msg="
    select
        u1_0.id,
        u1_0.created_at,
        u1_0.email,
        u1_0.first_name,
        u1_0.last_login_at,
        u1_0.last_name,
        u1_0.password,
        u1_0.role,
        u1_0.status,
        u1_0.tenant_id,
        u1_0.updated_at,
        u1_0.version 
    from
        users u1_0 
    where
        u1_0.id=? 
        and u1_0.tenant_id=?"
2026-05-21T01:44:04.336+03:00 level=DEBUG app=workhub corr=edd907a8-1c53-4b40-aa37-7dd3ae819615 method=POST path=/api/auth/login logger=org.hibernate.SQL msg="
    update
        users 
    set
        email=?,
        first_name=?,
        last_login_at=?,
        last_name=?,
        password=?,
        role=?,
        status=?,
        tenant_id=?,
        updated_at=?,
        version=? 
    where
        id=? 
        and version=?"
2026-05-21T01:44:04.338+03:00 level=INFO  app=workhub corr=edd907a8-1c53-4b40-aa37-7dd3ae819615 method=POST path=/api/auth/login logger=c.workhub.controller.AuthController msg="Login successful for user: admin@demo.com (tenant: 1)"
2026-05-21T01:44:04.338+03:00 level=INFO  app=workhub corr=edd907a8-1c53-4b40-aa37-7dd3ae819615 method=POST path=/api/auth/login logger=c.w.security.RequestTracingFilter msg="request-end status=200 durationMs=66"
2026-05-21T01:44:04.340+03:00 level=INFO  app=workhub corr=efeb869a-ada5-4136-8c17-2a17b75ab598 method=POST path=/api/projects logger=c.w.security.RequestTracingFilter msg="request-start"
2026-05-21T01:44:04.340+03:00 level=DEBUG app=workhub corr=efeb869a-ada5-4136-8c17-2a17b75ab598 method=POST path=/api/projects logger=o.s.security.web.FilterChainProxy msg="Securing POST /api/projects"
2026-05-21T01:44:04.344+03:00 level=WARN  app=workhub corr=efeb869a-ada5-4136-8c17-2a17b75ab598 method=POST path=/api/projects logger=c.w.security.JwtAuthenticationFilter msg="Cannot set user authentication: Malformed JWT JSON: ?{?'"
2026-05-21T01:44:04.344+03:00 level=DEBUG app=workhub corr=efeb869a-ada5-4136-8c17-2a17b75ab598 method=POST path=/api/projects logger=o.s.s.w.a.AnonymousAuthenticationFilter msg="Set SecurityContextHolder to anonymous SecurityContext"
2026-05-21T01:44:04.345+03:00 level=INFO  app=workhub corr=efeb869a-ada5-4136-8c17-2a17b75ab598 method=POST path=/api/projects logger=c.w.security.RequestTracingFilter msg="request-end status=401 durationMs=5"
2026-05-21T01:44:04.351+03:00 level=DEBUG app=workhub corr=na method=na path=na logger=org.hibernate.SQL msg="
    select
        pm1_0.id,
        pm1_0.attempt_count,
        pm1_0.correlation_id,
        pm1_0.event_id,
        pm1_0.first_received_at,
        pm1_0.job_id,
        pm1_0.last_error,
        pm1_0.processed_at,
        pm1_0.project_id,
        pm1_0.status,
        pm1_0.tenant_id,
        pm1_0.updated_at,
        pm1_0.version 
    from
        processed_messages pm1_0"
2026-05-21T01:44:04.351+03:00 level=DEBUG app=workhub corr=na method=na path=na logger=org.hibernate.SQL msg="
    select
        j1_0.id,
        j1_0.correlation_id,
        j1_0.created_at,
        j1_0.error_message,
        j1_0.project_id,
        j1_0.status,
        j1_0.tenant_id,
        j1_0.updated_at 
    from
        jobs j1_0"
2026-05-21T01:44:04.352+03:00 level=DEBUG app=workhub corr=na method=na path=na logger=org.hibernate.SQL msg="
    select
        t1_0.id,
        t1_0.created_at,
        t1_0.name,
        t1_0.plan,
        t1_0.status,
        t1_0.updated_at,
        t1_0.version 
    from
        tenants t1_0 
    where
        t1_0.id=?"
2026-05-21T01:44:04.354+03:00 level=DEBUG app=workhub corr=na method=na path=na logger=org.hibernate.SQL msg="
    select
        u1_0.id,
        u1_0.created_at,
        u1_0.email,
        u1_0.first_name,
        u1_0.last_login_at,
        u1_0.last_name,
        u1_0.password,
        u1_0.role,
        u1_0.status,
        u1_0.tenant_id,
        u1_0.updated_at,
        u1_0.version 
    from
        users u1_0 
    where
        u1_0.email=?"
2026-05-21T01:44:04.355+03:00 level=DEBUG app=workhub corr=na method=na path=na logger=org.hibernate.SQL msg="
    select
        p1_0.id,
        p1_0.created_at,
        p1_0.created_by_id,
        p1_0.description,
        p1_0.end_date,
        p1_0.name,
        p1_0.project_key,
        p1_0.start_date,
        p1_0.status,
        p1_0.tenant_id,
        p1_0.updated_at,
        p1_0.version 
    from
        projects p1_0 
    where
        p1_0.tenant_id=? 
        and p1_0.project_key=?"
2026-05-21T01:44:04.356+03:00 level=DEBUG app=workhub corr=na method=na path=na logger=org.hibernate.SQL msg="
    select
        t1_0.id,
        t1_0.actual_hours,
        t1_0.assigned_to_id,
        t1_0.completed_at,
        t1_0.created_at,
        t1_0.description,
        t1_0.due_date,
        t1_0.estimated_hours,
        t1_0.priority,
        t1_0.project_id,
        t1_0.status,
        t1_0.tenant_id,
        t1_0.title,
        t1_0.updated_at,
        t1_0.version 
    from
        tasks t1_0 
    where
        t1_0.tenant_id=? 
        and lower(t1_0.title) like lower(('%'||?||'%')) escape ''"
2026-05-21T01:44:04.358+03:00 level=DEBUG app=workhub corr=na method=na path=na logger=org.hibernate.SQL msg="
    select
        t1_0.id,
        t1_0.created_at,
        t1_0.name,
        t1_0.plan,
        t1_0.status,
        t1_0.updated_at,
        t1_0.version 
    from
        tenants t1_0 
    where
        upper(t1_0.name)=upper(?)"
2026-05-21T01:44:04.359+03:00 level=DEBUG app=workhub corr=na method=na path=na logger=org.hibernate.SQL msg="
    select
        u1_0.id,
        u1_0.created_at,
        u1_0.email,
        u1_0.first_name,
        u1_0.last_login_at,
        u1_0.last_name,
        u1_0.password,
        u1_0.role,
        u1_0.status,
        u1_0.tenant_id,
        u1_0.updated_at,
        u1_0.version 
    from
        users u1_0 
    where
        u1_0.email=?"
2026-05-21T01:44:04.360+03:00 level=DEBUG app=workhub corr=na method=na path=na logger=org.hibernate.SQL msg="
    select
        u1_0.id,
        u1_0.created_at,
        u1_0.email,
        u1_0.first_name,
        u1_0.last_login_at,
        u1_0.last_name,
        u1_0.password,
        u1_0.role,
        u1_0.status,
        u1_0.tenant_id,
        u1_0.updated_at,
        u1_0.version 
    from
        users u1_0 
    where
        u1_0.email=?"
2026-05-21T01:44:04.361+03:00 level=DEBUG app=workhub corr=na method=na path=na logger=org.hibernate.SQL msg="
    select
        p1_0.id,
        p1_0.created_at,
        p1_0.created_by_id,
        p1_0.description,
        p1_0.end_date,
        p1_0.name,
        p1_0.project_key,
        p1_0.start_date,
        p1_0.status,
        p1_0.tenant_id,
        p1_0.updated_at,
        p1_0.version 
    from
        projects p1_0 
    where
        p1_0.tenant_id=? 
        and p1_0.project_key=?"
2026-05-21T01:44:04.362+03:00 level=INFO  app=workhub corr=c1a9e6d3-a648-4bc9-a189-f813664cc327 method=POST path=/api/auth/login logger=c.w.security.RequestTracingFilter msg="request-start"
2026-05-21T01:44:04.362+03:00 level=DEBUG app=workhub corr=c1a9e6d3-a648-4bc9-a189-f813664cc327 method=POST path=/api/auth/login logger=o.s.security.web.FilterChainProxy msg="Securing POST /api/auth/login"
2026-05-21T01:44:04.363+03:00 level=DEBUG app=workhub corr=c1a9e6d3-a648-4bc9-a189-f813664cc327 method=POST path=/api/auth/login logger=o.s.s.w.a.AnonymousAuthenticationFilter msg="Set SecurityContextHolder to anonymous SecurityContext"
2026-05-21T01:44:04.363+03:00 level=DEBUG app=workhub corr=c1a9e6d3-a648-4bc9-a189-f813664cc327 method=POST path=/api/auth/login logger=o.s.security.web.FilterChainProxy msg="Secured POST /api/auth/login"
2026-05-21T01:44:04.363+03:00 level=INFO  app=workhub corr=c1a9e6d3-a648-4bc9-a189-f813664cc327 method=POST path=/api/auth/login logger=c.workhub.controller.AuthController msg="Login attempt for email: phase2.admin@demo.com"
2026-05-21T01:44:04.364+03:00 level=DEBUG app=workhub corr=c1a9e6d3-a648-4bc9-a189-f813664cc327 method=POST path=/api/auth/login logger=org.hibernate.SQL msg="
    select
        u1_0.id,
        u1_0.created_at,
        u1_0.email,
        u1_0.first_name,
        u1_0.last_login_at,
        u1_0.last_name,
        u1_0.password,
        u1_0.role,
        u1_0.status,
        u1_0.tenant_id,
        u1_0.updated_at,
        u1_0.version 
    from
        users u1_0 
    where
        u1_0.email=?"
2026-05-21T01:44:04.427+03:00 level=DEBUG app=workhub corr=c1a9e6d3-a648-4bc9-a189-f813664cc327 method=POST path=/api/auth/login logger=o.s.s.a.d.DaoAuthenticationProvider msg="Authenticated user"
2026-05-21T01:44:04.427+03:00 level=DEBUG app=workhub corr=c1a9e6d3-a648-4bc9-a189-f813664cc327 method=POST path=/api/auth/login logger=org.hibernate.SQL msg="
    select
        u1_0.id,
        u1_0.created_at,
        u1_0.email,
        u1_0.first_name,
        u1_0.last_login_at,
        u1_0.last_name,
        u1_0.password,
        u1_0.role,
        u1_0.status,
        u1_0.tenant_id,
        u1_0.updated_at,
        u1_0.version 
    from
        users u1_0 
    where
        u1_0.id=? 
        and u1_0.tenant_id=?"
2026-05-21T01:44:04.429+03:00 level=DEBUG app=workhub corr=c1a9e6d3-a648-4bc9-a189-f813664cc327 method=POST path=/api/auth/login logger=org.hibernate.SQL msg="
    update
        users 
    set
        email=?,
        first_name=?,
        last_login_at=?,
        last_name=?,
        password=?,
        role=?,
        status=?,
        tenant_id=?,
        updated_at=?,
        version=? 
    where
        id=? 
        and version=?"
2026-05-21T01:44:04.431+03:00 level=INFO  app=workhub corr=c1a9e6d3-a648-4bc9-a189-f813664cc327 method=POST path=/api/auth/login logger=c.workhub.controller.AuthController msg="Login successful for user: phase2.admin@demo.com (tenant: 2)"
2026-05-21T01:44:04.432+03:00 level=INFO  app=workhub corr=c1a9e6d3-a648-4bc9-a189-f813664cc327 method=POST path=/api/auth/login logger=c.w.security.RequestTracingFilter msg="request-end status=200 durationMs=70"
2026-05-21T01:44:04.433+03:00 level=INFO  app=workhub corr=d0efaa18-c4a4-4b73-b1d0-e831a04afe29 method=POST path=/api/auth/login logger=c.w.security.RequestTracingFilter msg="request-start"
2026-05-21T01:44:04.433+03:00 level=DEBUG app=workhub corr=d0efaa18-c4a4-4b73-b1d0-e831a04afe29 method=POST path=/api/auth/login logger=o.s.security.web.FilterChainProxy msg="Securing POST /api/auth/login"
2026-05-21T01:44:04.433+03:00 level=DEBUG app=workhub corr=d0efaa18-c4a4-4b73-b1d0-e831a04afe29 method=POST path=/api/auth/login logger=o.s.s.w.a.AnonymousAuthenticationFilter msg="Set SecurityContextHolder to anonymous SecurityContext"
2026-05-21T01:44:04.433+03:00 level=DEBUG app=workhub corr=d0efaa18-c4a4-4b73-b1d0-e831a04afe29 method=POST path=/api/auth/login logger=o.s.security.web.FilterChainProxy msg="Secured POST /api/auth/login"
2026-05-21T01:44:04.434+03:00 level=INFO  app=workhub corr=d0efaa18-c4a4-4b73-b1d0-e831a04afe29 method=POST path=/api/auth/login logger=c.workhub.controller.AuthController msg="Login attempt for email: phase2.user@demo.com"
2026-05-21T01:44:04.435+03:00 level=DEBUG app=workhub corr=d0efaa18-c4a4-4b73-b1d0-e831a04afe29 method=POST path=/api/auth/login logger=org.hibernate.SQL msg="
    select
        u1_0.id,
        u1_0.created_at,
        u1_0.email,
        u1_0.first_name,
        u1_0.last_login_at,
        u1_0.last_name,
        u1_0.password,
        u1_0.role,
        u1_0.status,
        u1_0.tenant_id,
        u1_0.updated_at,
        u1_0.version 
    from
        users u1_0 
    where
        u1_0.email=?"
2026-05-21T01:44:04.495+03:00 level=DEBUG app=workhub corr=d0efaa18-c4a4-4b73-b1d0-e831a04afe29 method=POST path=/api/auth/login logger=o.s.s.a.d.DaoAuthenticationProvider msg="Authenticated user"
2026-05-21T01:44:04.496+03:00 level=DEBUG app=workhub corr=d0efaa18-c4a4-4b73-b1d0-e831a04afe29 method=POST path=/api/auth/login logger=org.hibernate.SQL msg="
    select
        u1_0.id,
        u1_0.created_at,
        u1_0.email,
        u1_0.first_name,
        u1_0.last_login_at,
        u1_0.last_name,
        u1_0.password,
        u1_0.role,
        u1_0.status,
        u1_0.tenant_id,
        u1_0.updated_at,
        u1_0.version 
    from
        users u1_0 
    where
        u1_0.id=? 
        and u1_0.tenant_id=?"
2026-05-21T01:44:04.497+03:00 level=DEBUG app=workhub corr=d0efaa18-c4a4-4b73-b1d0-e831a04afe29 method=POST path=/api/auth/login logger=org.hibernate.SQL msg="
    update
        users 
    set
        email=?,
        first_name=?,
        last_login_at=?,
        last_name=?,
        password=?,
        role=?,
        status=?,
        tenant_id=?,
        updated_at=?,
        version=? 
    where
        id=? 
        and version=?"
2026-05-21T01:44:04.499+03:00 level=INFO  app=workhub corr=d0efaa18-c4a4-4b73-b1d0-e831a04afe29 method=POST path=/api/auth/login logger=c.workhub.controller.AuthController msg="Login successful for user: phase2.user@demo.com (tenant: 2)"
2026-05-21T01:44:04.500+03:00 level=INFO  app=workhub corr=d0efaa18-c4a4-4b73-b1d0-e831a04afe29 method=POST path=/api/auth/login logger=c.w.security.RequestTracingFilter msg="request-end status=200 durationMs=67"
2026-05-21T01:44:04.501+03:00 level=INFO  app=workhub corr=cadfec33-d0e8-4d6c-8444-bddfc3f7bc29 method=POST path=/api/auth/login logger=c.w.security.RequestTracingFilter msg="request-start"
2026-05-21T01:44:04.501+03:00 level=DEBUG app=workhub corr=cadfec33-d0e8-4d6c-8444-bddfc3f7bc29 method=POST path=/api/auth/login logger=o.s.security.web.FilterChainProxy msg="Securing POST /api/auth/login"
2026-05-21T01:44:04.502+03:00 level=DEBUG app=workhub corr=cadfec33-d0e8-4d6c-8444-bddfc3f7bc29 method=POST path=/api/auth/login logger=o.s.s.w.a.AnonymousAuthenticationFilter msg="Set SecurityContextHolder to anonymous SecurityContext"
2026-05-21T01:44:04.502+03:00 level=DEBUG app=workhub corr=cadfec33-d0e8-4d6c-8444-bddfc3f7bc29 method=POST path=/api/auth/login logger=o.s.security.web.FilterChainProxy msg="Secured POST /api/auth/login"
2026-05-21T01:44:04.502+03:00 level=INFO  app=workhub corr=cadfec33-d0e8-4d6c-8444-bddfc3f7bc29 method=POST path=/api/auth/login logger=c.workhub.controller.AuthController msg="Login attempt for email: admin@demo.com"
2026-05-21T01:44:04.503+03:00 level=DEBUG app=workhub corr=cadfec33-d0e8-4d6c-8444-bddfc3f7bc29 method=POST path=/api/auth/login logger=org.hibernate.SQL msg="
    select
        u1_0.id,
        u1_0.created_at,
        u1_0.email,
        u1_0.first_name,
        u1_0.last_login_at,
        u1_0.last_name,
        u1_0.password,
        u1_0.role,
        u1_0.status,
        u1_0.tenant_id,
        u1_0.updated_at,
        u1_0.version 
    from
        users u1_0 
    where
        u1_0.email=?"
2026-05-21T01:44:04.565+03:00 level=DEBUG app=workhub corr=cadfec33-d0e8-4d6c-8444-bddfc3f7bc29 method=POST path=/api/auth/login logger=o.s.s.a.d.DaoAuthenticationProvider msg="Authenticated user"
2026-05-21T01:44:04.566+03:00 level=DEBUG app=workhub corr=cadfec33-d0e8-4d6c-8444-bddfc3f7bc29 method=POST path=/api/auth/login logger=org.hibernate.SQL msg="
    select
        u1_0.id,
        u1_0.created_at,
        u1_0.email,
        u1_0.first_name,
        u1_0.last_login_at,
        u1_0.last_name,
        u1_0.password,
        u1_0.role,
        u1_0.status,
        u1_0.tenant_id,
        u1_0.updated_at,
        u1_0.version 
    from
        users u1_0 
    where
        u1_0.id=? 
        and u1_0.tenant_id=?"
2026-05-21T01:44:04.567+03:00 level=DEBUG app=workhub corr=cadfec33-d0e8-4d6c-8444-bddfc3f7bc29 method=POST path=/api/auth/login logger=org.hibernate.SQL msg="
    update
        users 
    set
        email=?,
        first_name=?,
        last_login_at=?,
        last_name=?,
        password=?,
        role=?,
        status=?,
        tenant_id=?,
        updated_at=?,
        version=? 
    where
        id=? 
        and version=?"
2026-05-21T01:44:04.569+03:00 level=INFO  app=workhub corr=cadfec33-d0e8-4d6c-8444-bddfc3f7bc29 method=POST path=/api/auth/login logger=c.workhub.controller.AuthController msg="Login successful for user: admin@demo.com (tenant: 1)"
2026-05-21T01:44:04.570+03:00 level=INFO  app=workhub corr=cadfec33-d0e8-4d6c-8444-bddfc3f7bc29 method=POST path=/api/auth/login logger=c.w.security.RequestTracingFilter msg="request-end status=200 durationMs=68"
2026-05-21T01:44:04.571+03:00 level=INFO  app=workhub corr=cb64524e-0c39-40c5-bf38-367212d9c1ce method=POST path=/api/projects logger=c.w.security.RequestTracingFilter msg="request-start"
2026-05-21T01:44:04.571+03:00 level=DEBUG app=workhub corr=cb64524e-0c39-40c5-bf38-367212d9c1ce method=POST path=/api/projects logger=o.s.security.web.FilterChainProxy msg="Securing POST /api/projects"
2026-05-21T01:44:04.575+03:00 level=DEBUG app=workhub corr=cb64524e-0c39-40c5-bf38-367212d9c1ce method=POST path=/api/projects logger=org.hibernate.SQL msg="
    select
        u1_0.id,
        u1_0.created_at,
        u1_0.email,
        u1_0.first_name,
        u1_0.last_login_at,
        u1_0.last_name,
        u1_0.password,
        u1_0.role,
        u1_0.status,
        u1_0.tenant_id,
        u1_0.updated_at,
        u1_0.version 
    from
        users u1_0 
    where
        u1_0.email=?"
2026-05-21T01:44:04.579+03:00 level=INFO  app=workhub corr=cb64524e-0c39-40c5-bf38-367212d9c1ce method=POST path=/api/projects logger=c.w.security.RequestTracingFilter msg="request-end status=403 durationMs=8"
2026-05-21T01:44:04.586+03:00 level=DEBUG app=workhub corr=na method=na path=na logger=org.hibernate.SQL msg="
    select
        pm1_0.id,
        pm1_0.attempt_count,
        pm1_0.correlation_id,
        pm1_0.event_id,
        pm1_0.first_received_at,
        pm1_0.job_id,
        pm1_0.last_error,
        pm1_0.processed_at,
        pm1_0.project_id,
        pm1_0.status,
        pm1_0.tenant_id,
        pm1_0.updated_at,
        pm1_0.version 
    from
        processed_messages pm1_0"
2026-05-21T01:44:04.587+03:00 level=DEBUG app=workhub corr=na method=na path=na logger=org.hibernate.SQL msg="
    select
        j1_0.id,
        j1_0.correlation_id,
        j1_0.created_at,
        j1_0.error_message,
        j1_0.project_id,
        j1_0.status,
        j1_0.tenant_id,
        j1_0.updated_at 
    from
        jobs j1_0"
2026-05-21T01:44:04.587+03:00 level=DEBUG app=workhub corr=na method=na path=na logger=org.hibernate.SQL msg="
    select
        t1_0.id,
        t1_0.created_at,
        t1_0.name,
        t1_0.plan,
        t1_0.status,
        t1_0.updated_at,
        t1_0.version 
    from
        tenants t1_0 
    where
        t1_0.id=?"
2026-05-21T01:44:04.588+03:00 level=DEBUG app=workhub corr=na method=na path=na logger=org.hibernate.SQL msg="
    select
        u1_0.id,
        u1_0.created_at,
        u1_0.email,
        u1_0.first_name,
        u1_0.last_login_at,
        u1_0.last_name,
        u1_0.password,
        u1_0.role,
        u1_0.status,
        u1_0.tenant_id,
        u1_0.updated_at,
        u1_0.version 
    from
        users u1_0 
    where
        u1_0.email=?"
2026-05-21T01:44:04.590+03:00 level=DEBUG app=workhub corr=na method=na path=na logger=org.hibernate.SQL msg="
    select
        p1_0.id,
        p1_0.created_at,
        p1_0.created_by_id,
        p1_0.description,
        p1_0.end_date,
        p1_0.name,
        p1_0.project_key,
        p1_0.start_date,
        p1_0.status,
        p1_0.tenant_id,
        p1_0.updated_at,
        p1_0.version 
    from
        projects p1_0 
    where
        p1_0.tenant_id=? 
        and p1_0.project_key=?"
2026-05-21T01:44:04.593+03:00 level=DEBUG app=workhub corr=na method=na path=na logger=org.hibernate.SQL msg="
    select
        t1_0.id,
        t1_0.actual_hours,
        t1_0.assigned_to_id,
        t1_0.completed_at,
        t1_0.created_at,
        t1_0.description,
        t1_0.due_date,
        t1_0.estimated_hours,
        t1_0.priority,
        t1_0.project_id,
        t1_0.status,
        t1_0.tenant_id,
        t1_0.title,
        t1_0.updated_at,
        t1_0.version 
    from
        tasks t1_0 
    where
        t1_0.tenant_id=? 
        and lower(t1_0.title) like lower(('%'||?||'%')) escape ''"
2026-05-21T01:44:04.595+03:00 level=DEBUG app=workhub corr=na method=na path=na logger=org.hibernate.SQL msg="
    select
        t1_0.id,
        t1_0.created_at,
        t1_0.name,
        t1_0.plan,
        t1_0.status,
        t1_0.updated_at,
        t1_0.version 
    from
        tenants t1_0 
    where
        upper(t1_0.name)=upper(?)"
2026-05-21T01:44:04.597+03:00 level=DEBUG app=workhub corr=na method=na path=na logger=org.hibernate.SQL msg="
    select
        u1_0.id,
        u1_0.created_at,
        u1_0.email,
        u1_0.first_name,
        u1_0.last_login_at,
        u1_0.last_name,
        u1_0.password,
        u1_0.role,
        u1_0.status,
        u1_0.tenant_id,
        u1_0.updated_at,
        u1_0.version 
    from
        users u1_0 
    where
        u1_0.email=?"
2026-05-21T01:44:04.599+03:00 level=DEBUG app=workhub corr=na method=na path=na logger=org.hibernate.SQL msg="
    select
        u1_0.id,
        u1_0.created_at,
        u1_0.email,
        u1_0.first_name,
        u1_0.last_login_at,
        u1_0.last_name,
        u1_0.password,
        u1_0.role,
        u1_0.status,
        u1_0.tenant_id,
        u1_0.updated_at,
        u1_0.version 
    from
        users u1_0 
    where
        u1_0.email=?"
2026-05-21T01:44:04.599+03:00 level=DEBUG app=workhub corr=na method=na path=na logger=org.hibernate.SQL msg="
    select
        p1_0.id,
        p1_0.created_at,
        p1_0.created_by_id,
        p1_0.description,
        p1_0.end_date,
        p1_0.name,
        p1_0.project_key,
        p1_0.start_date,
        p1_0.status,
        p1_0.tenant_id,
        p1_0.updated_at,
        p1_0.version 
    from
        projects p1_0 
    where
        p1_0.tenant_id=? 
        and p1_0.project_key=?"
2026-05-21T01:44:04.600+03:00 level=INFO  app=workhub corr=80e08186-9a9c-4e59-ada9-59bb35d2da20 method=POST path=/api/auth/login logger=c.w.security.RequestTracingFilter msg="request-start"
2026-05-21T01:44:04.600+03:00 level=DEBUG app=workhub corr=80e08186-9a9c-4e59-ada9-59bb35d2da20 method=POST path=/api/auth/login logger=o.s.security.web.FilterChainProxy msg="Securing POST /api/auth/login"
2026-05-21T01:44:04.600+03:00 level=DEBUG app=workhub corr=80e08186-9a9c-4e59-ada9-59bb35d2da20 method=POST path=/api/auth/login logger=o.s.s.w.a.AnonymousAuthenticationFilter msg="Set SecurityContextHolder to anonymous SecurityContext"
2026-05-21T01:44:04.601+03:00 level=DEBUG app=workhub corr=80e08186-9a9c-4e59-ada9-59bb35d2da20 method=POST path=/api/auth/login logger=o.s.security.web.FilterChainProxy msg="Secured POST /api/auth/login"
2026-05-21T01:44:04.602+03:00 level=INFO  app=workhub corr=80e08186-9a9c-4e59-ada9-59bb35d2da20 method=POST path=/api/auth/login logger=c.workhub.controller.AuthController msg="Login attempt for email: phase2.admin@demo.com"
2026-05-21T01:44:04.604+03:00 level=DEBUG app=workhub corr=80e08186-9a9c-4e59-ada9-59bb35d2da20 method=POST path=/api/auth/login logger=org.hibernate.SQL msg="
    select
        u1_0.id,
        u1_0.created_at,
        u1_0.email,
        u1_0.first_name,
        u1_0.last_login_at,
        u1_0.last_name,
        u1_0.password,
        u1_0.role,
        u1_0.status,
        u1_0.tenant_id,
        u1_0.updated_at,
        u1_0.version 
    from
        users u1_0 
    where
        u1_0.email=?"
2026-05-21T01:44:04.669+03:00 level=DEBUG app=workhub corr=80e08186-9a9c-4e59-ada9-59bb35d2da20 method=POST path=/api/auth/login logger=o.s.s.a.d.DaoAuthenticationProvider msg="Authenticated user"
2026-05-21T01:44:04.669+03:00 level=DEBUG app=workhub corr=80e08186-9a9c-4e59-ada9-59bb35d2da20 method=POST path=/api/auth/login logger=org.hibernate.SQL msg="
    select
        u1_0.id,
        u1_0.created_at,
        u1_0.email,
        u1_0.first_name,
        u1_0.last_login_at,
        u1_0.last_name,
        u1_0.password,
        u1_0.role,
        u1_0.status,
        u1_0.tenant_id,
        u1_0.updated_at,
        u1_0.version 
    from
        users u1_0 
    where
        u1_0.id=? 
        and u1_0.tenant_id=?"
2026-05-21T01:44:04.671+03:00 level=DEBUG app=workhub corr=80e08186-9a9c-4e59-ada9-59bb35d2da20 method=POST path=/api/auth/login logger=org.hibernate.SQL msg="
    update
        users 
    set
        email=?,
        first_name=?,
        last_login_at=?,
        last_name=?,
        password=?,
        role=?,
        status=?,
        tenant_id=?,
        updated_at=?,
        version=? 
    where
        id=? 
        and version=?"
2026-05-21T01:44:04.674+03:00 level=INFO  app=workhub corr=80e08186-9a9c-4e59-ada9-59bb35d2da20 method=POST path=/api/auth/login logger=c.workhub.controller.AuthController msg="Login successful for user: phase2.admin@demo.com (tenant: 2)"
2026-05-21T01:44:04.675+03:00 level=INFO  app=workhub corr=80e08186-9a9c-4e59-ada9-59bb35d2da20 method=POST path=/api/auth/login logger=c.w.security.RequestTracingFilter msg="request-end status=200 durationMs=74"
2026-05-21T01:44:04.676+03:00 level=INFO  app=workhub corr=89b73248-6d46-411d-9caf-de54abe34dac method=POST path=/api/auth/login logger=c.w.security.RequestTracingFilter msg="request-start"
2026-05-21T01:44:04.676+03:00 level=DEBUG app=workhub corr=89b73248-6d46-411d-9caf-de54abe34dac method=POST path=/api/auth/login logger=o.s.security.web.FilterChainProxy msg="Securing POST /api/auth/login"
2026-05-21T01:44:04.676+03:00 level=DEBUG app=workhub corr=89b73248-6d46-411d-9caf-de54abe34dac method=POST path=/api/auth/login logger=o.s.s.w.a.AnonymousAuthenticationFilter msg="Set SecurityContextHolder to anonymous SecurityContext"
2026-05-21T01:44:04.676+03:00 level=DEBUG app=workhub corr=89b73248-6d46-411d-9caf-de54abe34dac method=POST path=/api/auth/login logger=o.s.security.web.FilterChainProxy msg="Secured POST /api/auth/login"
2026-05-21T01:44:04.677+03:00 level=INFO  app=workhub corr=89b73248-6d46-411d-9caf-de54abe34dac method=POST path=/api/auth/login logger=c.workhub.controller.AuthController msg="Login attempt for email: phase2.user@demo.com"
2026-05-21T01:44:04.679+03:00 level=DEBUG app=workhub corr=89b73248-6d46-411d-9caf-de54abe34dac method=POST path=/api/auth/login logger=org.hibernate.SQL msg="
    select
        u1_0.id,
        u1_0.created_at,
        u1_0.email,
        u1_0.first_name,
        u1_0.last_login_at,
        u1_0.last_name,
        u1_0.password,
        u1_0.role,
        u1_0.status,
        u1_0.tenant_id,
        u1_0.updated_at,
        u1_0.version 
    from
        users u1_0 
    where
        u1_0.email=?"
2026-05-21T01:44:04.745+03:00 level=DEBUG app=workhub corr=89b73248-6d46-411d-9caf-de54abe34dac method=POST path=/api/auth/login logger=o.s.s.a.d.DaoAuthenticationProvider msg="Authenticated user"
2026-05-21T01:44:04.746+03:00 level=DEBUG app=workhub corr=89b73248-6d46-411d-9caf-de54abe34dac method=POST path=/api/auth/login logger=org.hibernate.SQL msg="
    select
        u1_0.id,
        u1_0.created_at,
        u1_0.email,
        u1_0.first_name,
        u1_0.last_login_at,
        u1_0.last_name,
        u1_0.password,
        u1_0.role,
        u1_0.status,
        u1_0.tenant_id,
        u1_0.updated_at,
        u1_0.version 
    from
        users u1_0 
    where
        u1_0.id=? 
        and u1_0.tenant_id=?"
2026-05-21T01:44:04.747+03:00 level=DEBUG app=workhub corr=89b73248-6d46-411d-9caf-de54abe34dac method=POST path=/api/auth/login logger=org.hibernate.SQL msg="
    update
        users 
    set
        email=?,
        first_name=?,
        last_login_at=?,
        last_name=?,
        password=?,
        role=?,
        status=?,
        tenant_id=?,
        updated_at=?,
        version=? 
    where
        id=? 
        and version=?"
2026-05-21T01:44:04.750+03:00 level=INFO  app=workhub corr=89b73248-6d46-411d-9caf-de54abe34dac method=POST path=/api/auth/login logger=c.workhub.controller.AuthController msg="Login successful for user: phase2.user@demo.com (tenant: 2)"
2026-05-21T01:44:04.751+03:00 level=INFO  app=workhub corr=89b73248-6d46-411d-9caf-de54abe34dac method=POST path=/api/auth/login logger=c.w.security.RequestTracingFilter msg="request-end status=200 durationMs=74"
2026-05-21T01:44:04.752+03:00 level=INFO  app=workhub corr=8306f0f2-3d4b-46be-838e-0e5b933741f7 method=POST path=/api/auth/login logger=c.w.security.RequestTracingFilter msg="request-start"
2026-05-21T01:44:04.753+03:00 level=DEBUG app=workhub corr=8306f0f2-3d4b-46be-838e-0e5b933741f7 method=POST path=/api/auth/login logger=o.s.security.web.FilterChainProxy msg="Securing POST /api/auth/login"
2026-05-21T01:44:04.753+03:00 level=DEBUG app=workhub corr=8306f0f2-3d4b-46be-838e-0e5b933741f7 method=POST path=/api/auth/login logger=o.s.s.w.a.AnonymousAuthenticationFilter msg="Set SecurityContextHolder to anonymous SecurityContext"
2026-05-21T01:44:04.753+03:00 level=DEBUG app=workhub corr=8306f0f2-3d4b-46be-838e-0e5b933741f7 method=POST path=/api/auth/login logger=o.s.security.web.FilterChainProxy msg="Secured POST /api/auth/login"
2026-05-21T01:44:04.754+03:00 level=INFO  app=workhub corr=8306f0f2-3d4b-46be-838e-0e5b933741f7 method=POST path=/api/auth/login logger=c.workhub.controller.AuthController msg="Login attempt for email: admin@demo.com"
2026-05-21T01:44:04.755+03:00 level=DEBUG app=workhub corr=8306f0f2-3d4b-46be-838e-0e5b933741f7 method=POST path=/api/auth/login logger=org.hibernate.SQL msg="
    select
        u1_0.id,
        u1_0.created_at,
        u1_0.email,
        u1_0.first_name,
        u1_0.last_login_at,
        u1_0.last_name,
        u1_0.password,
        u1_0.role,
        u1_0.status,
        u1_0.tenant_id,
        u1_0.updated_at,
        u1_0.version 
    from
        users u1_0 
    where
        u1_0.email=?"
2026-05-21T01:44:04.825+03:00 level=DEBUG app=workhub corr=8306f0f2-3d4b-46be-838e-0e5b933741f7 method=POST path=/api/auth/login logger=o.s.s.a.d.DaoAuthenticationProvider msg="Authenticated user"
2026-05-21T01:44:04.826+03:00 level=DEBUG app=workhub corr=8306f0f2-3d4b-46be-838e-0e5b933741f7 method=POST path=/api/auth/login logger=org.hibernate.SQL msg="
    select
        u1_0.id,
        u1_0.created_at,
        u1_0.email,
        u1_0.first_name,
        u1_0.last_login_at,
        u1_0.last_name,
        u1_0.password,
        u1_0.role,
        u1_0.status,
        u1_0.tenant_id,
        u1_0.updated_at,
        u1_0.version 
    from
        users u1_0 
    where
        u1_0.id=? 
        and u1_0.tenant_id=?"
2026-05-21T01:44:04.829+03:00 level=DEBUG app=workhub corr=8306f0f2-3d4b-46be-838e-0e5b933741f7 method=POST path=/api/auth/login logger=org.hibernate.SQL msg="
    update
        users 
    set
        email=?,
        first_name=?,
        last_login_at=?,
        last_name=?,
        password=?,
        role=?,
        status=?,
        tenant_id=?,
        updated_at=?,
        version=? 
    where
        id=? 
        and version=?"
2026-05-21T01:44:04.831+03:00 level=INFO  app=workhub corr=8306f0f2-3d4b-46be-838e-0e5b933741f7 method=POST path=/api/auth/login logger=c.workhub.controller.AuthController msg="Login successful for user: admin@demo.com (tenant: 1)"
2026-05-21T01:44:04.833+03:00 level=INFO  app=workhub corr=8306f0f2-3d4b-46be-838e-0e5b933741f7 method=POST path=/api/auth/login logger=c.w.security.RequestTracingFilter msg="request-end status=200 durationMs=80"
2026-05-21T01:44:04.836+03:00 level=INFO  app=workhub corr=622a9eab-8541-4037-9a45-7a12d61b60bb method=PATCH path=/api/tasks/1 logger=c.w.security.RequestTracingFilter msg="request-start"
2026-05-21T01:44:04.837+03:00 level=DEBUG app=workhub corr=622a9eab-8541-4037-9a45-7a12d61b60bb method=PATCH path=/api/tasks/1 logger=o.s.security.web.FilterChainProxy msg="Securing PATCH /api/tasks/1"
2026-05-21T01:44:04.841+03:00 level=WARN  app=workhub corr=na method=na path=na logger=c.r.c.impl.ForgivingExceptionHandler msg="An unexpected connection driver error occurred (Exception message: Socket closed)"
2026-05-21T01:44:04.852+03:00 level=DEBUG app=workhub corr=622a9eab-8541-4037-9a45-7a12d61b60bb method=PATCH path=/api/tasks/1 logger=org.hibernate.SQL msg="
    select
        u1_0.id,
        u1_0.created_at,
        u1_0.email,
        u1_0.first_name,
        u1_0.last_login_at,
        u1_0.last_name,
        u1_0.password,
        u1_0.role,
        u1_0.status,
        u1_0.tenant_id,
        u1_0.updated_at,
        u1_0.version 
    from
        users u1_0 
    where
        u1_0.email=?"
2026-05-21T01:44:04.858+03:00 level=DEBUG app=workhub corr=622a9eab-8541-4037-9a45-7a12d61b60bb method=PATCH path=/api/tasks/1 logger=o.s.security.web.FilterChainProxy msg="Secured PATCH /api/tasks/1"
2026-05-21T01:44:04.893+03:00 level=DEBUG app=workhub corr=622a9eab-8541-4037-9a45-7a12d61b60bb method=PATCH path=/api/tasks/1 logger=o.s.s.a.m.AuthorizationManagerBeforeMethodInterceptor msg="Authorizing method invocation ReflectiveMethodInvocation: public org.springframework.http.ResponseEntity com.workhub.controller.TaskController.updateTask(java.lang.Long,com.workhub.dto.UpdateTaskRequest); target is of class [com.workhub.controller.TaskController]"
2026-05-21T01:44:04.896+03:00 level=DEBUG app=workhub corr=622a9eab-8541-4037-9a45-7a12d61b60bb method=PATCH path=/api/tasks/1 logger=o.s.s.a.m.AuthorizationManagerBeforeMethodInterceptor msg="Authorized method invocation ReflectiveMethodInvocation: public org.springframework.http.ResponseEntity com.workhub.controller.TaskController.updateTask(java.lang.Long,com.workhub.dto.UpdateTaskRequest); target is of class [com.workhub.controller.TaskController]"
2026-05-21T01:44:04.897+03:00 level=INFO  app=workhub corr=622a9eab-8541-4037-9a45-7a12d61b60bb method=PATCH path=/api/tasks/1 logger=c.workhub.controller.TaskController msg="Updating task: 1"
2026-05-21T01:44:04.899+03:00 level=WARN  app=workhub corr=na method=na path=na logger=c.r.c.impl.ForgivingExceptionHandler msg="An unexpected connection driver error occurred (Exception message: Socket closed)"
2026-05-21T01:44:04.899+03:00 level=ERROR app=workhub corr=na method=na path=na logger=o.s.a.r.l.SimpleMessageListenerContainer msg="Failed to check/redeclare auto-delete queue(s)."
2026-05-21T01:44:04.904+03:00 level=DEBUG app=workhub corr=622a9eab-8541-4037-9a45-7a12d61b60bb method=PATCH path=/api/tasks/1 logger=org.hibernate.SQL msg="
    select
        t1_0.id,
        t1_0.actual_hours,
        at1_0.id,
        at1_0.created_at,
        at1_0.email,
        at1_0.first_name,
        at1_0.last_login_at,
        at1_0.last_name,
        at1_0.password,
        at1_0.role,
        at1_0.status,
        at1_0.tenant_id,
        at1_0.updated_at,
        at1_0.version,
        t1_0.completed_at,
        t1_0.created_at,
        t1_0.description,
        t1_0.due_date,
        t1_0.estimated_hours,
        t1_0.priority,
        t1_0.project_id,
        p1_0.id,
        p1_0.created_at,
        p1_0.created_by_id,
        p1_0.description,
        p1_0.end_date,
        p1_0.name,
        p1_0.project_key,
        p1_0.start_date,
        p1_0.status,
        p1_0.tenant_id,
        p1_0.updated_at,
        p1_0.version,
        t1_0.status,
        t1_0.tenant_id,
        t1_0.title,
        t1_0.updated_at,
        t1_0.version 
    from
        tasks t1_0 
    join
        projects p1_0 
            on p1_0.id=t1_0.project_id 
    left join
        users at1_0 
            on at1_0.id=t1_0.assigned_to_id 
    where
        t1_0.id=? 
        and t1_0.tenant_id=?"
2026-05-21T01:44:04.910+03:00 level=INFO  app=workhub corr=622a9eab-8541-4037-9a45-7a12d61b60bb method=PATCH path=/api/tasks/1 logger=c.w.security.RequestTracingFilter msg="request-end status=404 durationMs=73"
2026-05-21T01:44:04.915+03:00 level=WARN  app=workhub corr=na method=na path=na logger=c.r.c.impl.ForgivingExceptionHandler msg="An unexpected connection driver error occurred (Exception message: Socket closed)"
2026-05-21T01:44:04.976+03:00 level=WARN  app=workhub corr=na method=na path=na logger=c.r.c.impl.ForgivingExceptionHandler msg="An unexpected connection driver error occurred (Exception message: Socket closed)"
[ERROR] Tests run: 15, Failures: 2, Errors: 6, Skipped: 0, Time elapsed: 77.52 s <<< FAILURE! -- in com.workhub.Phase2EnterpriseIntegrationTest
[ERROR] com.workhub.Phase2EnterpriseIntegrationTest.failedProcessingHandledSafely -- Time elapsed: 1.521 s <<< ERROR!
org.springframework.amqp.AmqpIOException: java.io.IOException
	at org.springframework.amqp.rabbit.support.RabbitExceptionTranslator.convertRabbitAccessException(RabbitExceptionTranslator.java:70)
	at org.springframework.amqp.rabbit.connection.AbstractConnectionFactory.createBareConnection(AbstractConnectionFactory.java:622)
	at org.springframework.amqp.rabbit.connection.CachingConnectionFactory.createConnection(CachingConnectionFactory.java:726)
	at org.springframework.amqp.rabbit.connection.ConnectionFactoryUtils.createConnection(ConnectionFactoryUtils.java:257)
	at org.springframework.amqp.rabbit.core.RabbitTemplate.doExecute(RabbitTemplate.java:2249)
	at org.springframework.amqp.rabbit.core.RabbitTemplate.execute(RabbitTemplate.java:2222)
	at org.springframework.amqp.rabbit.core.RabbitTemplate.send(RabbitTemplate.java:1122)
	at org.springframework.amqp.rabbit.core.RabbitTemplate.convertAndSend(RabbitTemplate.java:1188)
	at org.springframework.amqp.rabbit.core.RabbitTemplate.convertAndSend(RabbitTemplate.java:1181)
	at com.workhub.Phase2EnterpriseIntegrationTest.failedProcessingHandledSafely(Phase2EnterpriseIntegrationTest.java:377)
	at java.base/java.lang.reflect.Method.invoke(Method.java:580)
	at java.base/java.util.ArrayList.forEach(ArrayList.java:1596)
	at java.base/java.util.ArrayList.forEach(ArrayList.java:1596)
Caused by: java.io.IOException
	at com.rabbitmq.client.impl.AMQChannel.wrap(AMQChannel.java:140)
	at com.rabbitmq.client.impl.AMQChannel.wrap(AMQChannel.java:136)
	at com.rabbitmq.client.impl.AMQChannel.exnWrappingRpc(AMQChannel.java:158)
	at com.rabbitmq.client.impl.AMQConnection.start(AMQConnection.java:454)
	at com.rabbitmq.client.ConnectionFactory.newConnection(ConnectionFactory.java:1251)
	at com.rabbitmq.client.ConnectionFactory.newConnection(ConnectionFactory.java:1198)
	at org.springframework.amqp.rabbit.connection.AbstractConnectionFactory.connectAddresses(AbstractConnectionFactory.java:668)
	at org.springframework.amqp.rabbit.connection.AbstractConnectionFactory.connect(AbstractConnectionFactory.java:637)
	at org.springframework.amqp.rabbit.connection.AbstractConnectionFactory.createBareConnection(AbstractConnectionFactory.java:584)
	... 11 more
Caused by: com.rabbitmq.client.ShutdownSignalException: connection error; protocol method: #method<connection.close>(reply-code=530, reply-text=NOT_ALLOWED - access to vhost 'workhub' refused for user 'workhub', class-id=10, method-id=40)
	at com.rabbitmq.utility.ValueOrException.getValue(ValueOrException.java:66)
	at com.rabbitmq.utility.BlockingValueOrException.uninterruptibleGetValue(BlockingValueOrException.java:36)
	at com.rabbitmq.client.impl.AMQChannel$BlockingRpcContinuation.getReply(AMQChannel.java:552)
	at com.rabbitmq.client.impl.AMQChannel.privateRpc(AMQChannel.java:316)
	at com.rabbitmq.client.impl.AMQChannel.exnWrappingRpc(AMQChannel.java:152)
	... 17 more

[ERROR] com.workhub.Phase2EnterpriseIntegrationTest.consumerProcessesEvent -- Time elapsed: 15.58 s <<< ERROR!
org.awaitility.core.ConditionTimeoutException: 
Assertion condition defined as a Lambda expression in com.workhub.Phase2EnterpriseIntegrationTest 
expected: COMPLETED
 but was: FAILED within 15 seconds.
	at org.awaitility.core.ConditionAwaiter.await(ConditionAwaiter.java:167)
	at org.awaitility.core.AssertionCondition.await(AssertionCondition.java:119)
	at org.awaitility.core.AssertionCondition.await(AssertionCondition.java:31)
	at org.awaitility.core.ConditionFactory.until(ConditionFactory.java:1006)
	at org.awaitility.core.ConditionFactory.untilAsserted(ConditionFactory.java:790)
	at com.workhub.Phase2EnterpriseIntegrationTest.consumerProcessesEvent(Phase2EnterpriseIntegrationTest.java:315)
	at java.base/java.lang.reflect.Method.invoke(Method.java:580)
	at java.base/java.util.ArrayList.forEach(ArrayList.java:1596)
	at java.base/java.util.ArrayList.forEach(ArrayList.java:1596)
Caused by: org.opentest4j.AssertionFailedError: 
expected: COMPLETED
 but was: FAILED
	at java.base/jdk.internal.reflect.DirectConstructorHandleAccessor.newInstance(DirectConstructorHandleAccessor.java:62)
	at java.base/java.lang.reflect.Constructor.newInstanceWithCaller(Constructor.java:502)
	at com.workhub.Phase2EnterpriseIntegrationTest.lambda$18(Phase2EnterpriseIntegrationTest.java:317)
	at org.awaitility.core.AssertionCondition.lambda$new$0(AssertionCondition.java:53)
	at org.awaitility.core.ConditionAwaiter$ConditionPoller.call(ConditionAwaiter.java:248)
	at org.awaitility.core.ConditionAwaiter$ConditionPoller.call(ConditionAwaiter.java:235)
	at java.base/java.util.concurrent.FutureTask.run(FutureTask.java:317)
	at java.base/java.util.concurrent.ThreadPoolExecutor.runWorker(ThreadPoolExecutor.java:1144)
	at java.base/java.util.concurrent.ThreadPoolExecutor$Worker.run(ThreadPoolExecutor.java:642)
	at java.base/java.lang.Thread.run(Thread.java:1583)

[ERROR] com.workhub.Phase2EnterpriseIntegrationTest.retryAfterFailureProcessesSafely -- Time elapsed: 0.339 s <<< ERROR!
org.springframework.amqp.AmqpIOException: java.io.IOException
	at org.springframework.amqp.rabbit.support.RabbitExceptionTranslator.convertRabbitAccessException(RabbitExceptionTranslator.java:70)
	at org.springframework.amqp.rabbit.connection.AbstractConnectionFactory.createBareConnection(AbstractConnectionFactory.java:622)
	at org.springframework.amqp.rabbit.connection.CachingConnectionFactory.createConnection(CachingConnectionFactory.java:726)
	at org.springframework.amqp.rabbit.connection.ConnectionFactoryUtils.createConnection(ConnectionFactoryUtils.java:257)
	at org.springframework.amqp.rabbit.core.RabbitTemplate.doExecute(RabbitTemplate.java:2249)
	at org.springframework.amqp.rabbit.core.RabbitTemplate.execute(RabbitTemplate.java:2222)
	at org.springframework.amqp.rabbit.core.RabbitTemplate.send(RabbitTemplate.java:1122)
	at org.springframework.amqp.rabbit.core.RabbitTemplate.convertAndSend(RabbitTemplate.java:1188)
	at org.springframework.amqp.rabbit.core.RabbitTemplate.convertAndSend(RabbitTemplate.java:1181)
	at com.workhub.Phase2EnterpriseIntegrationTest.retryAfterFailureProcessesSafely(Phase2EnterpriseIntegrationTest.java:416)
	at java.base/java.lang.reflect.Method.invoke(Method.java:580)
	at java.base/java.util.ArrayList.forEach(ArrayList.java:1596)
	at java.base/java.util.ArrayList.forEach(ArrayList.java:1596)
Caused by: java.io.IOException
	at com.rabbitmq.client.impl.AMQChannel.wrap(AMQChannel.java:140)
	at com.rabbitmq.client.impl.AMQChannel.wrap(AMQChannel.java:136)
	at com.rabbitmq.client.impl.AMQChannel.exnWrappingRpc(AMQChannel.java:158)
	at com.rabbitmq.client.impl.AMQConnection.start(AMQConnection.java:454)
	at com.rabbitmq.client.ConnectionFactory.newConnection(ConnectionFactory.java:1251)
	at com.rabbitmq.client.ConnectionFactory.newConnection(ConnectionFactory.java:1198)
	at org.springframework.amqp.rabbit.connection.AbstractConnectionFactory.connectAddresses(AbstractConnectionFactory.java:668)
	at org.springframework.amqp.rabbit.connection.AbstractConnectionFactory.connect(AbstractConnectionFactory.java:637)
	at org.springframework.amqp.rabbit.connection.AbstractConnectionFactory.createBareConnection(AbstractConnectionFactory.java:584)
	... 11 more
Caused by: com.rabbitmq.client.ShutdownSignalException: connection error; protocol method: #method<connection.close>(reply-code=530, reply-text=NOT_ALLOWED - access to vhost 'workhub' refused for user 'workhub', class-id=10, method-id=40)
	at com.rabbitmq.utility.ValueOrException.getValue(ValueOrException.java:66)
	at com.rabbitmq.utility.BlockingValueOrException.uninterruptibleGetValue(BlockingValueOrException.java:36)
	at com.rabbitmq.client.impl.AMQChannel$BlockingRpcContinuation.getReply(AMQChannel.java:552)
	at com.rabbitmq.client.impl.AMQChannel.privateRpc(AMQChannel.java:316)
	at com.rabbitmq.client.impl.AMQChannel.exnWrappingRpc(AMQChannel.java:152)
	... 17 more

[ERROR] com.workhub.Phase2EnterpriseIntegrationTest.reportRequestCreatesAsyncJob -- Time elapsed: 10.49 s <<< ERROR!
org.awaitility.core.ConditionTimeoutException: 
Assertion condition defined as a Lambda expression in com.workhub.Phase2EnterpriseIntegrationTest 
Expecting actual:
  FAILED
to be in:
  [PENDING, PROCESSING, COMPLETED]
 within 10 seconds.
	at org.awaitility.core.ConditionAwaiter.await(ConditionAwaiter.java:167)
	at org.awaitility.core.AssertionCondition.await(AssertionCondition.java:119)
	at org.awaitility.core.AssertionCondition.await(AssertionCondition.java:31)
	at org.awaitility.core.ConditionFactory.until(ConditionFactory.java:1006)
	at org.awaitility.core.ConditionFactory.untilAsserted(ConditionFactory.java:790)
	at com.workhub.Phase2EnterpriseIntegrationTest.reportRequestCreatesAsyncJob(Phase2EnterpriseIntegrationTest.java:291)
	at java.base/java.lang.reflect.Method.invoke(Method.java:580)
	at java.base/java.util.ArrayList.forEach(ArrayList.java:1596)
	at java.base/java.util.ArrayList.forEach(ArrayList.java:1596)
Caused by: java.lang.AssertionError: 
Expecting actual:
  FAILED
to be in:
  [PENDING, PROCESSING, COMPLETED]

	at com.workhub.Phase2EnterpriseIntegrationTest.lambda$16(Phase2EnterpriseIntegrationTest.java:294)
	at org.awaitility.core.AssertionCondition.lambda$new$0(AssertionCondition.java:53)
	at org.awaitility.core.ConditionAwaiter$ConditionPoller.call(ConditionAwaiter.java:248)
	at org.awaitility.core.ConditionAwaiter$ConditionPoller.call(ConditionAwaiter.java:235)
	at java.base/java.util.concurrent.FutureTask.run(FutureTask.java:317)
	at java.base/java.util.concurrent.ThreadPoolExecutor.runWorker(ThreadPoolExecutor.java:1144)
	at java.base/java.util.concurrent.ThreadPoolExecutor$Worker.run(ThreadPoolExecutor.java:642)
	at java.base/java.lang.Thread.run(Thread.java:1583)

[ERROR] com.workhub.Phase2EnterpriseIntegrationTest.actuatorEndpointsAccessible -- Time elapsed: 0.318 s <<< FAILURE!
java.lang.AssertionError: Status expected:<200> but was:<503>
	at org.springframework.test.util.AssertionErrors.fail(AssertionErrors.java:59)
	at org.springframework.test.util.AssertionErrors.assertEquals(AssertionErrors.java:122)
	at org.springframework.test.web.servlet.result.StatusResultMatchers.lambda$matcher$9(StatusResultMatchers.java:637)
	at org.springframework.test.web.servlet.MockMvc$1.andExpect(MockMvc.java:214)
	at com.workhub.Phase2EnterpriseIntegrationTest.actuatorEndpointsAccessible(Phase2EnterpriseIntegrationTest.java:441)
	at java.base/java.lang.reflect.Method.invoke(Method.java:580)
	at java.base/java.util.ArrayList.forEach(ArrayList.java:1596)
	at java.base/java.util.ArrayList.forEach(ArrayList.java:1596)

[ERROR] com.workhub.Phase2EnterpriseIntegrationTest.correlationIdsPresentInLogs(CapturedOutput) -- Time elapsed: 0.273 s <<< FAILURE!
java.lang.AssertionError: Status expected:<200> but was:<500>
	at org.springframework.test.util.AssertionErrors.fail(AssertionErrors.java:59)
	at org.springframework.test.util.AssertionErrors.assertEquals(AssertionErrors.java:122)
	at org.springframework.test.web.servlet.result.StatusResultMatchers.lambda$matcher$9(StatusResultMatchers.java:637)
	at org.springframework.test.web.servlet.MockMvc$1.andExpect(MockMvc.java:214)
	at com.workhub.Phase2EnterpriseIntegrationTest.correlationIdsPresentInLogs(Phase2EnterpriseIntegrationTest.java:461)
	at java.base/java.lang.reflect.Method.invoke(Method.java:580)
	at java.base/java.util.ArrayList.forEach(ArrayList.java:1596)
	at java.base/java.util.ArrayList.forEach(ArrayList.java:1596)

[ERROR] com.workhub.Phase2EnterpriseIntegrationTest.rabbitMqEventPublished -- Time elapsed: 10.42 s <<< ERROR!
org.awaitility.core.ConditionTimeoutException: 
Assertion condition defined as a Lambda expression in com.workhub.Phase2EnterpriseIntegrationTest 
Expecting Optional to contain a value but it was empty within 10 seconds.
	at org.awaitility.core.ConditionAwaiter.await(ConditionAwaiter.java:167)
	at org.awaitility.core.AssertionCondition.await(AssertionCondition.java:119)
	at org.awaitility.core.AssertionCondition.await(AssertionCondition.java:31)
	at org.awaitility.core.ConditionFactory.until(ConditionFactory.java:1006)
	at org.awaitility.core.ConditionFactory.untilAsserted(ConditionFactory.java:790)
	at com.workhub.Phase2EnterpriseIntegrationTest.rabbitMqEventPublished(Phase2EnterpriseIntegrationTest.java:303)
	at java.base/java.lang.reflect.Method.invoke(Method.java:580)
	at java.base/java.util.ArrayList.forEach(ArrayList.java:1596)
	at java.base/java.util.ArrayList.forEach(ArrayList.java:1596)
Caused by: java.lang.AssertionError: 
Expecting Optional to contain a value but it was empty.
	at com.workhub.Phase2EnterpriseIntegrationTest.lambda$17(Phase2EnterpriseIntegrationTest.java:305)
	at org.awaitility.core.AssertionCondition.lambda$new$0(AssertionCondition.java:53)
	at org.awaitility.core.ConditionAwaiter$ConditionPoller.call(ConditionAwaiter.java:248)
	at org.awaitility.core.ConditionAwaiter$ConditionPoller.call(ConditionAwaiter.java:235)
	at java.base/java.util.concurrent.FutureTask.run(FutureTask.java:317)
	at java.base/java.util.concurrent.ThreadPoolExecutor.runWorker(ThreadPoolExecutor.java:1144)
	at java.base/java.util.concurrent.ThreadPoolExecutor$Worker.run(ThreadPoolExecutor.java:642)
	at java.base/java.lang.Thread.run(Thread.java:1583)

[ERROR] com.workhub.Phase2EnterpriseIntegrationTest.duplicateEventIgnored -- Time elapsed: 10.33 s <<< ERROR!
org.awaitility.core.ConditionTimeoutException: 
Assertion condition defined as a Lambda expression in com.workhub.Phase2EnterpriseIntegrationTest 
expected: COMPLETED
 but was: FAILED within 10 seconds.
	at org.awaitility.core.ConditionAwaiter.await(ConditionAwaiter.java:167)
	at org.awaitility.core.AssertionCondition.await(AssertionCondition.java:119)
	at org.awaitility.core.AssertionCondition.await(AssertionCondition.java:31)
	at org.awaitility.core.ConditionFactory.until(ConditionFactory.java:1006)
	at org.awaitility.core.ConditionFactory.untilAsserted(ConditionFactory.java:790)
	at com.workhub.Phase2EnterpriseIntegrationTest.duplicateEventIgnored(Phase2EnterpriseIntegrationTest.java:327)
	at java.base/java.lang.reflect.Method.invoke(Method.java:580)
	at java.base/java.util.ArrayList.forEach(ArrayList.java:1596)
	at java.base/java.util.ArrayList.forEach(ArrayList.java:1596)
Caused by: org.opentest4j.AssertionFailedError: 
expected: COMPLETED
 but was: FAILED
	at java.base/jdk.internal.reflect.DirectConstructorHandleAccessor.newInstance(DirectConstructorHandleAccessor.java:62)
	at java.base/java.lang.reflect.Constructor.newInstanceWithCaller(Constructor.java:502)
	at com.workhub.Phase2EnterpriseIntegrationTest.lambda$19(Phase2EnterpriseIntegrationTest.java:329)
	at org.awaitility.core.AssertionCondition.lambda$new$0(AssertionCondition.java:53)
	at org.awaitility.core.ConditionAwaiter$ConditionPoller.call(ConditionAwaiter.java:248)
	at org.awaitility.core.ConditionAwaiter$ConditionPoller.call(ConditionAwaiter.java:235)
	at java.base/java.util.concurrent.FutureTask.run(FutureTask.java:317)
	at java.base/java.util.concurrent.ThreadPoolExecutor.runWorker(ThreadPoolExecutor.java:1144)
	at java.base/java.util.concurrent.ThreadPoolExecutor$Worker.run(ThreadPoolExecutor.java:642)
	at java.base/java.lang.Thread.run(Thread.java:1583)

[INFO] Running com.workhub.RbacIntegrationTest
01:44:07.970 [main] INFO org.springframework.test.context.support.AnnotationConfigContextLoaderUtils -- Could not detect default configuration classes for test class [com.workhub.RbacIntegrationTest]: RbacIntegrationTest does not declare any static, non-private, non-final, nested classes annotated with @Configuration.
01:44:08.109 [main] INFO org.springframework.boot.test.context.SpringBootTestContextBootstrapper -- Found @SpringBootConfiguration com.workhub.WorkHubApplication for test class com.workhub.RbacIntegrationTest

  .   ____          _            __ _ _
 /\\ / ___'_ __ _ _(_)_ __  __ _ \ \ \ \
( ( )\___ | '_ | '_| | '_ \/ _` | \ \ \ \
 \\/  ___)| |_)| | | | | || (_| |  ) ) ) )
  '  |____| .__|_| |_|_| |_\__, | / / / /
 =========|_|==============|___/=/_/_/_/

 :: Spring Boot ::                (v3.3.5)

2026-05-21T01:44:08.583+03:00 level=INFO  app=workhub corr=na method=na path=na logger=com.workhub.RbacIntegrationTest msg="Starting RbacIntegrationTest using Java 21.0.8 with PID 11776 (started by asus in C:\Users\asus\Documents\GitHub\Capstone-Project)"
2026-05-21T01:44:08.584+03:00 level=INFO  app=workhub corr=na method=na path=na logger=com.workhub.RbacIntegrationTest msg="The following 1 profile is active: "test""
2026-05-21T01:44:11.344+03:00 level=INFO  app=workhub corr=na method=na path=na logger=o.h.jpa.internal.util.LogHelper msg="HHH000204: Processing PersistenceUnitInfo [name: default]"
2026-05-21T01:44:11.425+03:00 level=INFO  app=workhub corr=na method=na path=na logger=org.hibernate.Version msg="HHH000412: Hibernate ORM core version 6.5.3.Final"
2026-05-21T01:44:11.471+03:00 level=INFO  app=workhub corr=na method=na path=na logger=o.h.c.i.RegionFactoryInitiator msg="HHH000026: Second-level cache disabled"
2026-05-21T01:44:11.881+03:00 level=INFO  app=workhub corr=na method=na path=na logger=com.zaxxer.hikari.HikariDataSource msg="HikariPool-1 - Starting..."
2026-05-21T01:44:12.059+03:00 level=INFO  app=workhub corr=na method=na path=na logger=com.zaxxer.hikari.pool.HikariPool msg="HikariPool-1 - Added connection conn0: url=jdbc:h2:mem:workhub_test user=SA"
2026-05-21T01:44:12.061+03:00 level=INFO  app=workhub corr=na method=na path=na logger=com.zaxxer.hikari.HikariDataSource msg="HikariPool-1 - Start completed."
2026-05-21T01:44:12.082+03:00 level=WARN  app=workhub corr=na method=na path=na logger=org.hibernate.orm.deprecation msg="HHH90000025: H2Dialect does not need to be specified explicitly using 'hibernate.dialect' (remove the property setting and it will be selected by default)"
2026-05-21T01:44:13.280+03:00 level=INFO  app=workhub corr=na method=na path=na logger=o.h.e.t.j.p.i.JtaPlatformInitiator msg="HHH000489: No JTA platform available (set 'hibernate.transaction.jta.platform' to enable JTA platform integration)"
2026-05-21T01:44:13.297+03:00 level=DEBUG app=workhub corr=na method=na path=na logger=org.hibernate.SQL msg="
    drop table if exists jobs cascade "
2026-05-21T01:44:13.301+03:00 level=DEBUG app=workhub corr=na method=na path=na logger=org.hibernate.SQL msg="
    drop table if exists processed_messages cascade "
2026-05-21T01:44:13.302+03:00 level=DEBUG app=workhub corr=na method=na path=na logger=org.hibernate.SQL msg="
    drop table if exists projects cascade "
2026-05-21T01:44:13.302+03:00 level=DEBUG app=workhub corr=na method=na path=na logger=org.hibernate.SQL msg="
    drop table if exists tasks cascade "
2026-05-21T01:44:13.302+03:00 level=DEBUG app=workhub corr=na method=na path=na logger=org.hibernate.SQL msg="
    drop table if exists tenants cascade "
2026-05-21T01:44:13.302+03:00 level=DEBUG app=workhub corr=na method=na path=na logger=org.hibernate.SQL msg="
    drop table if exists users cascade "
2026-05-21T01:44:13.308+03:00 level=DEBUG app=workhub corr=na method=na path=na logger=org.hibernate.SQL msg="
    create table jobs (
        created_at timestamp(6) not null,
        id bigint generated by default as identity,
        project_id bigint not null,
        tenant_id bigint not null,
        updated_at timestamp(6) not null,
        correlation_id varchar(100) not null,
        error_message varchar(2000),
        status enum ('COMPLETED','FAILED','PENDING','PROCESSING') not null,
        primary key (id)
    )"
2026-05-21T01:44:13.321+03:00 level=DEBUG app=workhub corr=na method=na path=na logger=org.hibernate.SQL msg="
    create table processed_messages (
        attempt_count integer not null,
        first_received_at timestamp(6) with time zone not null,
        id bigint generated by default as identity,
        job_id bigint not null,
        processed_at timestamp(6) with time zone,
        project_id bigint not null,
        tenant_id bigint not null,
        updated_at timestamp(6) with time zone not null,
        version bigint not null,
        correlation_id varchar(100),
        event_id varchar(100) not null unique,
        last_error varchar(2000),
        status enum ('COMPLETED','FAILED','PROCESSING') not null,
        primary key (id)
    )"
2026-05-21T01:44:13.324+03:00 level=DEBUG app=workhub corr=na method=na path=na logger=org.hibernate.SQL msg="
    create table projects (
        created_at timestamp(6) not null,
        created_by_id bigint not null,
        end_date timestamp(6),
        id bigint generated by default as identity,
        start_date timestamp(6),
        tenant_id bigint not null,
        updated_at timestamp(6) not null,
        version bigint not null,
        project_key varchar(10),
        name varchar(200) not null,
        description varchar(2000),
        status enum ('ACTIVE','ARCHIVED','CANCELLED','COMPLETED','ON_HOLD') not null,
        primary key (id)
    )"
2026-05-21T01:44:13.327+03:00 level=DEBUG app=workhub corr=na method=na path=na logger=org.hibernate.SQL msg="
    create table tasks (
        actual_hours integer,
        estimated_hours integer,
        assigned_to_id bigint,
        completed_at timestamp(6),
        created_at timestamp(6) not null,
        due_date timestamp(6),
        id bigint generated by default as identity,
        project_id bigint not null,
        tenant_id bigint not null,
        updated_at timestamp(6) not null,
        version bigint not null,
        title varchar(500) not null,
        description varchar(5000),
        priority enum ('HIGH','LOW','MEDIUM','URGENT') not null,
        status enum ('BLOCKED','CANCELLED','COMPLETED','IN_PROGRESS','IN_REVIEW','TODO') not null,
        primary key (id)
    )"
2026-05-21T01:44:13.329+03:00 level=DEBUG app=workhub corr=na method=na path=na logger=org.hibernate.SQL msg="
    create table tenants (
        created_at timestamp(6) not null,
        id bigint generated by default as identity,
        updated_at timestamp(6) not null,
        version bigint not null,
        name varchar(200) not null,
        plan enum ('ENTERPRISE','FREE','PROFESSIONAL','STARTER') not null,
        status enum ('ACTIVE','EXPIRED','SUSPENDED','TRIAL') not null,
        primary key (id)
    )"
2026-05-21T01:44:13.330+03:00 level=DEBUG app=workhub corr=na method=na path=na logger=org.hibernate.SQL msg="
    create table users (
        created_at timestamp(6) not null,
        id bigint generated by default as identity,
        last_login_at timestamp(6),
        tenant_id bigint not null,
        updated_at timestamp(6) not null,
        version bigint not null,
        first_name varchar(100),
        last_name varchar(100),
        email varchar(255) not null unique,
        password varchar(255) not null,
        role enum ('TENANT_ADMIN','TENANT_USER') not null,
        status enum ('ACTIVE','INACTIVE','SUSPENDED') not null,
        primary key (id)
    )"
2026-05-21T01:44:13.332+03:00 level=DEBUG app=workhub corr=na method=na path=na logger=org.hibernate.SQL msg="
    create index idx_job_tenant 
       on jobs (tenant_id)"
2026-05-21T01:44:13.333+03:00 level=DEBUG app=workhub corr=na method=na path=na logger=org.hibernate.SQL msg="
    create index idx_job_project 
       on jobs (project_id)"
2026-05-21T01:44:13.334+03:00 level=DEBUG app=workhub corr=na method=na path=na logger=org.hibernate.SQL msg="
    create index idx_job_status 
       on jobs (status)"
2026-05-21T01:44:13.334+03:00 level=DEBUG app=workhub corr=na method=na path=na logger=org.hibernate.SQL msg="
    create index idx_job_correlation_id 
       on jobs (correlation_id)"
2026-05-21T01:44:13.334+03:00 level=DEBUG app=workhub corr=na method=na path=na logger=org.hibernate.SQL msg="
    create index idx_processed_message_status 
       on processed_messages (status)"
2026-05-21T01:44:13.335+03:00 level=DEBUG app=workhub corr=na method=na path=na logger=org.hibernate.SQL msg="
    create index idx_processed_message_tenant 
       on processed_messages (tenant_id)"
2026-05-21T01:44:13.336+03:00 level=DEBUG app=workhub corr=na method=na path=na logger=org.hibernate.SQL msg="
    create index idx_project_tenant 
       on projects (tenant_id)"
2026-05-21T01:44:13.336+03:00 level=DEBUG app=workhub corr=na method=na path=na logger=org.hibernate.SQL msg="
    create index idx_project_created_by 
       on projects (created_by_id)"
2026-05-21T01:44:13.340+03:00 level=DEBUG app=workhub corr=na method=na path=na logger=org.hibernate.SQL msg="
    create index idx_project_status 
       on projects (status)"
2026-05-21T01:44:13.341+03:00 level=DEBUG app=workhub corr=na method=na path=na logger=org.hibernate.SQL msg="
    create index idx_project_name 
       on projects (name)"
2026-05-21T01:44:13.342+03:00 level=DEBUG app=workhub corr=na method=na path=na logger=org.hibernate.SQL msg="
    create index idx_task_project 
       on tasks (project_id)"
2026-05-21T01:44:13.342+03:00 level=DEBUG app=workhub corr=na method=na path=na logger=org.hibernate.SQL msg="
    create index idx_task_tenant 
       on tasks (tenant_id)"
2026-05-21T01:44:13.343+03:00 level=DEBUG app=workhub corr=na method=na path=na logger=org.hibernate.SQL msg="
    create index idx_task_assigned_to 
       on tasks (assigned_to_id)"
2026-05-21T01:44:13.343+03:00 level=DEBUG app=workhub corr=na method=na path=na logger=org.hibernate.SQL msg="
    create index idx_task_status 
       on tasks (status)"
2026-05-21T01:44:13.343+03:00 level=DEBUG app=workhub corr=na method=na path=na logger=org.hibernate.SQL msg="
    create index idx_task_priority 
       on tasks (priority)"
2026-05-21T01:44:13.344+03:00 level=DEBUG app=workhub corr=na method=na path=na logger=org.hibernate.SQL msg="
    create index idx_tenant_name 
       on tenants (name)"
2026-05-21T01:44:13.344+03:00 level=DEBUG app=workhub corr=na method=na path=na logger=org.hibernate.SQL msg="
    create index idx_tenant_plan 
       on tenants (plan)"
2026-05-21T01:44:13.345+03:00 level=DEBUG app=workhub corr=na method=na path=na logger=org.hibernate.SQL msg="
    create index idx_user_email 
       on users (email)"
2026-05-21T01:44:13.345+03:00 level=DEBUG app=workhub corr=na method=na path=na logger=org.hibernate.SQL msg="
    create index idx_user_tenant 
       on users (tenant_id)"
2026-05-21T01:44:13.346+03:00 level=DEBUG app=workhub corr=na method=na path=na logger=org.hibernate.SQL msg="
    create index idx_user_role 
       on users (role)"
2026-05-21T01:44:13.347+03:00 level=DEBUG app=workhub corr=na method=na path=na logger=org.hibernate.SQL msg="
    alter table if exists jobs 
       add constraint fk_job_project 
       foreign key (project_id) 
       references projects"
2026-05-21T01:44:13.358+03:00 level=DEBUG app=workhub corr=na method=na path=na logger=org.hibernate.SQL msg="
    alter table if exists jobs 
       add constraint fk_job_tenant 
       foreign key (tenant_id) 
       references tenants"
2026-05-21T01:44:13.359+03:00 level=DEBUG app=workhub corr=na method=na path=na logger=org.hibernate.SQL msg="
    alter table if exists projects 
       add constraint fk_project_created_by 
       foreign key (created_by_id) 
       references users"
2026-05-21T01:44:13.360+03:00 level=DEBUG app=workhub corr=na method=na path=na logger=org.hibernate.SQL msg="
    alter table if exists projects 
       add constraint fk_project_tenant 
       foreign key (tenant_id) 
       references tenants"
2026-05-21T01:44:13.362+03:00 level=DEBUG app=workhub corr=na method=na path=na logger=org.hibernate.SQL msg="
    alter table if exists tasks 
       add constraint fk_task_assigned_to 
       foreign key (assigned_to_id) 
       references users"
2026-05-21T01:44:13.363+03:00 level=DEBUG app=workhub corr=na method=na path=na logger=org.hibernate.SQL msg="
    alter table if exists tasks 
       add constraint fk_task_project 
       foreign key (project_id) 
       references projects"
2026-05-21T01:44:13.364+03:00 level=DEBUG app=workhub corr=na method=na path=na logger=org.hibernate.SQL msg="
    alter table if exists tasks 
       add constraint fk_task_tenant 
       foreign key (tenant_id) 
       references tenants"
2026-05-21T01:44:13.364+03:00 level=DEBUG app=workhub corr=na method=na path=na logger=org.hibernate.SQL msg="
    alter table if exists users 
       add constraint fk_user_tenant 
       foreign key (tenant_id) 
       references tenants"
2026-05-21T01:44:15.720+03:00 level=INFO  app=workhub corr=na method=na path=na logger=o.s.s.c.a.a.c.InitializeAuthenticationProviderBeanManagerConfigurer$InitializeAuthenticationProviderManagerConfigurer msg="Global AuthenticationManager configured with AuthenticationProvider bean with name authenticationProvider"
2026-05-21T01:44:15.721+03:00 level=WARN  app=workhub corr=na method=na path=na logger=o.s.s.c.a.a.c.InitializeUserDetailsBeanManagerConfigurer$InitializeUserDetailsManagerConfigurer msg="Global AuthenticationManager configured with an AuthenticationProvider bean. UserDetailsService beans will not be used for username/password login. Consider removing the AuthenticationProvider bean. Alternatively, consider using the UserDetailsService in a manually instantiated DaoAuthenticationProvider."
2026-05-21T01:44:17.209+03:00 level=INFO  app=workhub corr=na method=na path=na logger=c.workhub.config.ObservabilityConfig msg="Async executor initialized with MDC propagation"
2026-05-21T01:44:18.060+03:00 level=DEBUG app=workhub corr=na method=na path=na logger=o.s.s.web.DefaultSecurityFilterChain msg="Will secure any request with filters: DisableEncodeUrlFilter, WebAsyncManagerIntegrationFilter, SecurityContextHolderFilter, HeaderWriterFilter, LogoutFilter, JwtAuthenticationFilter, RequestCacheAwareFilter, SecurityContextHolderAwareRequestFilter, AnonymousAuthenticationFilter, SessionManagementFilter, ExceptionTranslationFilter, AuthorizationFilter"
2026-05-21T01:44:18.923+03:00 level=INFO  app=workhub corr=na method=na path=na logger=com.workhub.RbacIntegrationTest msg="Started RbacIntegrationTest in 10.663 seconds (process running for 11.802)"
2026-05-21T01:44:18.995+03:00 level=INFO  app=workhub corr=na method=na path=na logger=com.workhub.config.RabbitMQConfig msg="RabbitMQ ready -> host=localhost port=5672 user=guest exchange=workhub.jobs.direct queue=workhub.jobs.queue routingKey=workhub.jobs.process"
2026-05-21T01:44:19.065+03:00 level=DEBUG app=workhub corr=na method=na path=na logger=org.hibernate.SQL msg="
    select
        count(*) 
    from
        tenants t1_0"
2026-05-21T01:44:19.087+03:00 level=INFO  app=workhub corr=na method=na path=na logger=com.workhub.config.DataInitializer msg="Initializing test data..."
2026-05-21T01:44:19.115+03:00 level=DEBUG app=workhub corr=na method=na path=na logger=org.hibernate.SQL msg="
    insert 
    into
        tenants
        (created_at, name, plan, status, updated_at, version, id) 
    values
        (?, ?, ?, ?, ?, ?, default)"
2026-05-21T01:44:19.145+03:00 level=INFO  app=workhub corr=na method=na path=na logger=com.workhub.config.DataInitializer msg="Created tenant: Demo Company (ID: 1)"
2026-05-21T01:44:19.221+03:00 level=DEBUG app=workhub corr=na method=na path=na logger=org.hibernate.SQL msg="
    insert 
    into
        users
        (created_at, email, first_name, last_login_at, last_name, password, role, status, tenant_id, updated_at, version, id) 
    values
        (?, ?, ?, ?, ?, ?, ?, ?, ?, ?, ?, default)"
2026-05-21T01:44:19.224+03:00 level=INFO  app=workhub corr=na method=na path=na logger=com.workhub.config.DataInitializer msg="Created admin user: admin@demo.com (ID: 1)"
2026-05-21T01:44:19.287+03:00 level=DEBUG app=workhub corr=na method=na path=na logger=org.hibernate.SQL msg="
    insert 
    into
        users
        (created_at, email, first_name, last_login_at, last_name, password, role, status, tenant_id, updated_at, version, id) 
    values
        (?, ?, ?, ?, ?, ?, ?, ?, ?, ?, ?, default)"
2026-05-21T01:44:19.290+03:00 level=INFO  app=workhub corr=na method=na path=na logger=com.workhub.config.DataInitializer msg="Created regular user: user@demo.com (ID: 2)"
2026-05-21T01:44:19.290+03:00 level=INFO  app=workhub corr=na method=na path=na logger=com.workhub.config.DataInitializer msg="Test data initialization complete!"
2026-05-21T01:44:19.290+03:00 level=INFO  app=workhub corr=na method=na path=na logger=com.workhub.config.DataInitializer msg="You can now login with:"
2026-05-21T01:44:19.290+03:00 level=INFO  app=workhub corr=na method=na path=na logger=com.workhub.config.DataInitializer msg="  Admin: admin@demo.com / admin123"
2026-05-21T01:44:19.290+03:00 level=INFO  app=workhub corr=na method=na path=na logger=com.workhub.config.DataInitializer msg="  User:  user@demo.com / user123"
2026-05-21T01:44:19.728+03:00 level=INFO  app=workhub corr=2de27c0e-197e-4bad-9b51-2fabd86b5cde method=POST path=/api/projects logger=c.w.security.RequestTracingFilter msg="request-start"
2026-05-21T01:44:19.734+03:00 level=DEBUG app=workhub corr=2de27c0e-197e-4bad-9b51-2fabd86b5cde method=POST path=/api/projects logger=o.s.security.web.FilterChainProxy msg="Securing POST /api/projects"
2026-05-21T01:44:19.746+03:00 level=DEBUG app=workhub corr=2de27c0e-197e-4bad-9b51-2fabd86b5cde method=POST path=/api/projects logger=o.s.s.w.a.AnonymousAuthenticationFilter msg="Set SecurityContextHolder to anonymous SecurityContext"
2026-05-21T01:44:19.797+03:00 level=INFO  app=workhub corr=2de27c0e-197e-4bad-9b51-2fabd86b5cde method=POST path=/api/projects logger=c.w.security.RequestTracingFilter msg="request-end status=401 durationMs=69"
2026-05-21T01:44:19.869+03:00 level=INFO  app=workhub corr=a7b603d2-503c-4303-9498-dcf347297c87 method=POST path=/api/auth/login logger=c.w.security.RequestTracingFilter msg="request-start"
2026-05-21T01:44:19.870+03:00 level=DEBUG app=workhub corr=a7b603d2-503c-4303-9498-dcf347297c87 method=POST path=/api/auth/login logger=o.s.security.web.FilterChainProxy msg="Securing POST /api/auth/login"
2026-05-21T01:44:19.871+03:00 level=DEBUG app=workhub corr=a7b603d2-503c-4303-9498-dcf347297c87 method=POST path=/api/auth/login logger=o.s.s.w.a.AnonymousAuthenticationFilter msg="Set SecurityContextHolder to anonymous SecurityContext"
2026-05-21T01:44:19.874+03:00 level=DEBUG app=workhub corr=a7b603d2-503c-4303-9498-dcf347297c87 method=POST path=/api/auth/login logger=o.s.security.web.FilterChainProxy msg="Secured POST /api/auth/login"
2026-05-21T01:44:19.988+03:00 level=INFO  app=workhub corr=a7b603d2-503c-4303-9498-dcf347297c87 method=POST path=/api/auth/login logger=c.workhub.controller.AuthController msg="Login attempt for email: admin@demo.com"
2026-05-21T01:44:20.084+03:00 level=DEBUG app=workhub corr=a7b603d2-503c-4303-9498-dcf347297c87 method=POST path=/api/auth/login logger=org.hibernate.SQL msg="
    select
        u1_0.id,
        u1_0.created_at,
        u1_0.email,
        u1_0.first_name,
        u1_0.last_login_at,
        u1_0.last_name,
        u1_0.password,
        u1_0.role,
        u1_0.status,
        u1_0.tenant_id,
        u1_0.updated_at,
        u1_0.version 
    from
        users u1_0 
    where
        u1_0.email=?"
2026-05-21T01:44:20.152+03:00 level=DEBUG app=workhub corr=a7b603d2-503c-4303-9498-dcf347297c87 method=POST path=/api/auth/login logger=o.s.s.a.d.DaoAuthenticationProvider msg="Authenticated user"
2026-05-21T01:44:20.161+03:00 level=DEBUG app=workhub corr=a7b603d2-503c-4303-9498-dcf347297c87 method=POST path=/api/auth/login logger=org.hibernate.SQL msg="
    select
        u1_0.id,
        u1_0.created_at,
        u1_0.email,
        u1_0.first_name,
        u1_0.last_login_at,
        u1_0.last_name,
        u1_0.password,
        u1_0.role,
        u1_0.status,
        u1_0.tenant_id,
        u1_0.updated_at,
        u1_0.version 
    from
        users u1_0 
    where
        u1_0.id=? 
        and u1_0.tenant_id=?"
2026-05-21T01:44:20.170+03:00 level=DEBUG app=workhub corr=a7b603d2-503c-4303-9498-dcf347297c87 method=POST path=/api/auth/login logger=org.hibernate.SQL msg="
    update
        users 
    set
        email=?,
        first_name=?,
        last_login_at=?,
        last_name=?,
        password=?,
        role=?,
        status=?,
        tenant_id=?,
        updated_at=?,
        version=? 
    where
        id=? 
        and version=?"
2026-05-21T01:44:20.200+03:00 level=INFO  app=workhub corr=a7b603d2-503c-4303-9498-dcf347297c87 method=POST path=/api/auth/login logger=c.workhub.controller.AuthController msg="Login successful for user: admin@demo.com (tenant: 1)"
2026-05-21T01:44:20.213+03:00 level=INFO  app=workhub corr=a7b603d2-503c-4303-9498-dcf347297c87 method=POST path=/api/auth/login logger=c.w.security.RequestTracingFilter msg="request-end status=200 durationMs=343"
2026-05-21T01:44:20.220+03:00 level=INFO  app=workhub corr=589256c6-55f6-49d5-b755-773a9d0acede method=POST path=/api/projects logger=c.w.security.RequestTracingFilter msg="request-start"
2026-05-21T01:44:20.221+03:00 level=DEBUG app=workhub corr=589256c6-55f6-49d5-b755-773a9d0acede method=POST path=/api/projects logger=o.s.security.web.FilterChainProxy msg="Securing POST /api/projects"
2026-05-21T01:44:20.240+03:00 level=DEBUG app=workhub corr=589256c6-55f6-49d5-b755-773a9d0acede method=POST path=/api/projects logger=org.hibernate.SQL msg="
    select
        u1_0.id,
        u1_0.created_at,
        u1_0.email,
        u1_0.first_name,
        u1_0.last_login_at,
        u1_0.last_name,
        u1_0.password,
        u1_0.role,
        u1_0.status,
        u1_0.tenant_id,
        u1_0.updated_at,
        u1_0.version 
    from
        users u1_0 
    where
        u1_0.email=?"
2026-05-21T01:44:20.246+03:00 level=DEBUG app=workhub corr=589256c6-55f6-49d5-b755-773a9d0acede method=POST path=/api/projects logger=o.s.security.web.FilterChainProxy msg="Secured POST /api/projects"
2026-05-21T01:44:20.259+03:00 level=DEBUG app=workhub corr=589256c6-55f6-49d5-b755-773a9d0acede method=POST path=/api/projects logger=o.s.s.a.m.AuthorizationManagerBeforeMethodInterceptor msg="Authorizing method invocation ReflectiveMethodInvocation: public org.springframework.http.ResponseEntity com.workhub.controller.ProjectController.createProject(com.workhub.dto.CreateProjectRequest,com.workhub.security.CustomUserDetails); target is of class [com.workhub.controller.ProjectController]"
2026-05-21T01:44:20.284+03:00 level=DEBUG app=workhub corr=589256c6-55f6-49d5-b755-773a9d0acede method=POST path=/api/projects logger=o.s.s.a.m.AuthorizationManagerBeforeMethodInterceptor msg="Authorized method invocation ReflectiveMethodInvocation: public org.springframework.http.ResponseEntity com.workhub.controller.ProjectController.createProject(com.workhub.dto.CreateProjectRequest,com.workhub.security.CustomUserDetails); target is of class [com.workhub.controller.ProjectController]"
2026-05-21T01:44:20.285+03:00 level=INFO  app=workhub corr=589256c6-55f6-49d5-b755-773a9d0acede method=POST path=/api/projects logger=c.w.controller.ProjectController msg="Creating project: RBAC Project by user: admin@demo.com"
2026-05-21T01:44:20.285+03:00 level=INFO  app=workhub corr=589256c6-55f6-49d5-b755-773a9d0acede method=POST path=/api/projects logger=com.workhub.service.ProjectService msg="Creating project 'RBAC Project' for tenant: 1"
2026-05-21T01:44:20.286+03:00 level=DEBUG app=workhub corr=589256c6-55f6-49d5-b755-773a9d0acede method=POST path=/api/projects logger=org.hibernate.SQL msg="
    select
        u1_0.id,
        u1_0.created_at,
        u1_0.email,
        u1_0.first_name,
        u1_0.last_login_at,
        u1_0.last_name,
        u1_0.password,
        u1_0.role,
        u1_0.status,
        u1_0.tenant_id,
        u1_0.updated_at,
        u1_0.version 
    from
        users u1_0 
    where
        u1_0.id=? 
        and u1_0.tenant_id=?"
2026-05-21T01:44:20.296+03:00 level=DEBUG app=workhub corr=589256c6-55f6-49d5-b755-773a9d0acede method=POST path=/api/projects logger=org.hibernate.SQL msg="
    select
        case 
            when count(p1_0.id)>0 
                then true 
            else false 
    end 
from
    projects p1_0 
where
    p1_0.tenant_id=? 
    and p1_0.project_key=?"
2026-05-21T01:44:20.304+03:00 level=DEBUG app=workhub corr=589256c6-55f6-49d5-b755-773a9d0acede method=POST path=/api/projects logger=org.hibernate.SQL msg="
    select
        t1_0.id,
        t1_0.created_at,
        t1_0.name,
        t1_0.plan,
        t1_0.status,
        t1_0.updated_at,
        t1_0.version 
    from
        tenants t1_0 
    where
        t1_0.id=?"
2026-05-21T01:44:20.306+03:00 level=DEBUG app=workhub corr=589256c6-55f6-49d5-b755-773a9d0acede method=POST path=/api/projects logger=org.hibernate.SQL msg="
    select
        u1_0.id,
        u1_0.created_at,
        u1_0.email,
        u1_0.first_name,
        u1_0.last_login_at,
        u1_0.last_name,
        u1_0.password,
        u1_0.role,
        u1_0.status,
        u1_0.tenant_id,
        u1_0.updated_at,
        u1_0.version 
    from
        users u1_0 
    where
        u1_0.id=? 
        and u1_0.tenant_id=?"
2026-05-21T01:44:20.309+03:00 level=DEBUG app=workhub corr=589256c6-55f6-49d5-b755-773a9d0acede method=POST path=/api/projects logger=org.hibernate.SQL msg="
    insert 
    into
        projects
        (created_at, created_by_id, description, end_date, name, project_key, start_date, status, tenant_id, updated_at, version, id) 
    values
        (?, ?, ?, ?, ?, ?, ?, ?, ?, ?, ?, default)"
2026-05-21T01:44:20.311+03:00 level=INFO  app=workhub corr=589256c6-55f6-49d5-b755-773a9d0acede method=POST path=/api/projects logger=com.workhub.service.ProjectService msg="Created project 1 for tenant: 1"
2026-05-21T01:44:20.319+03:00 level=INFO  app=workhub corr=589256c6-55f6-49d5-b755-773a9d0acede method=POST path=/api/projects logger=c.w.security.RequestTracingFilter msg="request-end status=201 durationMs=99"
2026-05-21T01:44:20.325+03:00 level=INFO  app=workhub corr=092d75bd-e770-487b-9bbc-f1922db80145 method=POST path=/api/projects logger=c.w.security.RequestTracingFilter msg="request-start"
2026-05-21T01:44:20.325+03:00 level=DEBUG app=workhub corr=092d75bd-e770-487b-9bbc-f1922db80145 method=POST path=/api/projects logger=o.s.security.web.FilterChainProxy msg="Securing POST /api/projects"
2026-05-21T01:44:20.329+03:00 level=WARN  app=workhub corr=092d75bd-e770-487b-9bbc-f1922db80145 method=POST path=/api/projects logger=c.w.security.JwtAuthenticationFilter msg="Cannot set user authentication: Malformed JWT JSON: ?{?'"
2026-05-21T01:44:20.329+03:00 level=DEBUG app=workhub corr=092d75bd-e770-487b-9bbc-f1922db80145 method=POST path=/api/projects logger=o.s.s.w.a.AnonymousAuthenticationFilter msg="Set SecurityContextHolder to anonymous SecurityContext"
2026-05-21T01:44:20.331+03:00 level=INFO  app=workhub corr=092d75bd-e770-487b-9bbc-f1922db80145 method=POST path=/api/projects logger=c.w.security.RequestTracingFilter msg="request-end status=401 durationMs=6"
2026-05-21T01:44:20.336+03:00 level=INFO  app=workhub corr=83dc12fe-5f96-4bfc-9e21-165011094591 method=POST path=/api/auth/login logger=c.w.security.RequestTracingFilter msg="request-start"
2026-05-21T01:44:20.337+03:00 level=DEBUG app=workhub corr=83dc12fe-5f96-4bfc-9e21-165011094591 method=POST path=/api/auth/login logger=o.s.security.web.FilterChainProxy msg="Securing POST /api/auth/login"
2026-05-21T01:44:20.338+03:00 level=DEBUG app=workhub corr=83dc12fe-5f96-4bfc-9e21-165011094591 method=POST path=/api/auth/login logger=o.s.s.w.a.AnonymousAuthenticationFilter msg="Set SecurityContextHolder to anonymous SecurityContext"
2026-05-21T01:44:20.338+03:00 level=DEBUG app=workhub corr=83dc12fe-5f96-4bfc-9e21-165011094591 method=POST path=/api/auth/login logger=o.s.security.web.FilterChainProxy msg="Secured POST /api/auth/login"
2026-05-21T01:44:20.339+03:00 level=INFO  app=workhub corr=83dc12fe-5f96-4bfc-9e21-165011094591 method=POST path=/api/auth/login logger=c.workhub.controller.AuthController msg="Login attempt for email: user@demo.com"
2026-05-21T01:44:20.342+03:00 level=DEBUG app=workhub corr=83dc12fe-5f96-4bfc-9e21-165011094591 method=POST path=/api/auth/login logger=org.hibernate.SQL msg="
    select
        u1_0.id,
        u1_0.created_at,
        u1_0.email,
        u1_0.first_name,
        u1_0.last_login_at,
        u1_0.last_name,
        u1_0.password,
        u1_0.role,
        u1_0.status,
        u1_0.tenant_id,
        u1_0.updated_at,
        u1_0.version 
    from
        users u1_0 
    where
        u1_0.email=?"
2026-05-21T01:44:20.406+03:00 level=DEBUG app=workhub corr=83dc12fe-5f96-4bfc-9e21-165011094591 method=POST path=/api/auth/login logger=o.s.s.a.d.DaoAuthenticationProvider msg="Authenticated user"
2026-05-21T01:44:20.407+03:00 level=DEBUG app=workhub corr=83dc12fe-5f96-4bfc-9e21-165011094591 method=POST path=/api/auth/login logger=org.hibernate.SQL msg="
    select
        u1_0.id,
        u1_0.created_at,
        u1_0.email,
        u1_0.first_name,
        u1_0.last_login_at,
        u1_0.last_name,
        u1_0.password,
        u1_0.role,
        u1_0.status,
        u1_0.tenant_id,
        u1_0.updated_at,
        u1_0.version 
    from
        users u1_0 
    where
        u1_0.id=? 
        and u1_0.tenant_id=?"
2026-05-21T01:44:20.409+03:00 level=DEBUG app=workhub corr=83dc12fe-5f96-4bfc-9e21-165011094591 method=POST path=/api/auth/login logger=org.hibernate.SQL msg="
    update
        users 
    set
        email=?,
        first_name=?,
        last_login_at=?,
        last_name=?,
        password=?,
        role=?,
        status=?,
        tenant_id=?,
        updated_at=?,
        version=? 
    where
        id=? 
        and version=?"
2026-05-21T01:44:20.411+03:00 level=INFO  app=workhub corr=83dc12fe-5f96-4bfc-9e21-165011094591 method=POST path=/api/auth/login logger=c.workhub.controller.AuthController msg="Login successful for user: user@demo.com (tenant: 1)"
2026-05-21T01:44:20.412+03:00 level=INFO  app=workhub corr=83dc12fe-5f96-4bfc-9e21-165011094591 method=POST path=/api/auth/login logger=c.w.security.RequestTracingFilter msg="request-end status=200 durationMs=75"
2026-05-21T01:44:20.413+03:00 level=INFO  app=workhub corr=db30bcbd-9814-417b-9cd0-ea612fa04725 method=POST path=/api/projects logger=c.w.security.RequestTracingFilter msg="request-start"
2026-05-21T01:44:20.413+03:00 level=DEBUG app=workhub corr=db30bcbd-9814-417b-9cd0-ea612fa04725 method=POST path=/api/projects logger=o.s.security.web.FilterChainProxy msg="Securing POST /api/projects"
2026-05-21T01:44:20.419+03:00 level=DEBUG app=workhub corr=db30bcbd-9814-417b-9cd0-ea612fa04725 method=POST path=/api/projects logger=org.hibernate.SQL msg="
    select
        u1_0.id,
        u1_0.created_at,
        u1_0.email,
        u1_0.first_name,
        u1_0.last_login_at,
        u1_0.last_name,
        u1_0.password,
        u1_0.role,
        u1_0.status,
        u1_0.tenant_id,
        u1_0.updated_at,
        u1_0.version 
    from
        users u1_0 
    where
        u1_0.email=?"
2026-05-21T01:44:20.425+03:00 level=INFO  app=workhub corr=db30bcbd-9814-417b-9cd0-ea612fa04725 method=POST path=/api/projects logger=c.w.security.RequestTracingFilter msg="request-end status=403 durationMs=12"
[INFO] Tests run: 4, Failures: 0, Errors: 0, Skipped: 0, Time elapsed: 12.64 s -- in com.workhub.RbacIntegrationTest
[INFO] Running com.workhub.SecurityEdgeCaseIntegrationTest
01:44:21.314 [main] INFO org.springframework.test.context.support.AnnotationConfigContextLoaderUtils -- Could not detect default configuration classes for test class [com.workhub.SecurityEdgeCaseIntegrationTest]: SecurityEdgeCaseIntegrationTest does not declare any static, non-private, non-final, nested classes annotated with @Configuration.
01:44:21.438 [main] INFO org.springframework.boot.test.context.SpringBootTestContextBootstrapper -- Found @SpringBootConfiguration com.workhub.WorkHubApplication for test class com.workhub.SecurityEdgeCaseIntegrationTest

  .   ____          _            __ _ _
 /\\ / ___'_ __ _ _(_)_ __  __ _ \ \ \ \
( ( )\___ | '_ | '_| | '_ \/ _` | \ \ \ \
 \\/  ___)| |_)| | | | | || (_| |  ) ) ) )
  '  |____| .__|_| |_|_| |_\__, | / / / /
 =========|_|==============|___/=/_/_/_/

 :: Spring Boot ::                (v3.3.5)

2026-05-21T01:44:21.991+03:00 level=INFO  app=workhub corr=na method=na path=na logger=c.w.SecurityEdgeCaseIntegrationTest msg="Starting SecurityEdgeCaseIntegrationTest using Java 21.0.8 with PID 22444 (started by asus in C:\Users\asus\Documents\GitHub\Capstone-Project)"
2026-05-21T01:44:21.992+03:00 level=INFO  app=workhub corr=na method=na path=na logger=c.w.SecurityEdgeCaseIntegrationTest msg="The following 1 profile is active: "test""
2026-05-21T01:44:24.589+03:00 level=INFO  app=workhub corr=na method=na path=na logger=o.h.jpa.internal.util.LogHelper msg="HHH000204: Processing PersistenceUnitInfo [name: default]"
2026-05-21T01:44:24.663+03:00 level=INFO  app=workhub corr=na method=na path=na logger=org.hibernate.Version msg="HHH000412: Hibernate ORM core version 6.5.3.Final"
2026-05-21T01:44:24.716+03:00 level=INFO  app=workhub corr=na method=na path=na logger=o.h.c.i.RegionFactoryInitiator msg="HHH000026: Second-level cache disabled"
2026-05-21T01:44:25.234+03:00 level=INFO  app=workhub corr=na method=na path=na logger=com.zaxxer.hikari.HikariDataSource msg="HikariPool-1 - Starting..."
2026-05-21T01:44:25.422+03:00 level=INFO  app=workhub corr=na method=na path=na logger=com.zaxxer.hikari.pool.HikariPool msg="HikariPool-1 - Added connection conn0: url=jdbc:h2:mem:workhub_test user=SA"
2026-05-21T01:44:25.424+03:00 level=INFO  app=workhub corr=na method=na path=na logger=com.zaxxer.hikari.HikariDataSource msg="HikariPool-1 - Start completed."
2026-05-21T01:44:25.444+03:00 level=WARN  app=workhub corr=na method=na path=na logger=org.hibernate.orm.deprecation msg="HHH90000025: H2Dialect does not need to be specified explicitly using 'hibernate.dialect' (remove the property setting and it will be selected by default)"
2026-05-21T01:44:26.553+03:00 level=INFO  app=workhub corr=na method=na path=na logger=o.h.e.t.j.p.i.JtaPlatformInitiator msg="HHH000489: No JTA platform available (set 'hibernate.transaction.jta.platform' to enable JTA platform integration)"
2026-05-21T01:44:26.568+03:00 level=DEBUG app=workhub corr=na method=na path=na logger=org.hibernate.SQL msg="
    drop table if exists jobs cascade "
2026-05-21T01:44:26.571+03:00 level=DEBUG app=workhub corr=na method=na path=na logger=org.hibernate.SQL msg="
    drop table if exists processed_messages cascade "
2026-05-21T01:44:26.571+03:00 level=DEBUG app=workhub corr=na method=na path=na logger=org.hibernate.SQL msg="
    drop table if exists projects cascade "
2026-05-21T01:44:26.571+03:00 level=DEBUG app=workhub corr=na method=na path=na logger=org.hibernate.SQL msg="
    drop table if exists tasks cascade "
2026-05-21T01:44:26.572+03:00 level=DEBUG app=workhub corr=na method=na path=na logger=org.hibernate.SQL msg="
    drop table if exists tenants cascade "
2026-05-21T01:44:26.572+03:00 level=DEBUG app=workhub corr=na method=na path=na logger=org.hibernate.SQL msg="
    drop table if exists users cascade "
2026-05-21T01:44:26.576+03:00 level=DEBUG app=workhub corr=na method=na path=na logger=org.hibernate.SQL msg="
    create table jobs (
        created_at timestamp(6) not null,
        id bigint generated by default as identity,
        project_id bigint not null,
        tenant_id bigint not null,
        updated_at timestamp(6) not null,
        correlation_id varchar(100) not null,
        error_message varchar(2000),
        status enum ('COMPLETED','FAILED','PENDING','PROCESSING') not null,
        primary key (id)
    )"
2026-05-21T01:44:26.586+03:00 level=DEBUG app=workhub corr=na method=na path=na logger=org.hibernate.SQL msg="
    create table processed_messages (
        attempt_count integer not null,
        first_received_at timestamp(6) with time zone not null,
        id bigint generated by default as identity,
        job_id bigint not null,
        processed_at timestamp(6) with time zone,
        project_id bigint not null,
        tenant_id bigint not null,
        updated_at timestamp(6) with time zone not null,
        version bigint not null,
        correlation_id varchar(100),
        event_id varchar(100) not null unique,
        last_error varchar(2000),
        status enum ('COMPLETED','FAILED','PROCESSING') not null,
        primary key (id)
    )"
2026-05-21T01:44:26.590+03:00 level=DEBUG app=workhub corr=na method=na path=na logger=org.hibernate.SQL msg="
    create table projects (
        created_at timestamp(6) not null,
        created_by_id bigint not null,
        end_date timestamp(6),
        id bigint generated by default as identity,
        start_date timestamp(6),
        tenant_id bigint not null,
        updated_at timestamp(6) not null,
        version bigint not null,
        project_key varchar(10),
        name varchar(200) not null,
        description varchar(2000),
        status enum ('ACTIVE','ARCHIVED','CANCELLED','COMPLETED','ON_HOLD') not null,
        primary key (id)
    )"
2026-05-21T01:44:26.591+03:00 level=DEBUG app=workhub corr=na method=na path=na logger=org.hibernate.SQL msg="
    create table tasks (
        actual_hours integer,
        estimated_hours integer,
        assigned_to_id bigint,
        completed_at timestamp(6),
        created_at timestamp(6) not null,
        due_date timestamp(6),
        id bigint generated by default as identity,
        project_id bigint not null,
        tenant_id bigint not null,
        updated_at timestamp(6) not null,
        version bigint not null,
        title varchar(500) not null,
        description varchar(5000),
        priority enum ('HIGH','LOW','MEDIUM','URGENT') not null,
        status enum ('BLOCKED','CANCELLED','COMPLETED','IN_PROGRESS','IN_REVIEW','TODO') not null,
        primary key (id)
    )"
2026-05-21T01:44:26.593+03:00 level=DEBUG app=workhub corr=na method=na path=na logger=org.hibernate.SQL msg="
    create table tenants (
        created_at timestamp(6) not null,
        id bigint generated by default as identity,
        updated_at timestamp(6) not null,
        version bigint not null,
        name varchar(200) not null,
        plan enum ('ENTERPRISE','FREE','PROFESSIONAL','STARTER') not null,
        status enum ('ACTIVE','EXPIRED','SUSPENDED','TRIAL') not null,
        primary key (id)
    )"
2026-05-21T01:44:26.594+03:00 level=DEBUG app=workhub corr=na method=na path=na logger=org.hibernate.SQL msg="
    create table users (
        created_at timestamp(6) not null,
        id bigint generated by default as identity,
        last_login_at timestamp(6),
        tenant_id bigint not null,
        updated_at timestamp(6) not null,
        version bigint not null,
        first_name varchar(100),
        last_name varchar(100),
        email varchar(255) not null unique,
        password varchar(255) not null,
        role enum ('TENANT_ADMIN','TENANT_USER') not null,
        status enum ('ACTIVE','INACTIVE','SUSPENDED') not null,
        primary key (id)
    )"
2026-05-21T01:44:26.596+03:00 level=DEBUG app=workhub corr=na method=na path=na logger=org.hibernate.SQL msg="
    create index idx_job_tenant 
       on jobs (tenant_id)"
2026-05-21T01:44:26.597+03:00 level=DEBUG app=workhub corr=na method=na path=na logger=org.hibernate.SQL msg="
    create index idx_job_project 
       on jobs (project_id)"
2026-05-21T01:44:26.598+03:00 level=DEBUG app=workhub corr=na method=na path=na logger=org.hibernate.SQL msg="
    create index idx_job_status 
       on jobs (status)"
2026-05-21T01:44:26.598+03:00 level=DEBUG app=workhub corr=na method=na path=na logger=org.hibernate.SQL msg="
    create index idx_job_correlation_id 
       on jobs (correlation_id)"
2026-05-21T01:44:26.599+03:00 level=DEBUG app=workhub corr=na method=na path=na logger=org.hibernate.SQL msg="
    create index idx_processed_message_status 
       on processed_messages (status)"
2026-05-21T01:44:26.599+03:00 level=DEBUG app=workhub corr=na method=na path=na logger=org.hibernate.SQL msg="
    create index idx_processed_message_tenant 
       on processed_messages (tenant_id)"
2026-05-21T01:44:26.600+03:00 level=DEBUG app=workhub corr=na method=na path=na logger=org.hibernate.SQL msg="
    create index idx_project_tenant 
       on projects (tenant_id)"
2026-05-21T01:44:26.600+03:00 level=DEBUG app=workhub corr=na method=na path=na logger=org.hibernate.SQL msg="
    create index idx_project_created_by 
       on projects (created_by_id)"
2026-05-21T01:44:26.601+03:00 level=DEBUG app=workhub corr=na method=na path=na logger=org.hibernate.SQL msg="
    create index idx_project_status 
       on projects (status)"
2026-05-21T01:44:26.602+03:00 level=DEBUG app=workhub corr=na method=na path=na logger=org.hibernate.SQL msg="
    create index idx_project_name 
       on projects (name)"
2026-05-21T01:44:26.603+03:00 level=DEBUG app=workhub corr=na method=na path=na logger=org.hibernate.SQL msg="
    create index idx_task_project 
       on tasks (project_id)"
2026-05-21T01:44:26.603+03:00 level=DEBUG app=workhub corr=na method=na path=na logger=org.hibernate.SQL msg="
    create index idx_task_tenant 
       on tasks (tenant_id)"
2026-05-21T01:44:26.604+03:00 level=DEBUG app=workhub corr=na method=na path=na logger=org.hibernate.SQL msg="
    create index idx_task_assigned_to 
       on tasks (assigned_to_id)"
2026-05-21T01:44:26.604+03:00 level=DEBUG app=workhub corr=na method=na path=na logger=org.hibernate.SQL msg="
    create index idx_task_status 
       on tasks (status)"
2026-05-21T01:44:26.604+03:00 level=DEBUG app=workhub corr=na method=na path=na logger=org.hibernate.SQL msg="
    create index idx_task_priority 
       on tasks (priority)"
2026-05-21T01:44:26.605+03:00 level=DEBUG app=workhub corr=na method=na path=na logger=org.hibernate.SQL msg="
    create index idx_tenant_name 
       on tenants (name)"
2026-05-21T01:44:26.605+03:00 level=DEBUG app=workhub corr=na method=na path=na logger=org.hibernate.SQL msg="
    create index idx_tenant_plan 
       on tenants (plan)"
2026-05-21T01:44:26.606+03:00 level=DEBUG app=workhub corr=na method=na path=na logger=org.hibernate.SQL msg="
    create index idx_user_email 
       on users (email)"
2026-05-21T01:44:26.606+03:00 level=DEBUG app=workhub corr=na method=na path=na logger=org.hibernate.SQL msg="
    create index idx_user_tenant 
       on users (tenant_id)"
2026-05-21T01:44:26.606+03:00 level=DEBUG app=workhub corr=na method=na path=na logger=org.hibernate.SQL msg="
    create index idx_user_role 
       on users (role)"
2026-05-21T01:44:26.607+03:00 level=DEBUG app=workhub corr=na method=na path=na logger=org.hibernate.SQL msg="
    alter table if exists jobs 
       add constraint fk_job_project 
       foreign key (project_id) 
       references projects"
2026-05-21T01:44:26.618+03:00 level=DEBUG app=workhub corr=na method=na path=na logger=org.hibernate.SQL msg="
    alter table if exists jobs 
       add constraint fk_job_tenant 
       foreign key (tenant_id) 
       references tenants"
2026-05-21T01:44:26.619+03:00 level=DEBUG app=workhub corr=na method=na path=na logger=org.hibernate.SQL msg="
    alter table if exists projects 
       add constraint fk_project_created_by 
       foreign key (created_by_id) 
       references users"
2026-05-21T01:44:26.620+03:00 level=DEBUG app=workhub corr=na method=na path=na logger=org.hibernate.SQL msg="
    alter table if exists projects 
       add constraint fk_project_tenant 
       foreign key (tenant_id) 
       references tenants"
2026-05-21T01:44:26.621+03:00 level=DEBUG app=workhub corr=na method=na path=na logger=org.hibernate.SQL msg="
    alter table if exists tasks 
       add constraint fk_task_assigned_to 
       foreign key (assigned_to_id) 
       references users"
2026-05-21T01:44:26.622+03:00 level=DEBUG app=workhub corr=na method=na path=na logger=org.hibernate.SQL msg="
    alter table if exists tasks 
       add constraint fk_task_project 
       foreign key (project_id) 
       references projects"
2026-05-21T01:44:26.624+03:00 level=DEBUG app=workhub corr=na method=na path=na logger=org.hibernate.SQL msg="
    alter table if exists tasks 
       add constraint fk_task_tenant 
       foreign key (tenant_id) 
       references tenants"
2026-05-21T01:44:26.625+03:00 level=DEBUG app=workhub corr=na method=na path=na logger=org.hibernate.SQL msg="
    alter table if exists users 
       add constraint fk_user_tenant 
       foreign key (tenant_id) 
       references tenants"
2026-05-21T01:44:28.612+03:00 level=INFO  app=workhub corr=na method=na path=na logger=o.s.s.c.a.a.c.InitializeAuthenticationProviderBeanManagerConfigurer$InitializeAuthenticationProviderManagerConfigurer msg="Global AuthenticationManager configured with AuthenticationProvider bean with name authenticationProvider"
2026-05-21T01:44:28.613+03:00 level=WARN  app=workhub corr=na method=na path=na logger=o.s.s.c.a.a.c.InitializeUserDetailsBeanManagerConfigurer$InitializeUserDetailsManagerConfigurer msg="Global AuthenticationManager configured with an AuthenticationProvider bean. UserDetailsService beans will not be used for username/password login. Consider removing the AuthenticationProvider bean. Alternatively, consider using the UserDetailsService in a manually instantiated DaoAuthenticationProvider."
2026-05-21T01:44:29.730+03:00 level=INFO  app=workhub corr=na method=na path=na logger=c.workhub.config.ObservabilityConfig msg="Async executor initialized with MDC propagation"
2026-05-21T01:44:30.741+03:00 level=DEBUG app=workhub corr=na method=na path=na logger=o.s.s.web.DefaultSecurityFilterChain msg="Will secure any request with filters: DisableEncodeUrlFilter, WebAsyncManagerIntegrationFilter, SecurityContextHolderFilter, HeaderWriterFilter, LogoutFilter, JwtAuthenticationFilter, RequestCacheAwareFilter, SecurityContextHolderAwareRequestFilter, AnonymousAuthenticationFilter, SessionManagementFilter, ExceptionTranslationFilter, AuthorizationFilter"
2026-05-21T01:44:31.715+03:00 level=INFO  app=workhub corr=na method=na path=na logger=c.w.SecurityEdgeCaseIntegrationTest msg="Started SecurityEdgeCaseIntegrationTest in 10.095 seconds (process running for 11.112)"
2026-05-21T01:44:31.813+03:00 level=INFO  app=workhub corr=na method=na path=na logger=com.workhub.config.RabbitMQConfig msg="RabbitMQ ready -> host=localhost port=5672 user=guest exchange=workhub.jobs.direct queue=workhub.jobs.queue routingKey=workhub.jobs.process"
2026-05-21T01:44:31.904+03:00 level=DEBUG app=workhub corr=na method=na path=na logger=org.hibernate.SQL msg="
    select
        count(*) 
    from
        tenants t1_0"
2026-05-21T01:44:31.932+03:00 level=INFO  app=workhub corr=na method=na path=na logger=com.workhub.config.DataInitializer msg="Initializing test data..."
2026-05-21T01:44:31.967+03:00 level=DEBUG app=workhub corr=na method=na path=na logger=org.hibernate.SQL msg="
    insert 
    into
        tenants
        (created_at, name, plan, status, updated_at, version, id) 
    values
        (?, ?, ?, ?, ?, ?, default)"
2026-05-21T01:44:32.005+03:00 level=INFO  app=workhub corr=na method=na path=na logger=com.workhub.config.DataInitializer msg="Created tenant: Demo Company (ID: 1)"
2026-05-21T01:44:32.102+03:00 level=DEBUG app=workhub corr=na method=na path=na logger=org.hibernate.SQL msg="
    insert 
    into
        users
        (created_at, email, first_name, last_login_at, last_name, password, role, status, tenant_id, updated_at, version, id) 
    values
        (?, ?, ?, ?, ?, ?, ?, ?, ?, ?, ?, default)"
2026-05-21T01:44:32.106+03:00 level=INFO  app=workhub corr=na method=na path=na logger=com.workhub.config.DataInitializer msg="Created admin user: admin@demo.com (ID: 1)"
2026-05-21T01:44:32.175+03:00 level=DEBUG app=workhub corr=na method=na path=na logger=org.hibernate.SQL msg="
    insert 
    into
        users
        (created_at, email, first_name, last_login_at, last_name, password, role, status, tenant_id, updated_at, version, id) 
    values
        (?, ?, ?, ?, ?, ?, ?, ?, ?, ?, ?, default)"
2026-05-21T01:44:32.177+03:00 level=INFO  app=workhub corr=na method=na path=na logger=com.workhub.config.DataInitializer msg="Created regular user: user@demo.com (ID: 2)"
2026-05-21T01:44:32.178+03:00 level=INFO  app=workhub corr=na method=na path=na logger=com.workhub.config.DataInitializer msg="Test data initialization complete!"
2026-05-21T01:44:32.178+03:00 level=INFO  app=workhub corr=na method=na path=na logger=com.workhub.config.DataInitializer msg="You can now login with:"
2026-05-21T01:44:32.178+03:00 level=INFO  app=workhub corr=na method=na path=na logger=com.workhub.config.DataInitializer msg="  Admin: admin@demo.com / admin123"
2026-05-21T01:44:32.178+03:00 level=INFO  app=workhub corr=na method=na path=na logger=com.workhub.config.DataInitializer msg="  User:  user@demo.com / user123"
2026-05-21T01:44:32.681+03:00 level=INFO  app=workhub corr=654eca86-811d-4711-8c8f-266084535183 method=GET path=/api/projects logger=c.w.security.RequestTracingFilter msg="request-start"
2026-05-21T01:44:32.688+03:00 level=DEBUG app=workhub corr=654eca86-811d-4711-8c8f-266084535183 method=GET path=/api/projects logger=o.s.security.web.FilterChainProxy msg="Securing GET /api/projects"
2026-05-21T01:44:32.718+03:00 level=WARN  app=workhub corr=654eca86-811d-4711-8c8f-266084535183 method=GET path=/api/projects logger=c.w.security.JwtAuthenticationFilter msg="Cannot set user authentication: JWT expired at 2026-05-20T22:42:32Z. Current time: 2026-05-20T22:44:32Z, a difference of 120717 milliseconds.  Allowed clock skew: 0 milliseconds."
2026-05-21T01:44:32.721+03:00 level=DEBUG app=workhub corr=654eca86-811d-4711-8c8f-266084535183 method=GET path=/api/projects logger=o.s.s.w.a.AnonymousAuthenticationFilter msg="Set SecurityContextHolder to anonymous SecurityContext"
2026-05-21T01:44:32.745+03:00 level=INFO  app=workhub corr=654eca86-811d-4711-8c8f-266084535183 method=GET path=/api/projects logger=c.w.security.RequestTracingFilter msg="request-end status=401 durationMs=65"
2026-05-21T01:44:32.805+03:00 level=INFO  app=workhub corr=f13cc8f9-9464-4ee0-9a3f-beb2f34e1533 method=GET path=/api/projects logger=c.w.security.RequestTracingFilter msg="request-start"
2026-05-21T01:44:32.806+03:00 level=DEBUG app=workhub corr=f13cc8f9-9464-4ee0-9a3f-beb2f34e1533 method=GET path=/api/projects logger=o.s.security.web.FilterChainProxy msg="Securing GET /api/projects"
2026-05-21T01:44:32.808+03:00 level=WARN  app=workhub corr=f13cc8f9-9464-4ee0-9a3f-beb2f34e1533 method=GET path=/api/projects logger=c.w.security.JwtAuthenticationFilter msg="Cannot set user authentication: JWT signature does not match locally computed signature. JWT validity cannot be asserted and should not be trusted."
2026-05-21T01:44:32.808+03:00 level=DEBUG app=workhub corr=f13cc8f9-9464-4ee0-9a3f-beb2f34e1533 method=GET path=/api/projects logger=o.s.s.w.a.AnonymousAuthenticationFilter msg="Set SecurityContextHolder to anonymous SecurityContext"
2026-05-21T01:44:32.811+03:00 level=INFO  app=workhub corr=f13cc8f9-9464-4ee0-9a3f-beb2f34e1533 method=GET path=/api/projects logger=c.w.security.RequestTracingFilter msg="request-end status=401 durationMs=5"
2026-05-21T01:44:32.821+03:00 level=INFO  app=workhub corr=3c880564-37cc-4d7e-a077-e27f4b443e35 method=GET path=/api/projects logger=c.w.security.RequestTracingFilter msg="request-start"
2026-05-21T01:44:32.822+03:00 level=DEBUG app=workhub corr=3c880564-37cc-4d7e-a077-e27f4b443e35 method=GET path=/api/projects logger=o.s.security.web.FilterChainProxy msg="Securing GET /api/projects"
2026-05-21T01:44:32.877+03:00 level=DEBUG app=workhub corr=3c880564-37cc-4d7e-a077-e27f4b443e35 method=GET path=/api/projects logger=org.hibernate.SQL msg="
    select
        u1_0.id,
        u1_0.created_at,
        u1_0.email,
        u1_0.first_name,
        u1_0.last_login_at,
        u1_0.last_name,
        u1_0.password,
        u1_0.role,
        u1_0.status,
        u1_0.tenant_id,
        u1_0.updated_at,
        u1_0.version 
    from
        users u1_0 
    where
        u1_0.email=?"
2026-05-21T01:44:32.889+03:00 level=WARN  app=workhub corr=3c880564-37cc-4d7e-a077-e27f4b443e35 method=GET path=/api/projects logger=c.w.security.JwtAuthenticationFilter msg="JWT role mismatch for user admin@demo.com"
2026-05-21T01:44:32.889+03:00 level=DEBUG app=workhub corr=3c880564-37cc-4d7e-a077-e27f4b443e35 method=GET path=/api/projects logger=o.s.s.w.a.AnonymousAuthenticationFilter msg="Set SecurityContextHolder to anonymous SecurityContext"
2026-05-21T01:44:32.891+03:00 level=INFO  app=workhub corr=3c880564-37cc-4d7e-a077-e27f4b443e35 method=GET path=/api/projects logger=c.w.security.RequestTracingFilter msg="request-end status=401 durationMs=70"
2026-05-21T01:44:32.899+03:00 level=INFO  app=workhub corr=54e52ec4-5051-494e-952d-def38347de50 method=GET path=/api/projects logger=c.w.security.RequestTracingFilter msg="request-start"
2026-05-21T01:44:32.900+03:00 level=DEBUG app=workhub corr=54e52ec4-5051-494e-952d-def38347de50 method=GET path=/api/projects logger=o.s.security.web.FilterChainProxy msg="Securing GET /api/projects"
2026-05-21T01:44:32.904+03:00 level=WARN  app=workhub corr=54e52ec4-5051-494e-952d-def38347de50 method=GET path=/api/projects logger=c.w.security.JwtAuthenticationFilter msg="Cannot set user authentication: Malformed JWT JSON: ??_???"
2026-05-21T01:44:32.905+03:00 level=DEBUG app=workhub corr=54e52ec4-5051-494e-952d-def38347de50 method=GET path=/api/projects logger=o.s.s.w.a.AnonymousAuthenticationFilter msg="Set SecurityContextHolder to anonymous SecurityContext"
2026-05-21T01:44:32.908+03:00 level=INFO  app=workhub corr=54e52ec4-5051-494e-952d-def38347de50 method=GET path=/api/projects logger=c.w.security.RequestTracingFilter msg="request-end status=401 durationMs=9"
2026-05-21T01:44:32.918+03:00 level=INFO  app=workhub corr=782c89e7-ec76-4971-a20b-0d8a0c0bd8bd method=GET path=/api/projects logger=c.w.security.RequestTracingFilter msg="request-start"
2026-05-21T01:44:32.918+03:00 level=DEBUG app=workhub corr=782c89e7-ec76-4971-a20b-0d8a0c0bd8bd method=GET path=/api/projects logger=o.s.security.web.FilterChainProxy msg="Securing GET /api/projects"
2026-05-21T01:44:32.926+03:00 level=DEBUG app=workhub corr=782c89e7-ec76-4971-a20b-0d8a0c0bd8bd method=GET path=/api/projects logger=org.hibernate.SQL msg="
    select
        u1_0.id,
        u1_0.created_at,
        u1_0.email,
        u1_0.first_name,
        u1_0.last_login_at,
        u1_0.last_name,
        u1_0.password,
        u1_0.role,
        u1_0.status,
        u1_0.tenant_id,
        u1_0.updated_at,
        u1_0.version 
    from
        users u1_0 
    where
        u1_0.email=?"
2026-05-21T01:44:32.932+03:00 level=WARN  app=workhub corr=782c89e7-ec76-4971-a20b-0d8a0c0bd8bd method=GET path=/api/projects logger=c.w.security.JwtAuthenticationFilter msg="JWT tenant mismatch for user admin@demo.com"
2026-05-21T01:44:32.932+03:00 level=DEBUG app=workhub corr=782c89e7-ec76-4971-a20b-0d8a0c0bd8bd method=GET path=/api/projects logger=o.s.s.w.a.AnonymousAuthenticationFilter msg="Set SecurityContextHolder to anonymous SecurityContext"
2026-05-21T01:44:32.933+03:00 level=INFO  app=workhub corr=782c89e7-ec76-4971-a20b-0d8a0c0bd8bd method=GET path=/api/projects logger=c.w.security.RequestTracingFilter msg="request-end status=401 durationMs=15"
[INFO] Tests run: 5, Failures: 0, Errors: 0, Skipped: 0, Time elapsed: 11.80 s -- in com.workhub.SecurityEdgeCaseIntegrationTest
[INFO] Running com.workhub.TenantIsolationSecurityIntegrationTest
01:44:33.831 [main] INFO org.springframework.test.context.support.AnnotationConfigContextLoaderUtils -- Could not detect default configuration classes for test class [com.workhub.TenantIsolationSecurityIntegrationTest]: TenantIsolationSecurityIntegrationTest does not declare any static, non-private, non-final, nested classes annotated with @Configuration.
01:44:33.948 [main] INFO org.springframework.boot.test.context.SpringBootTestContextBootstrapper -- Found @SpringBootConfiguration com.workhub.WorkHubApplication for test class com.workhub.TenantIsolationSecurityIntegrationTest

  .   ____          _            __ _ _
 /\\ / ___'_ __ _ _(_)_ __  __ _ \ \ \ \
( ( )\___ | '_ | '_| | '_ \/ _` | \ \ \ \
 \\/  ___)| |_)| | | | | || (_| |  ) ) ) )
  '  |____| .__|_| |_|_| |_\__, | / / / /
 =========|_|==============|___/=/_/_/_/

 :: Spring Boot ::                (v3.3.5)

2026-05-21T01:44:34.470+03:00 level=INFO  app=workhub corr=na method=na path=na logger=c.w.TenantIsolationSecurityIntegrationTest msg="Starting TenantIsolationSecurityIntegrationTest using Java 21.0.8 with PID 28048 (started by asus in C:\Users\asus\Documents\GitHub\Capstone-Project)"
2026-05-21T01:44:34.471+03:00 level=INFO  app=workhub corr=na method=na path=na logger=c.w.TenantIsolationSecurityIntegrationTest msg="The following 1 profile is active: "test""
2026-05-21T01:44:37.149+03:00 level=INFO  app=workhub corr=na method=na path=na logger=o.h.jpa.internal.util.LogHelper msg="HHH000204: Processing PersistenceUnitInfo [name: default]"
2026-05-21T01:44:37.216+03:00 level=INFO  app=workhub corr=na method=na path=na logger=org.hibernate.Version msg="HHH000412: Hibernate ORM core version 6.5.3.Final"
2026-05-21T01:44:37.251+03:00 level=INFO  app=workhub corr=na method=na path=na logger=o.h.c.i.RegionFactoryInitiator msg="HHH000026: Second-level cache disabled"
2026-05-21T01:44:37.601+03:00 level=INFO  app=workhub corr=na method=na path=na logger=com.zaxxer.hikari.HikariDataSource msg="HikariPool-1 - Starting..."
2026-05-21T01:44:37.810+03:00 level=INFO  app=workhub corr=na method=na path=na logger=com.zaxxer.hikari.pool.HikariPool msg="HikariPool-1 - Added connection conn0: url=jdbc:h2:mem:workhub_test user=SA"
2026-05-21T01:44:37.812+03:00 level=INFO  app=workhub corr=na method=na path=na logger=com.zaxxer.hikari.HikariDataSource msg="HikariPool-1 - Start completed."
2026-05-21T01:44:37.834+03:00 level=WARN  app=workhub corr=na method=na path=na logger=org.hibernate.orm.deprecation msg="HHH90000025: H2Dialect does not need to be specified explicitly using 'hibernate.dialect' (remove the property setting and it will be selected by default)"
2026-05-21T01:44:38.968+03:00 level=INFO  app=workhub corr=na method=na path=na logger=o.h.e.t.j.p.i.JtaPlatformInitiator msg="HHH000489: No JTA platform available (set 'hibernate.transaction.jta.platform' to enable JTA platform integration)"
2026-05-21T01:44:38.983+03:00 level=DEBUG app=workhub corr=na method=na path=na logger=org.hibernate.SQL msg="
    drop table if exists jobs cascade "
2026-05-21T01:44:38.986+03:00 level=DEBUG app=workhub corr=na method=na path=na logger=org.hibernate.SQL msg="
    drop table if exists processed_messages cascade "
2026-05-21T01:44:38.986+03:00 level=DEBUG app=workhub corr=na method=na path=na logger=org.hibernate.SQL msg="
    drop table if exists projects cascade "
2026-05-21T01:44:38.986+03:00 level=DEBUG app=workhub corr=na method=na path=na logger=org.hibernate.SQL msg="
    drop table if exists tasks cascade "
2026-05-21T01:44:38.987+03:00 level=DEBUG app=workhub corr=na method=na path=na logger=org.hibernate.SQL msg="
    drop table if exists tenants cascade "
2026-05-21T01:44:38.987+03:00 level=DEBUG app=workhub corr=na method=na path=na logger=org.hibernate.SQL msg="
    drop table if exists users cascade "
2026-05-21T01:44:38.992+03:00 level=DEBUG app=workhub corr=na method=na path=na logger=org.hibernate.SQL msg="
    create table jobs (
        created_at timestamp(6) not null,
        id bigint generated by default as identity,
        project_id bigint not null,
        tenant_id bigint not null,
        updated_at timestamp(6) not null,
        correlation_id varchar(100) not null,
        error_message varchar(2000),
        status enum ('COMPLETED','FAILED','PENDING','PROCESSING') not null,
        primary key (id)
    )"
2026-05-21T01:44:39.002+03:00 level=DEBUG app=workhub corr=na method=na path=na logger=org.hibernate.SQL msg="
    create table processed_messages (
        attempt_count integer not null,
        first_received_at timestamp(6) with time zone not null,
        id bigint generated by default as identity,
        job_id bigint not null,
        processed_at timestamp(6) with time zone,
        project_id bigint not null,
        tenant_id bigint not null,
        updated_at timestamp(6) with time zone not null,
        version bigint not null,
        correlation_id varchar(100),
        event_id varchar(100) not null unique,
        last_error varchar(2000),
        status enum ('COMPLETED','FAILED','PROCESSING') not null,
        primary key (id)
    )"
2026-05-21T01:44:39.005+03:00 level=DEBUG app=workhub corr=na method=na path=na logger=org.hibernate.SQL msg="
    create table projects (
        created_at timestamp(6) not null,
        created_by_id bigint not null,
        end_date timestamp(6),
        id bigint generated by default as identity,
        start_date timestamp(6),
        tenant_id bigint not null,
        updated_at timestamp(6) not null,
        version bigint not null,
        project_key varchar(10),
        name varchar(200) not null,
        description varchar(2000),
        status enum ('ACTIVE','ARCHIVED','CANCELLED','COMPLETED','ON_HOLD') not null,
        primary key (id)
    )"
2026-05-21T01:44:39.007+03:00 level=DEBUG app=workhub corr=na method=na path=na logger=org.hibernate.SQL msg="
    create table tasks (
        actual_hours integer,
        estimated_hours integer,
        assigned_to_id bigint,
        completed_at timestamp(6),
        created_at timestamp(6) not null,
        due_date timestamp(6),
        id bigint generated by default as identity,
        project_id bigint not null,
        tenant_id bigint not null,
        updated_at timestamp(6) not null,
        version bigint not null,
        title varchar(500) not null,
        description varchar(5000),
        priority enum ('HIGH','LOW','MEDIUM','URGENT') not null,
        status enum ('BLOCKED','CANCELLED','COMPLETED','IN_PROGRESS','IN_REVIEW','TODO') not null,
        primary key (id)
    )"
2026-05-21T01:44:39.009+03:00 level=DEBUG app=workhub corr=na method=na path=na logger=org.hibernate.SQL msg="
    create table tenants (
        created_at timestamp(6) not null,
        id bigint generated by default as identity,
        updated_at timestamp(6) not null,
        version bigint not null,
        name varchar(200) not null,
        plan enum ('ENTERPRISE','FREE','PROFESSIONAL','STARTER') not null,
        status enum ('ACTIVE','EXPIRED','SUSPENDED','TRIAL') not null,
        primary key (id)
    )"
2026-05-21T01:44:39.011+03:00 level=DEBUG app=workhub corr=na method=na path=na logger=org.hibernate.SQL msg="
    create table users (
        created_at timestamp(6) not null,
        id bigint generated by default as identity,
        last_login_at timestamp(6),
        tenant_id bigint not null,
        updated_at timestamp(6) not null,
        version bigint not null,
        first_name varchar(100),
        last_name varchar(100),
        email varchar(255) not null unique,
        password varchar(255) not null,
        role enum ('TENANT_ADMIN','TENANT_USER') not null,
        status enum ('ACTIVE','INACTIVE','SUSPENDED') not null,
        primary key (id)
    )"
2026-05-21T01:44:39.013+03:00 level=DEBUG app=workhub corr=na method=na path=na logger=org.hibernate.SQL msg="
    create index idx_job_tenant 
       on jobs (tenant_id)"
2026-05-21T01:44:39.013+03:00 level=DEBUG app=workhub corr=na method=na path=na logger=org.hibernate.SQL msg="
    create index idx_job_project 
       on jobs (project_id)"
2026-05-21T01:44:39.014+03:00 level=DEBUG app=workhub corr=na method=na path=na logger=org.hibernate.SQL msg="
    create index idx_job_status 
       on jobs (status)"
2026-05-21T01:44:39.014+03:00 level=DEBUG app=workhub corr=na method=na path=na logger=org.hibernate.SQL msg="
    create index idx_job_correlation_id 
       on jobs (correlation_id)"
2026-05-21T01:44:39.015+03:00 level=DEBUG app=workhub corr=na method=na path=na logger=org.hibernate.SQL msg="
    create index idx_processed_message_status 
       on processed_messages (status)"
2026-05-21T01:44:39.015+03:00 level=DEBUG app=workhub corr=na method=na path=na logger=org.hibernate.SQL msg="
    create index idx_processed_message_tenant 
       on processed_messages (tenant_id)"
2026-05-21T01:44:39.016+03:00 level=DEBUG app=workhub corr=na method=na path=na logger=org.hibernate.SQL msg="
    create index idx_project_tenant 
       on projects (tenant_id)"
2026-05-21T01:44:39.016+03:00 level=DEBUG app=workhub corr=na method=na path=na logger=org.hibernate.SQL msg="
    create index idx_project_created_by 
       on projects (created_by_id)"
2026-05-21T01:44:39.017+03:00 level=DEBUG app=workhub corr=na method=na path=na logger=org.hibernate.SQL msg="
    create index idx_project_status 
       on projects (status)"
2026-05-21T01:44:39.018+03:00 level=DEBUG app=workhub corr=na method=na path=na logger=org.hibernate.SQL msg="
    create index idx_project_name 
       on projects (name)"
2026-05-21T01:44:39.019+03:00 level=DEBUG app=workhub corr=na method=na path=na logger=org.hibernate.SQL msg="
    create index idx_task_project 
       on tasks (project_id)"
2026-05-21T01:44:39.020+03:00 level=DEBUG app=workhub corr=na method=na path=na logger=org.hibernate.SQL msg="
    create index idx_task_tenant 
       on tasks (tenant_id)"
2026-05-21T01:44:39.020+03:00 level=DEBUG app=workhub corr=na method=na path=na logger=org.hibernate.SQL msg="
    create index idx_task_assigned_to 
       on tasks (assigned_to_id)"
2026-05-21T01:44:39.021+03:00 level=DEBUG app=workhub corr=na method=na path=na logger=org.hibernate.SQL msg="
    create index idx_task_status 
       on tasks (status)"
2026-05-21T01:44:39.021+03:00 level=DEBUG app=workhub corr=na method=na path=na logger=org.hibernate.SQL msg="
    create index idx_task_priority 
       on tasks (priority)"
2026-05-21T01:44:39.021+03:00 level=DEBUG app=workhub corr=na method=na path=na logger=org.hibernate.SQL msg="
    create index idx_tenant_name 
       on tenants (name)"
2026-05-21T01:44:39.022+03:00 level=DEBUG app=workhub corr=na method=na path=na logger=org.hibernate.SQL msg="
    create index idx_tenant_plan 
       on tenants (plan)"
2026-05-21T01:44:39.022+03:00 level=DEBUG app=workhub corr=na method=na path=na logger=org.hibernate.SQL msg="
    create index idx_user_email 
       on users (email)"
2026-05-21T01:44:39.022+03:00 level=DEBUG app=workhub corr=na method=na path=na logger=org.hibernate.SQL msg="
    create index idx_user_tenant 
       on users (tenant_id)"
2026-05-21T01:44:39.023+03:00 level=DEBUG app=workhub corr=na method=na path=na logger=org.hibernate.SQL msg="
    create index idx_user_role 
       on users (role)"
2026-05-21T01:44:39.023+03:00 level=DEBUG app=workhub corr=na method=na path=na logger=org.hibernate.SQL msg="
    alter table if exists jobs 
       add constraint fk_job_project 
       foreign key (project_id) 
       references projects"
2026-05-21T01:44:39.034+03:00 level=DEBUG app=workhub corr=na method=na path=na logger=org.hibernate.SQL msg="
    alter table if exists jobs 
       add constraint fk_job_tenant 
       foreign key (tenant_id) 
       references tenants"
2026-05-21T01:44:39.036+03:00 level=DEBUG app=workhub corr=na method=na path=na logger=org.hibernate.SQL msg="
    alter table if exists projects 
       add constraint fk_project_created_by 
       foreign key (created_by_id) 
       references users"
2026-05-21T01:44:39.037+03:00 level=DEBUG app=workhub corr=na method=na path=na logger=org.hibernate.SQL msg="
    alter table if exists projects 
       add constraint fk_project_tenant 
       foreign key (tenant_id) 
       references tenants"
2026-05-21T01:44:39.038+03:00 level=DEBUG app=workhub corr=na method=na path=na logger=org.hibernate.SQL msg="
    alter table if exists tasks 
       add constraint fk_task_assigned_to 
       foreign key (assigned_to_id) 
       references users"
2026-05-21T01:44:39.039+03:00 level=DEBUG app=workhub corr=na method=na path=na logger=org.hibernate.SQL msg="
    alter table if exists tasks 
       add constraint fk_task_project 
       foreign key (project_id) 
       references projects"
2026-05-21T01:44:39.041+03:00 level=DEBUG app=workhub corr=na method=na path=na logger=org.hibernate.SQL msg="
    alter table if exists tasks 
       add constraint fk_task_tenant 
       foreign key (tenant_id) 
       references tenants"
2026-05-21T01:44:39.042+03:00 level=DEBUG app=workhub corr=na method=na path=na logger=org.hibernate.SQL msg="
    alter table if exists users 
       add constraint fk_user_tenant 
       foreign key (tenant_id) 
       references tenants"
2026-05-21T01:44:41.140+03:00 level=INFO  app=workhub corr=na method=na path=na logger=o.s.s.c.a.a.c.InitializeAuthenticationProviderBeanManagerConfigurer$InitializeAuthenticationProviderManagerConfigurer msg="Global AuthenticationManager configured with AuthenticationProvider bean with name authenticationProvider"
2026-05-21T01:44:41.141+03:00 level=WARN  app=workhub corr=na method=na path=na logger=o.s.s.c.a.a.c.InitializeUserDetailsBeanManagerConfigurer$InitializeUserDetailsManagerConfigurer msg="Global AuthenticationManager configured with an AuthenticationProvider bean. UserDetailsService beans will not be used for username/password login. Consider removing the AuthenticationProvider bean. Alternatively, consider using the UserDetailsService in a manually instantiated DaoAuthenticationProvider."
2026-05-21T01:44:42.295+03:00 level=INFO  app=workhub corr=na method=na path=na logger=c.workhub.config.ObservabilityConfig msg="Async executor initialized with MDC propagation"
2026-05-21T01:44:43.097+03:00 level=DEBUG app=workhub corr=na method=na path=na logger=o.s.s.web.DefaultSecurityFilterChain msg="Will secure any request with filters: DisableEncodeUrlFilter, WebAsyncManagerIntegrationFilter, SecurityContextHolderFilter, HeaderWriterFilter, LogoutFilter, JwtAuthenticationFilter, RequestCacheAwareFilter, SecurityContextHolderAwareRequestFilter, AnonymousAuthenticationFilter, SessionManagementFilter, ExceptionTranslationFilter, AuthorizationFilter"
2026-05-21T01:44:43.905+03:00 level=INFO  app=workhub corr=na method=na path=na logger=c.w.TenantIsolationSecurityIntegrationTest msg="Started TenantIsolationSecurityIntegrationTest in 9.787 seconds (process running for 10.785)"
2026-05-21T01:44:44.014+03:00 level=INFO  app=workhub corr=na method=na path=na logger=com.workhub.config.RabbitMQConfig msg="RabbitMQ ready -> host=localhost port=5672 user=guest exchange=workhub.jobs.direct queue=workhub.jobs.queue routingKey=workhub.jobs.process"
2026-05-21T01:44:44.078+03:00 level=DEBUG app=workhub corr=na method=na path=na logger=org.hibernate.SQL msg="
    select
        count(*) 
    from
        tenants t1_0"
2026-05-21T01:44:44.099+03:00 level=INFO  app=workhub corr=na method=na path=na logger=com.workhub.config.DataInitializer msg="Initializing test data..."
2026-05-21T01:44:44.131+03:00 level=DEBUG app=workhub corr=na method=na path=na logger=org.hibernate.SQL msg="
    insert 
    into
        tenants
        (created_at, name, plan, status, updated_at, version, id) 
    values
        (?, ?, ?, ?, ?, ?, default)"
2026-05-21T01:44:44.165+03:00 level=INFO  app=workhub corr=na method=na path=na logger=com.workhub.config.DataInitializer msg="Created tenant: Demo Company (ID: 1)"
2026-05-21T01:44:44.246+03:00 level=DEBUG app=workhub corr=na method=na path=na logger=org.hibernate.SQL msg="
    insert 
    into
        users
        (created_at, email, first_name, last_login_at, last_name, password, role, status, tenant_id, updated_at, version, id) 
    values
        (?, ?, ?, ?, ?, ?, ?, ?, ?, ?, ?, default)"
2026-05-21T01:44:44.248+03:00 level=INFO  app=workhub corr=na method=na path=na logger=com.workhub.config.DataInitializer msg="Created admin user: admin@demo.com (ID: 1)"
2026-05-21T01:44:44.314+03:00 level=DEBUG app=workhub corr=na method=na path=na logger=org.hibernate.SQL msg="
    insert 
    into
        users
        (created_at, email, first_name, last_login_at, last_name, password, role, status, tenant_id, updated_at, version, id) 
    values
        (?, ?, ?, ?, ?, ?, ?, ?, ?, ?, ?, default)"
2026-05-21T01:44:44.316+03:00 level=INFO  app=workhub corr=na method=na path=na logger=com.workhub.config.DataInitializer msg="Created regular user: user@demo.com (ID: 2)"
2026-05-21T01:44:44.316+03:00 level=INFO  app=workhub corr=na method=na path=na logger=com.workhub.config.DataInitializer msg="Test data initialization complete!"
2026-05-21T01:44:44.316+03:00 level=INFO  app=workhub corr=na method=na path=na logger=com.workhub.config.DataInitializer msg="You can now login with:"
2026-05-21T01:44:44.316+03:00 level=INFO  app=workhub corr=na method=na path=na logger=com.workhub.config.DataInitializer msg="  Admin: admin@demo.com / admin123"
2026-05-21T01:44:44.316+03:00 level=INFO  app=workhub corr=na method=na path=na logger=com.workhub.config.DataInitializer msg="  User:  user@demo.com / user123"
2026-05-21T01:44:44.746+03:00 level=DEBUG app=workhub corr=na method=na path=na logger=org.hibernate.SQL msg="
    select
        t1_0.id,
        t1_0.created_at,
        t1_0.name,
        t1_0.plan,
        t1_0.status,
        t1_0.updated_at,
        t1_0.version 
    from
        tenants t1_0 
    where
        t1_0.id=?"
2026-05-21T01:44:44.806+03:00 level=DEBUG app=workhub corr=na method=na path=na logger=org.hibernate.SQL msg="
    select
        u1_0.id,
        u1_0.created_at,
        u1_0.email,
        u1_0.first_name,
        u1_0.last_login_at,
        u1_0.last_name,
        u1_0.password,
        u1_0.role,
        u1_0.status,
        u1_0.tenant_id,
        u1_0.updated_at,
        u1_0.version 
    from
        users u1_0 
    where
        u1_0.email=?"
2026-05-21T01:44:44.820+03:00 level=DEBUG app=workhub corr=na method=na path=na logger=org.hibernate.SQL msg="
    select
        p1_0.id,
        p1_0.created_at,
        p1_0.created_by_id,
        p1_0.description,
        p1_0.end_date,
        p1_0.name,
        p1_0.project_key,
        p1_0.start_date,
        p1_0.status,
        p1_0.tenant_id,
        p1_0.updated_at,
        p1_0.version 
    from
        projects p1_0 
    where
        p1_0.tenant_id=? 
        and p1_0.project_key=?"
2026-05-21T01:44:44.825+03:00 level=DEBUG app=workhub corr=na method=na path=na logger=org.hibernate.SQL msg="
    insert 
    into
        projects
        (created_at, created_by_id, description, end_date, name, project_key, start_date, status, tenant_id, updated_at, version, id) 
    values
        (?, ?, ?, ?, ?, ?, ?, ?, ?, ?, ?, default)"
2026-05-21T01:44:44.835+03:00 level=DEBUG app=workhub corr=na method=na path=na logger=org.hibernate.SQL msg="
    select
        t1_0.id,
        t1_0.actual_hours,
        t1_0.assigned_to_id,
        t1_0.completed_at,
        t1_0.created_at,
        t1_0.description,
        t1_0.due_date,
        t1_0.estimated_hours,
        t1_0.priority,
        t1_0.project_id,
        t1_0.status,
        t1_0.tenant_id,
        t1_0.title,
        t1_0.updated_at,
        t1_0.version 
    from
        tasks t1_0 
    where
        t1_0.tenant_id=? 
        and lower(t1_0.title) like lower(('%'||?||'%')) escape ''"
2026-05-21T01:44:44.841+03:00 level=DEBUG app=workhub corr=na method=na path=na logger=org.hibernate.SQL msg="
    insert 
    into
        tasks
        (actual_hours, assigned_to_id, completed_at, created_at, description, due_date, estimated_hours, priority, project_id, status, tenant_id, title, updated_at, version, id) 
    values
        (?, ?, ?, ?, ?, ?, ?, ?, ?, ?, ?, ?, ?, ?, default)"
2026-05-21T01:44:44.845+03:00 level=DEBUG app=workhub corr=na method=na path=na logger=org.hibernate.SQL msg="
    select
        u1_0.id,
        u1_0.created_at,
        u1_0.email,
        u1_0.first_name,
        u1_0.last_login_at,
        u1_0.last_name,
        u1_0.password,
        u1_0.role,
        u1_0.status,
        u1_0.tenant_id,
        u1_0.updated_at,
        u1_0.version 
    from
        users u1_0 
    where
        u1_0.email=?"
2026-05-21T01:44:44.848+03:00 level=DEBUG app=workhub corr=na method=na path=na logger=org.hibernate.SQL msg="
    insert 
    into
        tenants
        (created_at, name, plan, status, updated_at, version, id) 
    values
        (?, ?, ?, ?, ?, ?, default)"
2026-05-21T01:44:44.918+03:00 level=DEBUG app=workhub corr=na method=na path=na logger=org.hibernate.SQL msg="
    insert 
    into
        users
        (created_at, email, first_name, last_login_at, last_name, password, role, status, tenant_id, updated_at, version, id) 
    values
        (?, ?, ?, ?, ?, ?, ?, ?, ?, ?, ?, default)"
2026-05-21T01:44:44.992+03:00 level=DEBUG app=workhub corr=na method=na path=na logger=org.hibernate.SQL msg="
    insert 
    into
        users
        (created_at, email, first_name, last_login_at, last_name, password, role, status, tenant_id, updated_at, version, id) 
    values
        (?, ?, ?, ?, ?, ?, ?, ?, ?, ?, ?, default)"
2026-05-21T01:44:44.995+03:00 level=DEBUG app=workhub corr=na method=na path=na logger=org.hibernate.SQL msg="
    select
        u1_0.id,
        u1_0.created_at,
        u1_0.email,
        u1_0.first_name,
        u1_0.last_login_at,
        u1_0.last_name,
        u1_0.password,
        u1_0.role,
        u1_0.status,
        u1_0.tenant_id,
        u1_0.updated_at,
        u1_0.version 
    from
        users u1_0 
    where
        u1_0.email=?"
2026-05-21T01:44:44.998+03:00 level=DEBUG app=workhub corr=na method=na path=na logger=org.hibernate.SQL msg="
    select
        p1_0.id,
        p1_0.created_at,
        p1_0.created_by_id,
        p1_0.description,
        p1_0.end_date,
        p1_0.name,
        p1_0.project_key,
        p1_0.start_date,
        p1_0.status,
        p1_0.tenant_id,
        p1_0.updated_at,
        p1_0.version 
    from
        projects p1_0 
    where
        p1_0.tenant_id=? 
        and p1_0.project_key=?"
2026-05-21T01:44:45.000+03:00 level=DEBUG app=workhub corr=na method=na path=na logger=org.hibernate.SQL msg="
    insert 
    into
        projects
        (created_at, created_by_id, description, end_date, name, project_key, start_date, status, tenant_id, updated_at, version, id) 
    values
        (?, ?, ?, ?, ?, ?, ?, ?, ?, ?, ?, default)"
2026-05-21T01:44:45.016+03:00 level=INFO  app=workhub corr=f4cc2de4-7787-4b82-a801-58b5bd0a76f6 method=POST path=/api/auth/login logger=c.w.security.RequestTracingFilter msg="request-start"
2026-05-21T01:44:45.024+03:00 level=DEBUG app=workhub corr=f4cc2de4-7787-4b82-a801-58b5bd0a76f6 method=POST path=/api/auth/login logger=o.s.security.web.FilterChainProxy msg="Securing POST /api/auth/login"
2026-05-21T01:44:45.036+03:00 level=DEBUG app=workhub corr=f4cc2de4-7787-4b82-a801-58b5bd0a76f6 method=POST path=/api/auth/login logger=o.s.s.w.a.AnonymousAuthenticationFilter msg="Set SecurityContextHolder to anonymous SecurityContext"
2026-05-21T01:44:45.041+03:00 level=DEBUG app=workhub corr=f4cc2de4-7787-4b82-a801-58b5bd0a76f6 method=POST path=/api/auth/login logger=o.s.security.web.FilterChainProxy msg="Secured POST /api/auth/login"
2026-05-21T01:44:45.151+03:00 level=INFO  app=workhub corr=f4cc2de4-7787-4b82-a801-58b5bd0a76f6 method=POST path=/api/auth/login logger=c.workhub.controller.AuthController msg="Login attempt for email: tenant2.admin@demo.com"
2026-05-21T01:44:45.215+03:00 level=DEBUG app=workhub corr=f4cc2de4-7787-4b82-a801-58b5bd0a76f6 method=POST path=/api/auth/login logger=org.hibernate.SQL msg="
    select
        u1_0.id,
        u1_0.created_at,
        u1_0.email,
        u1_0.first_name,
        u1_0.last_login_at,
        u1_0.last_name,
        u1_0.password,
        u1_0.role,
        u1_0.status,
        u1_0.tenant_id,
        u1_0.updated_at,
        u1_0.version 
    from
        users u1_0 
    where
        u1_0.email=?"
2026-05-21T01:44:45.278+03:00 level=DEBUG app=workhub corr=f4cc2de4-7787-4b82-a801-58b5bd0a76f6 method=POST path=/api/auth/login logger=o.s.s.a.d.DaoAuthenticationProvider msg="Authenticated user"
2026-05-21T01:44:45.285+03:00 level=DEBUG app=workhub corr=f4cc2de4-7787-4b82-a801-58b5bd0a76f6 method=POST path=/api/auth/login logger=org.hibernate.SQL msg="
    select
        u1_0.id,
        u1_0.created_at,
        u1_0.email,
        u1_0.first_name,
        u1_0.last_login_at,
        u1_0.last_name,
        u1_0.password,
        u1_0.role,
        u1_0.status,
        u1_0.tenant_id,
        u1_0.updated_at,
        u1_0.version 
    from
        users u1_0 
    where
        u1_0.id=? 
        and u1_0.tenant_id=?"
2026-05-21T01:44:45.293+03:00 level=DEBUG app=workhub corr=f4cc2de4-7787-4b82-a801-58b5bd0a76f6 method=POST path=/api/auth/login logger=org.hibernate.SQL msg="
    update
        users 
    set
        email=?,
        first_name=?,
        last_login_at=?,
        last_name=?,
        password=?,
        role=?,
        status=?,
        tenant_id=?,
        updated_at=?,
        version=? 
    where
        id=? 
        and version=?"
2026-05-21T01:44:45.327+03:00 level=INFO  app=workhub corr=f4cc2de4-7787-4b82-a801-58b5bd0a76f6 method=POST path=/api/auth/login logger=c.workhub.controller.AuthController msg="Login successful for user: tenant2.admin@demo.com (tenant: 2)"
2026-05-21T01:44:45.345+03:00 level=INFO  app=workhub corr=f4cc2de4-7787-4b82-a801-58b5bd0a76f6 method=POST path=/api/auth/login logger=c.w.security.RequestTracingFilter msg="request-end status=200 durationMs=328"
2026-05-21T01:44:45.357+03:00 level=INFO  app=workhub corr=e6b624c5-61a1-424c-b6cb-a74aede0b131 method=POST path=/api/auth/login logger=c.w.security.RequestTracingFilter msg="request-start"
2026-05-21T01:44:45.357+03:00 level=DEBUG app=workhub corr=e6b624c5-61a1-424c-b6cb-a74aede0b131 method=POST path=/api/auth/login logger=o.s.security.web.FilterChainProxy msg="Securing POST /api/auth/login"
2026-05-21T01:44:45.358+03:00 level=DEBUG app=workhub corr=e6b624c5-61a1-424c-b6cb-a74aede0b131 method=POST path=/api/auth/login logger=o.s.s.w.a.AnonymousAuthenticationFilter msg="Set SecurityContextHolder to anonymous SecurityContext"
2026-05-21T01:44:45.359+03:00 level=DEBUG app=workhub corr=e6b624c5-61a1-424c-b6cb-a74aede0b131 method=POST path=/api/auth/login logger=o.s.security.web.FilterChainProxy msg="Secured POST /api/auth/login"
2026-05-21T01:44:45.360+03:00 level=INFO  app=workhub corr=e6b624c5-61a1-424c-b6cb-a74aede0b131 method=POST path=/api/auth/login logger=c.workhub.controller.AuthController msg="Login attempt for email: tenant2.user@demo.com"
2026-05-21T01:44:45.362+03:00 level=DEBUG app=workhub corr=e6b624c5-61a1-424c-b6cb-a74aede0b131 method=POST path=/api/auth/login logger=org.hibernate.SQL msg="
    select
        u1_0.id,
        u1_0.created_at,
        u1_0.email,
        u1_0.first_name,
        u1_0.last_login_at,
        u1_0.last_name,
        u1_0.password,
        u1_0.role,
        u1_0.status,
        u1_0.tenant_id,
        u1_0.updated_at,
        u1_0.version 
    from
        users u1_0 
    where
        u1_0.email=?"
2026-05-21T01:44:45.426+03:00 level=DEBUG app=workhub corr=e6b624c5-61a1-424c-b6cb-a74aede0b131 method=POST path=/api/auth/login logger=o.s.s.a.d.DaoAuthenticationProvider msg="Authenticated user"
2026-05-21T01:44:45.427+03:00 level=DEBUG app=workhub corr=e6b624c5-61a1-424c-b6cb-a74aede0b131 method=POST path=/api/auth/login logger=org.hibernate.SQL msg="
    select
        u1_0.id,
        u1_0.created_at,
        u1_0.email,
        u1_0.first_name,
        u1_0.last_login_at,
        u1_0.last_name,
        u1_0.password,
        u1_0.role,
        u1_0.status,
        u1_0.tenant_id,
        u1_0.updated_at,
        u1_0.version 
    from
        users u1_0 
    where
        u1_0.id=? 
        and u1_0.tenant_id=?"
2026-05-21T01:44:45.429+03:00 level=DEBUG app=workhub corr=e6b624c5-61a1-424c-b6cb-a74aede0b131 method=POST path=/api/auth/login logger=org.hibernate.SQL msg="
    update
        users 
    set
        email=?,
        first_name=?,
        last_login_at=?,
        last_name=?,
        password=?,
        role=?,
        status=?,
        tenant_id=?,
        updated_at=?,
        version=? 
    where
        id=? 
        and version=?"
2026-05-21T01:44:45.431+03:00 level=INFO  app=workhub corr=e6b624c5-61a1-424c-b6cb-a74aede0b131 method=POST path=/api/auth/login logger=c.workhub.controller.AuthController msg="Login successful for user: tenant2.user@demo.com (tenant: 2)"
2026-05-21T01:44:45.432+03:00 level=INFO  app=workhub corr=e6b624c5-61a1-424c-b6cb-a74aede0b131 method=POST path=/api/auth/login logger=c.w.security.RequestTracingFilter msg="request-end status=200 durationMs=75"
2026-05-21T01:44:45.435+03:00 level=INFO  app=workhub corr=9d26b14e-5983-4ad3-ab50-b3ac963b3e20 method=GET path=/api/projects/1 logger=c.w.security.RequestTracingFilter msg="request-start"
2026-05-21T01:44:45.436+03:00 level=DEBUG app=workhub corr=9d26b14e-5983-4ad3-ab50-b3ac963b3e20 method=GET path=/api/projects/1 logger=o.s.security.web.FilterChainProxy msg="Securing GET /api/projects/1"
2026-05-21T01:44:45.456+03:00 level=DEBUG app=workhub corr=9d26b14e-5983-4ad3-ab50-b3ac963b3e20 method=GET path=/api/projects/1 logger=org.hibernate.SQL msg="
    select
        u1_0.id,
        u1_0.created_at,
        u1_0.email,
        u1_0.first_name,
        u1_0.last_login_at,
        u1_0.last_name,
        u1_0.password,
        u1_0.role,
        u1_0.status,
        u1_0.tenant_id,
        u1_0.updated_at,
        u1_0.version 
    from
        users u1_0 
    where
        u1_0.email=?"
2026-05-21T01:44:45.463+03:00 level=DEBUG app=workhub corr=9d26b14e-5983-4ad3-ab50-b3ac963b3e20 method=GET path=/api/projects/1 logger=o.s.security.web.FilterChainProxy msg="Secured GET /api/projects/1"
2026-05-21T01:44:45.465+03:00 level=DEBUG app=workhub corr=9d26b14e-5983-4ad3-ab50-b3ac963b3e20 method=GET path=/api/projects/1 logger=o.s.s.a.m.AuthorizationManagerBeforeMethodInterceptor msg="Authorizing method invocation ReflectiveMethodInvocation: public org.springframework.http.ResponseEntity com.workhub.controller.ProjectController.getProjectById(java.lang.Long); target is of class [com.workhub.controller.ProjectController]"
2026-05-21T01:44:45.490+03:00 level=DEBUG app=workhub corr=9d26b14e-5983-4ad3-ab50-b3ac963b3e20 method=GET path=/api/projects/1 logger=o.s.s.a.m.AuthorizationManagerBeforeMethodInterceptor msg="Authorized method invocation ReflectiveMethodInvocation: public org.springframework.http.ResponseEntity com.workhub.controller.ProjectController.getProjectById(java.lang.Long); target is of class [com.workhub.controller.ProjectController]"
2026-05-21T01:44:45.498+03:00 level=DEBUG app=workhub corr=9d26b14e-5983-4ad3-ab50-b3ac963b3e20 method=GET path=/api/projects/1 logger=org.hibernate.SQL msg="
    select
        distinct p1_0.id,
        p1_0.created_at,
        p1_0.created_by_id,
        cb1_0.id,
        cb1_0.created_at,
        cb1_0.email,
        cb1_0.first_name,
        cb1_0.last_login_at,
        cb1_0.last_name,
        cb1_0.password,
        cb1_0.role,
        cb1_0.status,
        cb1_0.tenant_id,
        cb1_0.updated_at,
        cb1_0.version,
        p1_0.description,
        p1_0.end_date,
        p1_0.name,
        p1_0.project_key,
        p1_0.start_date,
        p1_0.status,
        t2_0.project_id,
        t2_0.id,
        t2_0.actual_hours,
        t2_0.assigned_to_id,
        t2_0.completed_at,
        t2_0.created_at,
        t2_0.description,
        t2_0.due_date,
        t2_0.estimated_hours,
        t2_0.priority,
        t2_0.status,
        t2_0.tenant_id,
        t2_0.title,
        t2_0.updated_at,
        t2_0.version,
        p1_0.tenant_id,
        t1_0.id,
        t1_0.created_at,
        t1_0.name,
        t1_0.plan,
        t1_0.status,
        t1_0.updated_at,
        t1_0.version,
        p1_0.updated_at,
        p1_0.version 
    from
        projects p1_0 
    join
        tenants t1_0 
            on t1_0.id=p1_0.tenant_id 
    join
        users cb1_0 
            on cb1_0.id=p1_0.created_by_id 
    left join
        tasks t2_0 
            on p1_0.id=t2_0.project_id 
    where
        p1_0.id=? 
        and p1_0.tenant_id=?"
2026-05-21T01:44:45.514+03:00 level=INFO  app=workhub corr=9d26b14e-5983-4ad3-ab50-b3ac963b3e20 method=GET path=/api/projects/1 logger=c.w.security.RequestTracingFilter msg="request-end status=404 durationMs=77"
2026-05-21T01:44:45.555+03:00 level=DEBUG app=workhub corr=na method=na path=na logger=org.hibernate.SQL msg="
    select
        t1_0.id,
        t1_0.created_at,
        t1_0.name,
        t1_0.plan,
        t1_0.status,
        t1_0.updated_at,
        t1_0.version 
    from
        tenants t1_0 
    where
        t1_0.id=?"
2026-05-21T01:44:45.559+03:00 level=DEBUG app=workhub corr=na method=na path=na logger=org.hibernate.SQL msg="
    select
        u1_0.id,
        u1_0.created_at,
        u1_0.email,
        u1_0.first_name,
        u1_0.last_login_at,
        u1_0.last_name,
        u1_0.password,
        u1_0.role,
        u1_0.status,
        u1_0.tenant_id,
        u1_0.updated_at,
        u1_0.version 
    from
        users u1_0 
    where
        u1_0.email=?"
2026-05-21T01:44:45.561+03:00 level=DEBUG app=workhub corr=na method=na path=na logger=org.hibernate.SQL msg="
    select
        p1_0.id,
        p1_0.created_at,
        p1_0.created_by_id,
        p1_0.description,
        p1_0.end_date,
        p1_0.name,
        p1_0.project_key,
        p1_0.start_date,
        p1_0.status,
        p1_0.tenant_id,
        p1_0.updated_at,
        p1_0.version 
    from
        projects p1_0 
    where
        p1_0.tenant_id=? 
        and p1_0.project_key=?"
2026-05-21T01:44:45.563+03:00 level=DEBUG app=workhub corr=na method=na path=na logger=org.hibernate.SQL msg="
    select
        t1_0.id,
        t1_0.actual_hours,
        t1_0.assigned_to_id,
        t1_0.completed_at,
        t1_0.created_at,
        t1_0.description,
        t1_0.due_date,
        t1_0.estimated_hours,
        t1_0.priority,
        t1_0.project_id,
        t1_0.status,
        t1_0.tenant_id,
        t1_0.title,
        t1_0.updated_at,
        t1_0.version 
    from
        tasks t1_0 
    where
        t1_0.tenant_id=? 
        and lower(t1_0.title) like lower(('%'||?||'%')) escape ''"
2026-05-21T01:44:45.566+03:00 level=DEBUG app=workhub corr=na method=na path=na logger=org.hibernate.SQL msg="
    select
        u1_0.id,
        u1_0.created_at,
        u1_0.email,
        u1_0.first_name,
        u1_0.last_login_at,
        u1_0.last_name,
        u1_0.password,
        u1_0.role,
        u1_0.status,
        u1_0.tenant_id,
        u1_0.updated_at,
        u1_0.version 
    from
        users u1_0 
    where
        u1_0.email=?"
2026-05-21T01:44:45.569+03:00 level=DEBUG app=workhub corr=na method=na path=na logger=org.hibernate.SQL msg="
    select
        t1_0.id,
        t1_0.created_at,
        t1_0.name,
        t1_0.plan,
        t1_0.status,
        t1_0.updated_at,
        t1_0.version 
    from
        tenants t1_0 
    where
        upper(t1_0.name)=upper(?)"
2026-05-21T01:44:45.572+03:00 level=DEBUG app=workhub corr=na method=na path=na logger=org.hibernate.SQL msg="
    select
        u1_0.id,
        u1_0.created_at,
        u1_0.email,
        u1_0.first_name,
        u1_0.last_login_at,
        u1_0.last_name,
        u1_0.password,
        u1_0.role,
        u1_0.status,
        u1_0.tenant_id,
        u1_0.updated_at,
        u1_0.version 
    from
        users u1_0 
    where
        u1_0.email=?"
2026-05-21T01:44:45.574+03:00 level=DEBUG app=workhub corr=na method=na path=na logger=org.hibernate.SQL msg="
    select
        p1_0.id,
        p1_0.created_at,
        p1_0.created_by_id,
        p1_0.description,
        p1_0.end_date,
        p1_0.name,
        p1_0.project_key,
        p1_0.start_date,
        p1_0.status,
        p1_0.tenant_id,
        p1_0.updated_at,
        p1_0.version 
    from
        projects p1_0 
    where
        p1_0.tenant_id=? 
        and p1_0.project_key=?"
2026-05-21T01:44:45.576+03:00 level=INFO  app=workhub corr=3f3221eb-2db3-4eef-95ea-3089bf64a2e3 method=POST path=/api/auth/login logger=c.w.security.RequestTracingFilter msg="request-start"
2026-05-21T01:44:45.576+03:00 level=DEBUG app=workhub corr=3f3221eb-2db3-4eef-95ea-3089bf64a2e3 method=POST path=/api/auth/login logger=o.s.security.web.FilterChainProxy msg="Securing POST /api/auth/login"
2026-05-21T01:44:45.576+03:00 level=DEBUG app=workhub corr=3f3221eb-2db3-4eef-95ea-3089bf64a2e3 method=POST path=/api/auth/login logger=o.s.s.w.a.AnonymousAuthenticationFilter msg="Set SecurityContextHolder to anonymous SecurityContext"
2026-05-21T01:44:45.576+03:00 level=DEBUG app=workhub corr=3f3221eb-2db3-4eef-95ea-3089bf64a2e3 method=POST path=/api/auth/login logger=o.s.security.web.FilterChainProxy msg="Secured POST /api/auth/login"
2026-05-21T01:44:45.577+03:00 level=INFO  app=workhub corr=3f3221eb-2db3-4eef-95ea-3089bf64a2e3 method=POST path=/api/auth/login logger=c.workhub.controller.AuthController msg="Login attempt for email: tenant2.admin@demo.com"
2026-05-21T01:44:45.579+03:00 level=DEBUG app=workhub corr=3f3221eb-2db3-4eef-95ea-3089bf64a2e3 method=POST path=/api/auth/login logger=org.hibernate.SQL msg="
    select
        u1_0.id,
        u1_0.created_at,
        u1_0.email,
        u1_0.first_name,
        u1_0.last_login_at,
        u1_0.last_name,
        u1_0.password,
        u1_0.role,
        u1_0.status,
        u1_0.tenant_id,
        u1_0.updated_at,
        u1_0.version 
    from
        users u1_0 
    where
        u1_0.email=?"
2026-05-21T01:44:45.645+03:00 level=DEBUG app=workhub corr=3f3221eb-2db3-4eef-95ea-3089bf64a2e3 method=POST path=/api/auth/login logger=o.s.s.a.d.DaoAuthenticationProvider msg="Authenticated user"
2026-05-21T01:44:45.646+03:00 level=DEBUG app=workhub corr=3f3221eb-2db3-4eef-95ea-3089bf64a2e3 method=POST path=/api/auth/login logger=org.hibernate.SQL msg="
    select
        u1_0.id,
        u1_0.created_at,
        u1_0.email,
        u1_0.first_name,
        u1_0.last_login_at,
        u1_0.last_name,
        u1_0.password,
        u1_0.role,
        u1_0.status,
        u1_0.tenant_id,
        u1_0.updated_at,
        u1_0.version 
    from
        users u1_0 
    where
        u1_0.id=? 
        and u1_0.tenant_id=?"
2026-05-21T01:44:45.647+03:00 level=DEBUG app=workhub corr=3f3221eb-2db3-4eef-95ea-3089bf64a2e3 method=POST path=/api/auth/login logger=org.hibernate.SQL msg="
    update
        users 
    set
        email=?,
        first_name=?,
        last_login_at=?,
        last_name=?,
        password=?,
        role=?,
        status=?,
        tenant_id=?,
        updated_at=?,
        version=? 
    where
        id=? 
        and version=?"
2026-05-21T01:44:45.650+03:00 level=INFO  app=workhub corr=3f3221eb-2db3-4eef-95ea-3089bf64a2e3 method=POST path=/api/auth/login logger=c.workhub.controller.AuthController msg="Login successful for user: tenant2.admin@demo.com (tenant: 2)"
2026-05-21T01:44:45.650+03:00 level=INFO  app=workhub corr=3f3221eb-2db3-4eef-95ea-3089bf64a2e3 method=POST path=/api/auth/login logger=c.w.security.RequestTracingFilter msg="request-end status=200 durationMs=75"
2026-05-21T01:44:45.652+03:00 level=INFO  app=workhub corr=48028e73-ba78-459d-9287-897a35353a9b method=POST path=/api/auth/login logger=c.w.security.RequestTracingFilter msg="request-start"
2026-05-21T01:44:45.653+03:00 level=DEBUG app=workhub corr=48028e73-ba78-459d-9287-897a35353a9b method=POST path=/api/auth/login logger=o.s.security.web.FilterChainProxy msg="Securing POST /api/auth/login"
2026-05-21T01:44:45.653+03:00 level=DEBUG app=workhub corr=48028e73-ba78-459d-9287-897a35353a9b method=POST path=/api/auth/login logger=o.s.s.w.a.AnonymousAuthenticationFilter msg="Set SecurityContextHolder to anonymous SecurityContext"
2026-05-21T01:44:45.653+03:00 level=DEBUG app=workhub corr=48028e73-ba78-459d-9287-897a35353a9b method=POST path=/api/auth/login logger=o.s.security.web.FilterChainProxy msg="Secured POST /api/auth/login"
2026-05-21T01:44:45.654+03:00 level=INFO  app=workhub corr=48028e73-ba78-459d-9287-897a35353a9b method=POST path=/api/auth/login logger=c.workhub.controller.AuthController msg="Login attempt for email: tenant2.user@demo.com"
2026-05-21T01:44:45.656+03:00 level=DEBUG app=workhub corr=48028e73-ba78-459d-9287-897a35353a9b method=POST path=/api/auth/login logger=org.hibernate.SQL msg="
    select
        u1_0.id,
        u1_0.created_at,
        u1_0.email,
        u1_0.first_name,
        u1_0.last_login_at,
        u1_0.last_name,
        u1_0.password,
        u1_0.role,
        u1_0.status,
        u1_0.tenant_id,
        u1_0.updated_at,
        u1_0.version 
    from
        users u1_0 
    where
        u1_0.email=?"
2026-05-21T01:44:45.719+03:00 level=DEBUG app=workhub corr=48028e73-ba78-459d-9287-897a35353a9b method=POST path=/api/auth/login logger=o.s.s.a.d.DaoAuthenticationProvider msg="Authenticated user"
2026-05-21T01:44:45.720+03:00 level=DEBUG app=workhub corr=48028e73-ba78-459d-9287-897a35353a9b method=POST path=/api/auth/login logger=org.hibernate.SQL msg="
    select
        u1_0.id,
        u1_0.created_at,
        u1_0.email,
        u1_0.first_name,
        u1_0.last_login_at,
        u1_0.last_name,
        u1_0.password,
        u1_0.role,
        u1_0.status,
        u1_0.tenant_id,
        u1_0.updated_at,
        u1_0.version 
    from
        users u1_0 
    where
        u1_0.id=? 
        and u1_0.tenant_id=?"
2026-05-21T01:44:45.722+03:00 level=DEBUG app=workhub corr=48028e73-ba78-459d-9287-897a35353a9b method=POST path=/api/auth/login logger=org.hibernate.SQL msg="
    update
        users 
    set
        email=?,
        first_name=?,
        last_login_at=?,
        last_name=?,
        password=?,
        role=?,
        status=?,
        tenant_id=?,
        updated_at=?,
        version=? 
    where
        id=? 
        and version=?"
2026-05-21T01:44:45.724+03:00 level=INFO  app=workhub corr=48028e73-ba78-459d-9287-897a35353a9b method=POST path=/api/auth/login logger=c.workhub.controller.AuthController msg="Login successful for user: tenant2.user@demo.com (tenant: 2)"
2026-05-21T01:44:45.725+03:00 level=INFO  app=workhub corr=48028e73-ba78-459d-9287-897a35353a9b method=POST path=/api/auth/login logger=c.w.security.RequestTracingFilter msg="request-end status=200 durationMs=72"
2026-05-21T01:44:45.727+03:00 level=INFO  app=workhub corr=c9a2e4bb-0e07-4a86-ae85-56719555c3f9 method=GET path=/api/projects logger=c.w.security.RequestTracingFilter msg="request-start"
2026-05-21T01:44:45.727+03:00 level=DEBUG app=workhub corr=c9a2e4bb-0e07-4a86-ae85-56719555c3f9 method=GET path=/api/projects logger=o.s.security.web.FilterChainProxy msg="Securing GET /api/projects"
2026-05-21T01:44:45.727+03:00 level=DEBUG app=workhub corr=c9a2e4bb-0e07-4a86-ae85-56719555c3f9 method=GET path=/api/projects logger=o.s.s.w.a.AnonymousAuthenticationFilter msg="Set SecurityContextHolder to anonymous SecurityContext"
2026-05-21T01:44:45.731+03:00 level=INFO  app=workhub corr=c9a2e4bb-0e07-4a86-ae85-56719555c3f9 method=GET path=/api/projects logger=c.w.security.RequestTracingFilter msg="request-end status=401 durationMs=4"
2026-05-21T01:44:45.738+03:00 level=DEBUG app=workhub corr=na method=na path=na logger=org.hibernate.SQL msg="
    select
        t1_0.id,
        t1_0.created_at,
        t1_0.name,
        t1_0.plan,
        t1_0.status,
        t1_0.updated_at,
        t1_0.version 
    from
        tenants t1_0 
    where
        t1_0.id=?"
2026-05-21T01:44:45.741+03:00 level=DEBUG app=workhub corr=na method=na path=na logger=org.hibernate.SQL msg="
    select
        u1_0.id,
        u1_0.created_at,
        u1_0.email,
        u1_0.first_name,
        u1_0.last_login_at,
        u1_0.last_name,
        u1_0.password,
        u1_0.role,
        u1_0.status,
        u1_0.tenant_id,
        u1_0.updated_at,
        u1_0.version 
    from
        users u1_0 
    where
        u1_0.email=?"
2026-05-21T01:44:45.744+03:00 level=DEBUG app=workhub corr=na method=na path=na logger=org.hibernate.SQL msg="
    select
        p1_0.id,
        p1_0.created_at,
        p1_0.created_by_id,
        p1_0.description,
        p1_0.end_date,
        p1_0.name,
        p1_0.project_key,
        p1_0.start_date,
        p1_0.status,
        p1_0.tenant_id,
        p1_0.updated_at,
        p1_0.version 
    from
        projects p1_0 
    where
        p1_0.tenant_id=? 
        and p1_0.project_key=?"
2026-05-21T01:44:45.748+03:00 level=DEBUG app=workhub corr=na method=na path=na logger=org.hibernate.SQL msg="
    select
        t1_0.id,
        t1_0.actual_hours,
        t1_0.assigned_to_id,
        t1_0.completed_at,
        t1_0.created_at,
        t1_0.description,
        t1_0.due_date,
        t1_0.estimated_hours,
        t1_0.priority,
        t1_0.project_id,
        t1_0.status,
        t1_0.tenant_id,
        t1_0.title,
        t1_0.updated_at,
        t1_0.version 
    from
        tasks t1_0 
    where
        t1_0.tenant_id=? 
        and lower(t1_0.title) like lower(('%'||?||'%')) escape ''"
2026-05-21T01:44:45.750+03:00 level=DEBUG app=workhub corr=na method=na path=na logger=org.hibernate.SQL msg="
    select
        u1_0.id,
        u1_0.created_at,
        u1_0.email,
        u1_0.first_name,
        u1_0.last_login_at,
        u1_0.last_name,
        u1_0.password,
        u1_0.role,
        u1_0.status,
        u1_0.tenant_id,
        u1_0.updated_at,
        u1_0.version 
    from
        users u1_0 
    where
        u1_0.email=?"
2026-05-21T01:44:45.754+03:00 level=DEBUG app=workhub corr=na method=na path=na logger=org.hibernate.SQL msg="
    select
        t1_0.id,
        t1_0.created_at,
        t1_0.name,
        t1_0.plan,
        t1_0.status,
        t1_0.updated_at,
        t1_0.version 
    from
        tenants t1_0 
    where
        upper(t1_0.name)=upper(?)"
2026-05-21T01:44:45.756+03:00 level=DEBUG app=workhub corr=na method=na path=na logger=org.hibernate.SQL msg="
    select
        u1_0.id,
        u1_0.created_at,
        u1_0.email,
        u1_0.first_name,
        u1_0.last_login_at,
        u1_0.last_name,
        u1_0.password,
        u1_0.role,
        u1_0.status,
        u1_0.tenant_id,
        u1_0.updated_at,
        u1_0.version 
    from
        users u1_0 
    where
        u1_0.email=?"
2026-05-21T01:44:45.758+03:00 level=DEBUG app=workhub corr=na method=na path=na logger=org.hibernate.SQL msg="
    select
        p1_0.id,
        p1_0.created_at,
        p1_0.created_by_id,
        p1_0.description,
        p1_0.end_date,
        p1_0.name,
        p1_0.project_key,
        p1_0.start_date,
        p1_0.status,
        p1_0.tenant_id,
        p1_0.updated_at,
        p1_0.version 
    from
        projects p1_0 
    where
        p1_0.tenant_id=? 
        and p1_0.project_key=?"
2026-05-21T01:44:45.759+03:00 level=INFO  app=workhub corr=922483ae-c8b2-4afa-8d99-16d4f2e02664 method=POST path=/api/auth/login logger=c.w.security.RequestTracingFilter msg="request-start"
2026-05-21T01:44:45.760+03:00 level=DEBUG app=workhub corr=922483ae-c8b2-4afa-8d99-16d4f2e02664 method=POST path=/api/auth/login logger=o.s.security.web.FilterChainProxy msg="Securing POST /api/auth/login"
2026-05-21T01:44:45.760+03:00 level=DEBUG app=workhub corr=922483ae-c8b2-4afa-8d99-16d4f2e02664 method=POST path=/api/auth/login logger=o.s.s.w.a.AnonymousAuthenticationFilter msg="Set SecurityContextHolder to anonymous SecurityContext"
2026-05-21T01:44:45.760+03:00 level=DEBUG app=workhub corr=922483ae-c8b2-4afa-8d99-16d4f2e02664 method=POST path=/api/auth/login logger=o.s.security.web.FilterChainProxy msg="Secured POST /api/auth/login"
2026-05-21T01:44:45.762+03:00 level=INFO  app=workhub corr=922483ae-c8b2-4afa-8d99-16d4f2e02664 method=POST path=/api/auth/login logger=c.workhub.controller.AuthController msg="Login attempt for email: tenant2.admin@demo.com"
2026-05-21T01:44:45.764+03:00 level=DEBUG app=workhub corr=922483ae-c8b2-4afa-8d99-16d4f2e02664 method=POST path=/api/auth/login logger=org.hibernate.SQL msg="
    select
        u1_0.id,
        u1_0.created_at,
        u1_0.email,
        u1_0.first_name,
        u1_0.last_login_at,
        u1_0.last_name,
        u1_0.password,
        u1_0.role,
        u1_0.status,
        u1_0.tenant_id,
        u1_0.updated_at,
        u1_0.version 
    from
        users u1_0 
    where
        u1_0.email=?"
2026-05-21T01:44:45.831+03:00 level=DEBUG app=workhub corr=922483ae-c8b2-4afa-8d99-16d4f2e02664 method=POST path=/api/auth/login logger=o.s.s.a.d.DaoAuthenticationProvider msg="Authenticated user"
2026-05-21T01:44:45.832+03:00 level=DEBUG app=workhub corr=922483ae-c8b2-4afa-8d99-16d4f2e02664 method=POST path=/api/auth/login logger=org.hibernate.SQL msg="
    select
        u1_0.id,
        u1_0.created_at,
        u1_0.email,
        u1_0.first_name,
        u1_0.last_login_at,
        u1_0.last_name,
        u1_0.password,
        u1_0.role,
        u1_0.status,
        u1_0.tenant_id,
        u1_0.updated_at,
        u1_0.version 
    from
        users u1_0 
    where
        u1_0.id=? 
        and u1_0.tenant_id=?"
2026-05-21T01:44:45.833+03:00 level=DEBUG app=workhub corr=922483ae-c8b2-4afa-8d99-16d4f2e02664 method=POST path=/api/auth/login logger=org.hibernate.SQL msg="
    update
        users 
    set
        email=?,
        first_name=?,
        last_login_at=?,
        last_name=?,
        password=?,
        role=?,
        status=?,
        tenant_id=?,
        updated_at=?,
        version=? 
    where
        id=? 
        and version=?"
2026-05-21T01:44:45.836+03:00 level=INFO  app=workhub corr=922483ae-c8b2-4afa-8d99-16d4f2e02664 method=POST path=/api/auth/login logger=c.workhub.controller.AuthController msg="Login successful for user: tenant2.admin@demo.com (tenant: 2)"
2026-05-21T01:44:45.838+03:00 level=INFO  app=workhub corr=922483ae-c8b2-4afa-8d99-16d4f2e02664 method=POST path=/api/auth/login logger=c.w.security.RequestTracingFilter msg="request-end status=200 durationMs=79"
2026-05-21T01:44:45.840+03:00 level=INFO  app=workhub corr=ed3f816a-e5a8-4ee1-b2ff-789ea5e822d7 method=POST path=/api/auth/login logger=c.w.security.RequestTracingFilter msg="request-start"
2026-05-21T01:44:45.840+03:00 level=DEBUG app=workhub corr=ed3f816a-e5a8-4ee1-b2ff-789ea5e822d7 method=POST path=/api/auth/login logger=o.s.security.web.FilterChainProxy msg="Securing POST /api/auth/login"
2026-05-21T01:44:45.840+03:00 level=DEBUG app=workhub corr=ed3f816a-e5a8-4ee1-b2ff-789ea5e822d7 method=POST path=/api/auth/login logger=o.s.s.w.a.AnonymousAuthenticationFilter msg="Set SecurityContextHolder to anonymous SecurityContext"
2026-05-21T01:44:45.840+03:00 level=DEBUG app=workhub corr=ed3f816a-e5a8-4ee1-b2ff-789ea5e822d7 method=POST path=/api/auth/login logger=o.s.security.web.FilterChainProxy msg="Secured POST /api/auth/login"
2026-05-21T01:44:45.841+03:00 level=INFO  app=workhub corr=ed3f816a-e5a8-4ee1-b2ff-789ea5e822d7 method=POST path=/api/auth/login logger=c.workhub.controller.AuthController msg="Login attempt for email: tenant2.user@demo.com"
2026-05-21T01:44:45.843+03:00 level=DEBUG app=workhub corr=ed3f816a-e5a8-4ee1-b2ff-789ea5e822d7 method=POST path=/api/auth/login logger=org.hibernate.SQL msg="
    select
        u1_0.id,
        u1_0.created_at,
        u1_0.email,
        u1_0.first_name,
        u1_0.last_login_at,
        u1_0.last_name,
        u1_0.password,
        u1_0.role,
        u1_0.status,
        u1_0.tenant_id,
        u1_0.updated_at,
        u1_0.version 
    from
        users u1_0 
    where
        u1_0.email=?"
2026-05-21T01:44:45.910+03:00 level=DEBUG app=workhub corr=ed3f816a-e5a8-4ee1-b2ff-789ea5e822d7 method=POST path=/api/auth/login logger=o.s.s.a.d.DaoAuthenticationProvider msg="Authenticated user"
2026-05-21T01:44:45.912+03:00 level=DEBUG app=workhub corr=ed3f816a-e5a8-4ee1-b2ff-789ea5e822d7 method=POST path=/api/auth/login logger=org.hibernate.SQL msg="
    select
        u1_0.id,
        u1_0.created_at,
        u1_0.email,
        u1_0.first_name,
        u1_0.last_login_at,
        u1_0.last_name,
        u1_0.password,
        u1_0.role,
        u1_0.status,
        u1_0.tenant_id,
        u1_0.updated_at,
        u1_0.version 
    from
        users u1_0 
    where
        u1_0.id=? 
        and u1_0.tenant_id=?"
2026-05-21T01:44:45.914+03:00 level=DEBUG app=workhub corr=ed3f816a-e5a8-4ee1-b2ff-789ea5e822d7 method=POST path=/api/auth/login logger=org.hibernate.SQL msg="
    update
        users 
    set
        email=?,
        first_name=?,
        last_login_at=?,
        last_name=?,
        password=?,
        role=?,
        status=?,
        tenant_id=?,
        updated_at=?,
        version=? 
    where
        id=? 
        and version=?"
2026-05-21T01:44:45.916+03:00 level=INFO  app=workhub corr=ed3f816a-e5a8-4ee1-b2ff-789ea5e822d7 method=POST path=/api/auth/login logger=c.workhub.controller.AuthController msg="Login successful for user: tenant2.user@demo.com (tenant: 2)"
2026-05-21T01:44:45.917+03:00 level=INFO  app=workhub corr=ed3f816a-e5a8-4ee1-b2ff-789ea5e822d7 method=POST path=/api/auth/login logger=c.w.security.RequestTracingFilter msg="request-end status=200 durationMs=77"
2026-05-21T01:44:45.918+03:00 level=INFO  app=workhub corr=dbdf24fb-5222-4d8a-9a39-70936298ef55 method=DELETE path=/api/tasks/1 logger=c.w.security.RequestTracingFilter msg="request-start"
2026-05-21T01:44:45.919+03:00 level=DEBUG app=workhub corr=dbdf24fb-5222-4d8a-9a39-70936298ef55 method=DELETE path=/api/tasks/1 logger=o.s.security.web.FilterChainProxy msg="Securing DELETE /api/tasks/1"
2026-05-21T01:44:45.925+03:00 level=DEBUG app=workhub corr=dbdf24fb-5222-4d8a-9a39-70936298ef55 method=DELETE path=/api/tasks/1 logger=org.hibernate.SQL msg="
    select
        u1_0.id,
        u1_0.created_at,
        u1_0.email,
        u1_0.first_name,
        u1_0.last_login_at,
        u1_0.last_name,
        u1_0.password,
        u1_0.role,
        u1_0.status,
        u1_0.tenant_id,
        u1_0.updated_at,
        u1_0.version 
    from
        users u1_0 
    where
        u1_0.email=?"
2026-05-21T01:44:45.930+03:00 level=DEBUG app=workhub corr=dbdf24fb-5222-4d8a-9a39-70936298ef55 method=DELETE path=/api/tasks/1 logger=o.s.security.web.FilterChainProxy msg="Secured DELETE /api/tasks/1"
2026-05-21T01:44:45.932+03:00 level=DEBUG app=workhub corr=dbdf24fb-5222-4d8a-9a39-70936298ef55 method=DELETE path=/api/tasks/1 logger=o.s.s.a.m.AuthorizationManagerBeforeMethodInterceptor msg="Authorizing method invocation ReflectiveMethodInvocation: public org.springframework.http.ResponseEntity com.workhub.controller.TaskController.deleteTask(java.lang.Long); target is of class [com.workhub.controller.TaskController]"
2026-05-21T01:44:45.932+03:00 level=DEBUG app=workhub corr=dbdf24fb-5222-4d8a-9a39-70936298ef55 method=DELETE path=/api/tasks/1 logger=o.s.s.a.m.AuthorizationManagerBeforeMethodInterceptor msg="Authorized method invocation ReflectiveMethodInvocation: public org.springframework.http.ResponseEntity com.workhub.controller.TaskController.deleteTask(java.lang.Long); target is of class [com.workhub.controller.TaskController]"
2026-05-21T01:44:45.932+03:00 level=INFO  app=workhub corr=dbdf24fb-5222-4d8a-9a39-70936298ef55 method=DELETE path=/api/tasks/1 logger=c.workhub.controller.TaskController msg="Deleting task: 1"
2026-05-21T01:44:45.933+03:00 level=INFO  app=workhub corr=dbdf24fb-5222-4d8a-9a39-70936298ef55 method=DELETE path=/api/tasks/1 logger=com.workhub.service.TaskService msg="Deleting task 1 for tenant: 2"
2026-05-21T01:44:45.943+03:00 level=DEBUG app=workhub corr=dbdf24fb-5222-4d8a-9a39-70936298ef55 method=DELETE path=/api/tasks/1 logger=org.hibernate.SQL msg="
    select
        case 
            when count(t1_0.id)>0 
                then true 
            else false 
    end 
from
    tasks t1_0 
where
    t1_0.id=? 
    and t1_0.tenant_id=?"
2026-05-21T01:44:45.946+03:00 level=WARN  app=workhub corr=dbdf24fb-5222-4d8a-9a39-70936298ef55 method=DELETE path=/api/tasks/1 logger=com.workhub.service.TaskService msg="Task 1 not found for tenant: 2"
2026-05-21T01:44:45.949+03:00 level=INFO  app=workhub corr=dbdf24fb-5222-4d8a-9a39-70936298ef55 method=DELETE path=/api/tasks/1 logger=c.w.security.RequestTracingFilter msg="request-end status=404 durationMs=30"
2026-05-21T01:44:45.957+03:00 level=DEBUG app=workhub corr=na method=na path=na logger=org.hibernate.SQL msg="
    select
        t1_0.id,
        t1_0.created_at,
        t1_0.name,
        t1_0.plan,
        t1_0.status,
        t1_0.updated_at,
        t1_0.version 
    from
        tenants t1_0 
    where
        t1_0.id=?"
2026-05-21T01:44:45.959+03:00 level=DEBUG app=workhub corr=na method=na path=na logger=org.hibernate.SQL msg="
    select
        u1_0.id,
        u1_0.created_at,
        u1_0.email,
        u1_0.first_name,
        u1_0.last_login_at,
        u1_0.last_name,
        u1_0.password,
        u1_0.role,
        u1_0.status,
        u1_0.tenant_id,
        u1_0.updated_at,
        u1_0.version 
    from
        users u1_0 
    where
        u1_0.email=?"
2026-05-21T01:44:45.961+03:00 level=DEBUG app=workhub corr=na method=na path=na logger=org.hibernate.SQL msg="
    select
        p1_0.id,
        p1_0.created_at,
        p1_0.created_by_id,
        p1_0.description,
        p1_0.end_date,
        p1_0.name,
        p1_0.project_key,
        p1_0.start_date,
        p1_0.status,
        p1_0.tenant_id,
        p1_0.updated_at,
        p1_0.version 
    from
        projects p1_0 
    where
        p1_0.tenant_id=? 
        and p1_0.project_key=?"
2026-05-21T01:44:45.964+03:00 level=DEBUG app=workhub corr=na method=na path=na logger=org.hibernate.SQL msg="
    select
        t1_0.id,
        t1_0.actual_hours,
        t1_0.assigned_to_id,
        t1_0.completed_at,
        t1_0.created_at,
        t1_0.description,
        t1_0.due_date,
        t1_0.estimated_hours,
        t1_0.priority,
        t1_0.project_id,
        t1_0.status,
        t1_0.tenant_id,
        t1_0.title,
        t1_0.updated_at,
        t1_0.version 
    from
        tasks t1_0 
    where
        t1_0.tenant_id=? 
        and lower(t1_0.title) like lower(('%'||?||'%')) escape ''"
2026-05-21T01:44:45.966+03:00 level=DEBUG app=workhub corr=na method=na path=na logger=org.hibernate.SQL msg="
    select
        u1_0.id,
        u1_0.created_at,
        u1_0.email,
        u1_0.first_name,
        u1_0.last_login_at,
        u1_0.last_name,
        u1_0.password,
        u1_0.role,
        u1_0.status,
        u1_0.tenant_id,
        u1_0.updated_at,
        u1_0.version 
    from
        users u1_0 
    where
        u1_0.email=?"
2026-05-21T01:44:45.968+03:00 level=DEBUG app=workhub corr=na method=na path=na logger=org.hibernate.SQL msg="
    select
        t1_0.id,
        t1_0.created_at,
        t1_0.name,
        t1_0.plan,
        t1_0.status,
        t1_0.updated_at,
        t1_0.version 
    from
        tenants t1_0 
    where
        upper(t1_0.name)=upper(?)"
2026-05-21T01:44:45.971+03:00 level=DEBUG app=workhub corr=na method=na path=na logger=org.hibernate.SQL msg="
    select
        u1_0.id,
        u1_0.created_at,
        u1_0.email,
        u1_0.first_name,
        u1_0.last_login_at,
        u1_0.last_name,
        u1_0.password,
        u1_0.role,
        u1_0.status,
        u1_0.tenant_id,
        u1_0.updated_at,
        u1_0.version 
    from
        users u1_0 
    where
        u1_0.email=?"
2026-05-21T01:44:45.972+03:00 level=DEBUG app=workhub corr=na method=na path=na logger=org.hibernate.SQL msg="
    select
        p1_0.id,
        p1_0.created_at,
        p1_0.created_by_id,
        p1_0.description,
        p1_0.end_date,
        p1_0.name,
        p1_0.project_key,
        p1_0.start_date,
        p1_0.status,
        p1_0.tenant_id,
        p1_0.updated_at,
        p1_0.version 
    from
        projects p1_0 
    where
        p1_0.tenant_id=? 
        and p1_0.project_key=?"
2026-05-21T01:44:45.974+03:00 level=INFO  app=workhub corr=afc2dada-c7fb-4c2b-b9ed-315075f66d4a method=POST path=/api/auth/login logger=c.w.security.RequestTracingFilter msg="request-start"
2026-05-21T01:44:45.974+03:00 level=DEBUG app=workhub corr=afc2dada-c7fb-4c2b-b9ed-315075f66d4a method=POST path=/api/auth/login logger=o.s.security.web.FilterChainProxy msg="Securing POST /api/auth/login"
2026-05-21T01:44:45.975+03:00 level=DEBUG app=workhub corr=afc2dada-c7fb-4c2b-b9ed-315075f66d4a method=POST path=/api/auth/login logger=o.s.s.w.a.AnonymousAuthenticationFilter msg="Set SecurityContextHolder to anonymous SecurityContext"
2026-05-21T01:44:45.975+03:00 level=DEBUG app=workhub corr=afc2dada-c7fb-4c2b-b9ed-315075f66d4a method=POST path=/api/auth/login logger=o.s.security.web.FilterChainProxy msg="Secured POST /api/auth/login"
2026-05-21T01:44:45.976+03:00 level=INFO  app=workhub corr=afc2dada-c7fb-4c2b-b9ed-315075f66d4a method=POST path=/api/auth/login logger=c.workhub.controller.AuthController msg="Login attempt for email: tenant2.admin@demo.com"
2026-05-21T01:44:45.978+03:00 level=DEBUG app=workhub corr=afc2dada-c7fb-4c2b-b9ed-315075f66d4a method=POST path=/api/auth/login logger=org.hibernate.SQL msg="
    select
        u1_0.id,
        u1_0.created_at,
        u1_0.email,
        u1_0.first_name,
        u1_0.last_login_at,
        u1_0.last_name,
        u1_0.password,
        u1_0.role,
        u1_0.status,
        u1_0.tenant_id,
        u1_0.updated_at,
        u1_0.version 
    from
        users u1_0 
    where
        u1_0.email=?"
2026-05-21T01:44:46.041+03:00 level=DEBUG app=workhub corr=afc2dada-c7fb-4c2b-b9ed-315075f66d4a method=POST path=/api/auth/login logger=o.s.s.a.d.DaoAuthenticationProvider msg="Authenticated user"
2026-05-21T01:44:46.042+03:00 level=DEBUG app=workhub corr=afc2dada-c7fb-4c2b-b9ed-315075f66d4a method=POST path=/api/auth/login logger=org.hibernate.SQL msg="
    select
        u1_0.id,
        u1_0.created_at,
        u1_0.email,
        u1_0.first_name,
        u1_0.last_login_at,
        u1_0.last_name,
        u1_0.password,
        u1_0.role,
        u1_0.status,
        u1_0.tenant_id,
        u1_0.updated_at,
        u1_0.version 
    from
        users u1_0 
    where
        u1_0.id=? 
        and u1_0.tenant_id=?"
2026-05-21T01:44:46.044+03:00 level=DEBUG app=workhub corr=afc2dada-c7fb-4c2b-b9ed-315075f66d4a method=POST path=/api/auth/login logger=org.hibernate.SQL msg="
    update
        users 
    set
        email=?,
        first_name=?,
        last_login_at=?,
        last_name=?,
        password=?,
        role=?,
        status=?,
        tenant_id=?,
        updated_at=?,
        version=? 
    where
        id=? 
        and version=?"
2026-05-21T01:44:46.047+03:00 level=INFO  app=workhub corr=afc2dada-c7fb-4c2b-b9ed-315075f66d4a method=POST path=/api/auth/login logger=c.workhub.controller.AuthController msg="Login successful for user: tenant2.admin@demo.com (tenant: 2)"
2026-05-21T01:44:46.048+03:00 level=INFO  app=workhub corr=afc2dada-c7fb-4c2b-b9ed-315075f66d4a method=POST path=/api/auth/login logger=c.w.security.RequestTracingFilter msg="request-end status=200 durationMs=74"
2026-05-21T01:44:46.049+03:00 level=INFO  app=workhub corr=40431cad-45dd-4d70-8a65-173bf9268a25 method=POST path=/api/auth/login logger=c.w.security.RequestTracingFilter msg="request-start"
2026-05-21T01:44:46.050+03:00 level=DEBUG app=workhub corr=40431cad-45dd-4d70-8a65-173bf9268a25 method=POST path=/api/auth/login logger=o.s.security.web.FilterChainProxy msg="Securing POST /api/auth/login"
2026-05-21T01:44:46.050+03:00 level=DEBUG app=workhub corr=40431cad-45dd-4d70-8a65-173bf9268a25 method=POST path=/api/auth/login logger=o.s.s.w.a.AnonymousAuthenticationFilter msg="Set SecurityContextHolder to anonymous SecurityContext"
2026-05-21T01:44:46.051+03:00 level=DEBUG app=workhub corr=40431cad-45dd-4d70-8a65-173bf9268a25 method=POST path=/api/auth/login logger=o.s.security.web.FilterChainProxy msg="Secured POST /api/auth/login"
2026-05-21T01:44:46.052+03:00 level=INFO  app=workhub corr=40431cad-45dd-4d70-8a65-173bf9268a25 method=POST path=/api/auth/login logger=c.workhub.controller.AuthController msg="Login attempt for email: tenant2.user@demo.com"
2026-05-21T01:44:46.053+03:00 level=DEBUG app=workhub corr=40431cad-45dd-4d70-8a65-173bf9268a25 method=POST path=/api/auth/login logger=org.hibernate.SQL msg="
    select
        u1_0.id,
        u1_0.created_at,
        u1_0.email,
        u1_0.first_name,
        u1_0.last_login_at,
        u1_0.last_name,
        u1_0.password,
        u1_0.role,
        u1_0.status,
        u1_0.tenant_id,
        u1_0.updated_at,
        u1_0.version 
    from
        users u1_0 
    where
        u1_0.email=?"
2026-05-21T01:44:46.116+03:00 level=DEBUG app=workhub corr=40431cad-45dd-4d70-8a65-173bf9268a25 method=POST path=/api/auth/login logger=o.s.s.a.d.DaoAuthenticationProvider msg="Authenticated user"
2026-05-21T01:44:46.117+03:00 level=DEBUG app=workhub corr=40431cad-45dd-4d70-8a65-173bf9268a25 method=POST path=/api/auth/login logger=org.hibernate.SQL msg="
    select
        u1_0.id,
        u1_0.created_at,
        u1_0.email,
        u1_0.first_name,
        u1_0.last_login_at,
        u1_0.last_name,
        u1_0.password,
        u1_0.role,
        u1_0.status,
        u1_0.tenant_id,
        u1_0.updated_at,
        u1_0.version 
    from
        users u1_0 
    where
        u1_0.id=? 
        and u1_0.tenant_id=?"
2026-05-21T01:44:46.119+03:00 level=DEBUG app=workhub corr=40431cad-45dd-4d70-8a65-173bf9268a25 method=POST path=/api/auth/login logger=org.hibernate.SQL msg="
    update
        users 
    set
        email=?,
        first_name=?,
        last_login_at=?,
        last_name=?,
        password=?,
        role=?,
        status=?,
        tenant_id=?,
        updated_at=?,
        version=? 
    where
        id=? 
        and version=?"
2026-05-21T01:44:46.121+03:00 level=INFO  app=workhub corr=40431cad-45dd-4d70-8a65-173bf9268a25 method=POST path=/api/auth/login logger=c.workhub.controller.AuthController msg="Login successful for user: tenant2.user@demo.com (tenant: 2)"
2026-05-21T01:44:46.123+03:00 level=INFO  app=workhub corr=40431cad-45dd-4d70-8a65-173bf9268a25 method=POST path=/api/auth/login logger=c.w.security.RequestTracingFilter msg="request-end status=200 durationMs=74"
2026-05-21T01:44:46.125+03:00 level=INFO  app=workhub corr=a1d77a6c-69e5-4006-bf23-91bcaece8a1d method=GET path=/api/projects logger=c.w.security.RequestTracingFilter msg="request-start"
2026-05-21T01:44:46.126+03:00 level=DEBUG app=workhub corr=a1d77a6c-69e5-4006-bf23-91bcaece8a1d method=GET path=/api/projects logger=o.s.security.web.FilterChainProxy msg="Securing GET /api/projects"
2026-05-21T01:44:46.133+03:00 level=DEBUG app=workhub corr=a1d77a6c-69e5-4006-bf23-91bcaece8a1d method=GET path=/api/projects logger=org.hibernate.SQL msg="
    select
        u1_0.id,
        u1_0.created_at,
        u1_0.email,
        u1_0.first_name,
        u1_0.last_login_at,
        u1_0.last_name,
        u1_0.password,
        u1_0.role,
        u1_0.status,
        u1_0.tenant_id,
        u1_0.updated_at,
        u1_0.version 
    from
        users u1_0 
    where
        u1_0.email=?"
2026-05-21T01:44:46.139+03:00 level=DEBUG app=workhub corr=a1d77a6c-69e5-4006-bf23-91bcaece8a1d method=GET path=/api/projects logger=o.s.security.web.FilterChainProxy msg="Secured GET /api/projects"
2026-05-21T01:44:46.139+03:00 level=DEBUG app=workhub corr=a1d77a6c-69e5-4006-bf23-91bcaece8a1d method=GET path=/api/projects logger=o.s.s.a.m.AuthorizationManagerBeforeMethodInterceptor msg="Authorizing method invocation ReflectiveMethodInvocation: public org.springframework.http.ResponseEntity com.workhub.controller.ProjectController.getAllProjects(); target is of class [com.workhub.controller.ProjectController]"
2026-05-21T01:44:46.140+03:00 level=DEBUG app=workhub corr=a1d77a6c-69e5-4006-bf23-91bcaece8a1d method=GET path=/api/projects logger=o.s.s.a.m.AuthorizationManagerBeforeMethodInterceptor msg="Authorized method invocation ReflectiveMethodInvocation: public org.springframework.http.ResponseEntity com.workhub.controller.ProjectController.getAllProjects(); target is of class [com.workhub.controller.ProjectController]"
2026-05-21T01:44:46.144+03:00 level=DEBUG app=workhub corr=a1d77a6c-69e5-4006-bf23-91bcaece8a1d method=GET path=/api/projects logger=org.hibernate.SQL msg="
    select
        distinct p1_0.id,
        p1_0.created_at,
        p1_0.created_by_id,
        cb1_0.id,
        cb1_0.created_at,
        cb1_0.email,
        cb1_0.first_name,
        cb1_0.last_login_at,
        cb1_0.last_name,
        cb1_0.password,
        cb1_0.role,
        cb1_0.status,
        cb1_0.tenant_id,
        cb1_0.updated_at,
        cb1_0.version,
        p1_0.description,
        p1_0.end_date,
        p1_0.name,
        p1_0.project_key,
        p1_0.start_date,
        p1_0.status,
        t2_0.project_id,
        t2_0.id,
        t2_0.actual_hours,
        t2_0.assigned_to_id,
        t2_0.completed_at,
        t2_0.created_at,
        t2_0.description,
        t2_0.due_date,
        t2_0.estimated_hours,
        t2_0.priority,
        t2_0.status,
        t2_0.tenant_id,
        t2_0.title,
        t2_0.updated_at,
        t2_0.version,
        p1_0.tenant_id,
        t1_0.id,
        t1_0.created_at,
        t1_0.name,
        t1_0.plan,
        t1_0.status,
        t1_0.updated_at,
        t1_0.version,
        p1_0.updated_at,
        p1_0.version 
    from
        projects p1_0 
    join
        tenants t1_0 
            on t1_0.id=p1_0.tenant_id 
    join
        users cb1_0 
            on cb1_0.id=p1_0.created_by_id 
    left join
        tasks t2_0 
            on p1_0.id=t2_0.project_id 
    where
        p1_0.tenant_id=?"
2026-05-21T01:44:46.156+03:00 level=INFO  app=workhub corr=a1d77a6c-69e5-4006-bf23-91bcaece8a1d method=GET path=/api/projects logger=c.w.security.RequestTracingFilter msg="request-end status=200 durationMs=30"
2026-05-21T01:44:46.171+03:00 level=DEBUG app=workhub corr=na method=na path=na logger=org.hibernate.SQL msg="
    select
        t1_0.id,
        t1_0.created_at,
        t1_0.name,
        t1_0.plan,
        t1_0.status,
        t1_0.updated_at,
        t1_0.version 
    from
        tenants t1_0 
    where
        t1_0.id=?"
2026-05-21T01:44:46.174+03:00 level=DEBUG app=workhub corr=na method=na path=na logger=org.hibernate.SQL msg="
    select
        u1_0.id,
        u1_0.created_at,
        u1_0.email,
        u1_0.first_name,
        u1_0.last_login_at,
        u1_0.last_name,
        u1_0.password,
        u1_0.role,
        u1_0.status,
        u1_0.tenant_id,
        u1_0.updated_at,
        u1_0.version 
    from
        users u1_0 
    where
        u1_0.email=?"
2026-05-21T01:44:46.175+03:00 level=DEBUG app=workhub corr=na method=na path=na logger=org.hibernate.SQL msg="
    select
        p1_0.id,
        p1_0.created_at,
        p1_0.created_by_id,
        p1_0.description,
        p1_0.end_date,
        p1_0.name,
        p1_0.project_key,
        p1_0.start_date,
        p1_0.status,
        p1_0.tenant_id,
        p1_0.updated_at,
        p1_0.version 
    from
        projects p1_0 
    where
        p1_0.tenant_id=? 
        and p1_0.project_key=?"
2026-05-21T01:44:46.179+03:00 level=DEBUG app=workhub corr=na method=na path=na logger=org.hibernate.SQL msg="
    select
        t1_0.id,
        t1_0.actual_hours,
        t1_0.assigned_to_id,
        t1_0.completed_at,
        t1_0.created_at,
        t1_0.description,
        t1_0.due_date,
        t1_0.estimated_hours,
        t1_0.priority,
        t1_0.project_id,
        t1_0.status,
        t1_0.tenant_id,
        t1_0.title,
        t1_0.updated_at,
        t1_0.version 
    from
        tasks t1_0 
    where
        t1_0.tenant_id=? 
        and lower(t1_0.title) like lower(('%'||?||'%')) escape ''"
2026-05-21T01:44:46.181+03:00 level=DEBUG app=workhub corr=na method=na path=na logger=org.hibernate.SQL msg="
    select
        u1_0.id,
        u1_0.created_at,
        u1_0.email,
        u1_0.first_name,
        u1_0.last_login_at,
        u1_0.last_name,
        u1_0.password,
        u1_0.role,
        u1_0.status,
        u1_0.tenant_id,
        u1_0.updated_at,
        u1_0.version 
    from
        users u1_0 
    where
        u1_0.email=?"
2026-05-21T01:44:46.184+03:00 level=DEBUG app=workhub corr=na method=na path=na logger=org.hibernate.SQL msg="
    select
        t1_0.id,
        t1_0.created_at,
        t1_0.name,
        t1_0.plan,
        t1_0.status,
        t1_0.updated_at,
        t1_0.version 
    from
        tenants t1_0 
    where
        upper(t1_0.name)=upper(?)"
2026-05-21T01:44:46.187+03:00 level=DEBUG app=workhub corr=na method=na path=na logger=org.hibernate.SQL msg="
    select
        u1_0.id,
        u1_0.created_at,
        u1_0.email,
        u1_0.first_name,
        u1_0.last_login_at,
        u1_0.last_name,
        u1_0.password,
        u1_0.role,
        u1_0.status,
        u1_0.tenant_id,
        u1_0.updated_at,
        u1_0.version 
    from
        users u1_0 
    where
        u1_0.email=?"
2026-05-21T01:44:46.189+03:00 level=DEBUG app=workhub corr=na method=na path=na logger=org.hibernate.SQL msg="
    select
        p1_0.id,
        p1_0.created_at,
        p1_0.created_by_id,
        p1_0.description,
        p1_0.end_date,
        p1_0.name,
        p1_0.project_key,
        p1_0.start_date,
        p1_0.status,
        p1_0.tenant_id,
        p1_0.updated_at,
        p1_0.version 
    from
        projects p1_0 
    where
        p1_0.tenant_id=? 
        and p1_0.project_key=?"
2026-05-21T01:44:46.191+03:00 level=INFO  app=workhub corr=37fa7fee-6989-4a57-ab21-7e340454b802 method=POST path=/api/auth/login logger=c.w.security.RequestTracingFilter msg="request-start"
2026-05-21T01:44:46.192+03:00 level=DEBUG app=workhub corr=37fa7fee-6989-4a57-ab21-7e340454b802 method=POST path=/api/auth/login logger=o.s.security.web.FilterChainProxy msg="Securing POST /api/auth/login"
2026-05-21T01:44:46.192+03:00 level=DEBUG app=workhub corr=37fa7fee-6989-4a57-ab21-7e340454b802 method=POST path=/api/auth/login logger=o.s.s.w.a.AnonymousAuthenticationFilter msg="Set SecurityContextHolder to anonymous SecurityContext"
2026-05-21T01:44:46.192+03:00 level=DEBUG app=workhub corr=37fa7fee-6989-4a57-ab21-7e340454b802 method=POST path=/api/auth/login logger=o.s.security.web.FilterChainProxy msg="Secured POST /api/auth/login"
2026-05-21T01:44:46.193+03:00 level=INFO  app=workhub corr=37fa7fee-6989-4a57-ab21-7e340454b802 method=POST path=/api/auth/login logger=c.workhub.controller.AuthController msg="Login attempt for email: tenant2.admin@demo.com"
2026-05-21T01:44:46.195+03:00 level=DEBUG app=workhub corr=37fa7fee-6989-4a57-ab21-7e340454b802 method=POST path=/api/auth/login logger=org.hibernate.SQL msg="
    select
        u1_0.id,
        u1_0.created_at,
        u1_0.email,
        u1_0.first_name,
        u1_0.last_login_at,
        u1_0.last_name,
        u1_0.password,
        u1_0.role,
        u1_0.status,
        u1_0.tenant_id,
        u1_0.updated_at,
        u1_0.version 
    from
        users u1_0 
    where
        u1_0.email=?"
2026-05-21T01:44:46.266+03:00 level=DEBUG app=workhub corr=37fa7fee-6989-4a57-ab21-7e340454b802 method=POST path=/api/auth/login logger=o.s.s.a.d.DaoAuthenticationProvider msg="Authenticated user"
2026-05-21T01:44:46.269+03:00 level=DEBUG app=workhub corr=37fa7fee-6989-4a57-ab21-7e340454b802 method=POST path=/api/auth/login logger=org.hibernate.SQL msg="
    select
        u1_0.id,
        u1_0.created_at,
        u1_0.email,
        u1_0.first_name,
        u1_0.last_login_at,
        u1_0.last_name,
        u1_0.password,
        u1_0.role,
        u1_0.status,
        u1_0.tenant_id,
        u1_0.updated_at,
        u1_0.version 
    from
        users u1_0 
    where
        u1_0.id=? 
        and u1_0.tenant_id=?"
2026-05-21T01:44:46.271+03:00 level=DEBUG app=workhub corr=37fa7fee-6989-4a57-ab21-7e340454b802 method=POST path=/api/auth/login logger=org.hibernate.SQL msg="
    update
        users 
    set
        email=?,
        first_name=?,
        last_login_at=?,
        last_name=?,
        password=?,
        role=?,
        status=?,
        tenant_id=?,
        updated_at=?,
        version=? 
    where
        id=? 
        and version=?"
2026-05-21T01:44:46.276+03:00 level=INFO  app=workhub corr=37fa7fee-6989-4a57-ab21-7e340454b802 method=POST path=/api/auth/login logger=c.workhub.controller.AuthController msg="Login successful for user: tenant2.admin@demo.com (tenant: 2)"
2026-05-21T01:44:46.277+03:00 level=INFO  app=workhub corr=37fa7fee-6989-4a57-ab21-7e340454b802 method=POST path=/api/auth/login logger=c.w.security.RequestTracingFilter msg="request-end status=200 durationMs=86"
2026-05-21T01:44:46.279+03:00 level=INFO  app=workhub corr=e6950d68-47e0-46c6-bb20-629d6f2a0e48 method=POST path=/api/auth/login logger=c.w.security.RequestTracingFilter msg="request-start"
2026-05-21T01:44:46.280+03:00 level=DEBUG app=workhub corr=e6950d68-47e0-46c6-bb20-629d6f2a0e48 method=POST path=/api/auth/login logger=o.s.security.web.FilterChainProxy msg="Securing POST /api/auth/login"
2026-05-21T01:44:46.280+03:00 level=DEBUG app=workhub corr=e6950d68-47e0-46c6-bb20-629d6f2a0e48 method=POST path=/api/auth/login logger=o.s.s.w.a.AnonymousAuthenticationFilter msg="Set SecurityContextHolder to anonymous SecurityContext"
2026-05-21T01:44:46.281+03:00 level=DEBUG app=workhub corr=e6950d68-47e0-46c6-bb20-629d6f2a0e48 method=POST path=/api/auth/login logger=o.s.security.web.FilterChainProxy msg="Secured POST /api/auth/login"
2026-05-21T01:44:46.283+03:00 level=INFO  app=workhub corr=e6950d68-47e0-46c6-bb20-629d6f2a0e48 method=POST path=/api/auth/login logger=c.workhub.controller.AuthController msg="Login attempt for email: tenant2.user@demo.com"
2026-05-21T01:44:46.285+03:00 level=DEBUG app=workhub corr=e6950d68-47e0-46c6-bb20-629d6f2a0e48 method=POST path=/api/auth/login logger=org.hibernate.SQL msg="
    select
        u1_0.id,
        u1_0.created_at,
        u1_0.email,
        u1_0.first_name,
        u1_0.last_login_at,
        u1_0.last_name,
        u1_0.password,
        u1_0.role,
        u1_0.status,
        u1_0.tenant_id,
        u1_0.updated_at,
        u1_0.version 
    from
        users u1_0 
    where
        u1_0.email=?"
2026-05-21T01:44:46.352+03:00 level=DEBUG app=workhub corr=e6950d68-47e0-46c6-bb20-629d6f2a0e48 method=POST path=/api/auth/login logger=o.s.s.a.d.DaoAuthenticationProvider msg="Authenticated user"
2026-05-21T01:44:46.353+03:00 level=DEBUG app=workhub corr=e6950d68-47e0-46c6-bb20-629d6f2a0e48 method=POST path=/api/auth/login logger=org.hibernate.SQL msg="
    select
        u1_0.id,
        u1_0.created_at,
        u1_0.email,
        u1_0.first_name,
        u1_0.last_login_at,
        u1_0.last_name,
        u1_0.password,
        u1_0.role,
        u1_0.status,
        u1_0.tenant_id,
        u1_0.updated_at,
        u1_0.version 
    from
        users u1_0 
    where
        u1_0.id=? 
        and u1_0.tenant_id=?"
2026-05-21T01:44:46.354+03:00 level=DEBUG app=workhub corr=e6950d68-47e0-46c6-bb20-629d6f2a0e48 method=POST path=/api/auth/login logger=org.hibernate.SQL msg="
    update
        users 
    set
        email=?,
        first_name=?,
        last_login_at=?,
        last_name=?,
        password=?,
        role=?,
        status=?,
        tenant_id=?,
        updated_at=?,
        version=? 
    where
        id=? 
        and version=?"
2026-05-21T01:44:46.356+03:00 level=INFO  app=workhub corr=e6950d68-47e0-46c6-bb20-629d6f2a0e48 method=POST path=/api/auth/login logger=c.workhub.controller.AuthController msg="Login successful for user: tenant2.user@demo.com (tenant: 2)"
2026-05-21T01:44:46.358+03:00 level=INFO  app=workhub corr=e6950d68-47e0-46c6-bb20-629d6f2a0e48 method=POST path=/api/auth/login logger=c.w.security.RequestTracingFilter msg="request-end status=200 durationMs=78"
2026-05-21T01:44:46.360+03:00 level=INFO  app=workhub corr=28de02b9-231a-44ec-9045-bf35d138f58b method=GET path=/api/users/1 logger=c.w.security.RequestTracingFilter msg="request-start"
2026-05-21T01:44:46.360+03:00 level=DEBUG app=workhub corr=28de02b9-231a-44ec-9045-bf35d138f58b method=GET path=/api/users/1 logger=o.s.security.web.FilterChainProxy msg="Securing GET /api/users/1"
2026-05-21T01:44:46.366+03:00 level=DEBUG app=workhub corr=28de02b9-231a-44ec-9045-bf35d138f58b method=GET path=/api/users/1 logger=org.hibernate.SQL msg="
    select
        u1_0.id,
        u1_0.created_at,
        u1_0.email,
        u1_0.first_name,
        u1_0.last_login_at,
        u1_0.last_name,
        u1_0.password,
        u1_0.role,
        u1_0.status,
        u1_0.tenant_id,
        u1_0.updated_at,
        u1_0.version 
    from
        users u1_0 
    where
        u1_0.email=?"
2026-05-21T01:44:46.370+03:00 level=DEBUG app=workhub corr=28de02b9-231a-44ec-9045-bf35d138f58b method=GET path=/api/users/1 logger=o.s.security.web.FilterChainProxy msg="Secured GET /api/users/1"
2026-05-21T01:44:46.371+03:00 level=DEBUG app=workhub corr=28de02b9-231a-44ec-9045-bf35d138f58b method=GET path=/api/users/1 logger=o.s.s.a.m.AuthorizationManagerBeforeMethodInterceptor msg="Authorizing method invocation ReflectiveMethodInvocation: public org.springframework.http.ResponseEntity com.workhub.controller.UserController.getUserById(java.lang.Long); target is of class [com.workhub.controller.UserController]"
2026-05-21T01:44:46.372+03:00 level=DEBUG app=workhub corr=28de02b9-231a-44ec-9045-bf35d138f58b method=GET path=/api/users/1 logger=o.s.s.a.m.AuthorizationManagerBeforeMethodInterceptor msg="Authorized method invocation ReflectiveMethodInvocation: public org.springframework.http.ResponseEntity com.workhub.controller.UserController.getUserById(java.lang.Long); target is of class [com.workhub.controller.UserController]"
2026-05-21T01:44:46.374+03:00 level=DEBUG app=workhub corr=28de02b9-231a-44ec-9045-bf35d138f58b method=GET path=/api/users/1 logger=org.hibernate.SQL msg="
    select
        u1_0.id,
        u1_0.created_at,
        u1_0.email,
        u1_0.first_name,
        u1_0.last_login_at,
        u1_0.last_name,
        u1_0.password,
        u1_0.role,
        u1_0.status,
        u1_0.tenant_id,
        u1_0.updated_at,
        u1_0.version 
    from
        users u1_0 
    where
        u1_0.id=? 
        and u1_0.tenant_id=?"
2026-05-21T01:44:46.377+03:00 level=INFO  app=workhub corr=28de02b9-231a-44ec-9045-bf35d138f58b method=GET path=/api/users/1 logger=c.w.security.RequestTracingFilter msg="request-end status=404 durationMs=17"
2026-05-21T01:44:46.383+03:00 level=DEBUG app=workhub corr=na method=na path=na logger=org.hibernate.SQL msg="
    select
        t1_0.id,
        t1_0.created_at,
        t1_0.name,
        t1_0.plan,
        t1_0.status,
        t1_0.updated_at,
        t1_0.version 
    from
        tenants t1_0 
    where
        t1_0.id=?"
2026-05-21T01:44:46.386+03:00 level=DEBUG app=workhub corr=na method=na path=na logger=org.hibernate.SQL msg="
    select
        u1_0.id,
        u1_0.created_at,
        u1_0.email,
        u1_0.first_name,
        u1_0.last_login_at,
        u1_0.last_name,
        u1_0.password,
        u1_0.role,
        u1_0.status,
        u1_0.tenant_id,
        u1_0.updated_at,
        u1_0.version 
    from
        users u1_0 
    where
        u1_0.email=?"
2026-05-21T01:44:46.388+03:00 level=DEBUG app=workhub corr=na method=na path=na logger=org.hibernate.SQL msg="
    select
        p1_0.id,
        p1_0.created_at,
        p1_0.created_by_id,
        p1_0.description,
        p1_0.end_date,
        p1_0.name,
        p1_0.project_key,
        p1_0.start_date,
        p1_0.status,
        p1_0.tenant_id,
        p1_0.updated_at,
        p1_0.version 
    from
        projects p1_0 
    where
        p1_0.tenant_id=? 
        and p1_0.project_key=?"
2026-05-21T01:44:46.392+03:00 level=DEBUG app=workhub corr=na method=na path=na logger=org.hibernate.SQL msg="
    select
        t1_0.id,
        t1_0.actual_hours,
        t1_0.assigned_to_id,
        t1_0.completed_at,
        t1_0.created_at,
        t1_0.description,
        t1_0.due_date,
        t1_0.estimated_hours,
        t1_0.priority,
        t1_0.project_id,
        t1_0.status,
        t1_0.tenant_id,
        t1_0.title,
        t1_0.updated_at,
        t1_0.version 
    from
        tasks t1_0 
    where
        t1_0.tenant_id=? 
        and lower(t1_0.title) like lower(('%'||?||'%')) escape ''"
2026-05-21T01:44:46.395+03:00 level=DEBUG app=workhub corr=na method=na path=na logger=org.hibernate.SQL msg="
    select
        u1_0.id,
        u1_0.created_at,
        u1_0.email,
        u1_0.first_name,
        u1_0.last_login_at,
        u1_0.last_name,
        u1_0.password,
        u1_0.role,
        u1_0.status,
        u1_0.tenant_id,
        u1_0.updated_at,
        u1_0.version 
    from
        users u1_0 
    where
        u1_0.email=?"
2026-05-21T01:44:46.396+03:00 level=DEBUG app=workhub corr=na method=na path=na logger=org.hibernate.SQL msg="
    select
        t1_0.id,
        t1_0.created_at,
        t1_0.name,
        t1_0.plan,
        t1_0.status,
        t1_0.updated_at,
        t1_0.version 
    from
        tenants t1_0 
    where
        upper(t1_0.name)=upper(?)"
2026-05-21T01:44:46.398+03:00 level=DEBUG app=workhub corr=na method=na path=na logger=org.hibernate.SQL msg="
    select
        u1_0.id,
        u1_0.created_at,
        u1_0.email,
        u1_0.first_name,
        u1_0.last_login_at,
        u1_0.last_name,
        u1_0.password,
        u1_0.role,
        u1_0.status,
        u1_0.tenant_id,
        u1_0.updated_at,
        u1_0.version 
    from
        users u1_0 
    where
        u1_0.email=?"
2026-05-21T01:44:46.400+03:00 level=DEBUG app=workhub corr=na method=na path=na logger=org.hibernate.SQL msg="
    select
        p1_0.id,
        p1_0.created_at,
        p1_0.created_by_id,
        p1_0.description,
        p1_0.end_date,
        p1_0.name,
        p1_0.project_key,
        p1_0.start_date,
        p1_0.status,
        p1_0.tenant_id,
        p1_0.updated_at,
        p1_0.version 
    from
        projects p1_0 
    where
        p1_0.tenant_id=? 
        and p1_0.project_key=?"
2026-05-21T01:44:46.402+03:00 level=INFO  app=workhub corr=53bf4078-d462-468d-b2cd-d4f4c0286c5c method=POST path=/api/auth/login logger=c.w.security.RequestTracingFilter msg="request-start"
2026-05-21T01:44:46.402+03:00 level=DEBUG app=workhub corr=53bf4078-d462-468d-b2cd-d4f4c0286c5c method=POST path=/api/auth/login logger=o.s.security.web.FilterChainProxy msg="Securing POST /api/auth/login"
2026-05-21T01:44:46.403+03:00 level=DEBUG app=workhub corr=53bf4078-d462-468d-b2cd-d4f4c0286c5c method=POST path=/api/auth/login logger=o.s.s.w.a.AnonymousAuthenticationFilter msg="Set SecurityContextHolder to anonymous SecurityContext"
2026-05-21T01:44:46.403+03:00 level=DEBUG app=workhub corr=53bf4078-d462-468d-b2cd-d4f4c0286c5c method=POST path=/api/auth/login logger=o.s.security.web.FilterChainProxy msg="Secured POST /api/auth/login"
2026-05-21T01:44:46.404+03:00 level=INFO  app=workhub corr=53bf4078-d462-468d-b2cd-d4f4c0286c5c method=POST path=/api/auth/login logger=c.workhub.controller.AuthController msg="Login attempt for email: tenant2.admin@demo.com"
2026-05-21T01:44:46.405+03:00 level=DEBUG app=workhub corr=53bf4078-d462-468d-b2cd-d4f4c0286c5c method=POST path=/api/auth/login logger=org.hibernate.SQL msg="
    select
        u1_0.id,
        u1_0.created_at,
        u1_0.email,
        u1_0.first_name,
        u1_0.last_login_at,
        u1_0.last_name,
        u1_0.password,
        u1_0.role,
        u1_0.status,
        u1_0.tenant_id,
        u1_0.updated_at,
        u1_0.version 
    from
        users u1_0 
    where
        u1_0.email=?"
2026-05-21T01:44:46.467+03:00 level=DEBUG app=workhub corr=53bf4078-d462-468d-b2cd-d4f4c0286c5c method=POST path=/api/auth/login logger=o.s.s.a.d.DaoAuthenticationProvider msg="Authenticated user"
2026-05-21T01:44:46.469+03:00 level=DEBUG app=workhub corr=53bf4078-d462-468d-b2cd-d4f4c0286c5c method=POST path=/api/auth/login logger=org.hibernate.SQL msg="
    select
        u1_0.id,
        u1_0.created_at,
        u1_0.email,
        u1_0.first_name,
        u1_0.last_login_at,
        u1_0.last_name,
        u1_0.password,
        u1_0.role,
        u1_0.status,
        u1_0.tenant_id,
        u1_0.updated_at,
        u1_0.version 
    from
        users u1_0 
    where
        u1_0.id=? 
        and u1_0.tenant_id=?"
2026-05-21T01:44:46.471+03:00 level=DEBUG app=workhub corr=53bf4078-d462-468d-b2cd-d4f4c0286c5c method=POST path=/api/auth/login logger=org.hibernate.SQL msg="
    update
        users 
    set
        email=?,
        first_name=?,
        last_login_at=?,
        last_name=?,
        password=?,
        role=?,
        status=?,
        tenant_id=?,
        updated_at=?,
        version=? 
    where
        id=? 
        and version=?"
2026-05-21T01:44:46.473+03:00 level=INFO  app=workhub corr=53bf4078-d462-468d-b2cd-d4f4c0286c5c method=POST path=/api/auth/login logger=c.workhub.controller.AuthController msg="Login successful for user: tenant2.admin@demo.com (tenant: 2)"
2026-05-21T01:44:46.475+03:00 level=INFO  app=workhub corr=53bf4078-d462-468d-b2cd-d4f4c0286c5c method=POST path=/api/auth/login logger=c.w.security.RequestTracingFilter msg="request-end status=200 durationMs=73"
2026-05-21T01:44:46.476+03:00 level=INFO  app=workhub corr=f809969a-f799-4772-b70c-d4055badae7f method=POST path=/api/auth/login logger=c.w.security.RequestTracingFilter msg="request-start"
2026-05-21T01:44:46.476+03:00 level=DEBUG app=workhub corr=f809969a-f799-4772-b70c-d4055badae7f method=POST path=/api/auth/login logger=o.s.security.web.FilterChainProxy msg="Securing POST /api/auth/login"
2026-05-21T01:44:46.477+03:00 level=DEBUG app=workhub corr=f809969a-f799-4772-b70c-d4055badae7f method=POST path=/api/auth/login logger=o.s.s.w.a.AnonymousAuthenticationFilter msg="Set SecurityContextHolder to anonymous SecurityContext"
2026-05-21T01:44:46.477+03:00 level=DEBUG app=workhub corr=f809969a-f799-4772-b70c-d4055badae7f method=POST path=/api/auth/login logger=o.s.security.web.FilterChainProxy msg="Secured POST /api/auth/login"
2026-05-21T01:44:46.478+03:00 level=INFO  app=workhub corr=f809969a-f799-4772-b70c-d4055badae7f method=POST path=/api/auth/login logger=c.workhub.controller.AuthController msg="Login attempt for email: tenant2.user@demo.com"
2026-05-21T01:44:46.479+03:00 level=DEBUG app=workhub corr=f809969a-f799-4772-b70c-d4055badae7f method=POST path=/api/auth/login logger=org.hibernate.SQL msg="
    select
        u1_0.id,
        u1_0.created_at,
        u1_0.email,
        u1_0.first_name,
        u1_0.last_login_at,
        u1_0.last_name,
        u1_0.password,
        u1_0.role,
        u1_0.status,
        u1_0.tenant_id,
        u1_0.updated_at,
        u1_0.version 
    from
        users u1_0 
    where
        u1_0.email=?"
2026-05-21T01:44:46.542+03:00 level=DEBUG app=workhub corr=f809969a-f799-4772-b70c-d4055badae7f method=POST path=/api/auth/login logger=o.s.s.a.d.DaoAuthenticationProvider msg="Authenticated user"
2026-05-21T01:44:46.543+03:00 level=DEBUG app=workhub corr=f809969a-f799-4772-b70c-d4055badae7f method=POST path=/api/auth/login logger=org.hibernate.SQL msg="
    select
        u1_0.id,
        u1_0.created_at,
        u1_0.email,
        u1_0.first_name,
        u1_0.last_login_at,
        u1_0.last_name,
        u1_0.password,
        u1_0.role,
        u1_0.status,
        u1_0.tenant_id,
        u1_0.updated_at,
        u1_0.version 
    from
        users u1_0 
    where
        u1_0.id=? 
        and u1_0.tenant_id=?"
2026-05-21T01:44:46.546+03:00 level=DEBUG app=workhub corr=f809969a-f799-4772-b70c-d4055badae7f method=POST path=/api/auth/login logger=org.hibernate.SQL msg="
    update
        users 
    set
        email=?,
        first_name=?,
        last_login_at=?,
        last_name=?,
        password=?,
        role=?,
        status=?,
        tenant_id=?,
        updated_at=?,
        version=? 
    where
        id=? 
        and version=?"
2026-05-21T01:44:46.547+03:00 level=INFO  app=workhub corr=f809969a-f799-4772-b70c-d4055badae7f method=POST path=/api/auth/login logger=c.workhub.controller.AuthController msg="Login successful for user: tenant2.user@demo.com (tenant: 2)"
2026-05-21T01:44:46.548+03:00 level=INFO  app=workhub corr=f809969a-f799-4772-b70c-d4055badae7f method=POST path=/api/auth/login logger=c.w.security.RequestTracingFilter msg="request-end status=200 durationMs=72"
2026-05-21T01:44:46.549+03:00 level=INFO  app=workhub corr=99552642-84e0-4bb8-879d-0d1fd5cbaac0 method=POST path=/api/projects logger=c.w.security.RequestTracingFilter msg="request-start"
2026-05-21T01:44:46.549+03:00 level=DEBUG app=workhub corr=99552642-84e0-4bb8-879d-0d1fd5cbaac0 method=POST path=/api/projects logger=o.s.security.web.FilterChainProxy msg="Securing POST /api/projects"
2026-05-21T01:44:46.555+03:00 level=DEBUG app=workhub corr=99552642-84e0-4bb8-879d-0d1fd5cbaac0 method=POST path=/api/projects logger=org.hibernate.SQL msg="
    select
        u1_0.id,
        u1_0.created_at,
        u1_0.email,
        u1_0.first_name,
        u1_0.last_login_at,
        u1_0.last_name,
        u1_0.password,
        u1_0.role,
        u1_0.status,
        u1_0.tenant_id,
        u1_0.updated_at,
        u1_0.version 
    from
        users u1_0 
    where
        u1_0.email=?"
2026-05-21T01:44:46.561+03:00 level=INFO  app=workhub corr=99552642-84e0-4bb8-879d-0d1fd5cbaac0 method=POST path=/api/projects logger=c.w.security.RequestTracingFilter msg="request-end status=403 durationMs=12"
2026-05-21T01:44:46.569+03:00 level=DEBUG app=workhub corr=na method=na path=na logger=org.hibernate.SQL msg="
    select
        t1_0.id,
        t1_0.created_at,
        t1_0.name,
        t1_0.plan,
        t1_0.status,
        t1_0.updated_at,
        t1_0.version 
    from
        tenants t1_0 
    where
        t1_0.id=?"
2026-05-21T01:44:46.571+03:00 level=DEBUG app=workhub corr=na method=na path=na logger=org.hibernate.SQL msg="
    select
        u1_0.id,
        u1_0.created_at,
        u1_0.email,
        u1_0.first_name,
        u1_0.last_login_at,
        u1_0.last_name,
        u1_0.password,
        u1_0.role,
        u1_0.status,
        u1_0.tenant_id,
        u1_0.updated_at,
        u1_0.version 
    from
        users u1_0 
    where
        u1_0.email=?"
2026-05-21T01:44:46.573+03:00 level=DEBUG app=workhub corr=na method=na path=na logger=org.hibernate.SQL msg="
    select
        p1_0.id,
        p1_0.created_at,
        p1_0.created_by_id,
        p1_0.description,
        p1_0.end_date,
        p1_0.name,
        p1_0.project_key,
        p1_0.start_date,
        p1_0.status,
        p1_0.tenant_id,
        p1_0.updated_at,
        p1_0.version 
    from
        projects p1_0 
    where
        p1_0.tenant_id=? 
        and p1_0.project_key=?"
2026-05-21T01:44:46.575+03:00 level=DEBUG app=workhub corr=na method=na path=na logger=org.hibernate.SQL msg="
    select
        t1_0.id,
        t1_0.actual_hours,
        t1_0.assigned_to_id,
        t1_0.completed_at,
        t1_0.created_at,
        t1_0.description,
        t1_0.due_date,
        t1_0.estimated_hours,
        t1_0.priority,
        t1_0.project_id,
        t1_0.status,
        t1_0.tenant_id,
        t1_0.title,
        t1_0.updated_at,
        t1_0.version 
    from
        tasks t1_0 
    where
        t1_0.tenant_id=? 
        and lower(t1_0.title) like lower(('%'||?||'%')) escape ''"
2026-05-21T01:44:46.577+03:00 level=DEBUG app=workhub corr=na method=na path=na logger=org.hibernate.SQL msg="
    select
        u1_0.id,
        u1_0.created_at,
        u1_0.email,
        u1_0.first_name,
        u1_0.last_login_at,
        u1_0.last_name,
        u1_0.password,
        u1_0.role,
        u1_0.status,
        u1_0.tenant_id,
        u1_0.updated_at,
        u1_0.version 
    from
        users u1_0 
    where
        u1_0.email=?"
2026-05-21T01:44:46.579+03:00 level=DEBUG app=workhub corr=na method=na path=na logger=org.hibernate.SQL msg="
    select
        t1_0.id,
        t1_0.created_at,
        t1_0.name,
        t1_0.plan,
        t1_0.status,
        t1_0.updated_at,
        t1_0.version 
    from
        tenants t1_0 
    where
        upper(t1_0.name)=upper(?)"
2026-05-21T01:44:46.581+03:00 level=DEBUG app=workhub corr=na method=na path=na logger=org.hibernate.SQL msg="
    select
        u1_0.id,
        u1_0.created_at,
        u1_0.email,
        u1_0.first_name,
        u1_0.last_login_at,
        u1_0.last_name,
        u1_0.password,
        u1_0.role,
        u1_0.status,
        u1_0.tenant_id,
        u1_0.updated_at,
        u1_0.version 
    from
        users u1_0 
    where
        u1_0.email=?"
2026-05-21T01:44:46.583+03:00 level=DEBUG app=workhub corr=na method=na path=na logger=org.hibernate.SQL msg="
    select
        p1_0.id,
        p1_0.created_at,
        p1_0.created_by_id,
        p1_0.description,
        p1_0.end_date,
        p1_0.name,
        p1_0.project_key,
        p1_0.start_date,
        p1_0.status,
        p1_0.tenant_id,
        p1_0.updated_at,
        p1_0.version 
    from
        projects p1_0 
    where
        p1_0.tenant_id=? 
        and p1_0.project_key=?"
2026-05-21T01:44:46.584+03:00 level=INFO  app=workhub corr=e0c8ba3b-2378-495b-b80b-816db45a5ff4 method=POST path=/api/auth/login logger=c.w.security.RequestTracingFilter msg="request-start"
2026-05-21T01:44:46.584+03:00 level=DEBUG app=workhub corr=e0c8ba3b-2378-495b-b80b-816db45a5ff4 method=POST path=/api/auth/login logger=o.s.security.web.FilterChainProxy msg="Securing POST /api/auth/login"
2026-05-21T01:44:46.584+03:00 level=DEBUG app=workhub corr=e0c8ba3b-2378-495b-b80b-816db45a5ff4 method=POST path=/api/auth/login logger=o.s.s.w.a.AnonymousAuthenticationFilter msg="Set SecurityContextHolder to anonymous SecurityContext"
2026-05-21T01:44:46.584+03:00 level=DEBUG app=workhub corr=e0c8ba3b-2378-495b-b80b-816db45a5ff4 method=POST path=/api/auth/login logger=o.s.security.web.FilterChainProxy msg="Secured POST /api/auth/login"
2026-05-21T01:44:46.586+03:00 level=INFO  app=workhub corr=e0c8ba3b-2378-495b-b80b-816db45a5ff4 method=POST path=/api/auth/login logger=c.workhub.controller.AuthController msg="Login attempt for email: tenant2.admin@demo.com"
2026-05-21T01:44:46.587+03:00 level=DEBUG app=workhub corr=e0c8ba3b-2378-495b-b80b-816db45a5ff4 method=POST path=/api/auth/login logger=org.hibernate.SQL msg="
    select
        u1_0.id,
        u1_0.created_at,
        u1_0.email,
        u1_0.first_name,
        u1_0.last_login_at,
        u1_0.last_name,
        u1_0.password,
        u1_0.role,
        u1_0.status,
        u1_0.tenant_id,
        u1_0.updated_at,
        u1_0.version 
    from
        users u1_0 
    where
        u1_0.email=?"
2026-05-21T01:44:46.650+03:00 level=DEBUG app=workhub corr=e0c8ba3b-2378-495b-b80b-816db45a5ff4 method=POST path=/api/auth/login logger=o.s.s.a.d.DaoAuthenticationProvider msg="Authenticated user"
2026-05-21T01:44:46.651+03:00 level=DEBUG app=workhub corr=e0c8ba3b-2378-495b-b80b-816db45a5ff4 method=POST path=/api/auth/login logger=org.hibernate.SQL msg="
    select
        u1_0.id,
        u1_0.created_at,
        u1_0.email,
        u1_0.first_name,
        u1_0.last_login_at,
        u1_0.last_name,
        u1_0.password,
        u1_0.role,
        u1_0.status,
        u1_0.tenant_id,
        u1_0.updated_at,
        u1_0.version 
    from
        users u1_0 
    where
        u1_0.id=? 
        and u1_0.tenant_id=?"
2026-05-21T01:44:46.653+03:00 level=DEBUG app=workhub corr=e0c8ba3b-2378-495b-b80b-816db45a5ff4 method=POST path=/api/auth/login logger=org.hibernate.SQL msg="
    update
        users 
    set
        email=?,
        first_name=?,
        last_login_at=?,
        last_name=?,
        password=?,
        role=?,
        status=?,
        tenant_id=?,
        updated_at=?,
        version=? 
    where
        id=? 
        and version=?"
2026-05-21T01:44:46.654+03:00 level=INFO  app=workhub corr=e0c8ba3b-2378-495b-b80b-816db45a5ff4 method=POST path=/api/auth/login logger=c.workhub.controller.AuthController msg="Login successful for user: tenant2.admin@demo.com (tenant: 2)"
2026-05-21T01:44:46.656+03:00 level=INFO  app=workhub corr=e0c8ba3b-2378-495b-b80b-816db45a5ff4 method=POST path=/api/auth/login logger=c.w.security.RequestTracingFilter msg="request-end status=200 durationMs=71"
2026-05-21T01:44:46.657+03:00 level=INFO  app=workhub corr=01305452-2739-40af-b71e-7cbaf71f909d method=POST path=/api/auth/login logger=c.w.security.RequestTracingFilter msg="request-start"
2026-05-21T01:44:46.657+03:00 level=DEBUG app=workhub corr=01305452-2739-40af-b71e-7cbaf71f909d method=POST path=/api/auth/login logger=o.s.security.web.FilterChainProxy msg="Securing POST /api/auth/login"
2026-05-21T01:44:46.658+03:00 level=DEBUG app=workhub corr=01305452-2739-40af-b71e-7cbaf71f909d method=POST path=/api/auth/login logger=o.s.s.w.a.AnonymousAuthenticationFilter msg="Set SecurityContextHolder to anonymous SecurityContext"
2026-05-21T01:44:46.658+03:00 level=DEBUG app=workhub corr=01305452-2739-40af-b71e-7cbaf71f909d method=POST path=/api/auth/login logger=o.s.security.web.FilterChainProxy msg="Secured POST /api/auth/login"
2026-05-21T01:44:46.659+03:00 level=INFO  app=workhub corr=01305452-2739-40af-b71e-7cbaf71f909d method=POST path=/api/auth/login logger=c.workhub.controller.AuthController msg="Login attempt for email: tenant2.user@demo.com"
2026-05-21T01:44:46.660+03:00 level=DEBUG app=workhub corr=01305452-2739-40af-b71e-7cbaf71f909d method=POST path=/api/auth/login logger=org.hibernate.SQL msg="
    select
        u1_0.id,
        u1_0.created_at,
        u1_0.email,
        u1_0.first_name,
        u1_0.last_login_at,
        u1_0.last_name,
        u1_0.password,
        u1_0.role,
        u1_0.status,
        u1_0.tenant_id,
        u1_0.updated_at,
        u1_0.version 
    from
        users u1_0 
    where
        u1_0.email=?"
2026-05-21T01:44:46.723+03:00 level=DEBUG app=workhub corr=01305452-2739-40af-b71e-7cbaf71f909d method=POST path=/api/auth/login logger=o.s.s.a.d.DaoAuthenticationProvider msg="Authenticated user"
2026-05-21T01:44:46.725+03:00 level=DEBUG app=workhub corr=01305452-2739-40af-b71e-7cbaf71f909d method=POST path=/api/auth/login logger=org.hibernate.SQL msg="
    select
        u1_0.id,
        u1_0.created_at,
        u1_0.email,
        u1_0.first_name,
        u1_0.last_login_at,
        u1_0.last_name,
        u1_0.password,
        u1_0.role,
        u1_0.status,
        u1_0.tenant_id,
        u1_0.updated_at,
        u1_0.version 
    from
        users u1_0 
    where
        u1_0.id=? 
        and u1_0.tenant_id=?"
2026-05-21T01:44:46.727+03:00 level=DEBUG app=workhub corr=01305452-2739-40af-b71e-7cbaf71f909d method=POST path=/api/auth/login logger=org.hibernate.SQL msg="
    update
        users 
    set
        email=?,
        first_name=?,
        last_login_at=?,
        last_name=?,
        password=?,
        role=?,
        status=?,
        tenant_id=?,
        updated_at=?,
        version=? 
    where
        id=? 
        and version=?"
2026-05-21T01:44:46.729+03:00 level=INFO  app=workhub corr=01305452-2739-40af-b71e-7cbaf71f909d method=POST path=/api/auth/login logger=c.workhub.controller.AuthController msg="Login successful for user: tenant2.user@demo.com (tenant: 2)"
2026-05-21T01:44:46.730+03:00 level=INFO  app=workhub corr=01305452-2739-40af-b71e-7cbaf71f909d method=POST path=/api/auth/login logger=c.w.security.RequestTracingFilter msg="request-end status=200 durationMs=73"
2026-05-21T01:44:46.732+03:00 level=INFO  app=workhub corr=562b1539-6945-42ce-baad-4968c1fedd3b method=GET path=/api/users logger=c.w.security.RequestTracingFilter msg="request-start"
2026-05-21T01:44:46.733+03:00 level=DEBUG app=workhub corr=562b1539-6945-42ce-baad-4968c1fedd3b method=GET path=/api/users logger=o.s.security.web.FilterChainProxy msg="Securing GET /api/users"
2026-05-21T01:44:46.739+03:00 level=DEBUG app=workhub corr=562b1539-6945-42ce-baad-4968c1fedd3b method=GET path=/api/users logger=org.hibernate.SQL msg="
    select
        u1_0.id,
        u1_0.created_at,
        u1_0.email,
        u1_0.first_name,
        u1_0.last_login_at,
        u1_0.last_name,
        u1_0.password,
        u1_0.role,
        u1_0.status,
        u1_0.tenant_id,
        u1_0.updated_at,
        u1_0.version 
    from
        users u1_0 
    where
        u1_0.email=?"
2026-05-21T01:44:46.743+03:00 level=DEBUG app=workhub corr=562b1539-6945-42ce-baad-4968c1fedd3b method=GET path=/api/users logger=o.s.security.web.FilterChainProxy msg="Secured GET /api/users"
2026-05-21T01:44:46.744+03:00 level=DEBUG app=workhub corr=562b1539-6945-42ce-baad-4968c1fedd3b method=GET path=/api/users logger=o.s.s.a.m.AuthorizationManagerBeforeMethodInterceptor msg="Authorizing method invocation ReflectiveMethodInvocation: public org.springframework.http.ResponseEntity com.workhub.controller.UserController.getAllUsers(); target is of class [com.workhub.controller.UserController]"
2026-05-21T01:44:46.745+03:00 level=DEBUG app=workhub corr=562b1539-6945-42ce-baad-4968c1fedd3b method=GET path=/api/users logger=o.s.s.a.m.AuthorizationManagerBeforeMethodInterceptor msg="Authorized method invocation ReflectiveMethodInvocation: public org.springframework.http.ResponseEntity com.workhub.controller.UserController.getAllUsers(); target is of class [com.workhub.controller.UserController]"
2026-05-21T01:44:46.748+03:00 level=DEBUG app=workhub corr=562b1539-6945-42ce-baad-4968c1fedd3b method=GET path=/api/users logger=org.hibernate.SQL msg="
    select
        u1_0.id,
        u1_0.created_at,
        u1_0.email,
        u1_0.first_name,
        u1_0.last_login_at,
        u1_0.last_name,
        u1_0.password,
        u1_0.role,
        u1_0.status,
        u1_0.tenant_id,
        u1_0.updated_at,
        u1_0.version 
    from
        users u1_0 
    where
        u1_0.tenant_id=?"
2026-05-21T01:44:46.753+03:00 level=DEBUG app=workhub corr=562b1539-6945-42ce-baad-4968c1fedd3b method=GET path=/api/users logger=org.hibernate.SQL msg="
    select
        t1_0.id,
        t1_0.created_at,
        t1_0.name,
        t1_0.plan,
        t1_0.status,
        t1_0.updated_at,
        t1_0.version 
    from
        tenants t1_0 
    where
        t1_0.id=?"
2026-05-21T01:44:46.760+03:00 level=INFO  app=workhub corr=562b1539-6945-42ce-baad-4968c1fedd3b method=GET path=/api/users logger=c.w.security.RequestTracingFilter msg="request-end status=200 durationMs=27"
2026-05-21T01:44:46.767+03:00 level=DEBUG app=workhub corr=na method=na path=na logger=org.hibernate.SQL msg="
    select
        t1_0.id,
        t1_0.created_at,
        t1_0.name,
        t1_0.plan,
        t1_0.status,
        t1_0.updated_at,
        t1_0.version 
    from
        tenants t1_0 
    where
        t1_0.id=?"
2026-05-21T01:44:46.769+03:00 level=DEBUG app=workhub corr=na method=na path=na logger=org.hibernate.SQL msg="
    select
        u1_0.id,
        u1_0.created_at,
        u1_0.email,
        u1_0.first_name,
        u1_0.last_login_at,
        u1_0.last_name,
        u1_0.password,
        u1_0.role,
        u1_0.status,
        u1_0.tenant_id,
        u1_0.updated_at,
        u1_0.version 
    from
        users u1_0 
    where
        u1_0.email=?"
2026-05-21T01:44:46.771+03:00 level=DEBUG app=workhub corr=na method=na path=na logger=org.hibernate.SQL msg="
    select
        p1_0.id,
        p1_0.created_at,
        p1_0.created_by_id,
        p1_0.description,
        p1_0.end_date,
        p1_0.name,
        p1_0.project_key,
        p1_0.start_date,
        p1_0.status,
        p1_0.tenant_id,
        p1_0.updated_at,
        p1_0.version 
    from
        projects p1_0 
    where
        p1_0.tenant_id=? 
        and p1_0.project_key=?"
2026-05-21T01:44:46.774+03:00 level=DEBUG app=workhub corr=na method=na path=na logger=org.hibernate.SQL msg="
    select
        t1_0.id,
        t1_0.actual_hours,
        t1_0.assigned_to_id,
        t1_0.completed_at,
        t1_0.created_at,
        t1_0.description,
        t1_0.due_date,
        t1_0.estimated_hours,
        t1_0.priority,
        t1_0.project_id,
        t1_0.status,
        t1_0.tenant_id,
        t1_0.title,
        t1_0.updated_at,
        t1_0.version 
    from
        tasks t1_0 
    where
        t1_0.tenant_id=? 
        and lower(t1_0.title) like lower(('%'||?||'%')) escape ''"
2026-05-21T01:44:46.777+03:00 level=DEBUG app=workhub corr=na method=na path=na logger=org.hibernate.SQL msg="
    select
        u1_0.id,
        u1_0.created_at,
        u1_0.email,
        u1_0.first_name,
        u1_0.last_login_at,
        u1_0.last_name,
        u1_0.password,
        u1_0.role,
        u1_0.status,
        u1_0.tenant_id,
        u1_0.updated_at,
        u1_0.version 
    from
        users u1_0 
    where
        u1_0.email=?"
2026-05-21T01:44:46.780+03:00 level=DEBUG app=workhub corr=na method=na path=na logger=org.hibernate.SQL msg="
    select
        t1_0.id,
        t1_0.created_at,
        t1_0.name,
        t1_0.plan,
        t1_0.status,
        t1_0.updated_at,
        t1_0.version 
    from
        tenants t1_0 
    where
        upper(t1_0.name)=upper(?)"
2026-05-21T01:44:46.783+03:00 level=DEBUG app=workhub corr=na method=na path=na logger=org.hibernate.SQL msg="
    select
        u1_0.id,
        u1_0.created_at,
        u1_0.email,
        u1_0.first_name,
        u1_0.last_login_at,
        u1_0.last_name,
        u1_0.password,
        u1_0.role,
        u1_0.status,
        u1_0.tenant_id,
        u1_0.updated_at,
        u1_0.version 
    from
        users u1_0 
    where
        u1_0.email=?"
2026-05-21T01:44:46.784+03:00 level=DEBUG app=workhub corr=na method=na path=na logger=org.hibernate.SQL msg="
    select
        p1_0.id,
        p1_0.created_at,
        p1_0.created_by_id,
        p1_0.description,
        p1_0.end_date,
        p1_0.name,
        p1_0.project_key,
        p1_0.start_date,
        p1_0.status,
        p1_0.tenant_id,
        p1_0.updated_at,
        p1_0.version 
    from
        projects p1_0 
    where
        p1_0.tenant_id=? 
        and p1_0.project_key=?"
2026-05-21T01:44:46.785+03:00 level=INFO  app=workhub corr=c9a28037-4829-4d13-bda6-901b1a4d2d29 method=POST path=/api/auth/login logger=c.w.security.RequestTracingFilter msg="request-start"
2026-05-21T01:44:46.786+03:00 level=DEBUG app=workhub corr=c9a28037-4829-4d13-bda6-901b1a4d2d29 method=POST path=/api/auth/login logger=o.s.security.web.FilterChainProxy msg="Securing POST /api/auth/login"
2026-05-21T01:44:46.786+03:00 level=DEBUG app=workhub corr=c9a28037-4829-4d13-bda6-901b1a4d2d29 method=POST path=/api/auth/login logger=o.s.s.w.a.AnonymousAuthenticationFilter msg="Set SecurityContextHolder to anonymous SecurityContext"
2026-05-21T01:44:46.786+03:00 level=DEBUG app=workhub corr=c9a28037-4829-4d13-bda6-901b1a4d2d29 method=POST path=/api/auth/login logger=o.s.security.web.FilterChainProxy msg="Secured POST /api/auth/login"
2026-05-21T01:44:46.788+03:00 level=INFO  app=workhub corr=c9a28037-4829-4d13-bda6-901b1a4d2d29 method=POST path=/api/auth/login logger=c.workhub.controller.AuthController msg="Login attempt for email: tenant2.admin@demo.com"
2026-05-21T01:44:46.790+03:00 level=DEBUG app=workhub corr=c9a28037-4829-4d13-bda6-901b1a4d2d29 method=POST path=/api/auth/login logger=org.hibernate.SQL msg="
    select
        u1_0.id,
        u1_0.created_at,
        u1_0.email,
        u1_0.first_name,
        u1_0.last_login_at,
        u1_0.last_name,
        u1_0.password,
        u1_0.role,
        u1_0.status,
        u1_0.tenant_id,
        u1_0.updated_at,
        u1_0.version 
    from
        users u1_0 
    where
        u1_0.email=?"
2026-05-21T01:44:46.860+03:00 level=DEBUG app=workhub corr=c9a28037-4829-4d13-bda6-901b1a4d2d29 method=POST path=/api/auth/login logger=o.s.s.a.d.DaoAuthenticationProvider msg="Authenticated user"
2026-05-21T01:44:46.861+03:00 level=DEBUG app=workhub corr=c9a28037-4829-4d13-bda6-901b1a4d2d29 method=POST path=/api/auth/login logger=org.hibernate.SQL msg="
    select
        u1_0.id,
        u1_0.created_at,
        u1_0.email,
        u1_0.first_name,
        u1_0.last_login_at,
        u1_0.last_name,
        u1_0.password,
        u1_0.role,
        u1_0.status,
        u1_0.tenant_id,
        u1_0.updated_at,
        u1_0.version 
    from
        users u1_0 
    where
        u1_0.id=? 
        and u1_0.tenant_id=?"
2026-05-21T01:44:46.863+03:00 level=DEBUG app=workhub corr=c9a28037-4829-4d13-bda6-901b1a4d2d29 method=POST path=/api/auth/login logger=org.hibernate.SQL msg="
    update
        users 
    set
        email=?,
        first_name=?,
        last_login_at=?,
        last_name=?,
        password=?,
        role=?,
        status=?,
        tenant_id=?,
        updated_at=?,
        version=? 
    where
        id=? 
        and version=?"
2026-05-21T01:44:46.865+03:00 level=INFO  app=workhub corr=c9a28037-4829-4d13-bda6-901b1a4d2d29 method=POST path=/api/auth/login logger=c.workhub.controller.AuthController msg="Login successful for user: tenant2.admin@demo.com (tenant: 2)"
2026-05-21T01:44:46.866+03:00 level=INFO  app=workhub corr=c9a28037-4829-4d13-bda6-901b1a4d2d29 method=POST path=/api/auth/login logger=c.w.security.RequestTracingFilter msg="request-end status=200 durationMs=80"
2026-05-21T01:44:46.867+03:00 level=INFO  app=workhub corr=99ecd536-ab6d-47e7-b010-d4eac428a650 method=POST path=/api/auth/login logger=c.w.security.RequestTracingFilter msg="request-start"
2026-05-21T01:44:46.867+03:00 level=DEBUG app=workhub corr=99ecd536-ab6d-47e7-b010-d4eac428a650 method=POST path=/api/auth/login logger=o.s.security.web.FilterChainProxy msg="Securing POST /api/auth/login"
2026-05-21T01:44:46.867+03:00 level=DEBUG app=workhub corr=99ecd536-ab6d-47e7-b010-d4eac428a650 method=POST path=/api/auth/login logger=o.s.s.w.a.AnonymousAuthenticationFilter msg="Set SecurityContextHolder to anonymous SecurityContext"
2026-05-21T01:44:46.867+03:00 level=DEBUG app=workhub corr=99ecd536-ab6d-47e7-b010-d4eac428a650 method=POST path=/api/auth/login logger=o.s.security.web.FilterChainProxy msg="Secured POST /api/auth/login"
2026-05-21T01:44:46.868+03:00 level=INFO  app=workhub corr=99ecd536-ab6d-47e7-b010-d4eac428a650 method=POST path=/api/auth/login logger=c.workhub.controller.AuthController msg="Login attempt for email: tenant2.user@demo.com"
2026-05-21T01:44:46.869+03:00 level=DEBUG app=workhub corr=99ecd536-ab6d-47e7-b010-d4eac428a650 method=POST path=/api/auth/login logger=org.hibernate.SQL msg="
    select
        u1_0.id,
        u1_0.created_at,
        u1_0.email,
        u1_0.first_name,
        u1_0.last_login_at,
        u1_0.last_name,
        u1_0.password,
        u1_0.role,
        u1_0.status,
        u1_0.tenant_id,
        u1_0.updated_at,
        u1_0.version 
    from
        users u1_0 
    where
        u1_0.email=?"
2026-05-21T01:44:46.932+03:00 level=DEBUG app=workhub corr=99ecd536-ab6d-47e7-b010-d4eac428a650 method=POST path=/api/auth/login logger=o.s.s.a.d.DaoAuthenticationProvider msg="Authenticated user"
2026-05-21T01:44:46.934+03:00 level=DEBUG app=workhub corr=99ecd536-ab6d-47e7-b010-d4eac428a650 method=POST path=/api/auth/login logger=org.hibernate.SQL msg="
    select
        u1_0.id,
        u1_0.created_at,
        u1_0.email,
        u1_0.first_name,
        u1_0.last_login_at,
        u1_0.last_name,
        u1_0.password,
        u1_0.role,
        u1_0.status,
        u1_0.tenant_id,
        u1_0.updated_at,
        u1_0.version 
    from
        users u1_0 
    where
        u1_0.id=? 
        and u1_0.tenant_id=?"
2026-05-21T01:44:46.935+03:00 level=DEBUG app=workhub corr=99ecd536-ab6d-47e7-b010-d4eac428a650 method=POST path=/api/auth/login logger=org.hibernate.SQL msg="
    update
        users 
    set
        email=?,
        first_name=?,
        last_login_at=?,
        last_name=?,
        password=?,
        role=?,
        status=?,
        tenant_id=?,
        updated_at=?,
        version=? 
    where
        id=? 
        and version=?"
2026-05-21T01:44:46.937+03:00 level=INFO  app=workhub corr=99ecd536-ab6d-47e7-b010-d4eac428a650 method=POST path=/api/auth/login logger=c.workhub.controller.AuthController msg="Login successful for user: tenant2.user@demo.com (tenant: 2)"
2026-05-21T01:44:46.938+03:00 level=INFO  app=workhub corr=99ecd536-ab6d-47e7-b010-d4eac428a650 method=POST path=/api/auth/login logger=c.w.security.RequestTracingFilter msg="request-end status=200 durationMs=71"
2026-05-21T01:44:46.939+03:00 level=INFO  app=workhub corr=2dc50e62-68f7-4ef2-948b-93bc28b97931 method=PATCH path=/api/tasks/1 logger=c.w.security.RequestTracingFilter msg="request-start"
2026-05-21T01:44:46.939+03:00 level=DEBUG app=workhub corr=2dc50e62-68f7-4ef2-948b-93bc28b97931 method=PATCH path=/api/tasks/1 logger=o.s.security.web.FilterChainProxy msg="Securing PATCH /api/tasks/1"
2026-05-21T01:44:46.945+03:00 level=DEBUG app=workhub corr=2dc50e62-68f7-4ef2-948b-93bc28b97931 method=PATCH path=/api/tasks/1 logger=org.hibernate.SQL msg="
    select
        u1_0.id,
        u1_0.created_at,
        u1_0.email,
        u1_0.first_name,
        u1_0.last_login_at,
        u1_0.last_name,
        u1_0.password,
        u1_0.role,
        u1_0.status,
        u1_0.tenant_id,
        u1_0.updated_at,
        u1_0.version 
    from
        users u1_0 
    where
        u1_0.email=?"
2026-05-21T01:44:46.949+03:00 level=DEBUG app=workhub corr=2dc50e62-68f7-4ef2-948b-93bc28b97931 method=PATCH path=/api/tasks/1 logger=o.s.security.web.FilterChainProxy msg="Secured PATCH /api/tasks/1"
2026-05-21T01:44:46.965+03:00 level=DEBUG app=workhub corr=2dc50e62-68f7-4ef2-948b-93bc28b97931 method=PATCH path=/api/tasks/1 logger=o.s.s.a.m.AuthorizationManagerBeforeMethodInterceptor msg="Authorizing method invocation ReflectiveMethodInvocation: public org.springframework.http.ResponseEntity com.workhub.controller.TaskController.updateTask(java.lang.Long,com.workhub.dto.UpdateTaskRequest); target is of class [com.workhub.controller.TaskController]"
2026-05-21T01:44:46.965+03:00 level=DEBUG app=workhub corr=2dc50e62-68f7-4ef2-948b-93bc28b97931 method=PATCH path=/api/tasks/1 logger=o.s.s.a.m.AuthorizationManagerBeforeMethodInterceptor msg="Authorized method invocation ReflectiveMethodInvocation: public org.springframework.http.ResponseEntity com.workhub.controller.TaskController.updateTask(java.lang.Long,com.workhub.dto.UpdateTaskRequest); target is of class [com.workhub.controller.TaskController]"
2026-05-21T01:44:46.965+03:00 level=INFO  app=workhub corr=2dc50e62-68f7-4ef2-948b-93bc28b97931 method=PATCH path=/api/tasks/1 logger=c.workhub.controller.TaskController msg="Updating task: 1"
2026-05-21T01:44:46.968+03:00 level=DEBUG app=workhub corr=2dc50e62-68f7-4ef2-948b-93bc28b97931 method=PATCH path=/api/tasks/1 logger=org.hibernate.SQL msg="
    select
        t1_0.id,
        t1_0.actual_hours,
        at1_0.id,
        at1_0.created_at,
        at1_0.email,
        at1_0.first_name,
        at1_0.last_login_at,
        at1_0.last_name,
        at1_0.password,
        at1_0.role,
        at1_0.status,
        at1_0.tenant_id,
        at1_0.updated_at,
        at1_0.version,
        t1_0.completed_at,
        t1_0.created_at,
        t1_0.description,
        t1_0.due_date,
        t1_0.estimated_hours,
        t1_0.priority,
        t1_0.project_id,
        p1_0.id,
        p1_0.created_at,
        p1_0.created_by_id,
        p1_0.description,
        p1_0.end_date,
        p1_0.name,
        p1_0.project_key,
        p1_0.start_date,
        p1_0.status,
        p1_0.tenant_id,
        p1_0.updated_at,
        p1_0.version,
        t1_0.status,
        t1_0.tenant_id,
        t1_0.title,
        t1_0.updated_at,
        t1_0.version 
    from
        tasks t1_0 
    join
        projects p1_0 
            on p1_0.id=t1_0.project_id 
    left join
        users at1_0 
            on at1_0.id=t1_0.assigned_to_id 
    where
        t1_0.id=? 
        and t1_0.tenant_id=?"
2026-05-21T01:44:46.971+03:00 level=INFO  app=workhub corr=2dc50e62-68f7-4ef2-948b-93bc28b97931 method=PATCH path=/api/tasks/1 logger=c.w.security.RequestTracingFilter msg="request-end status=404 durationMs=32"
[INFO] Tests run: 8, Failures: 0, Errors: 0, Skipped: 0, Time elapsed: 13.31 s -- in com.workhub.TenantIsolationSecurityIntegrationTest
[INFO] Running com.workhub.TransactionRollbackIntegrationTest
01:44:47.844 [main] INFO org.springframework.test.context.support.AnnotationConfigContextLoaderUtils -- Could not detect default configuration classes for test class [com.workhub.TransactionRollbackIntegrationTest]: TransactionRollbackIntegrationTest does not declare any static, non-private, non-final, nested classes annotated with @Configuration.
01:44:47.972 [main] INFO org.springframework.boot.test.context.SpringBootTestContextBootstrapper -- Found @SpringBootConfiguration com.workhub.WorkHubApplication for test class com.workhub.TransactionRollbackIntegrationTest

  .   ____          _            __ _ _
 /\\ / ___'_ __ _ _(_)_ __  __ _ \ \ \ \
( ( )\___ | '_ | '_| | '_ \/ _` | \ \ \ \
 \\/  ___)| |_)| | | | | || (_| |  ) ) ) )
  '  |____| .__|_| |_|_| |_\__, | / / / /
 =========|_|==============|___/=/_/_/_/

 :: Spring Boot ::                (v3.3.5)

2026-05-21T01:44:48.505+03:00 level=INFO  app=workhub corr=na method=na path=na logger=c.w.TransactionRollbackIntegrationTest msg="Starting TransactionRollbackIntegrationTest using Java 21.0.8 with PID 2192 (started by asus in C:\Users\asus\Documents\GitHub\Capstone-Project)"
2026-05-21T01:44:48.506+03:00 level=INFO  app=workhub corr=na method=na path=na logger=c.w.TransactionRollbackIntegrationTest msg="The following 1 profile is active: "test""
2026-05-21T01:44:51.178+03:00 level=INFO  app=workhub corr=na method=na path=na logger=o.h.jpa.internal.util.LogHelper msg="HHH000204: Processing PersistenceUnitInfo [name: default]"
2026-05-21T01:44:51.255+03:00 level=INFO  app=workhub corr=na method=na path=na logger=org.hibernate.Version msg="HHH000412: Hibernate ORM core version 6.5.3.Final"
2026-05-21T01:44:51.292+03:00 level=INFO  app=workhub corr=na method=na path=na logger=o.h.c.i.RegionFactoryInitiator msg="HHH000026: Second-level cache disabled"
2026-05-21T01:44:51.652+03:00 level=INFO  app=workhub corr=na method=na path=na logger=com.zaxxer.hikari.HikariDataSource msg="HikariPool-1 - Starting..."
2026-05-21T01:44:51.881+03:00 level=INFO  app=workhub corr=na method=na path=na logger=com.zaxxer.hikari.pool.HikariPool msg="HikariPool-1 - Added connection conn0: url=jdbc:h2:mem:workhub_test user=SA"
2026-05-21T01:44:51.884+03:00 level=INFO  app=workhub corr=na method=na path=na logger=com.zaxxer.hikari.HikariDataSource msg="HikariPool-1 - Start completed."
2026-05-21T01:44:51.905+03:00 level=WARN  app=workhub corr=na method=na path=na logger=org.hibernate.orm.deprecation msg="HHH90000025: H2Dialect does not need to be specified explicitly using 'hibernate.dialect' (remove the property setting and it will be selected by default)"
2026-05-21T01:44:53.110+03:00 level=INFO  app=workhub corr=na method=na path=na logger=o.h.e.t.j.p.i.JtaPlatformInitiator msg="HHH000489: No JTA platform available (set 'hibernate.transaction.jta.platform' to enable JTA platform integration)"
2026-05-21T01:44:53.130+03:00 level=DEBUG app=workhub corr=na method=na path=na logger=org.hibernate.SQL msg="
    drop table if exists jobs cascade "
2026-05-21T01:44:53.134+03:00 level=DEBUG app=workhub corr=na method=na path=na logger=org.hibernate.SQL msg="
    drop table if exists processed_messages cascade "
2026-05-21T01:44:53.135+03:00 level=DEBUG app=workhub corr=na method=na path=na logger=org.hibernate.SQL msg="
    drop table if exists projects cascade "
2026-05-21T01:44:53.135+03:00 level=DEBUG app=workhub corr=na method=na path=na logger=org.hibernate.SQL msg="
    drop table if exists tasks cascade "
2026-05-21T01:44:53.135+03:00 level=DEBUG app=workhub corr=na method=na path=na logger=org.hibernate.SQL msg="
    drop table if exists tenants cascade "
2026-05-21T01:44:53.135+03:00 level=DEBUG app=workhub corr=na method=na path=na logger=org.hibernate.SQL msg="
    drop table if exists users cascade "
2026-05-21T01:44:53.139+03:00 level=DEBUG app=workhub corr=na method=na path=na logger=org.hibernate.SQL msg="
    create table jobs (
        created_at timestamp(6) not null,
        id bigint generated by default as identity,
        project_id bigint not null,
        tenant_id bigint not null,
        updated_at timestamp(6) not null,
        correlation_id varchar(100) not null,
        error_message varchar(2000),
        status enum ('COMPLETED','FAILED','PENDING','PROCESSING') not null,
        primary key (id)
    )"
2026-05-21T01:44:53.151+03:00 level=DEBUG app=workhub corr=na method=na path=na logger=org.hibernate.SQL msg="
    create table processed_messages (
        attempt_count integer not null,
        first_received_at timestamp(6) with time zone not null,
        id bigint generated by default as identity,
        job_id bigint not null,
        processed_at timestamp(6) with time zone,
        project_id bigint not null,
        tenant_id bigint not null,
        updated_at timestamp(6) with time zone not null,
        version bigint not null,
        correlation_id varchar(100),
        event_id varchar(100) not null unique,
        last_error varchar(2000),
        status enum ('COMPLETED','FAILED','PROCESSING') not null,
        primary key (id)
    )"
2026-05-21T01:44:53.155+03:00 level=DEBUG app=workhub corr=na method=na path=na logger=org.hibernate.SQL msg="
    create table projects (
        created_at timestamp(6) not null,
        created_by_id bigint not null,
        end_date timestamp(6),
        id bigint generated by default as identity,
        start_date timestamp(6),
        tenant_id bigint not null,
        updated_at timestamp(6) not null,
        version bigint not null,
        project_key varchar(10),
        name varchar(200) not null,
        description varchar(2000),
        status enum ('ACTIVE','ARCHIVED','CANCELLED','COMPLETED','ON_HOLD') not null,
        primary key (id)
    )"
2026-05-21T01:44:53.157+03:00 level=DEBUG app=workhub corr=na method=na path=na logger=org.hibernate.SQL msg="
    create table tasks (
        actual_hours integer,
        estimated_hours integer,
        assigned_to_id bigint,
        completed_at timestamp(6),
        created_at timestamp(6) not null,
        due_date timestamp(6),
        id bigint generated by default as identity,
        project_id bigint not null,
        tenant_id bigint not null,
        updated_at timestamp(6) not null,
        version bigint not null,
        title varchar(500) not null,
        description varchar(5000),
        priority enum ('HIGH','LOW','MEDIUM','URGENT') not null,
        status enum ('BLOCKED','CANCELLED','COMPLETED','IN_PROGRESS','IN_REVIEW','TODO') not null,
        primary key (id)
    )"
2026-05-21T01:44:53.158+03:00 level=DEBUG app=workhub corr=na method=na path=na logger=org.hibernate.SQL msg="
    create table tenants (
        created_at timestamp(6) not null,
        id bigint generated by default as identity,
        updated_at timestamp(6) not null,
        version bigint not null,
        name varchar(200) not null,
        plan enum ('ENTERPRISE','FREE','PROFESSIONAL','STARTER') not null,
        status enum ('ACTIVE','EXPIRED','SUSPENDED','TRIAL') not null,
        primary key (id)
    )"
2026-05-21T01:44:53.159+03:00 level=DEBUG app=workhub corr=na method=na path=na logger=org.hibernate.SQL msg="
    create table users (
        created_at timestamp(6) not null,
        id bigint generated by default as identity,
        last_login_at timestamp(6),
        tenant_id bigint not null,
        updated_at timestamp(6) not null,
        version bigint not null,
        first_name varchar(100),
        last_name varchar(100),
        email varchar(255) not null unique,
        password varchar(255) not null,
        role enum ('TENANT_ADMIN','TENANT_USER') not null,
        status enum ('ACTIVE','INACTIVE','SUSPENDED') not null,
        primary key (id)
    )"
2026-05-21T01:44:53.160+03:00 level=DEBUG app=workhub corr=na method=na path=na logger=org.hibernate.SQL msg="
    create index idx_job_tenant 
       on jobs (tenant_id)"
2026-05-21T01:44:53.160+03:00 level=DEBUG app=workhub corr=na method=na path=na logger=org.hibernate.SQL msg="
    create index idx_job_project 
       on jobs (project_id)"
2026-05-21T01:44:53.161+03:00 level=DEBUG app=workhub corr=na method=na path=na logger=org.hibernate.SQL msg="
    create index idx_job_status 
       on jobs (status)"
2026-05-21T01:44:53.162+03:00 level=DEBUG app=workhub corr=na method=na path=na logger=org.hibernate.SQL msg="
    create index idx_job_correlation_id 
       on jobs (correlation_id)"
2026-05-21T01:44:53.162+03:00 level=DEBUG app=workhub corr=na method=na path=na logger=org.hibernate.SQL msg="
    create index idx_processed_message_status 
       on processed_messages (status)"
2026-05-21T01:44:53.163+03:00 level=DEBUG app=workhub corr=na method=na path=na logger=org.hibernate.SQL msg="
    create index idx_processed_message_tenant 
       on processed_messages (tenant_id)"
2026-05-21T01:44:53.163+03:00 level=DEBUG app=workhub corr=na method=na path=na logger=org.hibernate.SQL msg="
    create index idx_project_tenant 
       on projects (tenant_id)"
2026-05-21T01:44:53.163+03:00 level=DEBUG app=workhub corr=na method=na path=na logger=org.hibernate.SQL msg="
    create index idx_project_created_by 
       on projects (created_by_id)"
2026-05-21T01:44:53.164+03:00 level=DEBUG app=workhub corr=na method=na path=na logger=org.hibernate.SQL msg="
    create index idx_project_status 
       on projects (status)"
2026-05-21T01:44:53.165+03:00 level=DEBUG app=workhub corr=na method=na path=na logger=org.hibernate.SQL msg="
    create index idx_project_name 
       on projects (name)"
2026-05-21T01:44:53.165+03:00 level=DEBUG app=workhub corr=na method=na path=na logger=org.hibernate.SQL msg="
    create index idx_task_project 
       on tasks (project_id)"
2026-05-21T01:44:53.165+03:00 level=DEBUG app=workhub corr=na method=na path=na logger=org.hibernate.SQL msg="
    create index idx_task_tenant 
       on tasks (tenant_id)"
2026-05-21T01:44:53.166+03:00 level=DEBUG app=workhub corr=na method=na path=na logger=org.hibernate.SQL msg="
    create index idx_task_assigned_to 
       on tasks (assigned_to_id)"
2026-05-21T01:44:53.166+03:00 level=DEBUG app=workhub corr=na method=na path=na logger=org.hibernate.SQL msg="
    create index idx_task_status 
       on tasks (status)"
2026-05-21T01:44:53.166+03:00 level=DEBUG app=workhub corr=na method=na path=na logger=org.hibernate.SQL msg="
    create index idx_task_priority 
       on tasks (priority)"
2026-05-21T01:44:53.167+03:00 level=DEBUG app=workhub corr=na method=na path=na logger=org.hibernate.SQL msg="
    create index idx_tenant_name 
       on tenants (name)"
2026-05-21T01:44:53.167+03:00 level=DEBUG app=workhub corr=na method=na path=na logger=org.hibernate.SQL msg="
    create index idx_tenant_plan 
       on tenants (plan)"
2026-05-21T01:44:53.167+03:00 level=DEBUG app=workhub corr=na method=na path=na logger=org.hibernate.SQL msg="
    create index idx_user_email 
       on users (email)"
2026-05-21T01:44:53.168+03:00 level=DEBUG app=workhub corr=na method=na path=na logger=org.hibernate.SQL msg="
    create index idx_user_tenant 
       on users (tenant_id)"
2026-05-21T01:44:53.169+03:00 level=DEBUG app=workhub corr=na method=na path=na logger=org.hibernate.SQL msg="
    create index idx_user_role 
       on users (role)"
2026-05-21T01:44:53.170+03:00 level=DEBUG app=workhub corr=na method=na path=na logger=org.hibernate.SQL msg="
    alter table if exists jobs 
       add constraint fk_job_project 
       foreign key (project_id) 
       references projects"
2026-05-21T01:44:53.182+03:00 level=DEBUG app=workhub corr=na method=na path=na logger=org.hibernate.SQL msg="
    alter table if exists jobs 
       add constraint fk_job_tenant 
       foreign key (tenant_id) 
       references tenants"
2026-05-21T01:44:53.183+03:00 level=DEBUG app=workhub corr=na method=na path=na logger=org.hibernate.SQL msg="
    alter table if exists projects 
       add constraint fk_project_created_by 
       foreign key (created_by_id) 
       references users"
2026-05-21T01:44:53.184+03:00 level=DEBUG app=workhub corr=na method=na path=na logger=org.hibernate.SQL msg="
    alter table if exists projects 
       add constraint fk_project_tenant 
       foreign key (tenant_id) 
       references tenants"
2026-05-21T01:44:53.185+03:00 level=DEBUG app=workhub corr=na method=na path=na logger=org.hibernate.SQL msg="
    alter table if exists tasks 
       add constraint fk_task_assigned_to 
       foreign key (assigned_to_id) 
       references users"
2026-05-21T01:44:53.186+03:00 level=DEBUG app=workhub corr=na method=na path=na logger=org.hibernate.SQL msg="
    alter table if exists tasks 
       add constraint fk_task_project 
       foreign key (project_id) 
       references projects"
2026-05-21T01:44:53.187+03:00 level=DEBUG app=workhub corr=na method=na path=na logger=org.hibernate.SQL msg="
    alter table if exists tasks 
       add constraint fk_task_tenant 
       foreign key (tenant_id) 
       references tenants"
2026-05-21T01:44:53.188+03:00 level=DEBUG app=workhub corr=na method=na path=na logger=org.hibernate.SQL msg="
    alter table if exists users 
       add constraint fk_user_tenant 
       foreign key (tenant_id) 
       references tenants"
2026-05-21T01:44:55.911+03:00 level=INFO  app=workhub corr=na method=na path=na logger=o.s.s.c.a.a.c.InitializeAuthenticationProviderBeanManagerConfigurer$InitializeAuthenticationProviderManagerConfigurer msg="Global AuthenticationManager configured with AuthenticationProvider bean with name authenticationProvider"
2026-05-21T01:44:55.913+03:00 level=WARN  app=workhub corr=na method=na path=na logger=o.s.s.c.a.a.c.InitializeUserDetailsBeanManagerConfigurer$InitializeUserDetailsManagerConfigurer msg="Global AuthenticationManager configured with an AuthenticationProvider bean. UserDetailsService beans will not be used for username/password login. Consider removing the AuthenticationProvider bean. Alternatively, consider using the UserDetailsService in a manually instantiated DaoAuthenticationProvider."
2026-05-21T01:44:57.250+03:00 level=INFO  app=workhub corr=na method=na path=na logger=c.workhub.config.ObservabilityConfig msg="Async executor initialized with MDC propagation"
2026-05-21T01:44:58.122+03:00 level=DEBUG app=workhub corr=na method=na path=na logger=o.s.s.web.DefaultSecurityFilterChain msg="Will secure any request with filters: DisableEncodeUrlFilter, WebAsyncManagerIntegrationFilter, SecurityContextHolderFilter, HeaderWriterFilter, LogoutFilter, JwtAuthenticationFilter, RequestCacheAwareFilter, SecurityContextHolderAwareRequestFilter, AnonymousAuthenticationFilter, SessionManagementFilter, ExceptionTranslationFilter, AuthorizationFilter"
2026-05-21T01:44:58.945+03:00 level=INFO  app=workhub corr=na method=na path=na logger=c.w.TransactionRollbackIntegrationTest msg="Started TransactionRollbackIntegrationTest in 10.827 seconds (process running for 11.795)"
2026-05-21T01:44:59.032+03:00 level=INFO  app=workhub corr=na method=na path=na logger=com.workhub.config.RabbitMQConfig msg="RabbitMQ ready -> host=localhost port=5672 user=guest exchange=workhub.jobs.direct queue=workhub.jobs.queue routingKey=workhub.jobs.process"
2026-05-21T01:44:59.121+03:00 level=DEBUG app=workhub corr=na method=na path=na logger=org.hibernate.SQL msg="
    select
        count(*) 
    from
        tenants t1_0"
2026-05-21T01:44:59.143+03:00 level=INFO  app=workhub corr=na method=na path=na logger=com.workhub.config.DataInitializer msg="Initializing test data..."
2026-05-21T01:44:59.172+03:00 level=DEBUG app=workhub corr=na method=na path=na logger=org.hibernate.SQL msg="
    insert 
    into
        tenants
        (created_at, name, plan, status, updated_at, version, id) 
    values
        (?, ?, ?, ?, ?, ?, default)"
2026-05-21T01:44:59.197+03:00 level=INFO  app=workhub corr=na method=na path=na logger=com.workhub.config.DataInitializer msg="Created tenant: Demo Company (ID: 1)"
2026-05-21T01:44:59.277+03:00 level=DEBUG app=workhub corr=na method=na path=na logger=org.hibernate.SQL msg="
    insert 
    into
        users
        (created_at, email, first_name, last_login_at, last_name, password, role, status, tenant_id, updated_at, version, id) 
    values
        (?, ?, ?, ?, ?, ?, ?, ?, ?, ?, ?, default)"
2026-05-21T01:44:59.280+03:00 level=INFO  app=workhub corr=na method=na path=na logger=com.workhub.config.DataInitializer msg="Created admin user: admin@demo.com (ID: 1)"
2026-05-21T01:44:59.348+03:00 level=DEBUG app=workhub corr=na method=na path=na logger=org.hibernate.SQL msg="
    insert 
    into
        users
        (created_at, email, first_name, last_login_at, last_name, password, role, status, tenant_id, updated_at, version, id) 
    values
        (?, ?, ?, ?, ?, ?, ?, ?, ?, ?, ?, default)"
2026-05-21T01:44:59.351+03:00 level=INFO  app=workhub corr=na method=na path=na logger=com.workhub.config.DataInitializer msg="Created regular user: user@demo.com (ID: 2)"
2026-05-21T01:44:59.351+03:00 level=INFO  app=workhub corr=na method=na path=na logger=com.workhub.config.DataInitializer msg="Test data initialization complete!"
2026-05-21T01:44:59.351+03:00 level=INFO  app=workhub corr=na method=na path=na logger=com.workhub.config.DataInitializer msg="You can now login with:"
2026-05-21T01:44:59.351+03:00 level=INFO  app=workhub corr=na method=na path=na logger=com.workhub.config.DataInitializer msg="  Admin: admin@demo.com / admin123"
2026-05-21T01:44:59.351+03:00 level=INFO  app=workhub corr=na method=na path=na logger=com.workhub.config.DataInitializer msg="  User:  user@demo.com / user123"
2026-05-21T01:44:59.785+03:00 level=INFO  app=workhub corr=na method=na path=na logger=c.w.service.TransactionalTestService msg="=== STARTING TRANSACTIONAL TEST ==="
2026-05-21T01:44:59.786+03:00 level=INFO  app=workhub corr=na method=na path=na logger=c.w.service.TransactionalTestService msg="Tenant ID: 1"
2026-05-21T01:44:59.786+03:00 level=INFO  app=workhub corr=na method=na path=na logger=c.w.service.TransactionalTestService msg="User ID: 1"
2026-05-21T01:44:59.800+03:00 level=DEBUG app=workhub corr=na method=na path=na logger=org.hibernate.SQL msg="
    select
        t1_0.id,
        t1_0.created_at,
        t1_0.name,
        t1_0.plan,
        t1_0.status,
        t1_0.updated_at,
        t1_0.version 
    from
        tenants t1_0 
    where
        t1_0.id=?"
2026-05-21T01:44:59.827+03:00 level=DEBUG app=workhub corr=na method=na path=na logger=org.hibernate.SQL msg="
    select
        u1_0.id,
        u1_0.created_at,
        u1_0.email,
        u1_0.first_name,
        u1_0.last_login_at,
        u1_0.last_name,
        u1_0.password,
        u1_0.role,
        u1_0.status,
        u1_0.tenant_id,
        u1_0.updated_at,
        u1_0.version 
    from
        users u1_0 
    where
        u1_0.id=? 
        and u1_0.tenant_id=?"
2026-05-21T01:44:59.837+03:00 level=DEBUG app=workhub corr=na method=na path=na logger=org.hibernate.SQL msg="
    insert 
    into
        projects
        (created_at, created_by_id, description, end_date, name, project_key, start_date, status, tenant_id, updated_at, version, id) 
    values
        (?, ?, ?, ?, ?, ?, ?, ?, ?, ?, ?, default)"
2026-05-21T01:44:59.839+03:00 level=INFO  app=workhub corr=na method=na path=na logger=c.w.service.TransactionalTestService msg="? STEP 1: Created project with ID: 1"
2026-05-21T01:44:59.840+03:00 level=INFO  app=workhub corr=na method=na path=na logger=c.w.service.TransactionalTestService msg="   Project name: TEST PROJECT - SHOULD BE ROLLED BACK"
2026-05-21T01:44:59.840+03:00 level=INFO  app=workhub corr=na method=na path=na logger=c.w.service.TransactionalTestService msg="   Project key: ROLLBACK"
2026-05-21T01:44:59.843+03:00 level=DEBUG app=workhub corr=na method=na path=na logger=org.hibernate.SQL msg="
    insert 
    into
        tasks
        (actual_hours, assigned_to_id, completed_at, created_at, description, due_date, estimated_hours, priority, project_id, status, tenant_id, title, updated_at, version, id) 
    values
        (?, ?, ?, ?, ?, ?, ?, ?, ?, ?, ?, ?, ?, ?, default)"
2026-05-21T01:44:59.844+03:00 level=INFO  app=workhub corr=na method=na path=na logger=c.w.service.TransactionalTestService msg="? STEP 2: Created task with ID: 1"
2026-05-21T01:44:59.845+03:00 level=INFO  app=workhub corr=na method=na path=na logger=c.w.service.TransactionalTestService msg="   Task title: TEST TASK - SHOULD BE ROLLED BACK"
2026-05-21T01:44:59.845+03:00 level=INFO  app=workhub corr=na method=na path=na logger=c.w.service.TransactionalTestService msg="   Task status: TODO"
2026-05-21T01:44:59.845+03:00 level=ERROR app=workhub corr=na method=na path=na logger=c.w.service.TransactionalTestService msg="? STEP 3: Throwing exception to trigger rollback..."
2026-05-21T01:44:59.845+03:00 level=ERROR app=workhub corr=na method=na path=na logger=c.w.service.TransactionalTestService msg="=== TRANSACTION WILL ROLLBACK ==="
2026-05-21T01:44:59.845+03:00 level=ERROR app=workhub corr=na method=na path=na logger=c.w.service.TransactionalTestService msg="Expected result: Project ID 1 and Task ID 1 should NOT exist in database"
2026-05-21T01:44:59.879+03:00 level=DEBUG app=workhub corr=na method=na path=na logger=org.hibernate.SQL msg="
    select
        p1_0.id,
        p1_0.created_at,
        p1_0.created_by_id,
        p1_0.description,
        p1_0.end_date,
        p1_0.name,
        p1_0.project_key,
        p1_0.start_date,
        p1_0.status,
        p1_0.tenant_id,
        p1_0.updated_at,
        p1_0.version 
    from
        projects p1_0 
    where
        p1_0.tenant_id=? 
        and p1_0.project_key=?"
2026-05-21T01:44:59.888+03:00 level=DEBUG app=workhub corr=na method=na path=na logger=org.hibernate.SQL msg="
    select
        t1_0.id,
        t1_0.actual_hours,
        t1_0.assigned_to_id,
        t1_0.completed_at,
        t1_0.created_at,
        t1_0.description,
        t1_0.due_date,
        t1_0.estimated_hours,
        t1_0.priority,
        t1_0.project_id,
        t1_0.status,
        t1_0.tenant_id,
        t1_0.title,
        t1_0.updated_at,
        t1_0.version 
    from
        tasks t1_0 
    where
        t1_0.tenant_id=? 
        and lower(t1_0.title) like lower(('%'||?||'%')) escape ''"
[INFO] Tests run: 1, Failures: 0, Errors: 0, Skipped: 0, Time elapsed: 12.25 s -- in com.workhub.TransactionRollbackIntegrationTest
[INFO] Running com.workhub.WorkHubApplicationTests
01:45:00.816 [main] INFO org.springframework.test.context.support.AnnotationConfigContextLoaderUtils -- Could not detect default configuration classes for test class [com.workhub.WorkHubApplicationTests]: WorkHubApplicationTests does not declare any static, non-private, non-final, nested classes annotated with @Configuration.
01:45:00.938 [main] INFO org.springframework.boot.test.context.SpringBootTestContextBootstrapper -- Found @SpringBootConfiguration com.workhub.WorkHubApplication for test class com.workhub.WorkHubApplicationTests

  .   ____          _            __ _ _
 /\\ / ___'_ __ _ _(_)_ __  __ _ \ \ \ \
( ( )\___ | '_ | '_| | '_ \/ _` | \ \ \ \
 \\/  ___)| |_)| | | | | || (_| |  ) ) ) )
  '  |____| .__|_| |_|_| |_\__, | / / / /
 =========|_|==============|___/=/_/_/_/

 :: Spring Boot ::                (v3.3.5)

2026-05-21T01:45:01.461+03:00 level=INFO  app=workhub corr=na method=na path=na logger=com.workhub.WorkHubApplicationTests msg="Starting WorkHubApplicationTests using Java 21.0.8 with PID 30528 (started by asus in C:\Users\asus\Documents\GitHub\Capstone-Project)"
2026-05-21T01:45:01.463+03:00 level=INFO  app=workhub corr=na method=na path=na logger=com.workhub.WorkHubApplicationTests msg="The following 1 profile is active: "test""
2026-05-21T01:45:04.159+03:00 level=INFO  app=workhub corr=na method=na path=na logger=o.h.jpa.internal.util.LogHelper msg="HHH000204: Processing PersistenceUnitInfo [name: default]"
2026-05-21T01:45:04.232+03:00 level=INFO  app=workhub corr=na method=na path=na logger=org.hibernate.Version msg="HHH000412: Hibernate ORM core version 6.5.3.Final"
2026-05-21T01:45:04.268+03:00 level=INFO  app=workhub corr=na method=na path=na logger=o.h.c.i.RegionFactoryInitiator msg="HHH000026: Second-level cache disabled"
2026-05-21T01:45:04.631+03:00 level=INFO  app=workhub corr=na method=na path=na logger=com.zaxxer.hikari.HikariDataSource msg="HikariPool-1 - Starting..."
2026-05-21T01:45:04.797+03:00 level=INFO  app=workhub corr=na method=na path=na logger=com.zaxxer.hikari.pool.HikariPool msg="HikariPool-1 - Added connection conn0: url=jdbc:h2:mem:workhub_test user=SA"
2026-05-21T01:45:04.799+03:00 level=INFO  app=workhub corr=na method=na path=na logger=com.zaxxer.hikari.HikariDataSource msg="HikariPool-1 - Start completed."
2026-05-21T01:45:04.819+03:00 level=WARN  app=workhub corr=na method=na path=na logger=org.hibernate.orm.deprecation msg="HHH90000025: H2Dialect does not need to be specified explicitly using 'hibernate.dialect' (remove the property setting and it will be selected by default)"
2026-05-21T01:45:05.920+03:00 level=INFO  app=workhub corr=na method=na path=na logger=o.h.e.t.j.p.i.JtaPlatformInitiator msg="HHH000489: No JTA platform available (set 'hibernate.transaction.jta.platform' to enable JTA platform integration)"
2026-05-21T01:45:05.934+03:00 level=DEBUG app=workhub corr=na method=na path=na logger=org.hibernate.SQL msg="
    drop table if exists jobs cascade "
2026-05-21T01:45:05.937+03:00 level=DEBUG app=workhub corr=na method=na path=na logger=org.hibernate.SQL msg="
    drop table if exists processed_messages cascade "
2026-05-21T01:45:05.938+03:00 level=DEBUG app=workhub corr=na method=na path=na logger=org.hibernate.SQL msg="
    drop table if exists projects cascade "
2026-05-21T01:45:05.939+03:00 level=DEBUG app=workhub corr=na method=na path=na logger=org.hibernate.SQL msg="
    drop table if exists tasks cascade "
2026-05-21T01:45:05.939+03:00 level=DEBUG app=workhub corr=na method=na path=na logger=org.hibernate.SQL msg="
    drop table if exists tenants cascade "
2026-05-21T01:45:05.939+03:00 level=DEBUG app=workhub corr=na method=na path=na logger=org.hibernate.SQL msg="
    drop table if exists users cascade "
2026-05-21T01:45:05.944+03:00 level=DEBUG app=workhub corr=na method=na path=na logger=org.hibernate.SQL msg="
    create table jobs (
        created_at timestamp(6) not null,
        id bigint generated by default as identity,
        project_id bigint not null,
        tenant_id bigint not null,
        updated_at timestamp(6) not null,
        correlation_id varchar(100) not null,
        error_message varchar(2000),
        status enum ('COMPLETED','FAILED','PENDING','PROCESSING') not null,
        primary key (id)
    )"
2026-05-21T01:45:05.955+03:00 level=DEBUG app=workhub corr=na method=na path=na logger=org.hibernate.SQL msg="
    create table processed_messages (
        attempt_count integer not null,
        first_received_at timestamp(6) with time zone not null,
        id bigint generated by default as identity,
        job_id bigint not null,
        processed_at timestamp(6) with time zone,
        project_id bigint not null,
        tenant_id bigint not null,
        updated_at timestamp(6) with time zone not null,
        version bigint not null,
        correlation_id varchar(100),
        event_id varchar(100) not null unique,
        last_error varchar(2000),
        status enum ('COMPLETED','FAILED','PROCESSING') not null,
        primary key (id)
    )"
2026-05-21T01:45:05.958+03:00 level=DEBUG app=workhub corr=na method=na path=na logger=org.hibernate.SQL msg="
    create table projects (
        created_at timestamp(6) not null,
        created_by_id bigint not null,
        end_date timestamp(6),
        id bigint generated by default as identity,
        start_date timestamp(6),
        tenant_id bigint not null,
        updated_at timestamp(6) not null,
        version bigint not null,
        project_key varchar(10),
        name varchar(200) not null,
        description varchar(2000),
        status enum ('ACTIVE','ARCHIVED','CANCELLED','COMPLETED','ON_HOLD') not null,
        primary key (id)
    )"
2026-05-21T01:45:05.960+03:00 level=DEBUG app=workhub corr=na method=na path=na logger=org.hibernate.SQL msg="
    create table tasks (
        actual_hours integer,
        estimated_hours integer,
        assigned_to_id bigint,
        completed_at timestamp(6),
        created_at timestamp(6) not null,
        due_date timestamp(6),
        id bigint generated by default as identity,
        project_id bigint not null,
        tenant_id bigint not null,
        updated_at timestamp(6) not null,
        version bigint not null,
        title varchar(500) not null,
        description varchar(5000),
        priority enum ('HIGH','LOW','MEDIUM','URGENT') not null,
        status enum ('BLOCKED','CANCELLED','COMPLETED','IN_PROGRESS','IN_REVIEW','TODO') not null,
        primary key (id)
    )"
2026-05-21T01:45:05.962+03:00 level=DEBUG app=workhub corr=na method=na path=na logger=org.hibernate.SQL msg="
    create table tenants (
        created_at timestamp(6) not null,
        id bigint generated by default as identity,
        updated_at timestamp(6) not null,
        version bigint not null,
        name varchar(200) not null,
        plan enum ('ENTERPRISE','FREE','PROFESSIONAL','STARTER') not null,
        status enum ('ACTIVE','EXPIRED','SUSPENDED','TRIAL') not null,
        primary key (id)
    )"
2026-05-21T01:45:05.962+03:00 level=DEBUG app=workhub corr=na method=na path=na logger=org.hibernate.SQL msg="
    create table users (
        created_at timestamp(6) not null,
        id bigint generated by default as identity,
        last_login_at timestamp(6),
        tenant_id bigint not null,
        updated_at timestamp(6) not null,
        version bigint not null,
        first_name varchar(100),
        last_name varchar(100),
        email varchar(255) not null unique,
        password varchar(255) not null,
        role enum ('TENANT_ADMIN','TENANT_USER') not null,
        status enum ('ACTIVE','INACTIVE','SUSPENDED') not null,
        primary key (id)
    )"
2026-05-21T01:45:05.965+03:00 level=DEBUG app=workhub corr=na method=na path=na logger=org.hibernate.SQL msg="
    create index idx_job_tenant 
       on jobs (tenant_id)"
2026-05-21T01:45:05.965+03:00 level=DEBUG app=workhub corr=na method=na path=na logger=org.hibernate.SQL msg="
    create index idx_job_project 
       on jobs (project_id)"
2026-05-21T01:45:05.966+03:00 level=DEBUG app=workhub corr=na method=na path=na logger=org.hibernate.SQL msg="
    create index idx_job_status 
       on jobs (status)"
2026-05-21T01:45:05.966+03:00 level=DEBUG app=workhub corr=na method=na path=na logger=org.hibernate.SQL msg="
    create index idx_job_correlation_id 
       on jobs (correlation_id)"
2026-05-21T01:45:05.967+03:00 level=DEBUG app=workhub corr=na method=na path=na logger=org.hibernate.SQL msg="
    create index idx_processed_message_status 
       on processed_messages (status)"
2026-05-21T01:45:05.968+03:00 level=DEBUG app=workhub corr=na method=na path=na logger=org.hibernate.SQL msg="
    create index idx_processed_message_tenant 
       on processed_messages (tenant_id)"
2026-05-21T01:45:05.968+03:00 level=DEBUG app=workhub corr=na method=na path=na logger=org.hibernate.SQL msg="
    create index idx_project_tenant 
       on projects (tenant_id)"
2026-05-21T01:45:05.969+03:00 level=DEBUG app=workhub corr=na method=na path=na logger=org.hibernate.SQL msg="
    create index idx_project_created_by 
       on projects (created_by_id)"
2026-05-21T01:45:05.970+03:00 level=DEBUG app=workhub corr=na method=na path=na logger=org.hibernate.SQL msg="
    create index idx_project_status 
       on projects (status)"
2026-05-21T01:45:05.971+03:00 level=DEBUG app=workhub corr=na method=na path=na logger=org.hibernate.SQL msg="
    create index idx_project_name 
       on projects (name)"
2026-05-21T01:45:05.972+03:00 level=DEBUG app=workhub corr=na method=na path=na logger=org.hibernate.SQL msg="
    create index idx_task_project 
       on tasks (project_id)"
2026-05-21T01:45:05.972+03:00 level=DEBUG app=workhub corr=na method=na path=na logger=org.hibernate.SQL msg="
    create index idx_task_tenant 
       on tasks (tenant_id)"
2026-05-21T01:45:05.972+03:00 level=DEBUG app=workhub corr=na method=na path=na logger=org.hibernate.SQL msg="
    create index idx_task_assigned_to 
       on tasks (assigned_to_id)"
2026-05-21T01:45:05.973+03:00 level=DEBUG app=workhub corr=na method=na path=na logger=org.hibernate.SQL msg="
    create index idx_task_status 
       on tasks (status)"
2026-05-21T01:45:05.974+03:00 level=DEBUG app=workhub corr=na method=na path=na logger=org.hibernate.SQL msg="
    create index idx_task_priority 
       on tasks (priority)"
2026-05-21T01:45:05.974+03:00 level=DEBUG app=workhub corr=na method=na path=na logger=org.hibernate.SQL msg="
    create index idx_tenant_name 
       on tenants (name)"
2026-05-21T01:45:05.975+03:00 level=DEBUG app=workhub corr=na method=na path=na logger=org.hibernate.SQL msg="
    create index idx_tenant_plan 
       on tenants (plan)"
2026-05-21T01:45:05.975+03:00 level=DEBUG app=workhub corr=na method=na path=na logger=org.hibernate.SQL msg="
    create index idx_user_email 
       on users (email)"
2026-05-21T01:45:05.976+03:00 level=DEBUG app=workhub corr=na method=na path=na logger=org.hibernate.SQL msg="
    create index idx_user_tenant 
       on users (tenant_id)"
2026-05-21T01:45:05.976+03:00 level=DEBUG app=workhub corr=na method=na path=na logger=org.hibernate.SQL msg="
    create index idx_user_role 
       on users (role)"
2026-05-21T01:45:05.977+03:00 level=DEBUG app=workhub corr=na method=na path=na logger=org.hibernate.SQL msg="
    alter table if exists jobs 
       add constraint fk_job_project 
       foreign key (project_id) 
       references projects"
2026-05-21T01:45:05.992+03:00 level=DEBUG app=workhub corr=na method=na path=na logger=org.hibernate.SQL msg="
    alter table if exists jobs 
       add constraint fk_job_tenant 
       foreign key (tenant_id) 
       references tenants"
2026-05-21T01:45:05.995+03:00 level=DEBUG app=workhub corr=na method=na path=na logger=org.hibernate.SQL msg="
    alter table if exists projects 
       add constraint fk_project_created_by 
       foreign key (created_by_id) 
       references users"
2026-05-21T01:45:05.996+03:00 level=DEBUG app=workhub corr=na method=na path=na logger=org.hibernate.SQL msg="
    alter table if exists projects 
       add constraint fk_project_tenant 
       foreign key (tenant_id) 
       references tenants"
2026-05-21T01:45:05.997+03:00 level=DEBUG app=workhub corr=na method=na path=na logger=org.hibernate.SQL msg="
    alter table if exists tasks 
       add constraint fk_task_assigned_to 
       foreign key (assigned_to_id) 
       references users"
2026-05-21T01:45:05.998+03:00 level=DEBUG app=workhub corr=na method=na path=na logger=org.hibernate.SQL msg="
    alter table if exists tasks 
       add constraint fk_task_project 
       foreign key (project_id) 
       references projects"
2026-05-21T01:45:05.999+03:00 level=DEBUG app=workhub corr=na method=na path=na logger=org.hibernate.SQL msg="
    alter table if exists tasks 
       add constraint fk_task_tenant 
       foreign key (tenant_id) 
       references tenants"
2026-05-21T01:45:06.001+03:00 level=DEBUG app=workhub corr=na method=na path=na logger=org.hibernate.SQL msg="
    alter table if exists users 
       add constraint fk_user_tenant 
       foreign key (tenant_id) 
       references tenants"
2026-05-21T01:45:08.123+03:00 level=INFO  app=workhub corr=na method=na path=na logger=o.s.s.c.a.a.c.InitializeAuthenticationProviderBeanManagerConfigurer$InitializeAuthenticationProviderManagerConfigurer msg="Global AuthenticationManager configured with AuthenticationProvider bean with name authenticationProvider"
2026-05-21T01:45:08.124+03:00 level=WARN  app=workhub corr=na method=na path=na logger=o.s.s.c.a.a.c.InitializeUserDetailsBeanManagerConfigurer$InitializeUserDetailsManagerConfigurer msg="Global AuthenticationManager configured with an AuthenticationProvider bean. UserDetailsService beans will not be used for username/password login. Consider removing the AuthenticationProvider bean. Alternatively, consider using the UserDetailsService in a manually instantiated DaoAuthenticationProvider."
2026-05-21T01:45:09.212+03:00 level=INFO  app=workhub corr=na method=na path=na logger=c.workhub.config.ObservabilityConfig msg="Async executor initialized with MDC propagation"
2026-05-21T01:45:10.102+03:00 level=DEBUG app=workhub corr=na method=na path=na logger=o.s.s.web.DefaultSecurityFilterChain msg="Will secure any request with filters: DisableEncodeUrlFilter, WebAsyncManagerIntegrationFilter, SecurityContextHolderFilter, HeaderWriterFilter, LogoutFilter, JwtAuthenticationFilter, RequestCacheAwareFilter, SecurityContextHolderAwareRequestFilter, AnonymousAuthenticationFilter, SessionManagementFilter, ExceptionTranslationFilter, AuthorizationFilter"
2026-05-21T01:45:10.974+03:00 level=INFO  app=workhub corr=na method=na path=na logger=com.workhub.WorkHubApplicationTests msg="Started WorkHubApplicationTests in 9.862 seconds (process running for 10.847)"
2026-05-21T01:45:11.147+03:00 level=DEBUG app=workhub corr=na method=na path=na logger=org.hibernate.SQL msg="
    select
        count(*) 
    from
        tenants t1_0"
2026-05-21T01:45:11.170+03:00 level=INFO  app=workhub corr=na method=na path=na logger=com.workhub.config.DataInitializer msg="Initializing test data..."
2026-05-21T01:45:11.205+03:00 level=DEBUG app=workhub corr=na method=na path=na logger=org.hibernate.SQL msg="
    insert 
    into
        tenants
        (created_at, name, plan, status, updated_at, version, id) 
    values
        (?, ?, ?, ?, ?, ?, default)"
2026-05-21T01:45:11.233+03:00 level=INFO  app=workhub corr=na method=na path=na logger=com.workhub.config.DataInitializer msg="Created tenant: Demo Company (ID: 1)"
2026-05-21T01:45:11.321+03:00 level=DEBUG app=workhub corr=na method=na path=na logger=org.hibernate.SQL msg="
    insert 
    into
        users
        (created_at, email, first_name, last_login_at, last_name, password, role, status, tenant_id, updated_at, version, id) 
    values
        (?, ?, ?, ?, ?, ?, ?, ?, ?, ?, ?, default)"
2026-05-21T01:45:11.323+03:00 level=INFO  app=workhub corr=na method=na path=na logger=com.workhub.config.DataInitializer msg="Created admin user: admin@demo.com (ID: 1)"
2026-05-21T01:45:11.391+03:00 level=DEBUG app=workhub corr=na method=na path=na logger=org.hibernate.SQL msg="
    insert 
    into
        users
        (created_at, email, first_name, last_login_at, last_name, password, role, status, tenant_id, updated_at, version, id) 
    values
        (?, ?, ?, ?, ?, ?, ?, ?, ?, ?, ?, default)"
2026-05-21T01:45:11.393+03:00 level=INFO  app=workhub corr=na method=na path=na logger=com.workhub.config.DataInitializer msg="Created regular user: user@demo.com (ID: 2)"
2026-05-21T01:45:11.393+03:00 level=INFO  app=workhub corr=na method=na path=na logger=com.workhub.config.DataInitializer msg="Test data initialization complete!"
2026-05-21T01:45:11.393+03:00 level=INFO  app=workhub corr=na method=na path=na logger=com.workhub.config.DataInitializer msg="You can now login with:"
2026-05-21T01:45:11.393+03:00 level=INFO  app=workhub corr=na method=na path=na logger=com.workhub.config.DataInitializer msg="  Admin: admin@demo.com / admin123"
2026-05-21T01:45:11.393+03:00 level=INFO  app=workhub corr=na method=na path=na logger=com.workhub.config.DataInitializer msg="  User:  user@demo.com / user123"
2026-05-21T01:45:11.394+03:00 level=INFO  app=workhub corr=na method=na path=na logger=com.workhub.config.RabbitMQConfig msg="RabbitMQ ready -> host=localhost port=5672 user=guest exchange=workhub.jobs.direct queue=workhub.jobs.queue routingKey=workhub.jobs.process"
[INFO] Tests run: 1, Failures: 0, Errors: 0, Skipped: 0, Time elapsed: 11.24 s -- in com.workhub.WorkHubApplicationTests
[INFO] 
[INFO] Results:
[INFO] 
[ERROR] Failures: 
[ERROR]   Phase2EnterpriseIntegrationTest.actuatorEndpointsAccessible:441 Status expected:<200> but was:<503>
[ERROR]   Phase2EnterpriseIntegrationTest.correlationIdsPresentInLogs:461 Status expected:<200> but was:<500>
[ERROR] Errors: 
[ERROR]   Phase2EnterpriseIntegrationTest.consumerProcessesEvent:315 ╗ ConditionTimeout Assertion condition defined as a Lambda expression in com.workhub.Phase2EnterpriseIntegrationTest 
expected: COMPLETED
 but was: FAILED within 15 seconds.
[ERROR]   Phase2EnterpriseIntegrationTest.duplicateEventIgnored:327 ╗ ConditionTimeout Assertion condition defined as a Lambda expression in com.workhub.Phase2EnterpriseIntegrationTest 
expected: COMPLETED
 but was: FAILED within 10 seconds.
[ERROR]   Phase2EnterpriseIntegrationTest.failedProcessingHandledSafely:377 ╗ AmqpIO java.io.IOException
[ERROR]   Phase2EnterpriseIntegrationTest.rabbitMqEventPublished:303 ╗ ConditionTimeout Assertion condition defined as a Lambda expression in com.workhub.Phase2EnterpriseIntegrationTest 
Expecting Optional to contain a value but it was empty within 10 seconds.
[ERROR]   Phase2EnterpriseIntegrationTest.reportRequestCreatesAsyncJob:291 ╗ ConditionTimeout Assertion condition defined as a Lambda expression in com.workhub.Phase2EnterpriseIntegrationTest 
Expecting actual:
  FAILED
to be in:
  [PENDING, PROCESSING, COMPLETED]
 within 10 seconds.
[ERROR]   Phase2EnterpriseIntegrationTest.retryAfterFailureProcessesSafely:416 ╗ AmqpIO java.io.IOException
[INFO] 
[ERROR] Tests run: 37, Failures: 2, Errors: 6, Skipped: 0
[INFO] 
[INFO] ------------------------------------------------------------------------
[INFO] BUILD FAILURE
[INFO] ------------------------------------------------------------------------
[INFO] Total time:  02:42 min
[INFO] Finished at: 2026-05-21T01:45:12+03:00
[INFO] ------------------------------------------------------------------------
[ERROR] Failed to execute goal org.apache.maven.plugins:maven-surefire-plugin:3.2.5:test (default-test) on project workhub: There are test failures.
[ERROR] 
[ERROR] Please refer to C:\Users\asus\Documents\GitHub\Capstone-Project\target\surefire-reports for the individual test results.
[ERROR] Please refer to dump files (if any exist) [date].dump, [date]-jvmRun[N].dump and [date].dumpstream.
[ERROR] -> [Help 1]
[ERROR] 
[ERROR] To see the full stack trace of the errors, re-run Maven with the -e switch.
[ERROR] Re-run Maven using the -X switch to enable full debug logging.
[ERROR] 
[ERROR] For more information about the errors and possible solutions, please read the following articles:
[ERROR] [Help 1] http://cwiki.apache.org/confluence/display/MAVEN/MojoFailureException
